[2026-08-11 16:38:01.968880] [INFO] [framework] 프로그램 시작
[2026-08-11 16:38:01.968885] [WARNING] [framework] 프로그램 시작
[2026-08-11 16:38:01.968887] [CRITICAL] [framework] 프로그램 시작
[2026-08-11 16:38:01.968888] [INFO] [framework] 설정 파일 위치 : ../configs/robot_10
[2026-08-11 16:38:01.968989] [INFO] [framework] ID[0, 10], 이름[전시입], 제어주기[20ms], 버젼[], 장소[우리집], 환경모드[simulation]
[2026-08-11 16:38:01.995341] [INFO] [framework] after init 실행
[2026-08-11 16:38:01.995987] [INFO] [framework] 제어 쓰레드 시작
[2026-08-11 16:40:31.639385] [INFO] [framework] 프로그램 시작
[2026-08-11 16:40:31.639389] [WARNING] [framework] 프로그램 시작
[2026-08-11 16:40:31.639392] [INFO] [framework] 설정 파일 위치 : ../configs/robot_10
[2026-08-11 16:40:31.639392] [CRITICAL] [framework] 프로그램 시작
[2026-08-11 16:45:49.987991] [INFO] [framework] 프로그램 시작
[2026-08-11 16:45:49.987994] [WARNING] [framework] 프로그램 시작
[2026-08-11 16:45:49.987998] [INFO] [framework] 설정 파일 위치 : ../configs/robot_10
[2026-08-11 16:45:49.987997] [CRITICAL] [framework] 프로그램 시작
[2026-08-11 16:45:49.988119] [INFO] [framework] ID[0, 10], 이름[전시입], 제어주기[20ms], 버젼[], 장소[우리집], 환경모드[simulation]
[2026-08-11 16:45:50.015014] [INFO] [framework] after init 실행
[2026-08-11 16:45:50.015267] [INFO] [framework] 제어 쓰레드 시작
[2026-08-11 16:47:42.771791] [INFO] [framework] 프로그램 시작
[2026-08-11 16:47:42.771796] [WARNING] [framework] 프로그램 시작
[2026-08-11 16:47:42.771801] [INFO] [framework] 설정 파일 위치 : ../configs/robot_10
[2026-08-11 16:47:42.771800] [CRITICAL] [framework] 프로그램 시작
[2026-08-11 16:49:24.400075] [INFO] [framework] 프로그램 시작
[2026-08-11 16:49:24.400078] [WARNING] [framework] 프로그램 시작
[2026-08-11 16:49:24.400082] [INFO] [framework] 설정 파일 위치 : ../configs/robot_10
[2026-08-11 16:49:24.400081] [CRITICAL] [framework] 프로그램 시작
[2026-08-11 16:49:24.400199] [INFO] [framework] ID[0, 10], 이름[전시입], 제어주기[20ms], 버젼[], 장소[우리집], 환경모드[simulation]
[2026-08-11 16:49:24.426306] [INFO] [framework] after init 실행
[2026-08-11 16:49:24.426705] [INFO] [framework] 제어 쓰레드 시작
[2026-08-11 16:49:46.496561] [INFO] [framework] 프로그램 시작
[2026-08-11 16:49:46.496564] [WARNING] [framework] 프로그램 시작
[2026-08-11 16:49:46.496565] [CRITICAL] [framework] 프로그램 시작
[2026-08-11 16:49:46.496566] [INFO] [framework] 설정 파일 위치 : ../configs/robot_10
[2026-08-11 16:49:58.397378] [INFO] [framework] 프로그램 시작
[2026-08-11 16:49:58.397384] [WARNING] [framework] 프로그램 시작
[2026-08-11 16:49:58.397385] [INFO] [framework] 설정 파일 위치 : ../configs/robot_10
[2026-08-11 16:49:58.397385] [CRITICAL] [framework] 프로그램 시작
[2026-08-11 16:49:58.397534] [INFO] [framework] ID[0, 10], 이름[전시입], 제어주기[20ms], 버젼[], 장소[우리집], 환경모드[simulation]
[2026-08-11 16:49:58.429007] [INFO] [framework] after init 실행
[2026-08-11 16:49:58.429389] [INFO] [framework] 제어 쓰레드 시작
[2026-08-11 16:52:17.139356] [INFO] [framework] 프로그램 시작
[2026-08-11 16:52:17.139364] [CRITICAL] [framework] 프로그램 시작
[2026-08-11 16:52:17.139360] [WARNING] [framework] 프로그램 시작
[2026-08-11 16:52:17.139366] [INFO] [framework] 설정 파일 위치 : ../configs/robot_10
[2026-08-11 16:52:17.139522] [INFO] [framework] ID[0, 10], 이름[전시입], 제어주기[20ms], 버젼[], 장소[우리집], 환경모드[simulation]
[2026-08-11 16:52:17.170357] [INFO] [framework] after init 실행
[2026-08-11 16:52:17.170596] [INFO] [framework] 제어 쓰레드 시작
[2026-08-11 17:03:34.366405] [INFO] [framework] 프로그램 시작
[2026-08-11 17:03:34.366408] [WARNING] [framework] 프로그램 시작
[2026-08-11 17:03:34.366413] [INFO] [framework] 설정 파일 위치 : ../configs/robot_10
[2026-08-11 17:03:34.366412] [CRITICAL] [framework] 프로그램 시작
[2026-08-11 17:03:34.366557] [INFO] [framework] ID[0, 10], 이름[전시입], 제어주기[20ms], 버젼[], 장소[우리집], 환경모드[simulation]
[2026-08-11 17:03:34.392732] [INFO] [framework] after init 실행
[2026-08-11 17:03:34.393118] [INFO] [framework] 제어 쓰레드 시작
[2026-08-11 17:24:37.822160] [INFO] [framework] 프로그램 시작
[2026-08-11 17:24:37.822166] [WARNING] [framework] 프로그램 시작
[2026-08-11 17:24:37.822170] [INFO] [framework] 설정 파일 위치 : ../configs/robot_10
[2026-08-11 17:24:37.822169] [CRITICAL] [framework] 프로그램 시작
[2026-08-11 17:24:37.822337] [INFO] [framework] ID[0, 10], 이름[전시입], 제어주기[20ms], 버젼[], 장소[우리집], 환경모드[simulation]
[2026-08-11 17:24:37.860704] [INFO] [framework] after init 실행
[2026-08-11 17:24:37.861088] [INFO] [framework] 제어 쓰레드 시작
[2026-08-11 17:26:43.240092] [INFO] [framework] 프로그램 시작
[2026-08-11 17:26:43.240095] [WARNING] [framework] 프로그램 시작
[2026-08-11 17:26:43.240097] [INFO] [framework] 설정 파일 위치 : ../configs/robot_10
[2026-08-11 17:26:43.240096] [CRITICAL] [framework] 프로그램 시작
[2026-08-11 17:27:18.502485] [INFO] [framework] 프로그램 시작
[2026-08-11 17:27:18.502492] [WARNING] [framework] 프로그램 시작
[2026-08-11 17:27:18.502493] [CRITICAL] [framework] 프로그램 시작
[2026-08-11 17:27:18.502493] [INFO] [framework] 설정 파일 위치 : ../configs/robot_10
[2026-08-11 17:27:18.502641] [INFO] [framework] ID[0, 10], 이름[전시입], 제어주기[20ms], 버젼[], 장소[우리집], 환경모드[simulation]
[2026-08-11 17:27:18.553444] [INFO] [framework] after init 실행
[2026-08-11 17:27:18.553875] [INFO] [framework] 제어 쓰레드 시작
[2026-08-11 17:27:37.754317] [INFO] [framework] 프로그램 시작
[2026-08-11 17:27:37.754320] [WARNING] [framework] 프로그램 시작
[2026-08-11 17:27:37.754322] [INFO] [framework] 설정 파일 위치 : ../configs/robot_10
[2026-08-11 17:27:37.754322] [CRITICAL] [framework] 프로그램 시작
[2026-08-11 17:27:55.419633] [INFO] [framework] 프로그램 시작
[2026-08-11 17:27:55.419636] [WARNING] [framework] 프로그램 시작
[2026-08-11 17:27:55.419639] [INFO] [framework] 설정 파일 위치 : ../configs/robot_10
[2026-08-11 17:27:55.419639] [CRITICAL] [framework] 프로그램 시작
[2026-08-11 17:27:55.419734] [INFO] [framework] ID[0, 10], 이름[전시입], 제어주기[20ms], 버젼[], 장소[우리집], 환경모드[simulation]
[2026-08-11 17:27:55.451029] [INFO] [framework] after init 실행
[2026-08-11 17:27:55.451292] [INFO] [framework] 제어 쓰레드 시작
[2026-08-11 17:34:34.369205] [INFO] [framework] 프로그램 시작
[2026-08-11 17:34:34.369209] [WARNING] [framework] 프로그램 시작
[2026-08-11 17:34:34.369212] [INFO] [framework] 설정 파일 위치 : ../configs/robot_10
[2026-08-11 17:34:34.369212] [CRITICAL] [framework] 프로그램 시작
[2026-08-11 17:34:46.273086] [INFO] [framework] 프로그램 시작
[2026-08-11 17:34:46.273089] [WARNING] [framework] 프로그램 시작
[2026-08-11 17:34:46.273092] [INFO] [framework] 설정 파일 위치 : ../configs/robot_10
[2026-08-11 17:34:46.273092] [CRITICAL] [framework] 프로그램 시작
[2026-08-11 17:34:46.273209] [INFO] [framework] ID[0, 10], 이름[전시입], 제어주기[20ms], 버젼[], 장소[우리집], 환경모드[simulation]
[2026-08-11 17:34:46.305679] [INFO] [framework] after init 실행
[2026-08-11 17:34:46.306093] [INFO] [framework] 제어 쓰레드 시작
[2026-08-11 17:40:32.795352] [INFO] [framework] 프로그램 시작
[2026-08-11 17:40:32.795355] [WARNING] [framework] 프로그램 시작
[2026-08-11 17:40:32.795358] [INFO] [framework] 설정 파일 위치 : ../configs/robot_10
[2026-08-11 17:40:32.795357] [CRITICAL] [framework] 프로그램 시작
[2026-08-11 17:40:32.795483] [INFO] [framework] ID[0, 10], 이름[전시입], 제어주기[20ms], 버젼[], 장소[우리집], 환경모드[simulation]
[2026-08-11 17:40:32.829015] [INFO] [framework] after init 실행
[2026-08-11 17:40:32.829405] [INFO] [framework] 제어 쓰레드 시작
[2026-08-11 17:43:43.842563] [INFO] [framework] 프로그램 시작
[2026-08-11 17:43:43.842568] [CRITICAL] [framework] 프로그램 시작
[2026-08-11 17:43:43.842566] [WARNING] [framework] 프로그램 시작
[2026-08-11 17:43:43.842569] [INFO] [framework] 설정 파일 위치 : ../configs/robot_10
[2026-08-11 17:43:43.842674] [INFO] [framework] ID[0, 10], 이름[전시입], 제어주기[20ms], 버젼[], 장소[우리집], 환경모드[simulation]
[2026-08-11 17:43:43.874428] [INFO] [framework] after init 실행
[2026-08-11 17:43:43.874784] [INFO] [framework] 제어 쓰레드 시작
[2026-08-11 17:44:21.658042] [INFO] [framework] 프로그램 시작
[2026-08-11 17:44:21.658049] [CRITICAL] [framework] 프로그램 시작
[2026-08-11 17:44:21.658046] [WARNING] [framework] 프로그램 시작
[2026-08-11 17:44:21.658050] [INFO] [framework] 설정 파일 위치 : ../configs/robot_10
[2026-08-11 17:44:21.658166] [INFO] [framework] ID[0, 10], 이름[전시입], 제어주기[20ms], 버젼[], 장소[우리집], 환경모드[simulation]
[2026-08-11 17:44:21.690261] [INFO] [framework] after init 실행
[2026-08-11 17:44:21.690647] [INFO] [framework] 제어 쓰레드 시작
[2026-08-11 17:45:27.769103] [INFO] [framework] 프로그램 시작
[2026-08-11 17:45:27.769108] [WARNING] [framework] 프로그램 시작
[2026-08-11 17:45:27.769110] [INFO] [framework] 설정 파일 위치 : ../configs/robot_10
[2026-08-11 17:45:27.769109] [CRITICAL] [framework] 프로그램 시작
[2026-08-11 17:45:27.769254] [INFO] [framework] ID[0, 10], 이름[전시입], 제어주기[20ms], 버젼[], 장소[우리집], 환경모드[simulation]
[2026-08-11 17:45:27.804383] [INFO] [framework] after init 실행
[2026-08-11 17:45:27.804666] [INFO] [framework] 제어 쓰레드 시작
[2026-08-11 17:45:51.304486] [INFO] [framework] 프로그램 시작
[2026-08-11 17:45:51.304492] [CRITICAL] [framework] 프로그램 시작
[2026-08-11 17:45:51.304493] [INFO] [framework] 설정 파일 위치 : ../configs/robot_10
[2026-08-11 17:45:51.304490] [WARNING] [framework] 프로그램 시작
[2026-08-11 17:45:51.304608] [INFO] [framework] ID[0, 10], 이름[전시입], 제어주기[20ms], 버젼[], 장소[우리집], 환경모드[simulation]
[2026-08-11 17:45:51.337072] [INFO] [framework] after init 실행
[2026-08-11 17:45:51.337469] [INFO] [framework] 제어 쓰레드 시작
[2026-08-11 17:50:10.517258] [INFO] [framework] 프로그램 시작
[2026-08-11 17:50:10.517262] [CRITICAL] [framework] 프로그램 시작
[2026-08-11 17:50:10.517261] [WARNING] [framework] 프로그램 시작
[2026-08-11 17:50:10.517262] [INFO] [framework] 설정 파일 위치 : ../configs/robot_10
[2026-08-11 17:50:10.517352] [INFO] [framework] ID[0, 10], 이름[전시입], 제어주기[20ms], 버젼[], 장소[우리집], 환경모드[simulation]
[2026-08-11 17:50:10.546942] [INFO] [framework] after init 실행
[2026-08-11 17:50:10.547201] [INFO] [framework] 제어 쓰레드 시작
