[2026-08-11 16:38:01.970364] [INFO] [framework] 프로그램 시작
[2026-08-11 16:38:01.970370] [WARNING] [framework] 프로그램 시작
[2026-08-11 16:38:01.970374] [INFO] [framework] 설정 파일 위치 : ../configs/robot_9
[2026-08-11 16:38:01.970373] [CRITICAL] [framework] 프로그램 시작
[2026-08-11 16:38:01.970549] [INFO] [framework] ID[0, 9], 이름[임나인], 제어주기[20ms], 버젼[], 장소[우리집], 환경모드[simulation]
[2026-08-11 16:38:01.970637] [INFO] [mediator] 생성
[2026-08-11 16:38:01.970698] [INFO] [graph_manager] 생성
[2026-08-11 16:38:02.003114] [INFO] [stop_server] 생성
[2026-08-11 16:38:02.003152] [INFO] [health_monitor] 생성
[2026-08-11 16:38:02.003184] [INFO] [path_server] 생성
[2026-08-11 16:38:02.003212] [INFO] [course_manager] 생성
[2026-08-11 16:38:02.003239] [INFO] [task::fsm] 생성
[2026-08-11 16:38:02.003240] [INFO] [task::fsm] idle
[2026-08-11 16:38:02.003252] [INFO] [course_manager] 코스 삭제
[2026-08-11 16:38:02.003259] [INFO] [path_server] 경로 삭제
[2026-08-11 16:38:02.003292] [INFO] [task_manager] 생성
[2026-08-11 16:38:02.003386] [INFO] [mediator] connectors 생성
[2026-08-11 16:38:02.003423] [INFO] [fms] 생성
[2026-08-11 16:38:02.003424] [INFO] [fms] 통신 드라이버 생성
[2026-08-11 16:38:02.003702] [INFO] [motions] 생성
[2026-08-11 16:38:02.003751] [INFO] [localizers] 생성
[2026-08-11 16:38:02.003882] [INFO] [localizers] 파라미터 : 

[2026-08-11 16:38:02.003924] [INFO] [safety_plc] 생성
[2026-08-11 16:38:02.003960] [INFO] [load_handler] 생성
[2026-08-11 16:38:02.003994] [INFO] [power_system] 생성
[2026-08-11 16:38:02.004094] [INFO] [power_system] 설정 정보 : remaining[40%, 10%, 5%]
[2026-08-11 16:38:02.004455] [INFO] [power_system] 알람 목록 : 
 • [100015, 100001] [INFO] 자동 충전 시작.
 • [100015, 100002] [INFO] 배터리 가득.
 • [100015, 400001] [CRIT] 배터리 남은 양 - 위험
 • [100015, 300001] [ERROR] 배터리 남은 양 - 에러
 • [100015, 200001] [WARN] 배터리 남은 양 - 주의
 • [100015, 100004] [INFO] 자동 충전 해제 완료.
 • [100015, 100003] [INFO] 자동 충전 해제 시작.
[2026-08-11 16:38:02.004458] [INFO] [mediator] connector 의존성 주입
[2026-08-11 16:38:02.004465] [INFO] [mediator] any map 등록
[2026-08-11 16:38:02.004470] [INFO] [mediator] any collector 등록
[2026-08-11 16:38:02.004473] [INFO] [mediator] any collector 목록 검사
[2026-08-11 16:38:02.004514] [INFO] [framework] after init 실행
[2026-08-11 16:38:02.004856] [INFO] [course_tracker] 생성
[2026-08-11 16:38:02.004870] [INFO] [course_tracker] 파라미터 : 
◈ node_bound[0.020m, 0.150m, 0.005m]
 • approach[0.150m, 0.050m/s, -0.005m, -0.200m, 0.100m]
 • align[(10.000°, 5.000°/s), 50.000°, 30.000°/s), 0.800°, -0.100°]
◈ motion param : 
 • reference_angle[0.000°, 45.000°]
 • threshold_angle[15.000°, 20.000°, 170.000°]
 • threshold_error[0.300°, 5.000°]
 • normal[0.150m/s, 8.000, 0.800m/s, 0.500]
 • angle[0.150m/s, 1.500, 0.800m/s, 2.100]
 • protection_overshoot[0.100m/s, 0.900, 0.500m/s, 0.900]
 • speed_rotation[15.000°/s]
[2026-08-11 16:38:02.004873] [INFO] [framework] 제어 쓰레드 시작
[2026-08-11 16:38:02.004901] [INFO] [path_server] 노드 초기화 성공 : 로봇 좌표[11.501m 14.504m -89.274°] 최단 거리 노드[201] 거리(0.004105m)
[2026-08-11 16:40:31.639102] [INFO] [framework] 프로그램 시작
[2026-08-11 16:40:31.639107] [WARNING] [framework] 프로그램 시작
[2026-08-11 16:40:31.639108] [INFO] [framework] 설정 파일 위치 : ../configs/robot_9
[2026-08-11 16:40:31.639108] [CRITICAL] [framework] 프로그램 시작
[2026-08-11 16:45:49.988140] [INFO] [framework] 프로그램 시작
[2026-08-11 16:45:49.988143] [WARNING] [framework] 프로그램 시작
[2026-08-11 16:45:49.988146] [INFO] [framework] 설정 파일 위치 : ../configs/robot_9
[2026-08-11 16:45:49.988145] [CRITICAL] [framework] 프로그램 시작
[2026-08-11 16:45:49.988254] [INFO] [framework] ID[0, 9], 이름[임나인], 제어주기[20ms], 버젼[], 장소[우리집], 환경모드[simulation]
[2026-08-11 16:45:49.988271] [INFO] [mediator] 생성
[2026-08-11 16:45:49.988287] [INFO] [graph_manager] 생성
[2026-08-11 16:45:50.012714] [INFO] [stop_server] 생성
[2026-08-11 16:45:50.012738] [INFO] [health_monitor] 생성
[2026-08-11 16:45:50.013181] [INFO] [path_server] 생성
[2026-08-11 16:45:50.013196] [INFO] [course_manager] 생성
[2026-08-11 16:45:50.013209] [INFO] [task::fsm] 생성
[2026-08-11 16:45:50.013215] [INFO] [course_manager] 코스 삭제
[2026-08-11 16:45:50.013216] [INFO] [path_server] 경로 삭제
[2026-08-11 16:45:50.013210] [INFO] [task::fsm] idle
[2026-08-11 16:45:50.013228] [INFO] [task_manager] 생성
[2026-08-11 16:45:50.013325] [INFO] [mediator] connectors 생성
[2026-08-11 16:45:50.013343] [INFO] [fms] 생성
[2026-08-11 16:45:50.013344] [INFO] [fms] 통신 드라이버 생성
[2026-08-11 16:45:50.013610] [INFO] [motions] 생성
[2026-08-11 16:45:50.013628] [INFO] [localizers] 생성
[2026-08-11 16:45:50.013713] [INFO] [localizers] 파라미터 : 

[2026-08-11 16:45:50.013735] [INFO] [safety_plc] 생성
[2026-08-11 16:45:50.013750] [INFO] [load_handler] 생성
[2026-08-11 16:45:50.013764] [INFO] [power_system] 생성
[2026-08-11 16:45:50.013868] [INFO] [power_system] 설정 정보 : remaining[40%, 10%, 5%]
[2026-08-11 16:45:50.014278] [INFO] [power_system] 알람 목록 : 
 • [100015, 100001] [INFO] 자동 충전 시작.
 • [100015, 100002] [INFO] 배터리 가득.
 • [100015, 400001] [CRIT] 배터리 남은 양 - 위험
 • [100015, 300001] [ERROR] 배터리 남은 양 - 에러
 • [100015, 200001] [WARN] 배터리 남은 양 - 주의
 • [100015, 100004] [INFO] 자동 충전 해제 완료.
 • [100015, 100003] [INFO] 자동 충전 해제 시작.
[2026-08-11 16:45:50.014285] [INFO] [mediator] any map 등록
[2026-08-11 16:45:50.014282] [INFO] [mediator] connector 의존성 주입
[2026-08-11 16:45:50.014293] [INFO] [mediator] any collector 등록
[2026-08-11 16:45:50.014297] [INFO] [mediator] any collector 목록 검사
[2026-08-11 16:45:50.014343] [INFO] [framework] after init 실행
[2026-08-11 16:45:50.014578] [INFO] [course_tracker] 생성
[2026-08-11 16:45:50.014597] [INFO] [course_tracker] 파라미터 : 
◈ node_bound[0.020m, 0.150m, 0.005m]
 • approach[0.150m, 0.050m/s, -0.005m, -0.200m, 0.100m]
 • align[(10.000°, 5.000°/s), 50.000°, 30.000°/s), 0.800°, -0.100°]
◈ motion param : 
 • reference_angle[0.000°, 45.000°]
 • threshold_angle[15.000°, 20.000°, 170.000°]
 • threshold_error[0.300°, 5.000°]
 • normal[0.150m/s, 8.000, 0.800m/s, 0.500]
 • angle[0.150m/s, 1.500, 0.800m/s, 2.100]
 • protection_overshoot[0.100m/s, 0.900, 0.500m/s, 0.900]
 • speed_rotation[15.000°/s]
[2026-08-11 16:45:50.014600] [INFO] [framework] 제어 쓰레드 시작
[2026-08-11 16:45:50.014639] [INFO] [path_server] 노드 초기화 성공 : 로봇 좌표[11.501m 14.504m -89.274°] 최단 거리 노드[201] 거리(0.004105m)
[2026-08-11 16:45:55.124509] [INFO] [path_server] 새로운 경로 설정 : path[201 ➜ 105] time[0s] dist[36m] list[25] : 201-1161-1162-1163-1164-1165-1166-1109-1110-1111-1112-1113-1114-1115-1116-1117-1118-1119-1120-1121-1122-1123-1179-1180-105
[2026-08-11 16:45:55.124519] [INFO] [course_tracker] 방향 정렬 완료 
[2026-08-11 16:46:00.015016] [INFO] [path_server] 노드 업데이트 : [1161] ➜ [1162]
[2026-08-11 16:46:00.074961] [INFO] [path_server] 새로운 경로 설정 : path[1161 ➜ 105] time[0s] dist[34.5m] list[24] : 1161-1162-1163-1164-1165-1166-1109-1110-1111-1112-1113-1114-1115-1116-1117-1118-1119-1120-1121-1122-1123-1179-1180-105
[2026-08-11 16:46:03.648043] [INFO] [path_server] 노드 업데이트 : [1162] ➜ [1163]
[2026-08-11 16:46:03.727968] [INFO] [path_server] 새로운 경로 설정 : path[1162 ➜ 105] time[0s] dist[33m] list[23] : 1162-1163-1164-1165-1166-1109-1110-1111-1112-1113-1114-1115-1116-1117-1118-1119-1120-1121-1122-1123-1179-1180-105
[2026-08-11 16:46:04.765847] [INFO] [path_server] 노드 업데이트 : [1163] ➜ [1164]
[2026-08-11 16:46:04.845794] [INFO] [path_server] 새로운 경로 설정 : path[1163 ➜ 105] time[0s] dist[31.5m] list[22] : 1163-1164-1165-1166-1109-1110-1111-1112-1113-1114-1115-1116-1117-1118-1119-1120-1121-1122-1123-1179-1180-105
[2026-08-11 16:46:05.584399] [INFO] [path_server] 노드 업데이트 : [1164] ➜ [1165]
[2026-08-11 16:46:05.644301] [INFO] [path_server] 새로운 경로 설정 : path[1164 ➜ 105] time[0s] dist[30m] list[21] : 1164-1165-1166-1109-1110-1111-1112-1113-1114-1115-1116-1117-1118-1119-1120-1121-1122-1123-1179-1180-105
[2026-08-11 16:46:06.343820] [INFO] [path_server] 노드 업데이트 : [1165] ➜ [1166]
[2026-08-11 16:46:06.423711] [INFO] [path_server] 새로운 경로 설정 : path[1165 ➜ 105] time[0s] dist[28.5m] list[20] : 1165-1166-1109-1110-1111-1112-1113-1114-1115-1116-1117-1118-1119-1120-1121-1122-1123-1179-1180-105
[2026-08-11 16:46:07.102546] [INFO] [path_server] 노드 업데이트 : [1166] ➜ [1109]
[2026-08-11 16:46:07.182559] [INFO] [path_server] 새로운 경로 설정 : path[1166 ➜ 105] time[0s] dist[27m] list[19] : 1166-1109-1110-1111-1112-1113-1114-1115-1116-1117-1118-1119-1120-1121-1122-1123-1179-1180-105
[2026-08-11 16:46:07.921525] [INFO] [path_server] 노드 업데이트 : [1109] ➜ [1110]
[2026-08-11 16:46:07.981503] [INFO] [path_server] 새로운 경로 설정 : path[1109 ➜ 105] time[0s] dist[25.5m] list[18] : 1109-1110-1111-1112-1113-1114-1115-1116-1117-1118-1119-1120-1121-1122-1123-1179-1180-105
[2026-08-11 16:46:11.574654] [INFO] [path_server] 노드 업데이트 : [1110] ➜ [1111]
[2026-08-11 16:46:11.654551] [INFO] [path_server] 새로운 경로 설정 : path[1110 ➜ 105] time[0s] dist[24m] list[17] : 1110-1111-1112-1113-1114-1115-1116-1117-1118-1119-1120-1121-1122-1123-1179-1180-105
[2026-08-11 16:46:12.932515] [INFO] [path_server] 노드 업데이트 : [1111] ➜ [1112]
[2026-08-11 16:46:13.012387] [INFO] [path_server] 새로운 경로 설정 : path[1111 ➜ 105] time[0s] dist[22.5m] list[16] : 1111-1112-1113-1114-1115-1116-1117-1118-1119-1120-1121-1122-1123-1179-1180-105
[2026-08-11 16:46:13.831076] [INFO] [path_server] 노드 업데이트 : [1112] ➜ [1113]
[2026-08-11 16:46:13.890992] [INFO] [path_server] 새로운 경로 설정 : path[1112 ➜ 105] time[0s] dist[21m] list[15] : 1112-1113-1114-1115-1116-1117-1118-1119-1120-1121-1122-1123-1179-1180-105
[2026-08-11 16:46:14.569646] [INFO] [path_server] 노드 업데이트 : [1113] ➜ [1114]
[2026-08-11 16:46:14.649582] [INFO] [path_server] 새로운 경로 설정 : path[1113 ➜ 105] time[0s] dist[19.5m] list[14] : 1113-1114-1115-1116-1117-1118-1119-1120-1121-1122-1123-1179-1180-105
[2026-08-11 16:46:15.328190] [INFO] [path_server] 노드 업데이트 : [1114] ➜ [1115]
[2026-08-11 16:46:15.388096] [INFO] [path_server] 새로운 경로 설정 : path[1114 ➜ 105] time[0s] dist[18m] list[13] : 1114-1115-1116-1117-1118-1119-1120-1121-1122-1123-1179-1180-105
[2026-08-11 16:46:16.086733] [INFO] [path_server] 노드 업데이트 : [1115] ➜ [1116]
[2026-08-11 16:46:16.166550] [INFO] [path_server] 새로운 경로 설정 : path[1115 ➜ 105] time[0s] dist[16.5m] list[12] : 1115-1116-1117-1118-1119-1120-1121-1122-1123-1179-1180-105
[2026-08-11 16:46:16.825407] [INFO] [path_server] 노드 업데이트 : [1116] ➜ [1117]
[2026-08-11 16:46:16.885336] [INFO] [path_server] 새로운 경로 설정 : path[1116 ➜ 105] time[0s] dist[15m] list[11] : 1116-1117-1118-1119-1120-1121-1122-1123-1179-1180-105
[2026-08-11 16:46:17.584353] [INFO] [path_server] 노드 업데이트 : [1117] ➜ [1118]
[2026-08-11 16:46:17.664228] [INFO] [path_server] 새로운 경로 설정 : path[1117 ➜ 105] time[0s] dist[13.5m] list[10] : 1117-1118-1119-1120-1121-1122-1123-1179-1180-105
[2026-08-11 16:46:18.322935] [INFO] [path_server] 노드 업데이트 : [1118] ➜ [1119]
[2026-08-11 16:46:18.382800] [INFO] [path_server] 새로운 경로 설정 : path[1118 ➜ 105] time[0s] dist[12m] list[9] : 1118-1119-1120-1121-1122-1123-1179-1180-105
[2026-08-11 16:46:19.081440] [INFO] [path_server] 노드 업데이트 : [1119] ➜ [1120]
[2026-08-11 16:46:19.161329] [INFO] [path_server] 새로운 경로 설정 : path[1119 ➜ 105] time[0s] dist[10.5m] list[8] : 1119-1120-1121-1122-1123-1179-1180-105
[2026-08-11 16:46:19.919871] [INFO] [path_server] 노드 업데이트 : [1120] ➜ [1121]
[2026-08-11 16:46:19.999733] [INFO] [path_server] 새로운 경로 설정 : path[1120 ➜ 105] time[0s] dist[9m] list[7] : 1120-1121-1122-1123-1179-1180-105
[2026-08-11 16:46:23.572715] [INFO] [path_server] 노드 업데이트 : [1121] ➜ [1122]
[2026-08-11 16:46:23.652626] [INFO] [path_server] 새로운 경로 설정 : path[1121 ➜ 105] time[0s] dist[7.5m] list[6] : 1121-1122-1123-1179-1180-105
[2026-08-11 16:46:24.930007] [INFO] [path_server] 노드 업데이트 : [1122] ➜ [1123]
[2026-08-11 16:46:25.009921] [INFO] [path_server] 새로운 경로 설정 : path[1122 ➜ 105] time[0s] dist[6m] list[5] : 1122-1123-1179-1180-105
[2026-08-11 16:46:25.988267] [INFO] [path_server] 노드 업데이트 : [1123] ➜ [1179]
[2026-08-11 16:46:26.068176] [INFO] [path_server] 새로운 경로 설정 : path[1123 ➜ 105] time[0s] dist[4.5m] list[4] : 1123-1179-1180-105
[2026-08-11 16:46:29.302930] [INFO] [path_server] 노드 업데이트 : [1179] ➜ [1180]
[2026-08-11 16:46:29.382811] [INFO] [path_server] 새로운 경로 설정 : path[1179 ➜ 105] time[0s] dist[3m] list[3] : 1179-1180-105
[2026-08-11 16:46:30.680243] [INFO] [path_server] 노드 업데이트 : [1180] ➜ [105]
[2026-08-11 16:46:30.760101] [INFO] [path_server] 새로운 경로 설정 : path[1180 ➜ 105] time[0s] dist[1.5m] list[2] : 1180-105
[2026-08-11 16:46:35.890481] [INFO] [path_server] 노드 업데이트 : [105] ➜ [-1]
[2026-08-11 16:46:38.764757] [INFO] [course_tracker] 목적지에서 각도 정렬 : [5.500m 2.500m 0.000°]
[2026-08-11 16:46:38.804611] [INFO] [path_server] 노드 업데이트 : [105] ➜ [-1]
[2026-08-11 16:46:38.824619] [INFO] [task::fsm] push_done
[2026-08-11 16:46:38.884516] [INFO] [task::fsm] charging
[2026-08-11 16:46:38.884539] [INFO] [health_monitor] [등록][100015, 100001] : 자동 충전 시작.
[2026-08-11 16:46:38.884525] [INFO] [power_system] 충전 프로세스 시작
[2026-08-11 16:46:43.895460] [INFO] [health_monitor] [삭제][100015, 100001] : 자동 충전 시작.
[2026-08-11 16:46:58.089894] [INFO] [power_system] 충전 완료
[2026-08-11 16:46:58.089918] [INFO] [health_monitor] [등록][100015, 100003] : 자동 충전 해제 시작.
[2026-08-11 16:46:58.089915] [INFO] [health_monitor] [등록][100015, 100002] : 배터리 가득.
[2026-08-11 16:47:03.100667] [INFO] [health_monitor] [삭제][100015, 100002] : 배터리 가득.
[2026-08-11 16:47:03.100674] [INFO] [health_monitor] [삭제][100015, 100003] : 자동 충전 해제 시작.
[2026-08-11 16:47:03.120632] [INFO] [power_system] 충전 해제 완료
[2026-08-11 16:47:03.120647] [INFO] [health_monitor] [등록][100015, 100004] : 자동 충전 해제 완료.
[2026-08-11 16:47:03.140540] [INFO] [task::fsm] discharging
[2026-08-11 16:47:03.140549] [INFO] [power_system] 충전 해제 프로세스 시작
[2026-08-11 16:47:03.140560] [INFO] [health_monitor] [등록][100015, 100003] : 자동 충전 해제 시작.
[2026-08-11 16:47:03.160566] [INFO] [task::fsm] idle
[2026-08-11 16:47:03.160574] [INFO] [path_server] 경로 삭제
[2026-08-11 16:47:03.160572] [INFO] [course_manager] 코스 삭제
[2026-08-11 16:47:03.180527] [INFO] [task::fsm] idle
[2026-08-11 16:47:03.180535] [INFO] [path_server] 경로 삭제
[2026-08-11 16:47:03.180533] [INFO] [course_manager] 코스 삭제
[2026-08-11 16:47:08.131966] [INFO] [health_monitor] [삭제][100015, 100004] : 자동 충전 해제 완료.
[2026-08-11 16:47:08.151890] [INFO] [health_monitor] [삭제][100015, 100003] : 자동 충전 해제 시작.
[2026-08-11 16:47:42.769929] [INFO] [framework] 프로그램 시작
[2026-08-11 16:47:42.769934] [WARNING] [framework] 프로그램 시작
[2026-08-11 16:47:42.769938] [CRITICAL] [framework] 프로그램 시작
[2026-08-11 16:49:24.400472] [INFO] [framework] 프로그램 시작
[2026-08-11 16:49:24.400477] [WARNING] [framework] 프로그램 시작
[2026-08-11 16:49:24.400482] [CRITICAL] [framework] 프로그램 시작
[2026-08-11 16:49:24.400482] [INFO] [framework] 설정 파일 위치 : ../configs/robot_9
[2026-08-11 16:49:24.400634] [INFO] [framework] ID[0, 9], 이름[임나인], 제어주기[20ms], 버젼[], 장소[우리집], 환경모드[simulation]
[2026-08-11 16:49:24.400665] [INFO] [mediator] 생성
[2026-08-11 16:49:24.400706] [INFO] [graph_manager] 생성
[2026-08-11 16:49:24.443024] [INFO] [stop_server] 생성
[2026-08-11 16:49:24.443063] [INFO] [health_monitor] 생성
[2026-08-11 16:49:24.443086] [INFO] [path_server] 생성
[2026-08-11 16:49:24.443105] [INFO] [course_manager] 생성
[2026-08-11 16:49:24.443518] [INFO] [task::fsm] 생성
[2026-08-11 16:49:24.443520] [INFO] [task::fsm] idle
[2026-08-11 16:49:24.443531] [INFO] [course_manager] 코스 삭제
[2026-08-11 16:49:24.443533] [INFO] [path_server] 경로 삭제
[2026-08-11 16:49:24.443555] [INFO] [task_manager] 생성
[2026-08-11 16:49:24.443706] [INFO] [mediator] connectors 생성
[2026-08-11 16:49:24.443783] [INFO] [fms] 생성
[2026-08-11 16:49:24.443787] [INFO] [fms] 통신 드라이버 생성
[2026-08-11 16:49:24.444086] [INFO] [motions] 생성
[2026-08-11 16:49:24.444178] [INFO] [localizers] 생성
[2026-08-11 16:49:24.444258] [INFO] [localizers] 파라미터 : 

[2026-08-11 16:49:24.444271] [INFO] [safety_plc] 생성
[2026-08-11 16:49:24.444282] [INFO] [load_handler] 생성
[2026-08-11 16:49:24.444298] [INFO] [power_system] 생성
[2026-08-11 16:49:24.444385] [INFO] [power_system] 설정 정보 : remaining[40%, 10%, 5%]
[2026-08-11 16:49:24.444755] [INFO] [power_system] 알람 목록 : 
 • [100015, 100001] [INFO] 자동 충전 시작.
 • [100015, 100002] [INFO] 배터리 가득.
 • [100015, 400001] [CRIT] 배터리 남은 양 - 위험
 • [100015, 300001] [ERROR] 배터리 남은 양 - 에러
 • [100015, 200001] [WARN] 배터리 남은 양 - 주의
 • [100015, 100004] [INFO] 자동 충전 해제 완료.
 • [100015, 100003] [INFO] 자동 충전 해제 시작.
[2026-08-11 16:49:24.444760] [INFO] [mediator] any map 등록
[2026-08-11 16:49:24.444758] [INFO] [mediator] connector 의존성 주입
[2026-08-11 16:49:24.444766] [INFO] [mediator] any collector 등록
[2026-08-11 16:49:24.444767] [INFO] [mediator] any collector 목록 검사
[2026-08-11 16:49:24.444810] [INFO] [framework] after init 실행
[2026-08-11 16:49:24.445153] [INFO] [course_tracker] 생성
[2026-08-11 16:49:24.445173] [INFO] [course_tracker] 파라미터 : 
◈ node_bound[0.020m, 0.150m, 0.005m]
 • approach[0.150m, 0.050m/s, -0.005m, -0.200m, 0.100m]
 • align[(10.000°, 5.000°/s), 50.000°, 30.000°/s), 0.800°, -0.100°]
◈ motion param : 
 • reference_angle[0.000°, 45.000°]
 • threshold_angle[15.000°, 20.000°, 170.000°]
 • threshold_error[0.300°, 5.000°]
 • normal[0.150m/s, 8.000, 0.800m/s, 0.500]
 • angle[0.150m/s, 1.500, 0.800m/s, 2.100]
 • protection_overshoot[0.100m/s, 0.900, 0.500m/s, 0.900]
 • speed_rotation[15.000°/s]
[2026-08-11 16:49:24.445176] [INFO] [framework] 제어 쓰레드 시작
[2026-08-11 16:49:24.445221] [INFO] [path_server] 노드 초기화 성공 : 로봇 좌표[5.504m 2.498m -179.481°] 최단 거리 노드[105] 거리(0.004438m)
[2026-08-11 16:49:24.565103] [INFO] [task::fsm] charging
[2026-08-11 16:49:24.565119] [INFO] [power_system] 충전 프로세스 시작
[2026-08-11 16:49:24.565173] [INFO] [health_monitor] [등록][100015, 100001] : 자동 충전 시작.
[2026-08-11 16:49:29.574861] [INFO] [health_monitor] [삭제][100015, 100001] : 자동 충전 시작.
[2026-08-11 16:49:46.492242] [INFO] [framework] 프로그램 시작
[2026-08-11 16:49:46.492246] [WARNING] [framework] 프로그램 시작
[2026-08-11 16:49:46.492248] [INFO] [framework] 설정 파일 위치 : ../configs/robot_9
[2026-08-11 16:49:46.492247] [CRITICAL] [framework] 프로그램 시작
[2026-08-11 16:49:46.492353] [INFO] [framework] ID[0, 9], 이름[임나인], 제어주기[20ms], 버젼[], 장소[우리집], 환경모드[simulation]
[2026-08-11 16:49:46.492380] [INFO] [mediator] 생성
[2026-08-11 16:49:46.492402] [INFO] [graph_manager] 생성
[2026-08-11 16:49:46.519253] [INFO] [stop_server] 생성
[2026-08-11 16:49:46.519272] [INFO] [health_monitor] 생성
[2026-08-11 16:49:46.519289] [INFO] [path_server] 생성
[2026-08-11 16:49:46.519302] [INFO] [course_manager] 생성
[2026-08-11 16:49:46.519314] [INFO] [task::fsm] 생성
[2026-08-11 16:49:46.519315] [INFO] [task::fsm] idle
[2026-08-11 16:49:46.519317] [INFO] [course_manager] 코스 삭제
[2026-08-11 16:49:46.519317] [INFO] [path_server] 경로 삭제
[2026-08-11 16:49:46.519329] [INFO] [task_manager] 생성
[2026-08-11 16:49:46.519476] [INFO] [mediator] connectors 생성
[2026-08-11 16:49:46.519498] [INFO] [fms] 생성
[2026-08-11 16:49:46.519500] [INFO] [fms] 통신 드라이버 생성
[2026-08-11 16:49:46.519874] [INFO] [motions] 생성
[2026-08-11 16:49:46.519894] [INFO] [localizers] 생성
[2026-08-11 16:49:46.520013] [INFO] [localizers] 파라미터 : 

[2026-08-11 16:49:46.520031] [INFO] [safety_plc] 생성
[2026-08-11 16:49:46.520045] [INFO] [load_handler] 생성
[2026-08-11 16:49:46.520059] [INFO] [power_system] 생성
[2026-08-11 16:49:46.520199] [INFO] [power_system] 설정 정보 : remaining[40%, 10%, 5%]
[2026-08-11 16:49:46.520679] [INFO] [power_system] 알람 목록 : 
 • [100015, 100001] [INFO] 자동 충전 시작.
 • [100015, 100002] [INFO] 배터리 가득.
 • [100015, 400001] [CRIT] 배터리 남은 양 - 위험
 • [100015, 300001] [ERROR] 배터리 남은 양 - 에러
 • [100015, 200001] [WARN] 배터리 남은 양 - 주의
 • [100015, 100004] [INFO] 자동 충전 해제 완료.
 • [100015, 100003] [INFO] 자동 충전 해제 시작.
[2026-08-11 16:49:46.520685] [INFO] [mediator] any map 등록
[2026-08-11 16:49:46.520682] [INFO] [mediator] connector 의존성 주입
[2026-08-11 16:49:46.520693] [INFO] [mediator] any collector 등록
[2026-08-11 16:49:46.520697] [INFO] [mediator] any collector 목록 검사
[2026-08-11 16:49:46.520766] [INFO] [framework] after init 실행
[2026-08-11 16:49:46.521036] [INFO] [course_tracker] 생성
[2026-08-11 16:49:46.521057] [INFO] [course_tracker] 파라미터 : 
◈ node_bound[0.020m, 0.150m, 0.005m]
 • approach[0.150m, 0.050m/s, -0.005m, -0.200m, 0.100m]
 • align[(10.000°, 5.000°/s), 50.000°, 30.000°/s), 0.800°, -0.100°]
◈ motion param : 
 • reference_angle[0.000°, 45.000°]
 • threshold_angle[15.000°, 20.000°, 170.000°]
 • threshold_error[0.300°, 5.000°]
 • normal[0.150m/s, 8.000, 0.800m/s, 0.500]
 • angle[0.150m/s, 1.500, 0.800m/s, 2.100]
 • protection_overshoot[0.100m/s, 0.900, 0.500m/s, 0.900]
 • speed_rotation[15.000°/s]
[2026-08-11 16:49:46.521080] [INFO] [framework] 제어 쓰레드 시작
[2026-08-11 16:49:46.521123] [INFO] [path_server] 노드 초기화 성공 : 로봇 좌표[5.504m 2.498m -179.481°] 최단 거리 노드[105] 거리(0.004438m)
[2026-08-11 16:49:46.640913] [INFO] [task::fsm] charging
[2026-08-11 16:49:46.640920] [INFO] [power_system] 충전 프로세스 시작
[2026-08-11 16:49:46.640947] [INFO] [health_monitor] [등록][100015, 100001] : 자동 충전 시작.
[2026-08-11 16:49:51.651953] [INFO] [health_monitor] [삭제][100015, 100001] : 자동 충전 시작.
[2026-08-11 16:49:58.394105] [INFO] [framework] 프로그램 시작
[2026-08-11 16:49:58.394111] [WARNING] [framework] 프로그램 시작
[2026-08-11 16:49:58.394114] [INFO] [framework] 설정 파일 위치 : ../configs/robot_9
[2026-08-11 16:49:58.394113] [CRITICAL] [framework] 프로그램 시작
[2026-08-11 16:49:58.394229] [INFO] [framework] ID[0, 9], 이름[임나인], 제어주기[20ms], 버젼[], 장소[우리집], 환경모드[simulation]
[2026-08-11 16:49:58.394257] [INFO] [mediator] 생성
[2026-08-11 16:49:58.394272] [INFO] [graph_manager] 생성
[2026-08-11 16:49:58.420227] [INFO] [stop_server] 생성
[2026-08-11 16:49:58.420255] [INFO] [health_monitor] 생성
[2026-08-11 16:49:58.420272] [INFO] [path_server] 생성
[2026-08-11 16:49:58.420287] [INFO] [course_manager] 생성
[2026-08-11 16:49:58.420299] [INFO] [task::fsm] 생성
[2026-08-11 16:49:58.420300] [INFO] [task::fsm] idle
[2026-08-11 16:49:58.420301] [INFO] [course_manager] 코스 삭제
[2026-08-11 16:49:58.420301] [INFO] [path_server] 경로 삭제
[2026-08-11 16:49:58.420314] [INFO] [task_manager] 생성
[2026-08-11 16:49:58.420416] [INFO] [mediator] connectors 생성
[2026-08-11 16:49:58.420431] [INFO] [fms] 생성
[2026-08-11 16:49:58.420432] [INFO] [fms] 통신 드라이버 생성
[2026-08-11 16:49:58.420695] [INFO] [motions] 생성
[2026-08-11 16:49:58.420716] [INFO] [localizers] 생성
[2026-08-11 16:49:58.420818] [INFO] [localizers] 파라미터 : 

[2026-08-11 16:49:58.420837] [INFO] [safety_plc] 생성
[2026-08-11 16:49:58.420850] [INFO] [load_handler] 생성
[2026-08-11 16:49:58.420866] [INFO] [power_system] 생성
[2026-08-11 16:49:58.420967] [INFO] [power_system] 설정 정보 : remaining[40%, 10%, 5%]
[2026-08-11 16:49:58.421367] [INFO] [power_system] 알람 목록 : 
 • [100015, 100001] [INFO] 자동 충전 시작.
 • [100015, 100002] [INFO] 배터리 가득.
 • [100015, 400001] [CRIT] 배터리 남은 양 - 위험
 • [100015, 300001] [ERROR] 배터리 남은 양 - 에러
 • [100015, 200001] [WARN] 배터리 남은 양 - 주의
 • [100015, 100004] [INFO] 자동 충전 해제 완료.
 • [100015, 100003] [INFO] 자동 충전 해제 시작.
[2026-08-11 16:49:58.421370] [INFO] [mediator] connector 의존성 주입
[2026-08-11 16:49:58.421378] [INFO] [mediator] any map 등록
[2026-08-11 16:49:58.421385] [INFO] [mediator] any collector 등록
[2026-08-11 16:49:58.421388] [INFO] [mediator] any collector 목록 검사
[2026-08-11 16:49:58.421445] [INFO] [framework] after init 실행
[2026-08-11 16:49:58.421796] [INFO] [course_tracker] 생성
[2026-08-11 16:49:58.421814] [INFO] [course_tracker] 파라미터 : 
◈ node_bound[0.020m, 0.150m, 0.005m]
 • approach[0.150m, 0.050m/s, -0.005m, -0.200m, 0.100m]
 • align[(10.000°, 5.000°/s), 50.000°, 30.000°/s), 0.800°, -0.100°]
◈ motion param : 
 • reference_angle[0.000°, 45.000°]
 • threshold_angle[15.000°, 20.000°, 170.000°]
 • threshold_error[0.300°, 5.000°]
 • normal[0.150m/s, 8.000, 0.800m/s, 0.500]
 • angle[0.150m/s, 1.500, 0.800m/s, 2.100]
 • protection_overshoot[0.100m/s, 0.900, 0.500m/s, 0.900]
 • speed_rotation[15.000°/s]
[2026-08-11 16:49:58.421816] [INFO] [framework] 제어 쓰레드 시작
[2026-08-11 16:49:58.421846] [INFO] [path_server] 노드 초기화 성공 : 로봇 좌표[5.504m 2.498m -179.481°] 최단 거리 노드[105] 거리(0.004438m)
[2026-08-11 16:50:00.398274] [INFO] [task::fsm] charging
[2026-08-11 16:50:00.398282] [INFO] [power_system] 충전 프로세스 시작
[2026-08-11 16:50:00.398322] [INFO] [health_monitor] [등록][100015, 100001] : 자동 충전 시작.
[2026-08-11 16:50:05.408888] [INFO] [health_monitor] [삭제][100015, 100001] : 자동 충전 시작.
[2026-08-11 16:50:17.585905] [INFO] [power_system] 충전 완료
[2026-08-11 16:50:17.585925] [INFO] [health_monitor] [등록][100015, 100003] : 자동 충전 해제 시작.
[2026-08-11 16:50:17.585922] [INFO] [health_monitor] [등록][100015, 100002] : 배터리 가득.
[2026-08-11 16:50:22.596175] [INFO] [health_monitor] [삭제][100015, 100002] : 배터리 가득.
[2026-08-11 16:50:22.596186] [INFO] [health_monitor] [삭제][100015, 100003] : 자동 충전 해제 시작.
[2026-08-11 16:50:22.616173] [INFO] [power_system] 충전 해제 완료
[2026-08-11 16:50:22.616188] [INFO] [health_monitor] [등록][100015, 100004] : 자동 충전 해제 완료.
[2026-08-11 16:50:22.636126] [INFO] [task::fsm] discharging
[2026-08-11 16:50:22.636135] [INFO] [power_system] 충전 해제 프로세스 시작
[2026-08-11 16:50:22.636145] [INFO] [health_monitor] [등록][100015, 100003] : 자동 충전 해제 시작.
[2026-08-11 16:50:22.656039] [INFO] [task::fsm] idle
[2026-08-11 16:50:22.656044] [INFO] [course_manager] 코스 삭제
[2026-08-11 16:50:22.656046] [INFO] [path_server] 경로 삭제
[2026-08-11 16:50:22.696003] [INFO] [task::fsm] idle
[2026-08-11 16:50:22.696011] [INFO] [path_server] 경로 삭제
[2026-08-11 16:50:22.696009] [INFO] [course_manager] 코스 삭제
[2026-08-11 16:50:27.626986] [INFO] [health_monitor] [삭제][100015, 100004] : 자동 충전 해제 완료.
[2026-08-11 16:50:27.646963] [INFO] [health_monitor] [삭제][100015, 100003] : 자동 충전 해제 시작.
[2026-08-11 16:50:32.917299] [INFO] [path_server] 새로운 경로 설정 : path[105 ➜ 102] time[0s] dist[7.5m] list[6] : 105-1180-1181-1182-1183-102
[2026-08-11 16:50:32.917309] [INFO] [course_tracker] 방향 정렬 완료 
[2026-08-11 16:50:40.084503] [INFO] [path_server] 노드 업데이트 : [1180] ➜ [1181]
[2026-08-11 16:50:40.144419] [INFO] [path_server] 새로운 경로 설정 : path[1180 ➜ 102] time[0s] dist[6m] list[5] : 1180-1181-1182-1183-102
[2026-08-11 16:50:43.698159] [INFO] [path_server] 노드 업데이트 : [1181] ➜ [1182]
[2026-08-11 16:50:43.778060] [INFO] [path_server] 새로운 경로 설정 : path[1181 ➜ 102] time[0s] dist[4.5m] list[4] : 1181-1182-1183-102
[2026-08-11 16:50:44.835939] [INFO] [path_server] 노드 업데이트 : [1182] ➜ [1183]
[2026-08-11 16:50:44.915816] [INFO] [path_server] 새로운 경로 설정 : path[1182 ➜ 102] time[0s] dist[3m] list[3] : 1182-1183-102
[2026-08-11 16:50:46.173478] [INFO] [path_server] 노드 업데이트 : [1183] ➜ [102]
[2026-08-11 16:50:46.253325] [INFO] [path_server] 새로운 경로 설정 : path[1183 ➜ 102] time[0s] dist[1.5m] list[2] : 1183-102
[2026-08-11 16:50:51.422799] [INFO] [path_server] 노드 업데이트 : [102] ➜ [-1]
[2026-08-11 16:50:54.317092] [INFO] [course_tracker] 목적지에서 각도 정렬 : [5.500m 7.000m 0.000°]
[2026-08-11 16:50:54.356971] [INFO] [path_server] 노드 업데이트 : [102] ➜ [-1]
[2026-08-11 16:50:54.376933] [INFO] [task::fsm] push_done
[2026-08-11 16:50:54.436785] [INFO] [task::fsm] charging
[2026-08-11 16:50:54.436794] [INFO] [power_system] 충전 프로세스 시작
[2026-08-11 16:50:54.436806] [INFO] [health_monitor] [등록][100015, 100001] : 자동 충전 시작.
[2026-08-11 16:50:59.447393] [INFO] [health_monitor] [삭제][100015, 100001] : 자동 충전 시작.
[2026-08-11 16:51:00.885082] [INFO] [power_system] 충전 완료
[2026-08-11 16:51:00.885100] [INFO] [health_monitor] [등록][100015, 100002] : 배터리 가득.
[2026-08-11 16:51:00.885104] [INFO] [health_monitor] [등록][100015, 100003] : 자동 충전 해제 시작.
[2026-08-11 16:51:05.896457] [INFO] [health_monitor] [삭제][100015, 100002] : 배터리 가득.
[2026-08-11 16:51:05.896466] [INFO] [health_monitor] [삭제][100015, 100003] : 자동 충전 해제 시작.
[2026-08-11 16:51:05.916400] [INFO] [power_system] 충전 해제 완료
[2026-08-11 16:51:05.916410] [INFO] [health_monitor] [등록][100015, 100004] : 자동 충전 해제 완료.
[2026-08-11 16:51:05.936343] [INFO] [power_system] 충전 해제 프로세스 시작
[2026-08-11 16:51:05.936357] [INFO] [health_monitor] [등록][100015, 100003] : 자동 충전 해제 시작.
[2026-08-11 16:51:05.936331] [INFO] [task::fsm] discharging
[2026-08-11 16:51:05.956335] [INFO] [task::fsm] idle
[2026-08-11 16:51:05.956341] [INFO] [course_manager] 코스 삭제
[2026-08-11 16:51:05.956343] [INFO] [path_server] 경로 삭제
[2026-08-11 16:51:05.976299] [INFO] [task::fsm] idle
[2026-08-11 16:51:05.976308] [INFO] [path_server] 경로 삭제
[2026-08-11 16:51:05.976306] [INFO] [course_manager] 코스 삭제
[2026-08-11 16:51:10.926552] [INFO] [health_monitor] [삭제][100015, 100004] : 자동 충전 해제 완료.
[2026-08-11 16:51:10.946521] [INFO] [health_monitor] [삭제][100015, 100003] : 자동 충전 해제 시작.
[2026-08-11 16:52:17.137314] [INFO] [framework] 프로그램 시작
[2026-08-11 16:52:17.137317] [WARNING] [framework] 프로그램 시작
[2026-08-11 16:52:17.137318] [CRITICAL] [framework] 프로그램 시작
[2026-08-11 16:52:17.137319] [INFO] [framework] 설정 파일 위치 : ../configs/robot_9
[2026-08-11 16:52:17.137436] [INFO] [framework] ID[0, 9], 이름[임나인], 제어주기[20ms], 버젼[], 장소[우리집], 환경모드[simulation]
[2026-08-11 16:52:17.137462] [INFO] [mediator] 생성
[2026-08-11 16:52:17.137476] [INFO] [graph_manager] 생성
[2026-08-11 16:52:17.164907] [INFO] [stop_server] 생성
[2026-08-11 16:52:17.164922] [INFO] [health_monitor] 생성
[2026-08-11 16:52:17.164939] [INFO] [path_server] 생성
[2026-08-11 16:52:17.164954] [INFO] [course_manager] 생성
[2026-08-11 16:52:17.164967] [INFO] [task::fsm] 생성
[2026-08-11 16:52:17.164968] [INFO] [task::fsm] idle
[2026-08-11 16:52:17.164980] [INFO] [course_manager] 코스 삭제
[2026-08-11 16:52:17.164981] [INFO] [path_server] 경로 삭제
[2026-08-11 16:52:17.164995] [INFO] [task_manager] 생성
[2026-08-11 16:52:17.165101] [INFO] [mediator] connectors 생성
[2026-08-11 16:52:17.165122] [INFO] [fms] 생성
[2026-08-11 16:52:17.165123] [INFO] [fms] 통신 드라이버 생성
[2026-08-11 16:52:17.165413] [INFO] [motions] 생성
[2026-08-11 16:52:17.165431] [INFO] [localizers] 생성
[2026-08-11 16:52:17.165532] [INFO] [localizers] 파라미터 : 

[2026-08-11 16:52:17.165550] [INFO] [safety_plc] 생성
[2026-08-11 16:52:17.165567] [INFO] [load_handler] 생성
[2026-08-11 16:52:17.165581] [INFO] [power_system] 생성
[2026-08-11 16:52:17.165685] [INFO] [power_system] 설정 정보 : remaining[40%, 10%, 5%]
[2026-08-11 16:52:17.166077] [INFO] [power_system] 알람 목록 : 
 • [100015, 100001] [INFO] 자동 충전 시작.
 • [100015, 100002] [INFO] 배터리 가득.
 • [100015, 400001] [CRIT] 배터리 남은 양 - 위험
 • [100015, 300001] [ERROR] 배터리 남은 양 - 에러
 • [100015, 200001] [WARN] 배터리 남은 양 - 주의
 • [100015, 100004] [INFO] 자동 충전 해제 완료.
 • [100015, 100003] [INFO] 자동 충전 해제 시작.
[2026-08-11 16:52:17.166081] [INFO] [mediator] connector 의존성 주입
[2026-08-11 16:52:17.166090] [INFO] [mediator] any map 등록
[2026-08-11 16:52:17.166097] [INFO] [mediator] any collector 등록
[2026-08-11 16:52:17.166100] [INFO] [mediator] any collector 목록 검사
[2026-08-11 16:52:17.166154] [INFO] [framework] after init 실행
[2026-08-11 16:52:17.166410] [INFO] [course_tracker] 생성
[2026-08-11 16:52:17.166427] [INFO] [course_tracker] 파라미터 : 
◈ node_bound[0.020m, 0.150m, 0.005m]
 • approach[0.150m, 0.050m/s, -0.005m, -0.200m, 0.100m]
 • align[(10.000°, 5.000°/s), 50.000°, 30.000°/s), 0.800°, -0.100°]
◈ motion param : 
 • reference_angle[0.000°, 45.000°]
 • threshold_angle[15.000°, 20.000°, 170.000°]
 • threshold_error[0.300°, 5.000°]
 • normal[0.150m/s, 8.000, 0.800m/s, 0.500]
 • angle[0.150m/s, 1.500, 0.800m/s, 2.100]
 • protection_overshoot[0.100m/s, 0.900, 0.500m/s, 0.900]
 • speed_rotation[15.000°/s]
[2026-08-11 16:52:17.166430] [INFO] [framework] 제어 쓰레드 시작
[2026-08-11 16:52:17.166467] [INFO] [path_server] 노드 초기화 성공 : 로봇 좌표[5.504m 6.999m -179.273°] 최단 거리 노드[102] 거리(0.003788m)
[2026-08-11 16:52:24.153272] [INFO] [task::fsm] charging
[2026-08-11 16:52:24.153280] [INFO] [power_system] 충전 프로세스 시작
[2026-08-11 16:52:24.153309] [INFO] [health_monitor] [등록][100015, 100001] : 자동 충전 시작.
[2026-08-11 16:52:29.163185] [INFO] [health_monitor] [삭제][100015, 100001] : 자동 충전 시작.
[2026-08-11 16:52:41.459836] [INFO] [power_system] 충전 완료
[2026-08-11 16:52:41.459848] [INFO] [health_monitor] [등록][100015, 100002] : 배터리 가득.
[2026-08-11 16:52:41.459850] [INFO] [health_monitor] [등록][100015, 100003] : 자동 충전 해제 시작.
[2026-08-11 16:52:46.470023] [INFO] [health_monitor] [삭제][100015, 100002] : 배터리 가득.
[2026-08-11 16:52:46.470029] [INFO] [health_monitor] [삭제][100015, 100003] : 자동 충전 해제 시작.
[2026-08-11 16:52:46.489941] [INFO] [power_system] 충전 해제 완료
[2026-08-11 16:52:46.489957] [INFO] [health_monitor] [등록][100015, 100004] : 자동 충전 해제 완료.
[2026-08-11 16:52:46.509941] [INFO] [task::fsm] discharging
[2026-08-11 16:52:46.509949] [INFO] [power_system] 충전 해제 프로세스 시작
[2026-08-11 16:52:46.509959] [INFO] [health_monitor] [등록][100015, 100003] : 자동 충전 해제 시작.
[2026-08-11 16:52:46.529902] [INFO] [task::fsm] idle
[2026-08-11 16:52:46.529908] [INFO] [course_manager] 코스 삭제
[2026-08-11 16:52:46.529909] [INFO] [path_server] 경로 삭제
[2026-08-11 16:52:46.569828] [INFO] [task::fsm] idle
[2026-08-11 16:52:46.569833] [INFO] [course_manager] 코스 삭제
[2026-08-11 16:52:46.569835] [INFO] [path_server] 경로 삭제
[2026-08-11 16:52:51.503440] [INFO] [health_monitor] [삭제][100015, 100004] : 자동 충전 해제 완료.
[2026-08-11 16:52:51.523346] [INFO] [health_monitor] [삭제][100015, 100003] : 자동 충전 해제 시작.
[2026-08-11 16:52:53.040395] [INFO] [path_server] 새로운 경로 설정 : path[102 ➜ 203] time[0s] dist[18m] list[13] : 102-1183-1184-1045-1040-1041-1042-1112-1113-1114-1115-1116-203
[2026-08-11 16:52:53.040407] [INFO] [course_tracker] 방향 정렬 완료 
[2026-08-11 16:53:00.205913] [INFO] [path_server] 노드 업데이트 : [1183] ➜ [1184]
[2026-08-11 16:53:00.285990] [INFO] [path_server] 새로운 경로 설정 : path[1183 ➜ 203] time[0s] dist[16.5m] list[12] : 1183-1184-1045-1040-1041-1042-1112-1113-1114-1115-1116-203
[2026-08-11 16:53:03.819722] [INFO] [path_server] 노드 업데이트 : [1184] ➜ [1045]
[2026-08-11 16:53:03.879656] [INFO] [path_server] 새로운 경로 설정 : path[1184 ➜ 203] time[0s] dist[15m] list[11] : 1184-1045-1040-1041-1042-1112-1113-1114-1115-1116-203
[2026-08-11 16:53:04.957753] [INFO] [path_server] 노드 업데이트 : [1045] ➜ [1040]
[2026-08-11 16:53:05.017689] [INFO] [path_server] 새로운 경로 설정 : path[1045 ➜ 203] time[0s] dist[13.5m] list[10] : 1045-1040-1041-1042-1112-1113-1114-1115-1116-203
[2026-08-11 16:53:06.275875] [INFO] [path_server] 노드 업데이트 : [1040] ➜ [1041]
[2026-08-11 16:53:06.335780] [INFO] [path_server] 새로운 경로 설정 : path[1040 ➜ 203] time[0s] dist[12m] list[9] : 1040-1041-1042-1112-1113-1114-1115-1116-203
[2026-08-11 16:53:09.649502] [INFO] [path_server] 노드 업데이트 : [1041] ➜ [1042]
[2026-08-11 16:53:09.729421] [INFO] [path_server] 새로운 경로 설정 : path[1041 ➜ 203] time[0s] dist[10.5m] list[8] : 1041-1042-1112-1113-1114-1115-1116-203
[2026-08-11 16:53:10.787229] [INFO] [path_server] 노드 업데이트 : [1042] ➜ [1112]
[2026-08-11 16:53:10.867144] [INFO] [path_server] 새로운 경로 설정 : path[1042 ➜ 203] time[0s] dist[9m] list[7] : 1042-1112-1113-1114-1115-1116-203
[2026-08-11 16:53:12.124732] [INFO] [path_server] 노드 업데이트 : [1112] ➜ [1113]
[2026-08-11 16:53:12.204592] [INFO] [path_server] 새로운 경로 설정 : path[1112 ➜ 203] time[0s] dist[7.5m] list[6] : 1112-1113-1114-1115-1116-203
[2026-08-11 16:53:15.458048] [INFO] [path_server] 노드 업데이트 : [1113] ➜ [1114]
[2026-08-11 16:53:15.537971] [INFO] [path_server] 새로운 경로 설정 : path[1113 ➜ 203] time[0s] dist[6m] list[5] : 1113-1114-1115-1116-203
[2026-08-11 16:53:16.575835] [INFO] [path_server] 노드 업데이트 : [1114] ➜ [1115]
[2026-08-11 16:53:16.655732] [INFO] [path_server] 새로운 경로 설정 : path[1114 ➜ 203] time[0s] dist[4.5m] list[4] : 1114-1115-1116-203
[2026-08-11 16:53:17.414153] [INFO] [path_server] 노드 업데이트 : [1115] ➜ [1116]
[2026-08-11 16:53:17.494045] [INFO] [path_server] 새로운 경로 설정 : path[1115 ➜ 203] time[0s] dist[3m] list[3] : 1115-1116-203
[2026-08-11 16:53:18.711513] [INFO] [path_server] 노드 업데이트 : [1116] ➜ [203]
[2026-08-11 16:53:18.771368] [INFO] [path_server] 새로운 경로 설정 : path[1116 ➜ 203] time[0s] dist[1.5m] list[2] : 1116-203
[2026-08-11 16:53:23.960776] [INFO] [path_server] 노드 업데이트 : [203] ➜ [-1]
[2026-08-11 16:53:26.835103] [INFO] [course_tracker] 목적지에서 각도 정렬 : [1.000m 5.500m 0.000°]
[2026-08-11 16:53:26.875006] [INFO] [path_server] 노드 업데이트 : [203] ➜ [-1]
[2026-08-11 16:53:26.894970] [INFO] [task::fsm] push_done
[2026-08-11 16:53:26.954800] [INFO] [task::fsm] idle
[2026-08-11 16:53:26.954806] [INFO] [course_manager] 코스 삭제
[2026-08-11 16:53:26.954807] [INFO] [path_server] 경로 삭제
[2026-08-11 16:59:15.696845] [INFO] [path_server] 새로운 경로 설정 : path[203 ➜ 105] time[0s] dist[16.5m] list[12] : 203-1116-1117-1118-1119-1120-1121-1122-1123-1179-1180-105
[2026-08-11 16:59:20.587115] [INFO] [path_server] 노드 업데이트 : [1116] ➜ [1117]
[2026-08-11 16:59:20.666984] [INFO] [path_server] 새로운 경로 설정 : path[1116 ➜ 105] time[0s] dist[15m] list[11] : 1116-1117-1118-1119-1120-1121-1122-1123-1179-1180-105
[2026-08-11 16:59:24.220103] [INFO] [path_server] 노드 업데이트 : [1117] ➜ [1118]
[2026-08-11 16:59:24.300015] [INFO] [path_server] 새로운 경로 설정 : path[1117 ➜ 105] time[0s] dist[13.5m] list[10] : 1117-1118-1119-1120-1121-1122-1123-1179-1180-105
[2026-08-11 16:59:25.337891] [INFO] [path_server] 노드 업데이트 : [1118] ➜ [1119]
[2026-08-11 16:59:25.397757] [INFO] [path_server] 새로운 경로 설정 : path[1118 ➜ 105] time[0s] dist[12m] list[9] : 1118-1119-1120-1121-1122-1123-1179-1180-105
[2026-08-11 16:59:26.156203] [INFO] [path_server] 노드 업데이트 : [1119] ➜ [1120]
[2026-08-11 16:59:26.236068] [INFO] [path_server] 새로운 경로 설정 : path[1119 ➜ 105] time[0s] dist[10.5m] list[8] : 1119-1120-1121-1122-1123-1179-1180-105
[2026-08-11 16:59:27.014543] [INFO] [path_server] 노드 업데이트 : [1120] ➜ [1121]
[2026-08-11 16:59:27.074432] [INFO] [path_server] 새로운 경로 설정 : path[1120 ➜ 105] time[0s] dist[9m] list[7] : 1120-1121-1122-1123-1179-1180-105
[2026-08-11 16:59:30.687639] [INFO] [path_server] 노드 업데이트 : [1121] ➜ [1122]
[2026-08-11 16:59:30.767515] [INFO] [path_server] 새로운 경로 설정 : path[1121 ➜ 105] time[0s] dist[7.5m] list[6] : 1121-1122-1123-1179-1180-105
[2026-08-11 16:59:32.045178] [INFO] [path_server] 노드 업데이트 : [1122] ➜ [1123]
[2026-08-11 16:59:32.125084] [INFO] [path_server] 새로운 경로 설정 : path[1122 ➜ 105] time[0s] dist[6m] list[5] : 1122-1123-1179-1180-105
[2026-08-11 16:59:33.103300] [INFO] [path_server] 노드 업데이트 : [1123] ➜ [1179]
[2026-08-11 16:59:33.163199] [INFO] [path_server] 새로운 경로 설정 : path[1123 ➜ 105] time[0s] dist[4.5m] list[4] : 1123-1179-1180-105
[2026-08-11 16:59:36.417149] [INFO] [path_server] 노드 업데이트 : [1179] ➜ [1180]
[2026-08-11 16:59:36.497091] [INFO] [path_server] 새로운 경로 설정 : path[1179 ➜ 105] time[0s] dist[3m] list[3] : 1179-1180-105
[2026-08-11 16:59:37.794766] [INFO] [path_server] 노드 업데이트 : [1180] ➜ [105]
[2026-08-11 16:59:37.874714] [INFO] [path_server] 새로운 경로 설정 : path[1180 ➜ 105] time[0s] dist[1.5m] list[2] : 1180-105
[2026-08-11 16:59:43.005366] [INFO] [path_server] 노드 업데이트 : [105] ➜ [-1]
[2026-08-11 16:59:45.880215] [INFO] [course_tracker] 목적지에서 각도 정렬 : [5.500m 2.500m 0.000°]
[2026-08-11 16:59:45.920083] [INFO] [path_server] 노드 업데이트 : [105] ➜ [-1]
[2026-08-11 16:59:45.940085] [INFO] [task::fsm] push_done
[2026-08-11 16:59:45.999954] [INFO] [task::fsm] charging
[2026-08-11 16:59:45.999961] [INFO] [power_system] 충전 프로세스 시작
[2026-08-11 16:59:45.999975] [INFO] [health_monitor] [등록][100015, 100001] : 자동 충전 시작.
[2026-08-11 16:59:51.010219] [INFO] [health_monitor] [삭제][100015, 100001] : 자동 충전 시작.
[2026-08-11 17:00:02.009343] [INFO] [power_system] 충전 완료
[2026-08-11 17:00:02.009361] [INFO] [health_monitor] [등록][100015, 100002] : 배터리 가득.
[2026-08-11 17:00:02.009364] [INFO] [health_monitor] [등록][100015, 100003] : 자동 충전 해제 시작.
[2026-08-11 17:00:07.019448] [INFO] [health_monitor] [삭제][100015, 100002] : 배터리 가득.
[2026-08-11 17:00:07.019455] [INFO] [health_monitor] [삭제][100015, 100003] : 자동 충전 해제 시작.
[2026-08-11 17:00:07.039365] [INFO] [power_system] 충전 해제 완료
[2026-08-11 17:00:07.039378] [INFO] [health_monitor] [등록][100015, 100004] : 자동 충전 해제 완료.
[2026-08-11 17:00:07.059361] [INFO] [task::fsm] discharging
[2026-08-11 17:00:07.059368] [INFO] [power_system] 충전 해제 프로세스 시작
[2026-08-11 17:00:07.059375] [INFO] [health_monitor] [등록][100015, 100003] : 자동 충전 해제 시작.
[2026-08-11 17:00:07.079327] [INFO] [task::fsm] idle
[2026-08-11 17:00:07.079332] [INFO] [course_manager] 코스 삭제
[2026-08-11 17:00:07.079334] [INFO] [path_server] 경로 삭제
[2026-08-11 17:00:07.119257] [INFO] [task::fsm] idle
[2026-08-11 17:00:07.119264] [INFO] [path_server] 경로 삭제
[2026-08-11 17:00:07.119262] [INFO] [course_manager] 코스 삭제
[2026-08-11 17:00:08.376852] [INFO] [path_server] 새로운 경로 설정 : path[105 ➜ 204] time[0s] dist[24m] list[17] : 105-1180-1181-1182-1183-1184-1045-1040-1041-1042-1112-1113-1114-1115-1116-1117-204
[2026-08-11 17:00:12.049700] [INFO] [health_monitor] [삭제][100015, 100004] : 자동 충전 해제 완료.
[2026-08-11 17:00:12.069697] [INFO] [health_monitor] [삭제][100015, 100003] : 자동 충전 해제 시작.
[2026-08-11 17:00:15.542771] [INFO] [path_server] 노드 업데이트 : [1180] ➜ [1181]
[2026-08-11 17:00:15.622660] [INFO] [path_server] 새로운 경로 설정 : path[1180 ➜ 204] time[0s] dist[22.5m] list[16] : 1180-1181-1182-1183-1184-1045-1040-1041-1042-1112-1113-1114-1115-1116-1117-204
[2026-08-11 17:00:19.155685] [INFO] [path_server] 노드 업데이트 : [1181] ➜ [1182]
[2026-08-11 17:00:19.215615] [INFO] [path_server] 새로운 경로 설정 : path[1181 ➜ 204] time[0s] dist[21m] list[15] : 1181-1182-1183-1184-1045-1040-1041-1042-1112-1113-1114-1115-1116-1117-204
[2026-08-11 17:00:20.293475] [INFO] [path_server] 노드 업데이트 : [1182] ➜ [1183]
[2026-08-11 17:00:20.373361] [INFO] [path_server] 새로운 경로 설정 : path[1182 ➜ 204] time[0s] dist[19.5m] list[14] : 1182-1183-1184-1045-1040-1041-1042-1112-1113-1114-1115-1116-1117-204
[2026-08-11 17:00:21.111859] [INFO] [path_server] 노드 업데이트 : [1183] ➜ [1184]
[2026-08-11 17:00:21.211704] [INFO] [path_server] 새로운 경로 설정 : path[1183 ➜ 204] time[0s] dist[18m] list[13] : 1183-1184-1045-1040-1041-1042-1112-1113-1114-1115-1116-1117-204
[2026-08-11 17:00:21.870496] [INFO] [path_server] 노드 업데이트 : [1184] ➜ [1045]
[2026-08-11 17:00:21.950375] [INFO] [path_server] 새로운 경로 설정 : path[1184 ➜ 204] time[0s] dist[16.5m] list[12] : 1184-1045-1040-1041-1042-1112-1113-1114-1115-1116-1117-204
[2026-08-11 17:00:22.628891] [INFO] [path_server] 노드 업데이트 : [1045] ➜ [1040]
[2026-08-11 17:00:22.708853] [INFO] [path_server] 새로운 경로 설정 : path[1045 ➜ 204] time[0s] dist[15m] list[11] : 1045-1040-1041-1042-1112-1113-1114-1115-1116-1117-204
[2026-08-11 17:00:23.926633] [INFO] [path_server] 노드 업데이트 : [1040] ➜ [1041]
[2026-08-11 17:00:23.986542] [INFO] [path_server] 새로운 경로 설정 : path[1040 ➜ 204] time[0s] dist[13.5m] list[10] : 1040-1041-1042-1112-1113-1114-1115-1116-1117-204
[2026-08-11 17:00:27.299729] [INFO] [path_server] 노드 업데이트 : [1041] ➜ [1042]
[2026-08-11 17:00:27.379643] [INFO] [path_server] 새로운 경로 설정 : path[1041 ➜ 204] time[0s] dist[12m] list[9] : 1041-1042-1112-1113-1114-1115-1116-1117-204
[2026-08-11 17:00:28.417553] [INFO] [path_server] 노드 업데이트 : [1042] ➜ [1112]
[2026-08-11 17:00:28.477454] [INFO] [path_server] 새로운 경로 설정 : path[1042 ➜ 204] time[0s] dist[10.5m] list[8] : 1042-1112-1113-1114-1115-1116-1117-204
[2026-08-11 17:00:29.754982] [INFO] [path_server] 노드 업데이트 : [1112] ➜ [1113]
[2026-08-11 17:00:29.834894] [INFO] [path_server] 새로운 경로 설정 : path[1112 ➜ 204] time[0s] dist[9m] list[7] : 1112-1113-1114-1115-1116-1117-204
[2026-08-11 17:00:33.088816] [INFO] [path_server] 노드 업데이트 : [1113] ➜ [1114]
[2026-08-11 17:00:33.148766] [INFO] [path_server] 새로운 경로 설정 : path[1113 ➜ 204] time[0s] dist[7.5m] list[6] : 1113-1114-1115-1116-1117-204
[2026-08-11 17:00:34.206594] [INFO] [path_server] 노드 업데이트 : [1114] ➜ [1115]
[2026-08-11 17:00:34.266498] [INFO] [path_server] 새로운 경로 설정 : path[1114 ➜ 204] time[0s] dist[6m] list[5] : 1114-1115-1116-1117-204
[2026-08-11 17:00:35.044937] [INFO] [path_server] 노드 업데이트 : [1115] ➜ [1116]
[2026-08-11 17:00:35.104839] [INFO] [path_server] 새로운 경로 설정 : path[1115 ➜ 204] time[0s] dist[4.5m] list[4] : 1115-1116-1117-204
[2026-08-11 17:00:35.783438] [INFO] [path_server] 노드 업데이트 : [1116] ➜ [1117]
[2026-08-11 17:00:35.863351] [INFO] [path_server] 새로운 경로 설정 : path[1116 ➜ 204] time[0s] dist[3m] list[3] : 1116-1117-204
[2026-08-11 17:00:37.100939] [INFO] [path_server] 노드 업데이트 : [1117] ➜ [204]
[2026-08-11 17:00:37.180841] [INFO] [path_server] 새로운 경로 설정 : path[1117 ➜ 204] time[0s] dist[1.5m] list[2] : 1117-204
[2026-08-11 17:00:42.330849] [INFO] [path_server] 노드 업데이트 : [204] ➜ [-1]
[2026-08-11 17:00:45.225191] [INFO] [course_tracker] 목적지에서 각도 정렬 : [1.000m 4.000m 0.000°]
[2026-08-11 17:00:45.265119] [INFO] [path_server] 노드 업데이트 : [204] ➜ [-1]
[2026-08-11 17:00:45.285084] [INFO] [task::fsm] push_done
[2026-08-11 17:00:45.344968] [INFO] [task::fsm] idle
[2026-08-11 17:00:45.344972] [INFO] [course_manager] 코스 삭제
[2026-08-11 17:00:45.344981] [INFO] [path_server] 경로 삭제
[2026-08-11 17:03:34.365434] [INFO] [framework] 프로그램 시작
[2026-08-11 17:03:34.365440] [CRITICAL] [framework] 프로그램 시작
[2026-08-11 17:03:34.365438] [WARNING] [framework] 프로그램 시작
[2026-08-11 17:03:34.365441] [INFO] [framework] 설정 파일 위치 : ../configs/robot_9
[2026-08-11 17:03:34.365556] [INFO] [framework] ID[0, 9], 이름[임나인], 제어주기[20ms], 버젼[], 장소[우리집], 환경모드[simulation]
[2026-08-11 17:03:34.365578] [INFO] [mediator] 생성
[2026-08-11 17:03:34.365610] [INFO] [graph_manager] 생성
[2026-08-11 17:03:34.389380] [INFO] [stop_server] 생성
[2026-08-11 17:03:34.389408] [INFO] [health_monitor] 생성
[2026-08-11 17:03:34.389421] [INFO] [path_server] 생성
[2026-08-11 17:03:34.389432] [INFO] [course_manager] 생성
[2026-08-11 17:03:34.389456] [INFO] [task::fsm] 생성
[2026-08-11 17:03:34.389458] [INFO] [task::fsm] idle
[2026-08-11 17:03:34.389459] [INFO] [course_manager] 코스 삭제
[2026-08-11 17:03:34.389459] [INFO] [path_server] 경로 삭제
[2026-08-11 17:03:34.389474] [INFO] [task_manager] 생성
[2026-08-11 17:03:34.389576] [INFO] [mediator] connectors 생성
[2026-08-11 17:03:34.389592] [INFO] [fms] 생성
[2026-08-11 17:03:34.389593] [INFO] [fms] 통신 드라이버 생성
[2026-08-11 17:03:34.389889] [INFO] [motions] 생성
[2026-08-11 17:03:34.389908] [INFO] [localizers] 생성
[2026-08-11 17:03:34.390009] [INFO] [localizers] 파라미터 : 

[2026-08-11 17:03:34.390025] [INFO] [safety_plc] 생성
[2026-08-11 17:03:34.390040] [INFO] [load_handler] 생성
[2026-08-11 17:03:34.390052] [INFO] [power_system] 생성
[2026-08-11 17:03:34.390155] [INFO] [power_system] 설정 정보 : remaining[40%, 10%, 5%]
[2026-08-11 17:03:34.390560] [INFO] [power_system] 알람 목록 : 
 • [100015, 100001] [INFO] 자동 충전 시작.
 • [100015, 100002] [INFO] 배터리 가득.
 • [100015, 400001] [CRIT] 배터리 남은 양 - 위험
 • [100015, 300001] [ERROR] 배터리 남은 양 - 에러
 • [100015, 200001] [WARN] 배터리 남은 양 - 주의
 • [100015, 100004] [INFO] 자동 충전 해제 완료.
 • [100015, 100003] [INFO] 자동 충전 해제 시작.
[2026-08-11 17:03:34.390563] [INFO] [mediator] connector 의존성 주입
[2026-08-11 17:03:34.390573] [INFO] [mediator] any map 등록
[2026-08-11 17:03:34.390579] [INFO] [mediator] any collector 등록
[2026-08-11 17:03:34.390582] [INFO] [mediator] any collector 목록 검사
[2026-08-11 17:03:34.390628] [INFO] [framework] after init 실행
[2026-08-11 17:03:34.390958] [INFO] [course_tracker] 생성
[2026-08-11 17:03:34.390974] [INFO] [course_tracker] 파라미터 : 
◈ node_bound[0.020m, 0.150m, 0.005m]
 • approach[0.150m, 0.050m/s, -0.005m, -0.200m, 0.100m]
 • align[(10.000°, 5.000°/s), 50.000°, 30.000°/s), 0.800°, -0.100°]
◈ motion param : 
 • reference_angle[0.000°, 45.000°]
 • threshold_angle[15.000°, 20.000°, 170.000°]
 • threshold_error[0.300°, 5.000°]
 • normal[0.150m/s, 8.000, 0.800m/s, 0.500]
 • angle[0.150m/s, 1.500, 0.800m/s, 2.100]
 • protection_overshoot[0.100m/s, 0.900, 0.500m/s, 0.900]
 • speed_rotation[15.000°/s]
[2026-08-11 17:03:34.390977] [INFO] [framework] 제어 쓰레드 시작
[2026-08-11 17:03:34.391007] [INFO] [path_server] 노드 초기화 성공 : 로봇 좌표[1.004m 4.001m 179.257°] 최단 거리 노드[204] 거리(0.003838m)
[2026-08-11 17:08:34.582585] [INFO] [path_server] 새로운 경로 설정 : path[204 ➜ 103] time[0s] dist[18m] list[13] : 204-1117-1118-1119-1120-1121-1122-1123-1179-1180-1181-1182-103
[2026-08-11 17:08:39.492740] [INFO] [path_server] 노드 업데이트 : [1117] ➜ [1118]
[2026-08-11 17:08:39.572684] [INFO] [path_server] 새로운 경로 설정 : path[1117 ➜ 103] time[0s] dist[16.5m] list[12] : 1117-1118-1119-1120-1121-1122-1123-1179-1180-1181-1182-103
[2026-08-11 17:08:43.125892] [INFO] [path_server] 노드 업데이트 : [1118] ➜ [1119]
[2026-08-11 17:08:43.185759] [INFO] [path_server] 새로운 경로 설정 : path[1118 ➜ 103] time[0s] dist[15m] list[11] : 1118-1119-1120-1121-1122-1123-1179-1180-1181-1182-103
[2026-08-11 17:08:44.243604] [INFO] [path_server] 노드 업데이트 : [1119] ➜ [1120]
[2026-08-11 17:08:44.323493] [INFO] [path_server] 새로운 경로 설정 : path[1119 ➜ 103] time[0s] dist[13.5m] list[10] : 1119-1120-1121-1122-1123-1179-1180-1181-1182-103
[2026-08-11 17:08:45.101837] [INFO] [path_server] 노드 업데이트 : [1120] ➜ [1121]
[2026-08-11 17:08:45.161722] [INFO] [path_server] 새로운 경로 설정 : path[1120 ➜ 103] time[0s] dist[12m] list[9] : 1120-1121-1122-1123-1179-1180-1181-1182-103
[2026-08-11 17:08:48.794912] [INFO] [path_server] 노드 업데이트 : [1121] ➜ [1122]
[2026-08-11 17:08:48.874773] [INFO] [path_server] 새로운 경로 설정 : path[1121 ➜ 103] time[0s] dist[10.5m] list[8] : 1121-1122-1123-1179-1180-1181-1182-103
[2026-08-11 17:08:50.411782] [INFO] [path_server] 노드 업데이트 : [1122] ➜ [1123]
[2026-08-11 17:08:50.491647] [INFO] [path_server] 새로운 경로 설정 : path[1122 ➜ 103] time[0s] dist[9m] list[7] : 1122-1123-1179-1180-1181-1182-103
[2026-08-11 17:08:51.549672] [INFO] [path_server] 노드 업데이트 : [1123] ➜ [1179]
[2026-08-11 17:08:51.629625] [INFO] [path_server] 새로운 경로 설정 : path[1123 ➜ 103] time[0s] dist[7.5m] list[6] : 1123-1179-1180-1181-1182-103
[2026-08-11 17:08:55.022873] [INFO] [path_server] 노드 업데이트 : [1179] ➜ [1180]
[2026-08-11 17:08:55.082785] [INFO] [path_server] 새로운 경로 설정 : path[1179 ➜ 103] time[0s] dist[6m] list[5] : 1179-1180-1181-1182-103
[2026-08-11 17:08:56.779193] [INFO] [path_server] 노드 업데이트 : [1180] ➜ [1181]
[2026-08-11 17:08:56.859101] [INFO] [path_server] 새로운 경로 설정 : path[1180 ➜ 103] time[0s] dist[4.5m] list[4] : 1180-1181-1182-103
[2026-08-11 17:08:57.896891] [INFO] [path_server] 노드 업데이트 : [1181] ➜ [1182]
[2026-08-11 17:08:57.956755] [INFO] [path_server] 새로운 경로 설정 : path[1181 ➜ 103] time[0s] dist[3m] list[3] : 1181-1182-103
[2026-08-11 17:08:59.214326] [INFO] [path_server] 노드 업데이트 : [1182] ➜ [103]
[2026-08-11 17:08:59.274227] [INFO] [path_server] 새로운 경로 설정 : path[1182 ➜ 103] time[0s] dist[1.5m] list[2] : 1182-103
[2026-08-11 17:09:04.423658] [INFO] [path_server] 노드 업데이트 : [103] ➜ [-1]
[2026-08-11 17:09:07.317972] [INFO] [course_tracker] 목적지에서 각도 정렬 : [5.500m 5.500m 0.000°]
[2026-08-11 17:09:07.357841] [INFO] [path_server] 노드 업데이트 : [103] ➜ [-1]
[2026-08-11 17:09:07.377802] [INFO] [task::fsm] push_done
[2026-08-11 17:09:07.437712] [INFO] [task::fsm] charging
[2026-08-11 17:09:07.437749] [INFO] [health_monitor] [등록][100015, 100001] : 자동 충전 시작.
[2026-08-11 17:09:07.437721] [INFO] [power_system] 충전 프로세스 시작
[2026-08-11 17:09:12.451011] [INFO] [health_monitor] [삭제][100015, 100001] : 자동 충전 시작.
[2026-08-11 17:09:32.711776] [INFO] [power_system] 충전 완료
[2026-08-11 17:09:32.711792] [INFO] [health_monitor] [등록][100015, 100002] : 배터리 가득.
[2026-08-11 17:09:32.711795] [INFO] [health_monitor] [등록][100015, 100003] : 자동 충전 해제 시작.
[2026-08-11 17:09:37.721798] [INFO] [health_monitor] [삭제][100015, 100003] : 자동 충전 해제 시작.
[2026-08-11 17:09:37.721791] [INFO] [health_monitor] [삭제][100015, 100002] : 배터리 가득.
[2026-08-11 17:09:37.741689] [INFO] [health_monitor] [등록][100015, 100004] : 자동 충전 해제 완료.
[2026-08-11 17:09:37.741676] [INFO] [power_system] 충전 해제 완료
[2026-08-11 17:09:37.761684] [INFO] [task::fsm] discharging
[2026-08-11 17:09:37.761692] [INFO] [power_system] 충전 해제 프로세스 시작
[2026-08-11 17:09:37.761704] [INFO] [health_monitor] [등록][100015, 100003] : 자동 충전 해제 시작.
[2026-08-11 17:09:37.781643] [INFO] [task::fsm] idle
[2026-08-11 17:09:37.781649] [INFO] [path_server] 경로 삭제
[2026-08-11 17:09:37.781647] [INFO] [course_manager] 코스 삭제
[2026-08-11 17:09:37.821566] [INFO] [task::fsm] idle
[2026-08-11 17:09:37.821571] [INFO] [course_manager] 코스 삭제
[2026-08-11 17:09:37.821573] [INFO] [path_server] 경로 삭제
[2026-08-11 17:09:42.751345] [INFO] [health_monitor] [삭제][100015, 100004] : 자동 충전 해제 완료.
[2026-08-11 17:09:42.771254] [INFO] [health_monitor] [삭제][100015, 100003] : 자동 충전 해제 시작.
[2026-08-11 17:11:25.752323] [INFO] [course_manager] 코스 삭제
[2026-08-11 17:11:25.752318] [INFO] [task::fsm] idle
[2026-08-11 17:11:25.752324] [INFO] [path_server] 경로 삭제
