[2026-08-11 16:38:01.969038] [INFO] [mediator] 생성
[2026-08-11 16:38:01.994229] [INFO] [mediator] connectors 생성
[2026-08-11 16:38:01.995269] [INFO] [mediator] connector 의존성 주입
[2026-08-11 16:38:01.995278] [INFO] [mediator] any map 등록
[2026-08-11 16:38:01.995287] [INFO] [mediator] any collector 등록
[2026-08-11 16:38:01.995290] [INFO] [mediator] any collector 목록 검사
[2026-08-11 16:45:49.988142] [INFO] [mediator] 생성
[2026-08-11 16:45:50.013918] [INFO] [mediator] connectors 생성
[2026-08-11 16:45:50.014954] [INFO] [mediator] connector 의존성 주입
[2026-08-11 16:45:50.014962] [INFO] [mediator] any map 등록
[2026-08-11 16:45:50.014970] [INFO] [mediator] any collector 등록
[2026-08-11 16:45:50.014974] [INFO] [mediator] any collector 목록 검사
[2026-08-11 16:49:24.400219] [INFO] [mediator] 생성
[2026-08-11 16:49:24.425304] [INFO] [mediator] connectors 생성
[2026-08-11 16:49:24.426245] [INFO] [mediator] connector 의존성 주입
[2026-08-11 16:49:24.426252] [INFO] [mediator] any map 등록
[2026-08-11 16:49:24.426259] [INFO] [mediator] any collector 등록
[2026-08-11 16:49:24.426263] [INFO] [mediator] any collector 목록 검사
[2026-08-11 16:49:58.397564] [INFO] [mediator] 생성
[2026-08-11 16:49:58.428013] [INFO] [mediator] connectors 생성
[2026-08-11 16:49:58.428932] [INFO] [mediator] connector 의존성 주입
[2026-08-11 16:49:58.428935] [INFO] [mediator] any map 등록
[2026-08-11 16:49:58.428943] [INFO] [mediator] any collector 등록
[2026-08-11 16:49:58.428947] [INFO] [mediator] any collector 목록 검사
[2026-08-11 16:52:17.139546] [INFO] [mediator] 생성
[2026-08-11 16:52:17.169409] [INFO] [mediator] connectors 생성
[2026-08-11 16:52:17.170291] [INFO] [mediator] connector 의존성 주입
[2026-08-11 16:52:17.170300] [INFO] [mediator] any map 등록
[2026-08-11 16:52:17.170306] [INFO] [mediator] any collector 등록
[2026-08-11 16:52:17.170309] [INFO] [mediator] any collector 목록 검사
[2026-08-11 17:03:34.366578] [INFO] [mediator] 생성
[2026-08-11 17:03:34.391785] [INFO] [mediator] connectors 생성
[2026-08-11 17:03:34.392678] [INFO] [mediator] connector 의존성 주입
[2026-08-11 17:03:34.392681] [INFO] [mediator] any map 등록
[2026-08-11 17:03:34.392687] [INFO] [mediator] any collector 등록
[2026-08-11 17:03:34.392690] [INFO] [mediator] any collector 목록 검사
[2026-08-11 17:24:37.822368] [INFO] [mediator] 생성
[2026-08-11 17:24:37.859760] [INFO] [mediator] connectors 생성
[2026-08-11 17:24:37.860648] [INFO] [mediator] any map 등록
[2026-08-11 17:24:37.860640] [INFO] [mediator] connector 의존성 주입
[2026-08-11 17:24:37.860656] [INFO] [mediator] any collector 목록 검사
[2026-08-11 17:24:37.860655] [INFO] [mediator] any collector 등록
[2026-08-11 17:27:18.502668] [INFO] [mediator] 생성
[2026-08-11 17:27:18.551982] [INFO] [mediator] connectors 생성
[2026-08-11 17:27:18.553334] [INFO] [mediator] connector 의존성 주입
[2026-08-11 17:27:18.553347] [INFO] [mediator] any map 등록
[2026-08-11 17:27:18.553359] [INFO] [mediator] any collector 등록
[2026-08-11 17:27:18.553362] [INFO] [mediator] any collector 목록 검사
[2026-08-11 17:27:55.419754] [INFO] [mediator] 생성
[2026-08-11 17:27:55.450047] [INFO] [mediator] connectors 생성
[2026-08-11 17:27:55.450979] [INFO] [mediator] connector 의존성 주입
[2026-08-11 17:27:55.450988] [INFO] [mediator] any collector 등록
[2026-08-11 17:27:55.450990] [INFO] [mediator] any collector 목록 검사
[2026-08-11 17:27:55.450982] [INFO] [mediator] any map 등록
[2026-08-11 17:34:46.273228] [INFO] [mediator] 생성
[2026-08-11 17:34:46.304619] [INFO] [mediator] connectors 생성
[2026-08-11 17:34:46.305614] [INFO] [mediator] connector 의존성 주입
[2026-08-11 17:34:46.305625] [INFO] [mediator] any collector 등록
[2026-08-11 17:34:46.305627] [INFO] [mediator] any collector 목록 검사
[2026-08-11 17:34:46.305617] [INFO] [mediator] any map 등록
[2026-08-11 17:40:32.795503] [INFO] [mediator] 생성
[2026-08-11 17:40:32.827523] [INFO] [mediator] connectors 생성
[2026-08-11 17:40:32.828948] [INFO] [mediator] connector 의존성 주입
[2026-08-11 17:40:32.828956] [INFO] [mediator] any collector 등록
[2026-08-11 17:40:32.828958] [INFO] [mediator] any collector 목록 검사
[2026-08-11 17:40:32.828950] [INFO] [mediator] any map 등록
[2026-08-11 17:43:43.842691] [INFO] [mediator] 생성
[2026-08-11 17:43:43.873221] [INFO] [mediator] connectors 생성
[2026-08-11 17:43:43.874353] [INFO] [mediator] connector 의존성 주입
[2026-08-11 17:43:43.874369] [INFO] [mediator] any map 등록
[2026-08-11 17:43:43.874378] [INFO] [mediator] any collector 등록
[2026-08-11 17:43:43.874382] [INFO] [mediator] any collector 목록 검사
[2026-08-11 17:44:21.658185] [INFO] [mediator] 생성
[2026-08-11 17:44:21.689203] [INFO] [mediator] connectors 생성
[2026-08-11 17:44:21.690195] [INFO] [mediator] connector 의존성 주입
[2026-08-11 17:44:21.690205] [INFO] [mediator] any map 등록
[2026-08-11 17:44:21.690211] [INFO] [mediator] any collector 등록
[2026-08-11 17:44:21.690214] [INFO] [mediator] any collector 목록 검사
[2026-08-11 17:45:27.769281] [INFO] [mediator] 생성
[2026-08-11 17:45:27.803082] [INFO] [mediator] connectors 생성
[2026-08-11 17:45:27.804319] [INFO] [mediator] connector 의존성 주입
[2026-08-11 17:45:27.804321] [INFO] [mediator] any map 등록
[2026-08-11 17:45:27.804330] [INFO] [mediator] any collector 등록
[2026-08-11 17:45:27.804333] [INFO] [mediator] any collector 목록 검사
[2026-08-11 17:45:51.304627] [INFO] [mediator] 생성
[2026-08-11 17:45:51.336009] [INFO] [mediator] connectors 생성
[2026-08-11 17:45:51.336996] [INFO] [mediator] connector 의존성 주입
[2026-08-11 17:45:51.337006] [INFO] [mediator] any map 등록
[2026-08-11 17:45:51.337013] [INFO] [mediator] any collector 등록
[2026-08-11 17:45:51.337015] [INFO] [mediator] any collector 목록 검사
[2026-08-11 17:50:10.517366] [INFO] [mediator] 생성
[2026-08-11 17:50:10.545888] [INFO] [mediator] connectors 생성
[2026-08-11 17:50:10.546866] [INFO] [mediator] connector 의존성 주입
[2026-08-11 17:50:10.546877] [INFO] [mediator] any map 등록
[2026-08-11 17:50:10.546891] [INFO] [mediator] any collector 등록
[2026-08-11 17:50:10.546893] [INFO] [mediator] any collector 목록 검사
