[2026-08-11 16:38:02.003184] [INFO] [path_server] 생성
[2026-08-11 16:38:02.003259] [INFO] [path_server] 경로 삭제
[2026-08-11 16:38:02.004901] [INFO] [path_server] 노드 초기화 성공 : 로봇 좌표[11.501m 14.504m -89.274°] 최단 거리 노드[201] 거리(0.004105m)
[2026-08-11 16:45:50.013181] [INFO] [path_server] 생성
[2026-08-11 16:45:50.013216] [INFO] [path_server] 경로 삭제
[2026-08-11 16:45:50.014639] [INFO] [path_server] 노드 초기화 성공 : 로봇 좌표[11.501m 14.504m -89.274°] 최단 거리 노드[201] 거리(0.004105m)
[2026-08-11 16:45:55.124509] [INFO] [path_server] 새로운 경로 설정 : path[201 ➜ 105] time[0s] dist[36m] list[25] : 201-1161-1162-1163-1164-1165-1166-1109-1110-1111-1112-1113-1114-1115-1116-1117-1118-1119-1120-1121-1122-1123-1179-1180-105
[2026-08-11 16:46:00.015016] [INFO] [path_server] 노드 업데이트 : [1161] ➜ [1162]
[2026-08-11 16:46:00.074961] [INFO] [path_server] 새로운 경로 설정 : path[1161 ➜ 105] time[0s] dist[34.5m] list[24] : 1161-1162-1163-1164-1165-1166-1109-1110-1111-1112-1113-1114-1115-1116-1117-1118-1119-1120-1121-1122-1123-1179-1180-105
[2026-08-11 16:46:03.648043] [INFO] [path_server] 노드 업데이트 : [1162] ➜ [1163]
[2026-08-11 16:46:03.727968] [INFO] [path_server] 새로운 경로 설정 : path[1162 ➜ 105] time[0s] dist[33m] list[23] : 1162-1163-1164-1165-1166-1109-1110-1111-1112-1113-1114-1115-1116-1117-1118-1119-1120-1121-1122-1123-1179-1180-105
[2026-08-11 16:46:04.765847] [INFO] [path_server] 노드 업데이트 : [1163] ➜ [1164]
[2026-08-11 16:46:04.845794] [INFO] [path_server] 새로운 경로 설정 : path[1163 ➜ 105] time[0s] dist[31.5m] list[22] : 1163-1164-1165-1166-1109-1110-1111-1112-1113-1114-1115-1116-1117-1118-1119-1120-1121-1122-1123-1179-1180-105
[2026-08-11 16:46:05.584399] [INFO] [path_server] 노드 업데이트 : [1164] ➜ [1165]
[2026-08-11 16:46:05.644301] [INFO] [path_server] 새로운 경로 설정 : path[1164 ➜ 105] time[0s] dist[30m] list[21] : 1164-1165-1166-1109-1110-1111-1112-1113-1114-1115-1116-1117-1118-1119-1120-1121-1122-1123-1179-1180-105
[2026-08-11 16:46:06.343820] [INFO] [path_server] 노드 업데이트 : [1165] ➜ [1166]
[2026-08-11 16:46:06.423711] [INFO] [path_server] 새로운 경로 설정 : path[1165 ➜ 105] time[0s] dist[28.5m] list[20] : 1165-1166-1109-1110-1111-1112-1113-1114-1115-1116-1117-1118-1119-1120-1121-1122-1123-1179-1180-105
[2026-08-11 16:46:07.102546] [INFO] [path_server] 노드 업데이트 : [1166] ➜ [1109]
[2026-08-11 16:46:07.182559] [INFO] [path_server] 새로운 경로 설정 : path[1166 ➜ 105] time[0s] dist[27m] list[19] : 1166-1109-1110-1111-1112-1113-1114-1115-1116-1117-1118-1119-1120-1121-1122-1123-1179-1180-105
[2026-08-11 16:46:07.921525] [INFO] [path_server] 노드 업데이트 : [1109] ➜ [1110]
[2026-08-11 16:46:07.981503] [INFO] [path_server] 새로운 경로 설정 : path[1109 ➜ 105] time[0s] dist[25.5m] list[18] : 1109-1110-1111-1112-1113-1114-1115-1116-1117-1118-1119-1120-1121-1122-1123-1179-1180-105
[2026-08-11 16:46:11.574654] [INFO] [path_server] 노드 업데이트 : [1110] ➜ [1111]
[2026-08-11 16:46:11.654551] [INFO] [path_server] 새로운 경로 설정 : path[1110 ➜ 105] time[0s] dist[24m] list[17] : 1110-1111-1112-1113-1114-1115-1116-1117-1118-1119-1120-1121-1122-1123-1179-1180-105
[2026-08-11 16:46:12.932515] [INFO] [path_server] 노드 업데이트 : [1111] ➜ [1112]
[2026-08-11 16:46:13.012387] [INFO] [path_server] 새로운 경로 설정 : path[1111 ➜ 105] time[0s] dist[22.5m] list[16] : 1111-1112-1113-1114-1115-1116-1117-1118-1119-1120-1121-1122-1123-1179-1180-105
[2026-08-11 16:46:13.831076] [INFO] [path_server] 노드 업데이트 : [1112] ➜ [1113]
[2026-08-11 16:46:13.890992] [INFO] [path_server] 새로운 경로 설정 : path[1112 ➜ 105] time[0s] dist[21m] list[15] : 1112-1113-1114-1115-1116-1117-1118-1119-1120-1121-1122-1123-1179-1180-105
[2026-08-11 16:46:14.569646] [INFO] [path_server] 노드 업데이트 : [1113] ➜ [1114]
[2026-08-11 16:46:14.649582] [INFO] [path_server] 새로운 경로 설정 : path[1113 ➜ 105] time[0s] dist[19.5m] list[14] : 1113-1114-1115-1116-1117-1118-1119-1120-1121-1122-1123-1179-1180-105
[2026-08-11 16:46:15.328190] [INFO] [path_server] 노드 업데이트 : [1114] ➜ [1115]
[2026-08-11 16:46:15.388096] [INFO] [path_server] 새로운 경로 설정 : path[1114 ➜ 105] time[0s] dist[18m] list[13] : 1114-1115-1116-1117-1118-1119-1120-1121-1122-1123-1179-1180-105
[2026-08-11 16:46:16.086733] [INFO] [path_server] 노드 업데이트 : [1115] ➜ [1116]
[2026-08-11 16:46:16.166550] [INFO] [path_server] 새로운 경로 설정 : path[1115 ➜ 105] time[0s] dist[16.5m] list[12] : 1115-1116-1117-1118-1119-1120-1121-1122-1123-1179-1180-105
[2026-08-11 16:46:16.825407] [INFO] [path_server] 노드 업데이트 : [1116] ➜ [1117]
[2026-08-11 16:46:16.885336] [INFO] [path_server] 새로운 경로 설정 : path[1116 ➜ 105] time[0s] dist[15m] list[11] : 1116-1117-1118-1119-1120-1121-1122-1123-1179-1180-105
[2026-08-11 16:46:17.584353] [INFO] [path_server] 노드 업데이트 : [1117] ➜ [1118]
[2026-08-11 16:46:17.664228] [INFO] [path_server] 새로운 경로 설정 : path[1117 ➜ 105] time[0s] dist[13.5m] list[10] : 1117-1118-1119-1120-1121-1122-1123-1179-1180-105
[2026-08-11 16:46:18.322935] [INFO] [path_server] 노드 업데이트 : [1118] ➜ [1119]
[2026-08-11 16:46:18.382800] [INFO] [path_server] 새로운 경로 설정 : path[1118 ➜ 105] time[0s] dist[12m] list[9] : 1118-1119-1120-1121-1122-1123-1179-1180-105
[2026-08-11 16:46:19.081440] [INFO] [path_server] 노드 업데이트 : [1119] ➜ [1120]
[2026-08-11 16:46:19.161329] [INFO] [path_server] 새로운 경로 설정 : path[1119 ➜ 105] time[0s] dist[10.5m] list[8] : 1119-1120-1121-1122-1123-1179-1180-105
[2026-08-11 16:46:19.919871] [INFO] [path_server] 노드 업데이트 : [1120] ➜ [1121]
[2026-08-11 16:46:19.999733] [INFO] [path_server] 새로운 경로 설정 : path[1120 ➜ 105] time[0s] dist[9m] list[7] : 1120-1121-1122-1123-1179-1180-105
[2026-08-11 16:46:23.572715] [INFO] [path_server] 노드 업데이트 : [1121] ➜ [1122]
[2026-08-11 16:46:23.652626] [INFO] [path_server] 새로운 경로 설정 : path[1121 ➜ 105] time[0s] dist[7.5m] list[6] : 1121-1122-1123-1179-1180-105
[2026-08-11 16:46:24.930007] [INFO] [path_server] 노드 업데이트 : [1122] ➜ [1123]
[2026-08-11 16:46:25.009921] [INFO] [path_server] 새로운 경로 설정 : path[1122 ➜ 105] time[0s] dist[6m] list[5] : 1122-1123-1179-1180-105
[2026-08-11 16:46:25.988267] [INFO] [path_server] 노드 업데이트 : [1123] ➜ [1179]
[2026-08-11 16:46:26.068176] [INFO] [path_server] 새로운 경로 설정 : path[1123 ➜ 105] time[0s] dist[4.5m] list[4] : 1123-1179-1180-105
[2026-08-11 16:46:29.302930] [INFO] [path_server] 노드 업데이트 : [1179] ➜ [1180]
[2026-08-11 16:46:29.382811] [INFO] [path_server] 새로운 경로 설정 : path[1179 ➜ 105] time[0s] dist[3m] list[3] : 1179-1180-105
[2026-08-11 16:46:30.680243] [INFO] [path_server] 노드 업데이트 : [1180] ➜ [105]
[2026-08-11 16:46:30.760101] [INFO] [path_server] 새로운 경로 설정 : path[1180 ➜ 105] time[0s] dist[1.5m] list[2] : 1180-105
[2026-08-11 16:46:35.890481] [INFO] [path_server] 노드 업데이트 : [105] ➜ [-1]
[2026-08-11 16:46:38.804611] [INFO] [path_server] 노드 업데이트 : [105] ➜ [-1]
[2026-08-11 16:47:03.160574] [INFO] [path_server] 경로 삭제
[2026-08-11 16:47:03.180535] [INFO] [path_server] 경로 삭제
[2026-08-11 16:49:24.443086] [INFO] [path_server] 생성
[2026-08-11 16:49:24.443533] [INFO] [path_server] 경로 삭제
[2026-08-11 16:49:24.445221] [INFO] [path_server] 노드 초기화 성공 : 로봇 좌표[5.504m 2.498m -179.481°] 최단 거리 노드[105] 거리(0.004438m)
[2026-08-11 16:49:46.519289] [INFO] [path_server] 생성
[2026-08-11 16:49:46.519317] [INFO] [path_server] 경로 삭제
[2026-08-11 16:49:46.521123] [INFO] [path_server] 노드 초기화 성공 : 로봇 좌표[5.504m 2.498m -179.481°] 최단 거리 노드[105] 거리(0.004438m)
[2026-08-11 16:49:58.420272] [INFO] [path_server] 생성
[2026-08-11 16:49:58.420301] [INFO] [path_server] 경로 삭제
[2026-08-11 16:49:58.421846] [INFO] [path_server] 노드 초기화 성공 : 로봇 좌표[5.504m 2.498m -179.481°] 최단 거리 노드[105] 거리(0.004438m)
[2026-08-11 16:50:22.656046] [INFO] [path_server] 경로 삭제
[2026-08-11 16:50:22.696011] [INFO] [path_server] 경로 삭제
[2026-08-11 16:50:32.917299] [INFO] [path_server] 새로운 경로 설정 : path[105 ➜ 102] time[0s] dist[7.5m] list[6] : 105-1180-1181-1182-1183-102
[2026-08-11 16:50:40.084503] [INFO] [path_server] 노드 업데이트 : [1180] ➜ [1181]
[2026-08-11 16:50:40.144419] [INFO] [path_server] 새로운 경로 설정 : path[1180 ➜ 102] time[0s] dist[6m] list[5] : 1180-1181-1182-1183-102
[2026-08-11 16:50:43.698159] [INFO] [path_server] 노드 업데이트 : [1181] ➜ [1182]
[2026-08-11 16:50:43.778060] [INFO] [path_server] 새로운 경로 설정 : path[1181 ➜ 102] time[0s] dist[4.5m] list[4] : 1181-1182-1183-102
[2026-08-11 16:50:44.835939] [INFO] [path_server] 노드 업데이트 : [1182] ➜ [1183]
[2026-08-11 16:50:44.915816] [INFO] [path_server] 새로운 경로 설정 : path[1182 ➜ 102] time[0s] dist[3m] list[3] : 1182-1183-102
[2026-08-11 16:50:46.173478] [INFO] [path_server] 노드 업데이트 : [1183] ➜ [102]
[2026-08-11 16:50:46.253325] [INFO] [path_server] 새로운 경로 설정 : path[1183 ➜ 102] time[0s] dist[1.5m] list[2] : 1183-102
[2026-08-11 16:50:51.422799] [INFO] [path_server] 노드 업데이트 : [102] ➜ [-1]
[2026-08-11 16:50:54.356971] [INFO] [path_server] 노드 업데이트 : [102] ➜ [-1]
[2026-08-11 16:51:05.956343] [INFO] [path_server] 경로 삭제
[2026-08-11 16:51:05.976308] [INFO] [path_server] 경로 삭제
[2026-08-11 16:52:17.164939] [INFO] [path_server] 생성
[2026-08-11 16:52:17.164981] [INFO] [path_server] 경로 삭제
[2026-08-11 16:52:17.166467] [INFO] [path_server] 노드 초기화 성공 : 로봇 좌표[5.504m 6.999m -179.273°] 최단 거리 노드[102] 거리(0.003788m)
[2026-08-11 16:52:46.529909] [INFO] [path_server] 경로 삭제
[2026-08-11 16:52:46.569835] [INFO] [path_server] 경로 삭제
[2026-08-11 16:52:53.040395] [INFO] [path_server] 새로운 경로 설정 : path[102 ➜ 203] time[0s] dist[18m] list[13] : 102-1183-1184-1045-1040-1041-1042-1112-1113-1114-1115-1116-203
[2026-08-11 16:53:00.205913] [INFO] [path_server] 노드 업데이트 : [1183] ➜ [1184]
[2026-08-11 16:53:00.285990] [INFO] [path_server] 새로운 경로 설정 : path[1183 ➜ 203] time[0s] dist[16.5m] list[12] : 1183-1184-1045-1040-1041-1042-1112-1113-1114-1115-1116-203
[2026-08-11 16:53:03.819722] [INFO] [path_server] 노드 업데이트 : [1184] ➜ [1045]
[2026-08-11 16:53:03.879656] [INFO] [path_server] 새로운 경로 설정 : path[1184 ➜ 203] time[0s] dist[15m] list[11] : 1184-1045-1040-1041-1042-1112-1113-1114-1115-1116-203
[2026-08-11 16:53:04.957753] [INFO] [path_server] 노드 업데이트 : [1045] ➜ [1040]
[2026-08-11 16:53:05.017689] [INFO] [path_server] 새로운 경로 설정 : path[1045 ➜ 203] time[0s] dist[13.5m] list[10] : 1045-1040-1041-1042-1112-1113-1114-1115-1116-203
[2026-08-11 16:53:06.275875] [INFO] [path_server] 노드 업데이트 : [1040] ➜ [1041]
[2026-08-11 16:53:06.335780] [INFO] [path_server] 새로운 경로 설정 : path[1040 ➜ 203] time[0s] dist[12m] list[9] : 1040-1041-1042-1112-1113-1114-1115-1116-203
[2026-08-11 16:53:09.649502] [INFO] [path_server] 노드 업데이트 : [1041] ➜ [1042]
[2026-08-11 16:53:09.729421] [INFO] [path_server] 새로운 경로 설정 : path[1041 ➜ 203] time[0s] dist[10.5m] list[8] : 1041-1042-1112-1113-1114-1115-1116-203
[2026-08-11 16:53:10.787229] [INFO] [path_server] 노드 업데이트 : [1042] ➜ [1112]
[2026-08-11 16:53:10.867144] [INFO] [path_server] 새로운 경로 설정 : path[1042 ➜ 203] time[0s] dist[9m] list[7] : 1042-1112-1113-1114-1115-1116-203
[2026-08-11 16:53:12.124732] [INFO] [path_server] 노드 업데이트 : [1112] ➜ [1113]
[2026-08-11 16:53:12.204592] [INFO] [path_server] 새로운 경로 설정 : path[1112 ➜ 203] time[0s] dist[7.5m] list[6] : 1112-1113-1114-1115-1116-203
[2026-08-11 16:53:15.458048] [INFO] [path_server] 노드 업데이트 : [1113] ➜ [1114]
[2026-08-11 16:53:15.537971] [INFO] [path_server] 새로운 경로 설정 : path[1113 ➜ 203] time[0s] dist[6m] list[5] : 1113-1114-1115-1116-203
[2026-08-11 16:53:16.575835] [INFO] [path_server] 노드 업데이트 : [1114] ➜ [1115]
[2026-08-11 16:53:16.655732] [INFO] [path_server] 새로운 경로 설정 : path[1114 ➜ 203] time[0s] dist[4.5m] list[4] : 1114-1115-1116-203
[2026-08-11 16:53:17.414153] [INFO] [path_server] 노드 업데이트 : [1115] ➜ [1116]
[2026-08-11 16:53:17.494045] [INFO] [path_server] 새로운 경로 설정 : path[1115 ➜ 203] time[0s] dist[3m] list[3] : 1115-1116-203
[2026-08-11 16:53:18.711513] [INFO] [path_server] 노드 업데이트 : [1116] ➜ [203]
[2026-08-11 16:53:18.771368] [INFO] [path_server] 새로운 경로 설정 : path[1116 ➜ 203] time[0s] dist[1.5m] list[2] : 1116-203
[2026-08-11 16:53:23.960776] [INFO] [path_server] 노드 업데이트 : [203] ➜ [-1]
[2026-08-11 16:53:26.875006] [INFO] [path_server] 노드 업데이트 : [203] ➜ [-1]
[2026-08-11 16:53:26.954807] [INFO] [path_server] 경로 삭제
[2026-08-11 16:59:15.696845] [INFO] [path_server] 새로운 경로 설정 : path[203 ➜ 105] time[0s] dist[16.5m] list[12] : 203-1116-1117-1118-1119-1120-1121-1122-1123-1179-1180-105
[2026-08-11 16:59:20.587115] [INFO] [path_server] 노드 업데이트 : [1116] ➜ [1117]
[2026-08-11 16:59:20.666984] [INFO] [path_server] 새로운 경로 설정 : path[1116 ➜ 105] time[0s] dist[15m] list[11] : 1116-1117-1118-1119-1120-1121-1122-1123-1179-1180-105
[2026-08-11 16:59:24.220103] [INFO] [path_server] 노드 업데이트 : [1117] ➜ [1118]
[2026-08-11 16:59:24.300015] [INFO] [path_server] 새로운 경로 설정 : path[1117 ➜ 105] time[0s] dist[13.5m] list[10] : 1117-1118-1119-1120-1121-1122-1123-1179-1180-105
[2026-08-11 16:59:25.337891] [INFO] [path_server] 노드 업데이트 : [1118] ➜ [1119]
[2026-08-11 16:59:25.397757] [INFO] [path_server] 새로운 경로 설정 : path[1118 ➜ 105] time[0s] dist[12m] list[9] : 1118-1119-1120-1121-1122-1123-1179-1180-105
[2026-08-11 16:59:26.156203] [INFO] [path_server] 노드 업데이트 : [1119] ➜ [1120]
[2026-08-11 16:59:26.236068] [INFO] [path_server] 새로운 경로 설정 : path[1119 ➜ 105] time[0s] dist[10.5m] list[8] : 1119-1120-1121-1122-1123-1179-1180-105
[2026-08-11 16:59:27.014543] [INFO] [path_server] 노드 업데이트 : [1120] ➜ [1121]
[2026-08-11 16:59:27.074432] [INFO] [path_server] 새로운 경로 설정 : path[1120 ➜ 105] time[0s] dist[9m] list[7] : 1120-1121-1122-1123-1179-1180-105
[2026-08-11 16:59:30.687639] [INFO] [path_server] 노드 업데이트 : [1121] ➜ [1122]
[2026-08-11 16:59:30.767515] [INFO] [path_server] 새로운 경로 설정 : path[1121 ➜ 105] time[0s] dist[7.5m] list[6] : 1121-1122-1123-1179-1180-105
[2026-08-11 16:59:32.045178] [INFO] [path_server] 노드 업데이트 : [1122] ➜ [1123]
[2026-08-11 16:59:32.125084] [INFO] [path_server] 새로운 경로 설정 : path[1122 ➜ 105] time[0s] dist[6m] list[5] : 1122-1123-1179-1180-105
[2026-08-11 16:59:33.103300] [INFO] [path_server] 노드 업데이트 : [1123] ➜ [1179]
[2026-08-11 16:59:33.163199] [INFO] [path_server] 새로운 경로 설정 : path[1123 ➜ 105] time[0s] dist[4.5m] list[4] : 1123-1179-1180-105
[2026-08-11 16:59:36.417149] [INFO] [path_server] 노드 업데이트 : [1179] ➜ [1180]
[2026-08-11 16:59:36.497091] [INFO] [path_server] 새로운 경로 설정 : path[1179 ➜ 105] time[0s] dist[3m] list[3] : 1179-1180-105
[2026-08-11 16:59:37.794766] [INFO] [path_server] 노드 업데이트 : [1180] ➜ [105]
[2026-08-11 16:59:37.874714] [INFO] [path_server] 새로운 경로 설정 : path[1180 ➜ 105] time[0s] dist[1.5m] list[2] : 1180-105
[2026-08-11 16:59:43.005366] [INFO] [path_server] 노드 업데이트 : [105] ➜ [-1]
[2026-08-11 16:59:45.920083] [INFO] [path_server] 노드 업데이트 : [105] ➜ [-1]
[2026-08-11 17:00:07.079334] [INFO] [path_server] 경로 삭제
[2026-08-11 17:00:07.119264] [INFO] [path_server] 경로 삭제
[2026-08-11 17:00:08.376852] [INFO] [path_server] 새로운 경로 설정 : path[105 ➜ 204] time[0s] dist[24m] list[17] : 105-1180-1181-1182-1183-1184-1045-1040-1041-1042-1112-1113-1114-1115-1116-1117-204
[2026-08-11 17:00:15.542771] [INFO] [path_server] 노드 업데이트 : [1180] ➜ [1181]
[2026-08-11 17:00:15.622660] [INFO] [path_server] 새로운 경로 설정 : path[1180 ➜ 204] time[0s] dist[22.5m] list[16] : 1180-1181-1182-1183-1184-1045-1040-1041-1042-1112-1113-1114-1115-1116-1117-204
[2026-08-11 17:00:19.155685] [INFO] [path_server] 노드 업데이트 : [1181] ➜ [1182]
[2026-08-11 17:00:19.215615] [INFO] [path_server] 새로운 경로 설정 : path[1181 ➜ 204] time[0s] dist[21m] list[15] : 1181-1182-1183-1184-1045-1040-1041-1042-1112-1113-1114-1115-1116-1117-204
[2026-08-11 17:00:20.293475] [INFO] [path_server] 노드 업데이트 : [1182] ➜ [1183]
[2026-08-11 17:00:20.373361] [INFO] [path_server] 새로운 경로 설정 : path[1182 ➜ 204] time[0s] dist[19.5m] list[14] : 1182-1183-1184-1045-1040-1041-1042-1112-1113-1114-1115-1116-1117-204
[2026-08-11 17:00:21.111859] [INFO] [path_server] 노드 업데이트 : [1183] ➜ [1184]
[2026-08-11 17:00:21.211704] [INFO] [path_server] 새로운 경로 설정 : path[1183 ➜ 204] time[0s] dist[18m] list[13] : 1183-1184-1045-1040-1041-1042-1112-1113-1114-1115-1116-1117-204
[2026-08-11 17:00:21.870496] [INFO] [path_server] 노드 업데이트 : [1184] ➜ [1045]
[2026-08-11 17:00:21.950375] [INFO] [path_server] 새로운 경로 설정 : path[1184 ➜ 204] time[0s] dist[16.5m] list[12] : 1184-1045-1040-1041-1042-1112-1113-1114-1115-1116-1117-204
[2026-08-11 17:00:22.628891] [INFO] [path_server] 노드 업데이트 : [1045] ➜ [1040]
[2026-08-11 17:00:22.708853] [INFO] [path_server] 새로운 경로 설정 : path[1045 ➜ 204] time[0s] dist[15m] list[11] : 1045-1040-1041-1042-1112-1113-1114-1115-1116-1117-204
[2026-08-11 17:00:23.926633] [INFO] [path_server] 노드 업데이트 : [1040] ➜ [1041]
[2026-08-11 17:00:23.986542] [INFO] [path_server] 새로운 경로 설정 : path[1040 ➜ 204] time[0s] dist[13.5m] list[10] : 1040-1041-1042-1112-1113-1114-1115-1116-1117-204
[2026-08-11 17:00:27.299729] [INFO] [path_server] 노드 업데이트 : [1041] ➜ [1042]
[2026-08-11 17:00:27.379643] [INFO] [path_server] 새로운 경로 설정 : path[1041 ➜ 204] time[0s] dist[12m] list[9] : 1041-1042-1112-1113-1114-1115-1116-1117-204
[2026-08-11 17:00:28.417553] [INFO] [path_server] 노드 업데이트 : [1042] ➜ [1112]
[2026-08-11 17:00:28.477454] [INFO] [path_server] 새로운 경로 설정 : path[1042 ➜ 204] time[0s] dist[10.5m] list[8] : 1042-1112-1113-1114-1115-1116-1117-204
[2026-08-11 17:00:29.754982] [INFO] [path_server] 노드 업데이트 : [1112] ➜ [1113]
[2026-08-11 17:00:29.834894] [INFO] [path_server] 새로운 경로 설정 : path[1112 ➜ 204] time[0s] dist[9m] list[7] : 1112-1113-1114-1115-1116-1117-204
[2026-08-11 17:00:33.088816] [INFO] [path_server] 노드 업데이트 : [1113] ➜ [1114]
[2026-08-11 17:00:33.148766] [INFO] [path_server] 새로운 경로 설정 : path[1113 ➜ 204] time[0s] dist[7.5m] list[6] : 1113-1114-1115-1116-1117-204
[2026-08-11 17:00:34.206594] [INFO] [path_server] 노드 업데이트 : [1114] ➜ [1115]
[2026-08-11 17:00:34.266498] [INFO] [path_server] 새로운 경로 설정 : path[1114 ➜ 204] time[0s] dist[6m] list[5] : 1114-1115-1116-1117-204
[2026-08-11 17:00:35.044937] [INFO] [path_server] 노드 업데이트 : [1115] ➜ [1116]
[2026-08-11 17:00:35.104839] [INFO] [path_server] 새로운 경로 설정 : path[1115 ➜ 204] time[0s] dist[4.5m] list[4] : 1115-1116-1117-204
[2026-08-11 17:00:35.783438] [INFO] [path_server] 노드 업데이트 : [1116] ➜ [1117]
[2026-08-11 17:00:35.863351] [INFO] [path_server] 새로운 경로 설정 : path[1116 ➜ 204] time[0s] dist[3m] list[3] : 1116-1117-204
[2026-08-11 17:00:37.100939] [INFO] [path_server] 노드 업데이트 : [1117] ➜ [204]
[2026-08-11 17:00:37.180841] [INFO] [path_server] 새로운 경로 설정 : path[1117 ➜ 204] time[0s] dist[1.5m] list[2] : 1117-204
[2026-08-11 17:00:42.330849] [INFO] [path_server] 노드 업데이트 : [204] ➜ [-1]
[2026-08-11 17:00:45.265119] [INFO] [path_server] 노드 업데이트 : [204] ➜ [-1]
[2026-08-11 17:00:45.344981] [INFO] [path_server] 경로 삭제
[2026-08-11 17:03:34.389421] [INFO] [path_server] 생성
[2026-08-11 17:03:34.389459] [INFO] [path_server] 경로 삭제
[2026-08-11 17:03:34.391007] [INFO] [path_server] 노드 초기화 성공 : 로봇 좌표[1.004m 4.001m 179.257°] 최단 거리 노드[204] 거리(0.003838m)
[2026-08-11 17:08:34.582585] [INFO] [path_server] 새로운 경로 설정 : path[204 ➜ 103] time[0s] dist[18m] list[13] : 204-1117-1118-1119-1120-1121-1122-1123-1179-1180-1181-1182-103
[2026-08-11 17:08:39.492740] [INFO] [path_server] 노드 업데이트 : [1117] ➜ [1118]
[2026-08-11 17:08:39.572684] [INFO] [path_server] 새로운 경로 설정 : path[1117 ➜ 103] time[0s] dist[16.5m] list[12] : 1117-1118-1119-1120-1121-1122-1123-1179-1180-1181-1182-103
[2026-08-11 17:08:43.125892] [INFO] [path_server] 노드 업데이트 : [1118] ➜ [1119]
[2026-08-11 17:08:43.185759] [INFO] [path_server] 새로운 경로 설정 : path[1118 ➜ 103] time[0s] dist[15m] list[11] : 1118-1119-1120-1121-1122-1123-1179-1180-1181-1182-103
[2026-08-11 17:08:44.243604] [INFO] [path_server] 노드 업데이트 : [1119] ➜ [1120]
[2026-08-11 17:08:44.323493] [INFO] [path_server] 새로운 경로 설정 : path[1119 ➜ 103] time[0s] dist[13.5m] list[10] : 1119-1120-1121-1122-1123-1179-1180-1181-1182-103
[2026-08-11 17:08:45.101837] [INFO] [path_server] 노드 업데이트 : [1120] ➜ [1121]
[2026-08-11 17:08:45.161722] [INFO] [path_server] 새로운 경로 설정 : path[1120 ➜ 103] time[0s] dist[12m] list[9] : 1120-1121-1122-1123-1179-1180-1181-1182-103
[2026-08-11 17:08:48.794912] [INFO] [path_server] 노드 업데이트 : [1121] ➜ [1122]
[2026-08-11 17:08:48.874773] [INFO] [path_server] 새로운 경로 설정 : path[1121 ➜ 103] time[0s] dist[10.5m] list[8] : 1121-1122-1123-1179-1180-1181-1182-103
[2026-08-11 17:08:50.411782] [INFO] [path_server] 노드 업데이트 : [1122] ➜ [1123]
[2026-08-11 17:08:50.491647] [INFO] [path_server] 새로운 경로 설정 : path[1122 ➜ 103] time[0s] dist[9m] list[7] : 1122-1123-1179-1180-1181-1182-103
[2026-08-11 17:08:51.549672] [INFO] [path_server] 노드 업데이트 : [1123] ➜ [1179]
[2026-08-11 17:08:51.629625] [INFO] [path_server] 새로운 경로 설정 : path[1123 ➜ 103] time[0s] dist[7.5m] list[6] : 1123-1179-1180-1181-1182-103
[2026-08-11 17:08:55.022873] [INFO] [path_server] 노드 업데이트 : [1179] ➜ [1180]
[2026-08-11 17:08:55.082785] [INFO] [path_server] 새로운 경로 설정 : path[1179 ➜ 103] time[0s] dist[6m] list[5] : 1179-1180-1181-1182-103
[2026-08-11 17:08:56.779193] [INFO] [path_server] 노드 업데이트 : [1180] ➜ [1181]
[2026-08-11 17:08:56.859101] [INFO] [path_server] 새로운 경로 설정 : path[1180 ➜ 103] time[0s] dist[4.5m] list[4] : 1180-1181-1182-103
[2026-08-11 17:08:57.896891] [INFO] [path_server] 노드 업데이트 : [1181] ➜ [1182]
[2026-08-11 17:08:57.956755] [INFO] [path_server] 새로운 경로 설정 : path[1181 ➜ 103] time[0s] dist[3m] list[3] : 1181-1182-103
[2026-08-11 17:08:59.214326] [INFO] [path_server] 노드 업데이트 : [1182] ➜ [103]
[2026-08-11 17:08:59.274227] [INFO] [path_server] 새로운 경로 설정 : path[1182 ➜ 103] time[0s] dist[1.5m] list[2] : 1182-103
[2026-08-11 17:09:04.423658] [INFO] [path_server] 노드 업데이트 : [103] ➜ [-1]
[2026-08-11 17:09:07.357841] [INFO] [path_server] 노드 업데이트 : [103] ➜ [-1]
[2026-08-11 17:09:37.781649] [INFO] [path_server] 경로 삭제
[2026-08-11 17:09:37.821573] [INFO] [path_server] 경로 삭제
[2026-08-11 17:11:25.752324] [INFO] [path_server] 경로 삭제
