[2026-08-11 16:38:01.989240] [INFO] [path_server] 생성
[2026-08-11 16:38:01.989321] [INFO] [path_server] 경로 삭제
[2026-08-11 16:38:01.990991] [INFO] [path_server] 노드 초기화 성공 : 로봇 좌표[22.004m 17.498m -179.840°] 최단 거리 노드[109] 거리(0.004142m)
[2026-08-11 16:45:50.009185] [INFO] [path_server] 생성
[2026-08-11 16:45:50.009224] [INFO] [path_server] 경로 삭제
[2026-08-11 16:45:50.010696] [INFO] [path_server] 노드 초기화 성공 : 로봇 좌표[22.004m 17.498m -179.840°] 최단 거리 노드[109] 거리(0.004142m)
[2026-08-11 16:46:22.928075] [INFO] [path_server] 경로 삭제
[2026-08-11 16:46:22.968047] [INFO] [path_server] 경로 삭제
[2026-08-11 16:47:36.744582] [INFO] [path_server] 경로 삭제
[2026-08-11 16:47:36.784525] [INFO] [path_server] 경로 삭제
[2026-08-11 16:49:24.443230] [INFO] [path_server] 생성
[2026-08-11 16:49:24.443276] [INFO] [path_server] 경로 삭제
[2026-08-11 16:49:24.445380] [INFO] [path_server] 노드 초기화 성공 : 로봇 좌표[22.004m 17.498m -179.840°] 최단 거리 노드[109] 거리(0.004142m)
[2026-08-11 16:49:58.418656] [INFO] [path_server] 생성
[2026-08-11 16:49:58.418697] [INFO] [path_server] 경로 삭제
[2026-08-11 16:49:58.420298] [INFO] [path_server] 노드 초기화 성공 : 로봇 좌표[22.004m 17.498m -179.840°] 최단 거리 노드[109] 거리(0.004142m)
[2026-08-11 16:50:30.221362] [INFO] [path_server] 새로운 경로 설정 : path[109 ➜ 1096] time[0s] dist[13.5m] list[10] : 109-1170-1171-1172-1091-1092-1093-1094-1095-1096
[2026-08-11 16:50:34.911928] [INFO] [path_server] 노드 업데이트 : [1170] ➜ [1171]
[2026-08-11 16:50:34.991807] [INFO] [path_server] 새로운 경로 설정 : path[1170 ➜ 1096] time[0s] dist[12m] list[9] : 1170-1171-1172-1091-1092-1093-1094-1095-1096
[2026-08-11 16:50:38.605113] [INFO] [path_server] 노드 업데이트 : [1171] ➜ [1172]
[2026-08-11 16:50:38.685047] [INFO] [path_server] 새로운 경로 설정 : path[1171 ➜ 1096] time[0s] dist[10.5m] list[8] : 1171-1172-1091-1092-1093-1094-1095-1096
[2026-08-11 16:50:39.723313] [INFO] [path_server] 노드 업데이트 : [1172] ➜ [1091]
[2026-08-11 16:50:39.783260] [INFO] [path_server] 새로운 경로 설정 : path[1172 ➜ 1096] time[0s] dist[9m] list[7] : 1172-1091-1092-1093-1094-1095-1096
[2026-08-11 16:50:40.761903] [INFO] [path_server] 노드 업데이트 : [1091] ➜ [1092]
[2026-08-11 16:50:40.841843] [INFO] [path_server] 새로운 경로 설정 : path[1091 ➜ 1096] time[0s] dist[7.5m] list[6] : 1091-1092-1093-1094-1095-1096
[2026-08-11 16:50:44.017332] [INFO] [path_server] 노드 업데이트 : [1092] ➜ [1093]
[2026-08-11 16:50:44.097173] [INFO] [path_server] 새로운 경로 설정 : path[1092 ➜ 1096] time[0s] dist[6m] list[5] : 1092-1093-1094-1095-1096
[2026-08-11 16:50:45.274866] [INFO] [path_server] 노드 업데이트 : [1093] ➜ [1094]
[2026-08-11 16:50:45.354733] [INFO] [path_server] 새로운 경로 설정 : path[1093 ➜ 1096] time[0s] dist[4.5m] list[4] : 1093-1094-1095-1096
[2026-08-11 16:50:46.133184] [INFO] [path_server] 노드 업데이트 : [1094] ➜ [1095]
[2026-08-11 16:50:46.193109] [INFO] [path_server] 새로운 경로 설정 : path[1094 ➜ 1096] time[0s] dist[3m] list[3] : 1094-1095-1096
[2026-08-11 16:50:46.891785] [INFO] [path_server] 노드 업데이트 : [1095] ➜ [1096]
[2026-08-11 16:50:46.971648] [INFO] [path_server] 새로운 경로 설정 : path[1095 ➜ 1096] time[0s] dist[1.5m] list[2] : 1095-1096
[2026-08-11 16:50:49.107297] [INFO] [path_server] 노드 업데이트 : [1096] ➜ [-1]
[2026-08-11 16:50:52.280978] [INFO] [path_server] 노드 업데이트 : [1096] ➜ [-1]
[2026-08-11 16:50:52.340816] [INFO] [path_server] 경로 삭제
[2026-08-11 16:50:57.430972] [INFO] [path_server] 새로운 경로 설정 : path[1096 ➜ 103] time[0s] dist[48.0003m] list[33] : 1096-1097-1098-1099-1100-1101-1102-1103-1104-1105-1106-1107-1108-1109-1110-1111-1112-1113-1114-1115-1116-1117-1118-1119-1120-1121-1122-1123-1179-1180-1181-1182-103
[2026-08-11 16:50:59.766390] [INFO] [path_server] 노드 업데이트 : [1097] ➜ [1098]
[2026-08-11 16:50:59.826310] [INFO] [path_server] 새로운 경로 설정 : path[1097 ➜ 103] time[0s] dist[46.5003m] list[32] : 1097-1098-1099-1100-1101-1102-1103-1104-1105-1106-1107-1108-1109-1110-1111-1112-1113-1114-1115-1116-1117-1118-1119-1120-1121-1122-1123-1179-1180-1181-1182-103
[2026-08-11 16:51:00.824223] [INFO] [path_server] 노드 업데이트 : [1098] ➜ [1099]
[2026-08-11 16:51:00.904099] [INFO] [path_server] 새로운 경로 설정 : path[1098 ➜ 103] time[0s] dist[45.0003m] list[31] : 1098-1099-1100-1101-1102-1103-1104-1105-1106-1107-1108-1109-1110-1111-1112-1113-1114-1115-1116-1117-1118-1119-1120-1121-1122-1123-1179-1180-1181-1182-103
[2026-08-11 16:51:01.622574] [INFO] [path_server] 노드 업데이트 : [1099] ➜ [1100]
[2026-08-11 16:51:01.702509] [INFO] [path_server] 새로운 경로 설정 : path[1099 ➜ 103] time[0s] dist[43.5003m] list[30] : 1099-1100-1101-1102-1103-1104-1105-1106-1107-1108-1109-1110-1111-1112-1113-1114-1115-1116-1117-1118-1119-1120-1121-1122-1123-1179-1180-1181-1182-103
[2026-08-11 16:51:02.381103] [INFO] [path_server] 노드 업데이트 : [1100] ➜ [1101]
[2026-08-11 16:51:02.441038] [INFO] [path_server] 새로운 경로 설정 : path[1100 ➜ 103] time[0s] dist[42.0003m] list[29] : 1100-1101-1102-1103-1104-1105-1106-1107-1108-1109-1110-1111-1112-1113-1114-1115-1116-1117-1118-1119-1120-1121-1122-1123-1179-1180-1181-1182-103
[2026-08-11 16:51:03.119718] [INFO] [path_server] 노드 업데이트 : [1101] ➜ [1102]
[2026-08-11 16:51:03.199651] [INFO] [path_server] 새로운 경로 설정 : path[1101 ➜ 103] time[0s] dist[40.5003m] list[28] : 1101-1102-1103-1104-1105-1106-1107-1108-1109-1110-1111-1112-1113-1114-1115-1116-1117-1118-1119-1120-1121-1122-1123-1179-1180-1181-1182-103
[2026-08-11 16:51:03.878223] [INFO] [path_server] 노드 업데이트 : [1102] ➜ [1103]
[2026-08-11 16:51:03.938130] [INFO] [path_server] 새로운 경로 설정 : path[1102 ➜ 103] time[0s] dist[39.0003m] list[27] : 1102-1103-1104-1105-1106-1107-1108-1109-1110-1111-1112-1113-1114-1115-1116-1117-1118-1119-1120-1121-1122-1123-1179-1180-1181-1182-103
[2026-08-11 16:51:04.616713] [INFO] [path_server] 노드 업데이트 : [1103] ➜ [1104]
[2026-08-11 16:51:04.696715] [INFO] [path_server] 새로운 경로 설정 : path[1103 ➜ 103] time[0s] dist[37.5003m] list[26] : 1103-1104-1105-1106-1107-1108-1109-1110-1111-1112-1113-1114-1115-1116-1117-1118-1119-1120-1121-1122-1123-1179-1180-1181-1182-103
[2026-08-11 16:51:05.375505] [INFO] [path_server] 노드 업데이트 : [1104] ➜ [1105]
[2026-08-11 16:51:05.435423] [INFO] [path_server] 새로운 경로 설정 : path[1104 ➜ 103] time[0s] dist[36.0003m] list[25] : 1104-1105-1106-1107-1108-1109-1110-1111-1112-1113-1114-1115-1116-1117-1118-1119-1120-1121-1122-1123-1179-1180-1181-1182-103
[2026-08-11 16:51:06.772889] [INFO] [path_server] 노드 업데이트 : [1105] ➜ [1106]
[2026-08-11 16:51:06.853090] [INFO] [path_server] 새로운 경로 설정 : path[1105 ➜ 103] time[0s] dist[34.5003m] list[24] : 1105-1106-1107-1108-1109-1110-1111-1112-1113-1114-1115-1116-1117-1118-1119-1120-1121-1122-1123-1179-1180-1181-1182-103
[2026-08-11 16:51:10.226787] [INFO] [path_server] 노드 업데이트 : [1106] ➜ [1107]
[2026-08-11 16:51:10.286765] [INFO] [path_server] 새로운 경로 설정 : path[1106 ➜ 103] time[0s] dist[33.0001m] list[23] : 1106-1107-1108-1109-1110-1111-1112-1113-1114-1115-1116-1117-1118-1119-1120-1121-1122-1123-1179-1180-1181-1182-103
[2026-08-11 16:51:11.344850] [INFO] [path_server] 노드 업데이트 : [1107] ➜ [1108]
[2026-08-11 16:51:11.424740] [INFO] [path_server] 새로운 경로 설정 : path[1107 ➜ 103] time[0s] dist[31.5m] list[22] : 1107-1108-1109-1110-1111-1112-1113-1114-1115-1116-1117-1118-1119-1120-1121-1122-1123-1179-1180-1181-1182-103
[2026-08-11 16:51:12.163242] [INFO] [path_server] 노드 업데이트 : [1108] ➜ [1109]
[2026-08-11 16:51:12.243168] [INFO] [path_server] 새로운 경로 설정 : path[1108 ➜ 103] time[0s] dist[30m] list[21] : 1108-1109-1110-1111-1112-1113-1114-1115-1116-1117-1118-1119-1120-1121-1122-1123-1179-1180-1181-1182-103
[2026-08-11 16:51:12.901796] [INFO] [path_server] 노드 업데이트 : [1109] ➜ [1110]
[2026-08-11 16:51:13.001619] [INFO] [path_server] 새로운 경로 설정 : path[1109 ➜ 103] time[0s] dist[28.5m] list[20] : 1109-1110-1111-1112-1113-1114-1115-1116-1117-1118-1119-1120-1121-1122-1123-1179-1180-1181-1182-103
[2026-08-11 16:51:13.660268] [INFO] [path_server] 노드 업데이트 : [1110] ➜ [1111]
[2026-08-11 16:51:13.740140] [INFO] [path_server] 새로운 경로 설정 : path[1110 ➜ 103] time[0s] dist[27m] list[19] : 1110-1111-1112-1113-1114-1115-1116-1117-1118-1119-1120-1121-1122-1123-1179-1180-1181-1182-103
[2026-08-11 16:51:14.401134] [INFO] [path_server] 노드 업데이트 : [1111] ➜ [1112]
[2026-08-11 16:51:14.482048] [INFO] [path_server] 새로운 경로 설정 : path[1111 ➜ 103] time[0s] dist[25.5m] list[18] : 1111-1112-1113-1114-1115-1116-1117-1118-1119-1120-1121-1122-1123-1179-1180-1181-1182-103
[2026-08-11 16:51:15.161727] [INFO] [path_server] 노드 업데이트 : [1112] ➜ [1113]
[2026-08-11 16:51:15.241685] [INFO] [path_server] 새로운 경로 설정 : path[1112 ➜ 103] time[0s] dist[24m] list[17] : 1112-1113-1114-1115-1116-1117-1118-1119-1120-1121-1122-1123-1179-1180-1181-1182-103
[2026-08-11 16:51:15.900442] [INFO] [path_server] 노드 업데이트 : [1113] ➜ [1114]
[2026-08-11 16:51:15.980311] [INFO] [path_server] 새로운 경로 설정 : path[1113 ➜ 103] time[0s] dist[22.5m] list[16] : 1113-1114-1115-1116-1117-1118-1119-1120-1121-1122-1123-1179-1180-1181-1182-103
[2026-08-11 16:51:16.658899] [INFO] [path_server] 노드 업데이트 : [1114] ➜ [1115]
[2026-08-11 16:51:16.738807] [INFO] [path_server] 새로운 경로 설정 : path[1114 ➜ 103] time[0s] dist[21m] list[15] : 1114-1115-1116-1117-1118-1119-1120-1121-1122-1123-1179-1180-1181-1182-103
[2026-08-11 16:51:17.397515] [INFO] [path_server] 노드 업데이트 : [1115] ➜ [1116]
[2026-08-11 16:51:17.477364] [INFO] [path_server] 새로운 경로 설정 : path[1115 ➜ 103] time[0s] dist[19.5m] list[14] : 1115-1116-1117-1118-1119-1120-1121-1122-1123-1179-1180-1181-1182-103
[2026-08-11 16:51:18.155897] [INFO] [path_server] 노드 업데이트 : [1116] ➜ [1117]
[2026-08-11 16:51:18.235824] [INFO] [path_server] 새로운 경로 설정 : path[1116 ➜ 103] time[0s] dist[18m] list[13] : 1116-1117-1118-1119-1120-1121-1122-1123-1179-1180-1181-1182-103
[2026-08-11 16:51:18.914453] [INFO] [path_server] 노드 업데이트 : [1117] ➜ [1118]
[2026-08-11 16:51:18.994378] [INFO] [path_server] 새로운 경로 설정 : path[1117 ➜ 103] time[0s] dist[16.5m] list[12] : 1117-1118-1119-1120-1121-1122-1123-1179-1180-1181-1182-103
[2026-08-11 16:51:19.652987] [INFO] [path_server] 노드 업데이트 : [1118] ➜ [1119]
[2026-08-11 16:51:19.732889] [INFO] [path_server] 새로운 경로 설정 : path[1118 ➜ 103] time[0s] dist[15m] list[11] : 1118-1119-1120-1121-1122-1123-1179-1180-1181-1182-103
[2026-08-11 16:51:20.411431] [INFO] [path_server] 노드 업데이트 : [1119] ➜ [1120]
[2026-08-11 16:51:20.491342] [INFO] [path_server] 새로운 경로 설정 : path[1119 ➜ 103] time[0s] dist[13.5m] list[10] : 1119-1120-1121-1122-1123-1179-1180-1181-1182-103
[2026-08-11 16:51:21.249740] [INFO] [path_server] 노드 업데이트 : [1120] ➜ [1121]
[2026-08-11 16:51:21.329629] [INFO] [path_server] 새로운 경로 설정 : path[1120 ➜ 103] time[0s] dist[12m] list[9] : 1120-1121-1122-1123-1179-1180-1181-1182-103
[2026-08-11 16:51:24.902757] [INFO] [path_server] 노드 업데이트 : [1121] ➜ [1122]
[2026-08-11 16:51:24.982693] [INFO] [path_server] 새로운 경로 설정 : path[1121 ➜ 103] time[0s] dist[10.5m] list[8] : 1121-1122-1123-1179-1180-1181-1182-103
[2026-08-11 16:51:26.260263] [INFO] [path_server] 노드 업데이트 : [1122] ➜ [1123]
[2026-08-11 16:51:26.320162] [INFO] [path_server] 새로운 경로 설정 : path[1122 ➜ 103] time[0s] dist[9m] list[7] : 1122-1123-1179-1180-1181-1182-103
[2026-08-11 16:51:27.318453] [INFO] [path_server] 노드 업데이트 : [1123] ➜ [1179]
[2026-08-11 16:51:27.398328] [INFO] [path_server] 새로운 경로 설정 : path[1123 ➜ 103] time[0s] dist[7.5m] list[6] : 1123-1179-1180-1181-1182-103
[2026-08-11 16:51:30.631764] [INFO] [path_server] 노드 업데이트 : [1179] ➜ [1180]
[2026-08-11 16:51:30.711714] [INFO] [path_server] 새로운 경로 설정 : path[1179 ➜ 103] time[0s] dist[6m] list[5] : 1179-1180-1181-1182-103
[2026-08-11 16:51:31.869532] [INFO] [path_server] 노드 업데이트 : [1180] ➜ [1181]
[2026-08-11 16:51:31.929440] [INFO] [path_server] 새로운 경로 설정 : path[1180 ➜ 103] time[0s] dist[4.5m] list[4] : 1180-1181-1182-103
[2026-08-11 16:51:32.747898] [INFO] [path_server] 노드 업데이트 : [1181] ➜ [1182]
[2026-08-11 16:51:32.827765] [INFO] [path_server] 새로운 경로 설정 : path[1181 ➜ 103] time[0s] dist[3m] list[3] : 1181-1182-103
[2026-08-11 16:51:34.065316] [INFO] [path_server] 노드 업데이트 : [1182] ➜ [103]
[2026-08-11 16:51:34.145132] [INFO] [path_server] 새로운 경로 설정 : path[1182 ➜ 103] time[0s] dist[1.5m] list[2] : 1182-103
[2026-08-11 16:51:39.274883] [INFO] [path_server] 노드 업데이트 : [103] ➜ [-1]
[2026-08-11 16:51:42.209308] [INFO] [path_server] 노드 업데이트 : [103] ➜ [-1]
[2026-08-11 16:52:17.175932] [INFO] [path_server] 생성
[2026-08-11 16:52:17.175958] [INFO] [path_server] 경로 삭제
[2026-08-11 16:52:17.177436] [INFO] [path_server] 노드 초기화 성공 : 로봇 좌표[5.503m 5.498m -179.414°] 최단 거리 노드[103] 거리(0.003727m)
[2026-08-11 16:52:56.604318] [INFO] [path_server] 새로운 경로 설정 : path[103 ➜ 204] time[0s] dist[21m] list[15] : 103-1182-1183-1184-1045-1040-1041-1042-1112-1113-1114-1115-1116-1117-204
[2026-08-11 16:53:03.770147] [INFO] [path_server] 노드 업데이트 : [1182] ➜ [1183]
[2026-08-11 16:53:03.850034] [INFO] [path_server] 새로운 경로 설정 : path[1182 ➜ 204] time[0s] dist[19.5m] list[14] : 1182-1183-1184-1045-1040-1041-1042-1112-1113-1114-1115-1116-1117-204
[2026-08-11 16:53:07.383073] [INFO] [path_server] 노드 업데이트 : [1183] ➜ [1184]
[2026-08-11 16:53:07.442994] [INFO] [path_server] 새로운 경로 설정 : path[1183 ➜ 204] time[0s] dist[18m] list[13] : 1183-1184-1045-1040-1041-1042-1112-1113-1114-1115-1116-1117-204
[2026-08-11 16:53:08.500816] [INFO] [path_server] 노드 업데이트 : [1184] ➜ [1045]
[2026-08-11 16:53:08.580694] [INFO] [path_server] 새로운 경로 설정 : path[1184 ➜ 204] time[0s] dist[16.5m] list[12] : 1184-1045-1040-1041-1042-1112-1113-1114-1115-1116-1117-204
[2026-08-11 16:53:09.339235] [INFO] [path_server] 노드 업데이트 : [1045] ➜ [1040]
[2026-08-11 16:53:09.419089] [INFO] [path_server] 새로운 경로 설정 : path[1045 ➜ 204] time[0s] dist[15m] list[11] : 1045-1040-1041-1042-1112-1113-1114-1115-1116-1117-204
[2026-08-11 16:53:10.636543] [INFO] [path_server] 노드 업데이트 : [1040] ➜ [1041]
[2026-08-11 16:53:10.716475] [INFO] [path_server] 새로운 경로 설정 : path[1040 ➜ 204] time[0s] dist[13.5m] list[10] : 1040-1041-1042-1112-1113-1114-1115-1116-1117-204
[2026-08-11 16:53:14.009971] [INFO] [path_server] 노드 업데이트 : [1041] ➜ [1042]
[2026-08-11 16:53:14.089817] [INFO] [path_server] 새로운 경로 설정 : path[1041 ➜ 204] time[0s] dist[12m] list[9] : 1041-1042-1112-1113-1114-1115-1116-1117-204
[2026-08-11 16:53:15.147870] [INFO] [path_server] 노드 업데이트 : [1042] ➜ [1112]
[2026-08-11 16:53:15.207794] [INFO] [path_server] 새로운 경로 설정 : path[1042 ➜ 204] time[0s] dist[10.5m] list[8] : 1042-1112-1113-1114-1115-1116-1117-204
[2026-08-11 16:53:16.485328] [INFO] [path_server] 노드 업데이트 : [1112] ➜ [1113]
[2026-08-11 16:53:16.565270] [INFO] [path_server] 새로운 경로 설정 : path[1112 ➜ 204] time[0s] dist[9m] list[7] : 1112-1113-1114-1115-1116-1117-204
[2026-08-11 16:53:19.819042] [INFO] [path_server] 노드 업데이트 : [1113] ➜ [1114]
[2026-08-11 16:53:19.878941] [INFO] [path_server] 새로운 경로 설정 : path[1113 ➜ 204] time[0s] dist[7.5m] list[6] : 1113-1114-1115-1116-1117-204
[2026-08-11 16:53:20.956695] [INFO] [path_server] 노드 업데이트 : [1114] ➜ [1115]
[2026-08-11 16:53:21.016596] [INFO] [path_server] 새로운 경로 설정 : path[1114 ➜ 204] time[0s] dist[6m] list[5] : 1114-1115-1116-1117-204
[2026-08-11 16:53:21.775162] [INFO] [path_server] 노드 업데이트 : [1115] ➜ [1116]
[2026-08-11 16:53:21.855035] [INFO] [path_server] 새로운 경로 설정 : path[1115 ➜ 204] time[0s] dist[4.5m] list[4] : 1115-1116-1117-204
[2026-08-11 16:53:22.533606] [INFO] [path_server] 노드 업데이트 : [1116] ➜ [1117]
[2026-08-11 16:53:22.613550] [INFO] [path_server] 새로운 경로 설정 : path[1116 ➜ 204] time[0s] dist[3m] list[3] : 1116-1117-204
[2026-08-11 16:53:23.851072] [INFO] [path_server] 노드 업데이트 : [1117] ➜ [204]
[2026-08-11 16:53:23.930983] [INFO] [path_server] 새로운 경로 설정 : path[1117 ➜ 204] time[0s] dist[1.5m] list[2] : 1117-204
[2026-08-11 16:53:29.081231] [INFO] [path_server] 노드 업데이트 : [204] ➜ [-1]
[2026-08-11 16:53:32.015739] [INFO] [path_server] 노드 업데이트 : [204] ➜ [-1]
[2026-08-11 16:53:32.075608] [INFO] [path_server] 경로 삭제
[2026-08-11 16:53:51.797050] [INFO] [path_server] 새로운 경로 설정 : path[204 ➜ 108] time[0s] dist[48m] list[33] : 204-1117-1118-1119-1120-1121-1122-1123-1179-1180-1181-1182-1183-1184-1045-1046-1047-1048-1001-1002-1003-1004-1005-1006-1021-1022-1007-1167-1168-1169-1170-1171-108
[2026-08-11 16:53:56.688642] [INFO] [path_server] 노드 업데이트 : [1117] ➜ [1118]
[2026-08-11 16:53:56.768514] [INFO] [path_server] 새로운 경로 설정 : path[1117 ➜ 108] time[0s] dist[46.5m] list[32] : 1117-1118-1119-1120-1121-1122-1123-1179-1180-1181-1182-1183-1184-1045-1046-1047-1048-1001-1002-1003-1004-1005-1006-1021-1022-1007-1167-1168-1169-1170-1171-108
[2026-08-11 16:54:00.321496] [INFO] [path_server] 노드 업데이트 : [1118] ➜ [1119]
[2026-08-11 16:54:00.401457] [INFO] [path_server] 새로운 경로 설정 : path[1118 ➜ 108] time[0s] dist[45m] list[31] : 1118-1119-1120-1121-1122-1123-1179-1180-1181-1182-1183-1184-1045-1046-1047-1048-1001-1002-1003-1004-1005-1006-1021-1022-1007-1167-1168-1169-1170-1171-108
[2026-08-11 16:54:01.439317] [INFO] [path_server] 노드 업데이트 : [1119] ➜ [1120]
[2026-08-11 16:54:01.499243] [INFO] [path_server] 새로운 경로 설정 : path[1119 ➜ 108] time[0s] dist[43.5m] list[30] : 1119-1120-1121-1122-1123-1179-1180-1181-1182-1183-1184-1045-1046-1047-1048-1001-1002-1003-1004-1005-1006-1021-1022-1007-1167-1168-1169-1170-1171-108
[2026-08-11 16:54:02.297650] [INFO] [path_server] 노드 업데이트 : [1120] ➜ [1121]
[2026-08-11 16:54:02.377632] [INFO] [path_server] 새로운 경로 설정 : path[1120 ➜ 108] time[0s] dist[42m] list[29] : 1120-1121-1122-1123-1179-1180-1181-1182-1183-1184-1045-1046-1047-1048-1001-1002-1003-1004-1005-1006-1021-1022-1007-1167-1168-1169-1170-1171-108
[2026-08-11 16:54:05.990883] [INFO] [path_server] 노드 업데이트 : [1121] ➜ [1122]
[2026-08-11 16:54:06.070848] [INFO] [path_server] 새로운 경로 설정 : path[1121 ➜ 108] time[0s] dist[40.5m] list[28] : 1121-1122-1123-1179-1180-1181-1182-1183-1184-1045-1046-1047-1048-1001-1002-1003-1004-1005-1006-1021-1022-1007-1167-1168-1169-1170-1171-108
[2026-08-11 16:54:07.348419] [INFO] [path_server] 노드 업데이트 : [1122] ➜ [1123]
[2026-08-11 16:54:07.408380] [INFO] [path_server] 새로운 경로 설정 : path[1122 ➜ 108] time[0s] dist[39m] list[27] : 1122-1123-1179-1180-1181-1182-1183-1184-1045-1046-1047-1048-1001-1002-1003-1004-1005-1006-1021-1022-1007-1167-1168-1169-1170-1171-108
[2026-08-11 16:54:08.406342] [INFO] [path_server] 노드 업데이트 : [1123] ➜ [1179]
[2026-08-11 16:54:08.486213] [INFO] [path_server] 새로운 경로 설정 : path[1123 ➜ 108] time[0s] dist[37.5m] list[26] : 1123-1179-1180-1181-1182-1183-1184-1045-1046-1047-1048-1001-1002-1003-1004-1005-1006-1021-1022-1007-1167-1168-1169-1170-1171-108
[2026-08-11 16:54:11.719787] [INFO] [path_server] 노드 업데이트 : [1179] ➜ [1180]
[2026-08-11 16:54:11.779706] [INFO] [path_server] 새로운 경로 설정 : path[1179 ➜ 108] time[0s] dist[36m] list[25] : 1179-1180-1181-1182-1183-1184-1045-1046-1047-1048-1001-1002-1003-1004-1005-1006-1021-1022-1007-1167-1168-1169-1170-1171-108
[2026-08-11 16:54:12.957586] [INFO] [path_server] 노드 업데이트 : [1180] ➜ [1181]
[2026-08-11 16:54:13.037455] [INFO] [path_server] 새로운 경로 설정 : path[1180 ➜ 108] time[0s] dist[34.5m] list[24] : 1180-1181-1182-1183-1184-1045-1046-1047-1048-1001-1002-1003-1004-1005-1006-1021-1022-1007-1167-1168-1169-1170-1171-108
[2026-08-11 16:54:13.835732] [INFO] [path_server] 노드 업데이트 : [1181] ➜ [1182]
[2026-08-11 16:54:13.915655] [INFO] [path_server] 새로운 경로 설정 : path[1181 ➜ 108] time[0s] dist[33m] list[23] : 1181-1182-1183-1184-1045-1046-1047-1048-1001-1002-1003-1004-1005-1006-1021-1022-1007-1167-1168-1169-1170-1171-108
[2026-08-11 16:54:14.574316] [INFO] [path_server] 노드 업데이트 : [1182] ➜ [1183]
[2026-08-11 16:54:14.654204] [INFO] [path_server] 새로운 경로 설정 : path[1182 ➜ 108] time[0s] dist[31.5m] list[22] : 1182-1183-1184-1045-1046-1047-1048-1001-1002-1003-1004-1005-1006-1021-1022-1007-1167-1168-1169-1170-1171-108
[2026-08-11 16:54:15.332879] [INFO] [path_server] 노드 업데이트 : [1183] ➜ [1184]
[2026-08-11 16:54:15.412794] [INFO] [path_server] 새로운 경로 설정 : path[1183 ➜ 108] time[0s] dist[30m] list[21] : 1183-1184-1045-1046-1047-1048-1001-1002-1003-1004-1005-1006-1021-1022-1007-1167-1168-1169-1170-1171-108
[2026-08-11 16:54:16.091459] [INFO] [path_server] 노드 업데이트 : [1184] ➜ [1045]
[2026-08-11 16:54:16.151370] [INFO] [path_server] 새로운 경로 설정 : path[1184 ➜ 108] time[0s] dist[28.5m] list[20] : 1184-1045-1046-1047-1048-1001-1002-1003-1004-1005-1006-1021-1022-1007-1167-1168-1169-1170-1171-108
[2026-08-11 16:54:17.389217] [INFO] [path_server] 노드 업데이트 : [1045] ➜ [1046]
[2026-08-11 16:54:17.489211] [INFO] [path_server] 새로운 경로 설정 : path[1045 ➜ 108] time[0s] dist[27m] list[19] : 1045-1046-1047-1048-1001-1002-1003-1004-1005-1006-1021-1022-1007-1167-1168-1169-1170-1171-108
[2026-08-11 16:54:20.742959] [INFO] [path_server] 노드 업데이트 : [1046] ➜ [1047]
[2026-08-11 16:54:20.802873] [INFO] [path_server] 새로운 경로 설정 : path[1046 ➜ 108] time[0s] dist[25.5m] list[18] : 1046-1047-1048-1001-1002-1003-1004-1005-1006-1021-1022-1007-1167-1168-1169-1170-1171-108
[2026-08-11 16:54:21.880882] [INFO] [path_server] 노드 업데이트 : [1047] ➜ [1048]
[2026-08-11 16:54:21.940820] [INFO] [path_server] 새로운 경로 설정 : path[1047 ➜ 108] time[0s] dist[24m] list[17] : 1047-1048-1001-1002-1003-1004-1005-1006-1021-1022-1007-1167-1168-1169-1170-1171-108
[2026-08-11 16:54:22.699306] [INFO] [path_server] 노드 업데이트 : [1048] ➜ [1001]
[2026-08-11 16:54:22.779153] [INFO] [path_server] 새로운 경로 설정 : path[1048 ➜ 108] time[0s] dist[22.5m] list[16] : 1048-1001-1002-1003-1004-1005-1006-1021-1022-1007-1167-1168-1169-1170-1171-108
[2026-08-11 16:54:23.457687] [INFO] [path_server] 노드 업데이트 : [1001] ➜ [1002]
[2026-08-11 16:54:23.537623] [INFO] [path_server] 새로운 경로 설정 : path[1001 ➜ 108] time[0s] dist[21m] list[15] : 1001-1002-1003-1004-1005-1006-1021-1022-1007-1167-1168-1169-1170-1171-108
[2026-08-11 16:54:24.216221] [INFO] [path_server] 노드 업데이트 : [1002] ➜ [1003]
[2026-08-11 16:54:24.276124] [INFO] [path_server] 새로운 경로 설정 : path[1002 ➜ 108] time[0s] dist[19.5m] list[14] : 1002-1003-1004-1005-1006-1021-1022-1007-1167-1168-1169-1170-1171-108
[2026-08-11 16:54:24.954682] [INFO] [path_server] 노드 업데이트 : [1003] ➜ [1004]
[2026-08-11 16:54:25.034597] [INFO] [path_server] 새로운 경로 설정 : path[1003 ➜ 108] time[0s] dist[18m] list[13] : 1003-1004-1005-1006-1021-1022-1007-1167-1168-1169-1170-1171-108
[2026-08-11 16:54:25.713206] [INFO] [path_server] 노드 업데이트 : [1004] ➜ [1005]
[2026-08-11 16:54:25.773124] [INFO] [path_server] 새로운 경로 설정 : path[1004 ➜ 108] time[0s] dist[16.5m] list[12] : 1004-1005-1006-1021-1022-1007-1167-1168-1169-1170-1171-108
[2026-08-11 16:54:26.451609] [INFO] [path_server] 노드 업데이트 : [1005] ➜ [1006]
[2026-08-11 16:54:26.531562] [INFO] [path_server] 새로운 경로 설정 : path[1005 ➜ 108] time[0s] dist[15m] list[11] : 1005-1006-1021-1022-1007-1167-1168-1169-1170-1171-108
[2026-08-11 16:54:27.210141] [INFO] [path_server] 노드 업데이트 : [1006] ➜ [1021]
[2026-08-11 16:54:27.270071] [INFO] [path_server] 새로운 경로 설정 : path[1006 ➜ 108] time[0s] dist[13.5m] list[10] : 1006-1021-1022-1007-1167-1168-1169-1170-1171-108
[2026-08-11 16:54:27.948578] [INFO] [path_server] 노드 업데이트 : [1021] ➜ [1022]
[2026-08-11 16:54:28.028493] [INFO] [path_server] 새로운 경로 설정 : path[1021 ➜ 108] time[0s] dist[12m] list[9] : 1021-1022-1007-1167-1168-1169-1170-1171-108
[2026-08-11 16:54:29.286099] [INFO] [path_server] 노드 업데이트 : [1022] ➜ [1007]
[2026-08-11 16:54:29.365972] [INFO] [path_server] 새로운 경로 설정 : path[1022 ➜ 108] time[0s] dist[10.5m] list[8] : 1022-1007-1167-1168-1169-1170-1171-108
[2026-08-11 16:54:32.639780] [INFO] [path_server] 노드 업데이트 : [1007] ➜ [1167]
[2026-08-11 16:54:32.699675] [INFO] [path_server] 새로운 경로 설정 : path[1007 ➜ 108] time[0s] dist[9m] list[7] : 1007-1167-1168-1169-1170-1171-108
[2026-08-11 16:54:33.777503] [INFO] [path_server] 노드 업데이트 : [1167] ➜ [1168]
[2026-08-11 16:54:33.837395] [INFO] [path_server] 새로운 경로 설정 : path[1167 ➜ 108] time[0s] dist[7.5m] list[6] : 1167-1168-1169-1170-1171-108
[2026-08-11 16:54:34.595925] [INFO] [path_server] 노드 업데이트 : [1168] ➜ [1169]
[2026-08-11 16:54:34.675770] [INFO] [path_server] 새로운 경로 설정 : path[1168 ➜ 108] time[0s] dist[6m] list[5] : 1168-1169-1170-1171-108
[2026-08-11 16:54:35.354443] [INFO] [path_server] 노드 업데이트 : [1169] ➜ [1170]
[2026-08-11 16:54:35.434398] [INFO] [path_server] 새로운 경로 설정 : path[1169 ➜ 108] time[0s] dist[4.5m] list[4] : 1169-1170-1171-108
[2026-08-11 16:54:36.113053] [INFO] [path_server] 노드 업데이트 : [1170] ➜ [1171]
[2026-08-11 16:54:36.172969] [INFO] [path_server] 새로운 경로 설정 : path[1170 ➜ 108] time[0s] dist[3m] list[3] : 1170-1171-108
[2026-08-11 16:54:37.510794] [INFO] [path_server] 노드 업데이트 : [1171] ➜ [108]
[2026-08-11 16:54:37.590751] [INFO] [path_server] 새로운 경로 설정 : path[1171 ➜ 108] time[0s] dist[1.5m] list[2] : 1171-108
[2026-08-11 16:54:43.040248] [INFO] [path_server] 노드 업데이트 : [108] ➜ [-1]
[2026-08-11 16:54:45.975588] [INFO] [path_server] 노드 업데이트 : [108] ➜ [-1]
[2026-08-11 16:55:19.868835] [INFO] [path_server] 경로 삭제
[2026-08-11 16:55:19.888758] [INFO] [path_server] 경로 삭제
[2026-08-11 16:56:33.724565] [INFO] [path_server] 경로 삭제
[2026-08-11 16:56:33.764528] [INFO] [path_server] 경로 삭제
[2026-08-11 16:57:47.576577] [INFO] [path_server] 경로 삭제
[2026-08-11 16:57:47.596534] [INFO] [path_server] 경로 삭제
[2026-08-11 16:59:01.451054] [INFO] [path_server] 경로 삭제
[2026-08-11 16:59:01.491027] [INFO] [path_server] 경로 삭제
[2026-08-11 17:00:11.312737] [INFO] [path_server] 새로운 경로 설정 : path[108 ➜ 206] time[0s] dist[36m] list[25] : 108-1171-1172-1091-1092-1093-1094-1095-1074-1075-1076-1018-1019-1020-1011-1004-1013-1049-1050-1014-1201-1200-1202-1203-206
[2026-08-11 17:00:16.003305] [INFO] [path_server] 노드 업데이트 : [1171] ➜ [1172]
[2026-08-11 17:00:16.083228] [INFO] [path_server] 새로운 경로 설정 : path[1171 ➜ 206] time[0s] dist[34.5m] list[24] : 1171-1172-1091-1092-1093-1094-1095-1074-1075-1076-1018-1019-1020-1011-1004-1013-1049-1050-1014-1201-1200-1202-1203-206
[2026-08-11 17:00:19.695853] [INFO] [path_server] 노드 업데이트 : [1172] ➜ [1091]
[2026-08-11 17:00:19.755789] [INFO] [path_server] 새로운 경로 설정 : path[1172 ➜ 206] time[0s] dist[33m] list[23] : 1172-1091-1092-1093-1094-1095-1074-1075-1076-1018-1019-1020-1011-1004-1013-1049-1050-1014-1201-1200-1202-1203-206
[2026-08-11 17:00:20.773702] [INFO] [path_server] 노드 업데이트 : [1091] ➜ [1092]
[2026-08-11 17:00:20.833642] [INFO] [path_server] 새로운 경로 설정 : path[1091 ➜ 206] time[0s] dist[31.5m] list[22] : 1091-1092-1093-1094-1095-1074-1075-1076-1018-1019-1020-1011-1004-1013-1049-1050-1014-1201-1200-1202-1203-206
[2026-08-11 17:00:24.027897] [INFO] [path_server] 노드 업데이트 : [1092] ➜ [1093]
[2026-08-11 17:00:24.107800] [INFO] [path_server] 새로운 경로 설정 : path[1092 ➜ 206] time[0s] dist[30m] list[21] : 1092-1093-1094-1095-1074-1075-1076-1018-1019-1020-1011-1004-1013-1049-1050-1014-1201-1200-1202-1203-206
[2026-08-11 17:00:25.266086] [INFO] [path_server] 노드 업데이트 : [1093] ➜ [1094]
[2026-08-11 17:00:25.346045] [INFO] [path_server] 새로운 경로 설정 : path[1093 ➜ 206] time[0s] dist[28.5m] list[20] : 1093-1094-1095-1074-1075-1076-1018-1019-1020-1011-1004-1013-1049-1050-1014-1201-1200-1202-1203-206
[2026-08-11 17:00:26.144652] [INFO] [path_server] 노드 업데이트 : [1094] ➜ [1095]
[2026-08-11 17:00:26.204587] [INFO] [path_server] 새로운 경로 설정 : path[1094 ➜ 206] time[0s] dist[27m] list[19] : 1094-1095-1074-1075-1076-1018-1019-1020-1011-1004-1013-1049-1050-1014-1201-1200-1202-1203-206
[2026-08-11 17:00:27.461986] [INFO] [path_server] 노드 업데이트 : [1095] ➜ [1074]
[2026-08-11 17:00:27.521852] [INFO] [path_server] 새로운 경로 설정 : path[1095 ➜ 206] time[0s] dist[25.5m] list[18] : 1095-1074-1075-1076-1018-1019-1020-1011-1004-1013-1049-1050-1014-1201-1200-1202-1203-206
[2026-08-11 17:00:30.795157] [INFO] [path_server] 노드 업데이트 : [1074] ➜ [1075]
[2026-08-11 17:00:30.875033] [INFO] [path_server] 새로운 경로 설정 : path[1074 ➜ 206] time[0s] dist[24m] list[17] : 1074-1075-1076-1018-1019-1020-1011-1004-1013-1049-1050-1014-1201-1200-1202-1203-206
[2026-08-11 17:00:31.932785] [INFO] [path_server] 노드 업데이트 : [1075] ➜ [1076]
[2026-08-11 17:00:32.012625] [INFO] [path_server] 새로운 경로 설정 : path[1075 ➜ 206] time[0s] dist[22.5m] list[16] : 1075-1076-1018-1019-1020-1011-1004-1013-1049-1050-1014-1201-1200-1202-1203-206
[2026-08-11 17:00:32.751056] [INFO] [path_server] 노드 업데이트 : [1076] ➜ [1018]
[2026-08-11 17:00:32.830985] [INFO] [path_server] 새로운 경로 설정 : path[1076 ➜ 206] time[0s] dist[21m] list[15] : 1076-1018-1019-1020-1011-1004-1013-1049-1050-1014-1201-1200-1202-1203-206
[2026-08-11 17:00:33.509649] [INFO] [path_server] 노드 업데이트 : [1018] ➜ [1019]
[2026-08-11 17:00:33.569548] [INFO] [path_server] 새로운 경로 설정 : path[1018 ➜ 206] time[0s] dist[19.5m] list[14] : 1018-1019-1020-1011-1004-1013-1049-1050-1014-1201-1200-1202-1203-206
[2026-08-11 17:00:34.268087] [INFO] [path_server] 노드 업데이트 : [1019] ➜ [1020]
[2026-08-11 17:00:34.347946] [INFO] [path_server] 새로운 경로 설정 : path[1019 ➜ 206] time[0s] dist[18m] list[13] : 1019-1020-1011-1004-1013-1049-1050-1014-1201-1200-1202-1203-206
[2026-08-11 17:00:35.006524] [INFO] [path_server] 노드 업데이트 : [1020] ➜ [1011]
[2026-08-11 17:00:35.066437] [INFO] [path_server] 새로운 경로 설정 : path[1020 ➜ 206] time[0s] dist[16.5m] list[12] : 1020-1011-1004-1013-1049-1050-1014-1201-1200-1202-1203-206
[2026-08-11 17:00:35.764991] [INFO] [path_server] 노드 업데이트 : [1011] ➜ [1004]
[2026-08-11 17:00:35.864803] [INFO] [path_server] 새로운 경로 설정 : path[1011 ➜ 206] time[0s] dist[15m] list[11] : 1011-1004-1013-1049-1050-1014-1201-1200-1202-1203-206
[2026-08-11 17:00:36.503412] [INFO] [path_server] 노드 업데이트 : [1004] ➜ [1013]
[2026-08-11 17:00:36.583328] [INFO] [path_server] 새로운 경로 설정 : path[1004 ➜ 206] time[0s] dist[13.5m] list[10] : 1004-1013-1049-1050-1014-1201-1200-1202-1203-206
[2026-08-11 17:00:37.262061] [INFO] [path_server] 노드 업데이트 : [1013] ➜ [1049]
[2026-08-11 17:00:37.321966] [INFO] [path_server] 새로운 경로 설정 : path[1013 ➜ 206] time[0s] dist[12m] list[9] : 1013-1049-1050-1014-1201-1200-1202-1203-206
[2026-08-11 17:00:38.000467] [INFO] [path_server] 노드 업데이트 : [1049] ➜ [1050]
[2026-08-11 17:00:38.080386] [INFO] [path_server] 새로운 경로 설정 : path[1049 ➜ 206] time[0s] dist[10.5m] list[8] : 1049-1050-1014-1201-1200-1202-1203-206
[2026-08-11 17:00:39.337948] [INFO] [path_server] 노드 업데이트 : [1050] ➜ [1014]
[2026-08-11 17:00:39.417817] [INFO] [path_server] 새로운 경로 설정 : path[1050 ➜ 206] time[0s] dist[9m] list[7] : 1050-1014-1201-1200-1202-1203-206
[2026-08-11 17:00:42.691107] [INFO] [path_server] 노드 업데이트 : [1014] ➜ [1201]
[2026-08-11 17:00:42.770963] [INFO] [path_server] 새로운 경로 설정 : path[1014 ➜ 206] time[0s] dist[7.5m] list[6] : 1014-1201-1200-1202-1203-206
[2026-08-11 17:00:43.828793] [INFO] [path_server] 노드 업데이트 : [1201] ➜ [1200]
[2026-08-11 17:00:43.908646] [INFO] [path_server] 새로운 경로 설정 : path[1201 ➜ 206] time[0s] dist[6m] list[5] : 1201-1200-1202-1203-206
[2026-08-11 17:00:44.647090] [INFO] [path_server] 노드 업데이트 : [1200] ➜ [1202]
[2026-08-11 17:00:44.727005] [INFO] [path_server] 새로운 경로 설정 : path[1200 ➜ 206] time[0s] dist[4.5m] list[4] : 1200-1202-1203-206
[2026-08-11 17:00:45.405669] [INFO] [path_server] 노드 업데이트 : [1202] ➜ [1203]
[2026-08-11 17:00:45.465525] [INFO] [path_server] 새로운 경로 설정 : path[1202 ➜ 206] time[0s] dist[3m] list[3] : 1202-1203-206
[2026-08-11 17:00:46.722950] [INFO] [path_server] 노드 업데이트 : [1203] ➜ [206]
[2026-08-11 17:00:46.782835] [INFO] [path_server] 새로운 경로 설정 : path[1203 ➜ 206] time[0s] dist[1.5m] list[2] : 1203-206
[2026-08-11 17:00:51.932481] [INFO] [path_server] 노드 업데이트 : [206] ➜ [-1]
[2026-08-11 17:00:54.866761] [INFO] [path_server] 노드 업데이트 : [206] ➜ [-1]
[2026-08-11 17:00:54.946648] [INFO] [path_server] 경로 삭제
[2026-08-11 17:01:13.309846] [INFO] [path_server] 새로운 경로 설정 : path[206 ➜ 111] time[0s] dist[31.5m] list[22] : 206-1203-1204-1205-1206-1207-1208-1145-1146-1147-1148-1077-1029-1030-1031-1032-1033-1034-1007-1167-1168-111
[2026-08-11 17:01:18.200011] [INFO] [path_server] 노드 업데이트 : [1203] ➜ [1204]
[2026-08-11 17:01:18.279858] [INFO] [path_server] 새로운 경로 설정 : path[1203 ➜ 111] time[0s] dist[30m] list[21] : 1203-1204-1205-1206-1207-1208-1145-1146-1147-1148-1077-1029-1030-1031-1032-1033-1034-1007-1167-1168-111
[2026-08-11 17:01:21.832979] [INFO] [path_server] 노드 업데이트 : [1204] ➜ [1205]
[2026-08-11 17:01:21.912903] [INFO] [path_server] 새로운 경로 설정 : path[1204 ➜ 111] time[0s] dist[28.5m] list[20] : 1204-1205-1206-1207-1208-1145-1146-1147-1148-1077-1029-1030-1031-1032-1033-1034-1007-1167-1168-111
[2026-08-11 17:01:22.950697] [INFO] [path_server] 노드 업데이트 : [1205] ➜ [1206]
[2026-08-11 17:01:23.030575] [INFO] [path_server] 새로운 경로 설정 : path[1205 ➜ 111] time[0s] dist[27m] list[19] : 1205-1206-1207-1208-1145-1146-1147-1148-1077-1029-1030-1031-1032-1033-1034-1007-1167-1168-111
[2026-08-11 17:01:23.769039] [INFO] [path_server] 노드 업데이트 : [1206] ➜ [1207]
[2026-08-11 17:01:23.868826] [INFO] [path_server] 새로운 경로 설정 : path[1206 ➜ 111] time[0s] dist[25.51m] list[18] : 1206-1207-1208-1145-1146-1147-1148-1077-1029-1030-1031-1032-1033-1034-1007-1167-1168-111
[2026-08-11 17:01:24.527404] [INFO] [path_server] 노드 업데이트 : [1207] ➜ [1208]
[2026-08-11 17:01:24.607264] [INFO] [path_server] 새로운 경로 설정 : path[1207 ➜ 111] time[0s] dist[24m] list[17] : 1207-1208-1145-1146-1147-1148-1077-1029-1030-1031-1032-1033-1034-1007-1167-1168-111
[2026-08-11 17:01:25.285804] [INFO] [path_server] 노드 업데이트 : [1208] ➜ [1145]
[2026-08-11 17:01:25.365735] [INFO] [path_server] 새로운 경로 설정 : path[1208 ➜ 111] time[0s] dist[22.5m] list[16] : 1208-1145-1146-1147-1148-1077-1029-1030-1031-1032-1033-1034-1007-1167-1168-111
[2026-08-11 17:01:26.583249] [INFO] [path_server] 노드 업데이트 : [1145] ➜ [1146]
[2026-08-11 17:01:26.643156] [INFO] [path_server] 새로운 경로 설정 : path[1145 ➜ 111] time[0s] dist[21m] list[15] : 1145-1146-1147-1148-1077-1029-1030-1031-1032-1033-1034-1007-1167-1168-111
[2026-08-11 17:01:29.956568] [INFO] [path_server] 노드 업데이트 : [1146] ➜ [1147]
[2026-08-11 17:01:30.036500] [INFO] [path_server] 새로운 경로 설정 : path[1146 ➜ 111] time[0s] dist[19.5m] list[14] : 1146-1147-1148-1077-1029-1030-1031-1032-1033-1034-1007-1167-1168-111
[2026-08-11 17:01:31.074333] [INFO] [path_server] 노드 업데이트 : [1147] ➜ [1148]
[2026-08-11 17:01:31.134247] [INFO] [path_server] 새로운 경로 설정 : path[1147 ➜ 111] time[0s] dist[18m] list[13] : 1147-1148-1077-1029-1030-1031-1032-1033-1034-1007-1167-1168-111
[2026-08-11 17:01:31.893029] [INFO] [path_server] 노드 업데이트 : [1148] ➜ [1077]
[2026-08-11 17:01:31.972897] [INFO] [path_server] 새로운 경로 설정 : path[1148 ➜ 111] time[0s] dist[16.5m] list[12] : 1148-1077-1029-1030-1031-1032-1033-1034-1007-1167-1168-111
[2026-08-11 17:01:33.230599] [INFO] [path_server] 노드 업데이트 : [1077] ➜ [1029]
[2026-08-11 17:01:33.290500] [INFO] [path_server] 새로운 경로 설정 : path[1077 ➜ 111] time[0s] dist[15m] list[11] : 1077-1029-1030-1031-1032-1033-1034-1007-1167-1168-111
[2026-08-11 17:01:36.564021] [INFO] [path_server] 노드 업데이트 : [1029] ➜ [1030]
[2026-08-11 17:01:36.623927] [INFO] [path_server] 새로운 경로 설정 : path[1029 ➜ 111] time[0s] dist[13.5m] list[10] : 1029-1030-1031-1032-1033-1034-1007-1167-1168-111
[2026-08-11 17:01:37.701866] [INFO] [path_server] 노드 업데이트 : [1030] ➜ [1031]
[2026-08-11 17:01:37.761777] [INFO] [path_server] 새로운 경로 설정 : path[1030 ➜ 111] time[0s] dist[12m] list[9] : 1030-1031-1032-1033-1034-1007-1167-1168-111
[2026-08-11 17:01:38.520241] [INFO] [path_server] 노드 업데이트 : [1031] ➜ [1032]
[2026-08-11 17:01:38.600128] [INFO] [path_server] 새로운 경로 설정 : path[1031 ➜ 111] time[0s] dist[10.5m] list[8] : 1031-1032-1033-1034-1007-1167-1168-111
[2026-08-11 17:01:39.278645] [INFO] [path_server] 노드 업데이트 : [1032] ➜ [1033]
[2026-08-11 17:01:39.358572] [INFO] [path_server] 새로운 경로 설정 : path[1032 ➜ 111] time[0s] dist[9m] list[7] : 1032-1033-1034-1007-1167-1168-111
[2026-08-11 17:01:40.037183] [INFO] [path_server] 노드 업데이트 : [1033] ➜ [1034]
[2026-08-11 17:01:40.097085] [INFO] [path_server] 새로운 경로 설정 : path[1033 ➜ 111] time[0s] dist[7.5m] list[6] : 1033-1034-1007-1167-1168-111
[2026-08-11 17:01:40.775588] [INFO] [path_server] 노드 업데이트 : [1034] ➜ [1007]
[2026-08-11 17:01:40.855517] [INFO] [path_server] 새로운 경로 설정 : path[1034 ➜ 111] time[0s] dist[6m] list[5] : 1034-1007-1167-1168-111
[2026-08-11 17:01:42.092861] [INFO] [path_server] 노드 업데이트 : [1007] ➜ [1167]
[2026-08-11 17:01:42.172841] [INFO] [path_server] 새로운 경로 설정 : path[1007 ➜ 111] time[0s] dist[4.5m] list[4] : 1007-1167-1168-111
[2026-08-11 17:01:45.466308] [INFO] [path_server] 노드 업데이트 : [1167] ➜ [1168]
[2026-08-11 17:01:45.546149] [INFO] [path_server] 새로운 경로 설정 : path[1167 ➜ 111] time[0s] dist[3m] list[3] : 1167-1168-111
[2026-08-11 17:01:46.883752] [INFO] [path_server] 노드 업데이트 : [1168] ➜ [111]
[2026-08-11 17:01:46.963946] [INFO] [path_server] 새로운 경로 설정 : path[1168 ➜ 111] time[0s] dist[1.5m] list[2] : 1168-111
[2026-08-11 17:01:52.473223] [INFO] [path_server] 노드 업데이트 : [111] ➜ [-1]
[2026-08-11 17:01:55.407872] [INFO] [path_server] 노드 업데이트 : [111] ➜ [-1]
[2026-08-11 17:02:27.883090] [INFO] [path_server] 경로 삭제
[2026-08-11 17:02:27.923065] [INFO] [path_server] 경로 삭제
[2026-08-11 17:03:34.388828] [INFO] [path_server] 생성
[2026-08-11 17:03:34.388872] [INFO] [path_server] 경로 삭제
[2026-08-11 17:03:34.390605] [INFO] [path_server] 노드 초기화 성공 : 로봇 좌표[22.003m 14.499m -179.563°] 최단 거리 노드[111] 거리(0.003347m)
[2026-08-11 17:04:08.625003] [INFO] [path_server] 경로 삭제
[2026-08-11 17:04:08.644862] [INFO] [path_server] 경로 삭제
[2026-08-11 17:04:10.700992] [INFO] [path_server] 새로운 경로 설정 : path[111 ➜ 201] time[0s] dist[28.5m] list[20] : 111-1168-1169-1170-1171-1172-1091-1092-1093-1094-1095-1074-1075-1076-1018-1158-1159-1160-1161-201
[2026-08-11 17:04:15.391673] [INFO] [path_server] 노드 업데이트 : [1168] ➜ [1169]
[2026-08-11 17:04:15.451559] [INFO] [path_server] 새로운 경로 설정 : path[1168 ➜ 201] time[0s] dist[27m] list[19] : 1168-1169-1170-1171-1172-1091-1092-1093-1094-1095-1074-1075-1076-1018-1158-1159-1160-1161-201
[2026-08-11 17:04:19.084198] [INFO] [path_server] 노드 업데이트 : [1169] ➜ [1170]
[2026-08-11 17:04:19.164013] [INFO] [path_server] 새로운 경로 설정 : path[1169 ➜ 201] time[0s] dist[25.5m] list[18] : 1169-1170-1171-1172-1091-1092-1093-1094-1095-1074-1075-1076-1018-1158-1159-1160-1161-201
[2026-08-11 17:04:20.202105] [INFO] [path_server] 노드 업데이트 : [1170] ➜ [1171]
[2026-08-11 17:04:20.282202] [INFO] [path_server] 새로운 경로 설정 : path[1170 ➜ 201] time[0s] dist[24m] list[17] : 1170-1171-1172-1091-1092-1093-1094-1095-1074-1075-1076-1018-1158-1159-1160-1161-201
[2026-08-11 17:04:21.020531] [INFO] [path_server] 노드 업데이트 : [1171] ➜ [1172]
[2026-08-11 17:04:21.080480] [INFO] [path_server] 새로운 경로 설정 : path[1171 ➜ 201] time[0s] dist[22.5m] list[16] : 1171-1172-1091-1092-1093-1094-1095-1074-1075-1076-1018-1158-1159-1160-1161-201
[2026-08-11 17:04:21.758980] [INFO] [path_server] 노드 업데이트 : [1172] ➜ [1091]
[2026-08-11 17:04:21.838897] [INFO] [path_server] 새로운 경로 설정 : path[1172 ➜ 201] time[0s] dist[21m] list[15] : 1172-1091-1092-1093-1094-1095-1074-1075-1076-1018-1158-1159-1160-1161-201
[2026-08-11 17:04:22.816785] [INFO] [path_server] 노드 업데이트 : [1091] ➜ [1092]
[2026-08-11 17:04:22.876688] [INFO] [path_server] 새로운 경로 설정 : path[1091 ➜ 201] time[0s] dist[19.5m] list[14] : 1091-1092-1093-1094-1095-1074-1075-1076-1018-1158-1159-1160-1161-201
[2026-08-11 17:04:26.090815] [INFO] [path_server] 노드 업데이트 : [1092] ➜ [1093]
[2026-08-11 17:04:26.150743] [INFO] [path_server] 새로운 경로 설정 : path[1092 ➜ 201] time[0s] dist[18m] list[13] : 1092-1093-1094-1095-1074-1075-1076-1018-1158-1159-1160-1161-201
[2026-08-11 17:04:27.328345] [INFO] [path_server] 노드 업데이트 : [1093] ➜ [1094]
[2026-08-11 17:04:27.408198] [INFO] [path_server] 새로운 경로 설정 : path[1093 ➜ 201] time[0s] dist[16.5m] list[12] : 1093-1094-1095-1074-1075-1076-1018-1158-1159-1160-1161-201
[2026-08-11 17:04:28.206573] [INFO] [path_server] 노드 업데이트 : [1094] ➜ [1095]
[2026-08-11 17:04:28.286499] [INFO] [path_server] 새로운 경로 설정 : path[1094 ➜ 201] time[0s] dist[15m] list[11] : 1094-1095-1074-1075-1076-1018-1158-1159-1160-1161-201
[2026-08-11 17:04:29.523933] [INFO] [path_server] 노드 업데이트 : [1095] ➜ [1074]
[2026-08-11 17:04:29.603846] [INFO] [path_server] 새로운 경로 설정 : path[1095 ➜ 201] time[0s] dist[13.5m] list[10] : 1095-1074-1075-1076-1018-1158-1159-1160-1161-201
[2026-08-11 17:04:32.857190] [INFO] [path_server] 노드 업데이트 : [1074] ➜ [1075]
[2026-08-11 17:04:32.917107] [INFO] [path_server] 새로운 경로 설정 : path[1074 ➜ 201] time[0s] dist[12m] list[9] : 1074-1075-1076-1018-1158-1159-1160-1161-201
[2026-08-11 17:04:33.994952] [INFO] [path_server] 노드 업데이트 : [1075] ➜ [1076]
[2026-08-11 17:04:34.054874] [INFO] [path_server] 새로운 경로 설정 : path[1075 ➜ 201] time[0s] dist[10.5m] list[8] : 1075-1076-1018-1158-1159-1160-1161-201
[2026-08-11 17:04:34.813360] [INFO] [path_server] 노드 업데이트 : [1076] ➜ [1018]
[2026-08-11 17:04:34.893258] [INFO] [path_server] 새로운 경로 설정 : path[1076 ➜ 201] time[0s] dist[9m] list[7] : 1076-1018-1158-1159-1160-1161-201
[2026-08-11 17:04:36.150812] [INFO] [path_server] 노드 업데이트 : [1018] ➜ [1158]
[2026-08-11 17:04:36.230636] [INFO] [path_server] 새로운 경로 설정 : path[1018 ➜ 201] time[0s] dist[7.5m] list[6] : 1018-1158-1159-1160-1161-201
[2026-08-11 17:04:39.523891] [INFO] [path_server] 노드 업데이트 : [1158] ➜ [1159]
[2026-08-11 17:04:39.603748] [INFO] [path_server] 새로운 경로 설정 : path[1158 ➜ 201] time[0s] dist[6m] list[5] : 1158-1159-1160-1161-201
[2026-08-11 17:04:40.661633] [INFO] [path_server] 노드 업데이트 : [1159] ➜ [1160]
[2026-08-11 17:04:40.741506] [INFO] [path_server] 새로운 경로 설정 : path[1159 ➜ 201] time[0s] dist[4.5m] list[4] : 1159-1160-1161-201
[2026-08-11 17:04:41.479964] [INFO] [path_server] 노드 업데이트 : [1160] ➜ [1161]
[2026-08-11 17:04:41.559876] [INFO] [path_server] 새로운 경로 설정 : path[1160 ➜ 201] time[0s] dist[3m] list[3] : 1160-1161-201
[2026-08-11 17:04:42.817345] [INFO] [path_server] 노드 업데이트 : [1161] ➜ [201]
[2026-08-11 17:04:42.897202] [INFO] [path_server] 새로운 경로 설정 : path[1161 ➜ 201] time[0s] dist[1.5m] list[2] : 1161-201
[2026-08-11 17:04:48.066866] [INFO] [path_server] 노드 업데이트 : [201] ➜ [-1]
[2026-08-11 17:04:51.001422] [INFO] [path_server] 노드 업데이트 : [201] ➜ [-1]
[2026-08-11 17:04:51.081320] [INFO] [path_server] 경로 삭제
[2026-08-11 17:08:32.400529] [INFO] [path_server] 새로운 경로 설정 : path[201 ➜ 104] time[0s] dist[37.5m] list[26] : 201-1161-1162-1163-1164-1165-1166-1109-1110-1111-1112-1113-1114-1115-1116-1117-1118-1119-1120-1121-1122-1123-1179-1180-1181-104
[2026-08-11 17:08:37.290660] [INFO] [path_server] 노드 업데이트 : [1161] ➜ [1162]
[2026-08-11 17:08:37.370543] [INFO] [path_server] 새로운 경로 설정 : path[1161 ➜ 104] time[0s] dist[36m] list[25] : 1161-1162-1163-1164-1165-1166-1109-1110-1111-1112-1113-1114-1115-1116-1117-1118-1119-1120-1121-1122-1123-1179-1180-1181-104
[2026-08-11 17:08:40.906903] [INFO] [path_server] 노드 업데이트 : [1162] ➜ [1163]
[2026-08-11 17:08:40.966832] [INFO] [path_server] 새로운 경로 설정 : path[1162 ➜ 104] time[0s] dist[34.5m] list[24] : 1162-1163-1164-1165-1166-1109-1110-1111-1112-1113-1114-1115-1116-1117-1118-1119-1120-1121-1122-1123-1179-1180-1181-104
[2026-08-11 17:08:42.044574] [INFO] [path_server] 노드 업데이트 : [1163] ➜ [1164]
[2026-08-11 17:08:42.104518] [INFO] [path_server] 새로운 경로 설정 : path[1163 ➜ 104] time[0s] dist[33m] list[23] : 1163-1164-1165-1166-1109-1110-1111-1112-1113-1114-1115-1116-1117-1118-1119-1120-1121-1122-1123-1179-1180-1181-104
[2026-08-11 17:08:42.862954] [INFO] [path_server] 노드 업데이트 : [1164] ➜ [1165]
[2026-08-11 17:08:42.942831] [INFO] [path_server] 새로운 경로 설정 : path[1164 ➜ 104] time[0s] dist[31.5m] list[22] : 1164-1165-1166-1109-1110-1111-1112-1113-1114-1115-1116-1117-1118-1119-1120-1121-1122-1123-1179-1180-1181-104
[2026-08-11 17:08:43.621437] [INFO] [path_server] 노드 업데이트 : [1165] ➜ [1166]
[2026-08-11 17:08:43.701372] [INFO] [path_server] 새로운 경로 설정 : path[1165 ➜ 104] time[0s] dist[30m] list[21] : 1165-1166-1109-1110-1111-1112-1113-1114-1115-1116-1117-1118-1119-1120-1121-1122-1123-1179-1180-1181-104
[2026-08-11 17:08:44.380045] [INFO] [path_server] 노드 업데이트 : [1166] ➜ [1109]
[2026-08-11 17:08:44.439963] [INFO] [path_server] 새로운 경로 설정 : path[1166 ➜ 104] time[0s] dist[28.5m] list[20] : 1166-1109-1110-1111-1112-1113-1114-1115-1116-1117-1118-1119-1120-1121-1122-1123-1179-1180-1181-104
[2026-08-11 17:08:45.198400] [INFO] [path_server] 노드 업데이트 : [1109] ➜ [1110]
[2026-08-11 17:08:45.278243] [INFO] [path_server] 새로운 경로 설정 : path[1109 ➜ 104] time[0s] dist[27m] list[19] : 1109-1110-1111-1112-1113-1114-1115-1116-1117-1118-1119-1120-1121-1122-1123-1179-1180-1181-104
[2026-08-11 17:08:48.851196] [INFO] [path_server] 노드 업데이트 : [1110] ➜ [1111]
[2026-08-11 17:08:48.951019] [INFO] [path_server] 새로운 경로 설정 : path[1110 ➜ 104] time[0s] dist[25.5m] list[18] : 1110-1111-1112-1113-1114-1115-1116-1117-1118-1119-1120-1121-1122-1123-1179-1180-1181-104
[2026-08-11 17:08:50.208524] [INFO] [path_server] 노드 업데이트 : [1111] ➜ [1112]
[2026-08-11 17:08:50.288394] [INFO] [path_server] 새로운 경로 설정 : path[1111 ➜ 104] time[0s] dist[24m] list[17] : 1111-1112-1113-1114-1115-1116-1117-1118-1119-1120-1121-1122-1123-1179-1180-1181-104
[2026-08-11 17:08:51.106811] [INFO] [path_server] 노드 업데이트 : [1112] ➜ [1113]
[2026-08-11 17:08:51.186703] [INFO] [path_server] 새로운 경로 설정 : path[1112 ➜ 104] time[0s] dist[22.5m] list[16] : 1112-1113-1114-1115-1116-1117-1118-1119-1120-1121-1122-1123-1179-1180-1181-104
[2026-08-11 17:08:51.865190] [INFO] [path_server] 노드 업데이트 : [1113] ➜ [1114]
[2026-08-11 17:08:51.945114] [INFO] [path_server] 새로운 경로 설정 : path[1113 ➜ 104] time[0s] dist[21m] list[15] : 1113-1114-1115-1116-1117-1118-1119-1120-1121-1122-1123-1179-1180-1181-104
[2026-08-11 17:08:52.603607] [INFO] [path_server] 노드 업데이트 : [1114] ➜ [1115]
[2026-08-11 17:08:52.683497] [INFO] [path_server] 새로운 경로 설정 : path[1114 ➜ 104] time[0s] dist[19.5m] list[14] : 1114-1115-1116-1117-1118-1119-1120-1121-1122-1123-1179-1180-1181-104
[2026-08-11 17:08:53.362453] [INFO] [path_server] 노드 업데이트 : [1115] ➜ [1116]
[2026-08-11 17:08:53.442525] [INFO] [path_server] 새로운 경로 설정 : path[1115 ➜ 104] time[0s] dist[18m] list[13] : 1115-1116-1117-1118-1119-1120-1121-1122-1123-1179-1180-1181-104
[2026-08-11 17:08:54.101074] [INFO] [path_server] 노드 업데이트 : [1116] ➜ [1117]
[2026-08-11 17:08:54.180931] [INFO] [path_server] 새로운 경로 설정 : path[1116 ➜ 104] time[0s] dist[16.5m] list[12] : 1116-1117-1118-1119-1120-1121-1122-1123-1179-1180-1181-104
[2026-08-11 17:08:54.859441] [INFO] [path_server] 노드 업데이트 : [1117] ➜ [1118]
[2026-08-11 17:08:54.939362] [INFO] [path_server] 새로운 경로 설정 : path[1117 ➜ 104] time[0s] dist[15m] list[11] : 1117-1118-1119-1120-1121-1122-1123-1179-1180-1181-104
[2026-08-11 17:08:55.598038] [INFO] [path_server] 노드 업데이트 : [1118] ➜ [1119]
[2026-08-11 17:08:55.677871] [INFO] [path_server] 새로운 경로 설정 : path[1118 ➜ 104] time[0s] dist[13.5m] list[10] : 1118-1119-1120-1121-1122-1123-1179-1180-1181-104
[2026-08-11 17:08:56.356453] [INFO] [path_server] 노드 업데이트 : [1119] ➜ [1120]
[2026-08-11 17:08:56.436380] [INFO] [path_server] 새로운 경로 설정 : path[1119 ➜ 104] time[0s] dist[12m] list[9] : 1119-1120-1121-1122-1123-1179-1180-1181-104
[2026-08-11 17:08:57.194736] [INFO] [path_server] 노드 업데이트 : [1120] ➜ [1121]
[2026-08-11 17:08:57.274636] [INFO] [path_server] 새로운 경로 설정 : path[1120 ➜ 104] time[0s] dist[10.5m] list[8] : 1120-1121-1122-1123-1179-1180-1181-104
[2026-08-11 17:09:00.847623] [INFO] [path_server] 노드 업데이트 : [1121] ➜ [1122]
[2026-08-11 17:09:00.927519] [INFO] [path_server] 새로운 경로 설정 : path[1121 ➜ 104] time[0s] dist[9m] list[7] : 1121-1122-1123-1179-1180-1181-104
[2026-08-11 17:09:02.205269] [INFO] [path_server] 노드 업데이트 : [1122] ➜ [1123]
[2026-08-11 17:09:02.285258] [INFO] [path_server] 새로운 경로 설정 : path[1122 ➜ 104] time[0s] dist[7.5m] list[6] : 1122-1123-1179-1180-1181-104
[2026-08-11 17:09:03.263267] [INFO] [path_server] 노드 업데이트 : [1123] ➜ [1179]
[2026-08-11 17:09:03.323186] [INFO] [path_server] 새로운 경로 설정 : path[1123 ➜ 104] time[0s] dist[6m] list[5] : 1123-1179-1180-1181-104
[2026-08-11 17:09:06.576647] [INFO] [path_server] 노드 업데이트 : [1179] ➜ [1180]
[2026-08-11 17:09:06.656567] [INFO] [path_server] 새로운 경로 설정 : path[1179 ➜ 104] time[0s] dist[4.5m] list[4] : 1179-1180-1181-104
[2026-08-11 17:09:07.834135] [INFO] [path_server] 노드 업데이트 : [1180] ➜ [1181]
[2026-08-11 17:09:07.914046] [INFO] [path_server] 새로운 경로 설정 : path[1180 ➜ 104] time[0s] dist[3m] list[3] : 1180-1181-104
[2026-08-11 17:09:09.151433] [INFO] [path_server] 노드 업데이트 : [1181] ➜ [104]
[2026-08-11 17:09:09.231332] [INFO] [path_server] 새로운 경로 설정 : path[1181 ➜ 104] time[0s] dist[1.5m] list[2] : 1181-104
[2026-08-11 17:09:14.341147] [INFO] [path_server] 노드 업데이트 : [104] ➜ [-1]
[2026-08-11 17:09:17.275024] [INFO] [path_server] 노드 업데이트 : [104] ➜ [-1]
[2026-08-11 17:10:03.065770] [INFO] [path_server] 경로 삭제
[2026-08-11 17:10:03.105687] [INFO] [path_server] 경로 삭제
[2026-08-11 17:11:16.919521] [INFO] [path_server] 경로 삭제
[2026-08-11 17:11:16.959493] [INFO] [path_server] 경로 삭제
[2026-08-11 17:11:25.743455] [INFO] [path_server] 경로 삭제
[2026-08-11 17:11:30.813255] [INFO] [path_server] 새로운 경로 설정 : path[104 ➜ 204] time[0s] dist[22.5m] list[16] : 104-1181-1182-1183-1184-1045-1040-1041-1042-1112-1113-1114-1115-1116-1117-204
[2026-08-11 17:11:30.913072] [INFO] [path_server] 새로운 경로 설정 : path[1181 ➜ 206] time[0s] dist[30m] list[22] : 104-1181-1182-1183-1184-1045-1046-1047-1048-1001-1002-1003-1004-1013-1049-1050-1014-1201-1200-1202-1203-206
[2026-08-11 17:11:37.979458] [INFO] [path_server] 노드 업데이트 : [1181] ➜ [1182]
[2026-08-11 17:11:38.059310] [INFO] [path_server] 새로운 경로 설정 : path[1181 ➜ 206] time[0s] dist[30m] list[21] : 1181-1182-1183-1184-1045-1046-1047-1048-1001-1002-1003-1004-1013-1049-1050-1014-1201-1200-1202-1203-206
[2026-08-11 17:11:41.592132] [INFO] [path_server] 노드 업데이트 : [1182] ➜ [1183]
[2026-08-11 17:11:41.672053] [INFO] [path_server] 새로운 경로 설정 : path[1182 ➜ 206] time[0s] dist[28.5m] list[20] : 1182-1183-1184-1045-1046-1047-1048-1001-1002-1003-1004-1013-1049-1050-1014-1201-1200-1202-1203-206
[2026-08-11 17:11:42.729823] [INFO] [path_server] 노드 업데이트 : [1183] ➜ [1184]
[2026-08-11 17:11:42.809732] [INFO] [path_server] 새로운 경로 설정 : path[1183 ➜ 206] time[0s] dist[27m] list[19] : 1183-1184-1045-1046-1047-1048-1001-1002-1003-1004-1013-1049-1050-1014-1201-1200-1202-1203-206
[2026-08-11 17:11:43.548151] [INFO] [path_server] 노드 업데이트 : [1184] ➜ [1045]
[2026-08-11 17:11:43.608058] [INFO] [path_server] 새로운 경로 설정 : path[1184 ➜ 206] time[0s] dist[25.5m] list[18] : 1184-1045-1046-1047-1048-1001-1002-1003-1004-1013-1049-1050-1014-1201-1200-1202-1203-206
[2026-08-11 17:11:44.885371] [INFO] [path_server] 노드 업데이트 : [1045] ➜ [1046]
[2026-08-11 17:11:44.965316] [INFO] [path_server] 새로운 경로 설정 : path[1045 ➜ 206] time[0s] dist[24m] list[17] : 1045-1046-1047-1048-1001-1002-1003-1004-1013-1049-1050-1014-1201-1200-1202-1203-206
[2026-08-11 17:11:48.218558] [INFO] [path_server] 노드 업데이트 : [1046] ➜ [1047]
[2026-08-11 17:11:48.278440] [INFO] [path_server] 새로운 경로 설정 : path[1046 ➜ 206] time[0s] dist[22.5m] list[16] : 1046-1047-1048-1001-1002-1003-1004-1013-1049-1050-1014-1201-1200-1202-1203-206
[2026-08-11 17:11:49.356229] [INFO] [path_server] 노드 업데이트 : [1047] ➜ [1048]
[2026-08-11 17:11:49.416162] [INFO] [path_server] 새로운 경로 설정 : path[1047 ➜ 206] time[0s] dist[21m] list[15] : 1047-1048-1001-1002-1003-1004-1013-1049-1050-1014-1201-1200-1202-1203-206
[2026-08-11 17:11:50.174571] [INFO] [path_server] 노드 업데이트 : [1048] ➜ [1001]
[2026-08-11 17:11:50.254459] [INFO] [path_server] 새로운 경로 설정 : path[1048 ➜ 206] time[0s] dist[19.5m] list[14] : 1048-1001-1002-1003-1004-1013-1049-1050-1014-1201-1200-1202-1203-206
[2026-08-11 17:11:50.933155] [INFO] [path_server] 노드 업데이트 : [1001] ➜ [1002]
[2026-08-11 17:11:51.013058] [INFO] [path_server] 새로운 경로 설정 : path[1001 ➜ 206] time[0s] dist[18m] list[13] : 1001-1002-1003-1004-1013-1049-1050-1014-1201-1200-1202-1203-206
[2026-08-11 17:11:51.691697] [INFO] [path_server] 노드 업데이트 : [1002] ➜ [1003]
[2026-08-11 17:11:51.751607] [INFO] [path_server] 새로운 경로 설정 : path[1002 ➜ 206] time[0s] dist[16.5m] list[12] : 1002-1003-1004-1013-1049-1050-1014-1201-1200-1202-1203-206
[2026-08-11 17:11:52.430479] [INFO] [path_server] 노드 업데이트 : [1003] ➜ [1004]
[2026-08-11 17:11:52.510489] [INFO] [path_server] 새로운 경로 설정 : path[1003 ➜ 206] time[0s] dist[15m] list[11] : 1003-1004-1013-1049-1050-1014-1201-1200-1202-1203-206
[2026-08-11 17:11:53.748104] [INFO] [path_server] 노드 업데이트 : [1004] ➜ [1013]
[2026-08-11 17:11:53.827969] [INFO] [path_server] 새로운 경로 설정 : path[1004 ➜ 206] time[0s] dist[13.5m] list[10] : 1004-1013-1049-1050-1014-1201-1200-1202-1203-206
[2026-08-11 17:11:57.101482] [INFO] [path_server] 노드 업데이트 : [1013] ➜ [1049]
[2026-08-11 17:11:57.181363] [INFO] [path_server] 새로운 경로 설정 : path[1013 ➜ 206] time[0s] dist[12m] list[9] : 1013-1049-1050-1014-1201-1200-1202-1203-206
[2026-08-11 17:11:58.219242] [INFO] [path_server] 노드 업데이트 : [1049] ➜ [1050]
[2026-08-11 17:11:58.299158] [INFO] [path_server] 새로운 경로 설정 : path[1049 ➜ 206] time[0s] dist[10.5m] list[8] : 1049-1050-1014-1201-1200-1202-1203-206
[2026-08-11 17:11:59.556842] [INFO] [path_server] 노드 업데이트 : [1050] ➜ [1014]
[2026-08-11 17:11:59.636643] [INFO] [path_server] 새로운 경로 설정 : path[1050 ➜ 206] time[0s] dist[9m] list[7] : 1050-1014-1201-1200-1202-1203-206
[2026-08-11 17:12:02.949996] [INFO] [path_server] 노드 업데이트 : [1014] ➜ [1201]
[2026-08-11 17:12:03.029902] [INFO] [path_server] 새로운 경로 설정 : path[1014 ➜ 206] time[0s] dist[7.5m] list[6] : 1014-1201-1200-1202-1203-206
[2026-08-11 17:12:04.067810] [INFO] [path_server] 노드 업데이트 : [1201] ➜ [1200]
[2026-08-11 17:12:04.127704] [INFO] [path_server] 새로운 경로 설정 : path[1201 ➜ 206] time[0s] dist[6m] list[5] : 1201-1200-1202-1203-206
[2026-08-11 17:12:04.886242] [INFO] [path_server] 노드 업데이트 : [1200] ➜ [1202]
[2026-08-11 17:12:04.966081] [INFO] [path_server] 새로운 경로 설정 : path[1200 ➜ 206] time[0s] dist[4.5m] list[4] : 1200-1202-1203-206
[2026-08-11 17:12:05.644736] [INFO] [path_server] 노드 업데이트 : [1202] ➜ [1203]
[2026-08-11 17:12:05.724643] [INFO] [path_server] 새로운 경로 설정 : path[1202 ➜ 206] time[0s] dist[3m] list[3] : 1202-1203-206
[2026-08-11 17:12:06.962249] [INFO] [path_server] 노드 업데이트 : [1203] ➜ [206]
[2026-08-11 17:12:07.042129] [INFO] [path_server] 새로운 경로 설정 : path[1203 ➜ 206] time[0s] dist[1.5m] list[2] : 1203-206
[2026-08-11 17:12:12.172030] [INFO] [path_server] 노드 업데이트 : [206] ➜ [-1]
[2026-08-11 17:12:15.106197] [INFO] [path_server] 노드 업데이트 : [206] ➜ [-1]
[2026-08-11 17:12:15.186081] [INFO] [path_server] 경로 삭제
