[2026-08-11 16:38:01.965023] [INFO] [framework] 프로그램 시작
[2026-08-11 16:38:01.965026] [WARNING] [framework] 프로그램 시작
[2026-08-11 16:38:01.965029] [INFO] [framework] 설정 파일 위치 : ../configs/robot_7
[2026-08-11 16:38:01.965028] [CRITICAL] [framework] 프로그램 시작
[2026-08-11 16:38:01.965128] [INFO] [framework] ID[0, 7], 이름[장세븐], 제어주기[20ms], 버젼[], 장소[우리집], 환경모드[simulation]
[2026-08-11 16:38:01.991971] [INFO] [framework] after init 실행
[2026-08-11 16:38:01.992252] [INFO] [framework] 제어 쓰레드 시작
[2026-08-11 16:40:31.637889] [INFO] [framework] 프로그램 시작
[2026-08-11 16:40:31.637892] [WARNING] [framework] 프로그램 시작
[2026-08-11 16:40:31.637895] [INFO] [framework] 설정 파일 위치 : ../configs/robot_7
[2026-08-11 16:40:31.637895] [CRITICAL] [framework] 프로그램 시작
[2026-08-11 16:45:49.986553] [INFO] [framework] 프로그램 시작
[2026-08-11 16:45:49.986559] [WARNING] [framework] 프로그램 시작
[2026-08-11 16:45:49.986561] [INFO] [framework] 설정 파일 위치 : ../configs/robot_7
[2026-08-11 16:45:49.986561] [CRITICAL] [framework] 프로그램 시작
[2026-08-11 16:45:49.986732] [INFO] [framework] ID[0, 7], 이름[장세븐], 제어주기[20ms], 버젼[], 장소[우리집], 환경모드[simulation]
[2026-08-11 16:45:50.031052] [INFO] [framework] after init 실행
[2026-08-11 16:45:50.031425] [INFO] [framework] 제어 쓰레드 시작
[2026-08-11 16:47:42.766419] [INFO] [framework] 프로그램 시작
[2026-08-11 16:47:42.766425] [CRITICAL] [framework] 프로그램 시작
[2026-08-11 16:49:24.396793] [INFO] [framework] 프로그램 시작
[2026-08-11 16:49:24.396796] [WARNING] [framework] 프로그램 시작
[2026-08-11 16:49:24.396799] [INFO] [framework] 설정 파일 위치 : ../configs/robot_7
[2026-08-11 16:49:24.396798] [CRITICAL] [framework] 프로그램 시작
[2026-08-11 16:49:24.396924] [INFO] [framework] ID[0, 7], 이름[장세븐], 제어주기[20ms], 버젼[], 장소[우리집], 환경모드[simulation]
[2026-08-11 16:49:24.423992] [INFO] [framework] after init 실행
[2026-08-11 16:49:24.424396] [INFO] [framework] 제어 쓰레드 시작
[2026-08-11 16:49:46.492338] [INFO] [framework] 프로그램 시작
[2026-08-11 16:49:46.492349] [WARNING] [framework] 프로그램 시작
[2026-08-11 16:49:46.492422] [CRITICAL] [framework] 프로그램 시작
[2026-08-11 16:49:58.392053] [INFO] [framework] 프로그램 시작
[2026-08-11 16:49:58.392057] [WARNING] [framework] 프로그램 시작
[2026-08-11 16:49:58.392061] [INFO] [framework] 설정 파일 위치 : ../configs/robot_7
[2026-08-11 16:49:58.392060] [CRITICAL] [framework] 프로그램 시작
[2026-08-11 16:49:58.392187] [INFO] [framework] ID[0, 7], 이름[장세븐], 제어주기[20ms], 버젼[], 장소[우리집], 환경모드[simulation]
[2026-08-11 16:49:58.420150] [INFO] [framework] after init 실행
[2026-08-11 16:49:58.420420] [INFO] [framework] 제어 쓰레드 시작
[2026-08-11 16:52:17.137016] [INFO] [framework] 프로그램 시작
[2026-08-11 16:52:17.137022] [CRITICAL] [framework] 프로그램 시작
[2026-08-11 16:52:17.137021] [WARNING] [framework] 프로그램 시작
[2026-08-11 16:52:17.137022] [INFO] [framework] 설정 파일 위치 : ../configs/robot_7
[2026-08-11 16:52:17.137178] [INFO] [framework] ID[0, 7], 이름[장세븐], 제어주기[20ms], 버젼[], 장소[우리집], 환경모드[simulation]
[2026-08-11 16:52:17.170615] [INFO] [framework] after init 실행
[2026-08-11 16:52:17.170853] [INFO] [framework] 제어 쓰레드 시작
[2026-08-11 17:03:34.363917] [INFO] [framework] 프로그램 시작
[2026-08-11 17:03:34.363922] [WARNING] [framework] 프로그램 시작
[2026-08-11 17:03:34.363926] [INFO] [framework] 설정 파일 위치 : ../configs/robot_7
[2026-08-11 17:03:34.363925] [CRITICAL] [framework] 프로그램 시작
[2026-08-11 17:03:34.364123] [INFO] [framework] ID[0, 7], 이름[장세븐], 제어주기[20ms], 버젼[], 장소[우리집], 환경모드[simulation]
[2026-08-11 17:03:34.390946] [INFO] [framework] after init 실행
[2026-08-11 17:03:34.391229] [INFO] [framework] 제어 쓰레드 시작
[2026-08-11 17:24:37.818044] [INFO] [framework] 프로그램 시작
[2026-08-11 17:24:37.818047] [WARNING] [framework] 프로그램 시작
[2026-08-11 17:24:37.818051] [INFO] [framework] 설정 파일 위치 : ../configs/robot_7
[2026-08-11 17:24:37.818050] [CRITICAL] [framework] 프로그램 시작
[2026-08-11 17:24:37.818184] [INFO] [framework] ID[0, 7], 이름[장세븐], 제어주기[20ms], 버젼[], 장소[우리집], 환경모드[simulation]
[2026-08-11 17:24:37.849379] [INFO] [framework] after init 실행
[2026-08-11 17:24:37.849645] [INFO] [framework] 제어 쓰레드 시작
[2026-08-11 17:26:43.236307] [INFO] [framework] 프로그램 시작
[2026-08-11 17:26:43.236313] [WARNING] [framework] 프로그램 시작
[2026-08-11 17:26:43.236315] [INFO] [framework] 설정 파일 위치 : ../configs/robot_7
[2026-08-11 17:26:43.236314] [CRITICAL] [framework] 프로그램 시작
[2026-08-11 17:27:18.499451] [INFO] [framework] 프로그램 시작
[2026-08-11 17:27:18.499456] [CRITICAL] [framework] 프로그램 시작
[2026-08-11 17:27:18.499453] [WARNING] [framework] 프로그램 시작
[2026-08-11 17:27:18.499456] [INFO] [framework] 설정 파일 위치 : ../configs/robot_7
[2026-08-11 17:27:18.499568] [INFO] [framework] ID[0, 7], 이름[장세븐], 제어주기[20ms], 버젼[], 장소[우리집], 환경모드[simulation]
[2026-08-11 17:27:18.529350] [INFO] [framework] after init 실행
[2026-08-11 17:27:18.529625] [INFO] [framework] 제어 쓰레드 시작
[2026-08-11 17:27:37.752790] [INFO] [framework] 프로그램 시작
[2026-08-11 17:27:37.752794] [WARNING] [framework] 프로그램 시작
[2026-08-11 17:27:37.752798] [INFO] [framework] 설정 파일 위치 : ../configs/robot_7
[2026-08-11 17:27:37.752796] [CRITICAL] [framework] 프로그램 시작
[2026-08-11 17:27:55.416378] [INFO] [framework] 프로그램 시작
[2026-08-11 17:27:55.416382] [WARNING] [framework] 프로그램 시작
[2026-08-11 17:27:55.416385] [INFO] [framework] 설정 파일 위치 : ../configs/robot_7
[2026-08-11 17:27:55.416384] [CRITICAL] [framework] 프로그램 시작
[2026-08-11 17:27:55.416510] [INFO] [framework] ID[0, 7], 이름[장세븐], 제어주기[20ms], 버젼[], 장소[우리집], 환경모드[simulation]
[2026-08-11 17:27:55.447708] [INFO] [framework] after init 실행
[2026-08-11 17:27:55.447993] [INFO] [framework] 제어 쓰레드 시작
[2026-08-11 17:34:34.368018] [INFO] [framework] 프로그램 시작
[2026-08-11 17:34:34.368024] [WARNING] [framework] 프로그램 시작
[2026-08-11 17:34:34.368026] [CRITICAL] [framework] 프로그램 시작
[2026-08-11 17:34:34.368027] [INFO] [framework] 설정 파일 위치 : ../configs/robot_7
[2026-08-11 17:34:46.270964] [INFO] [framework] 프로그램 시작
[2026-08-11 17:34:46.270974] [CRITICAL] [framework] 프로그램 시작
[2026-08-11 17:34:46.270970] [WARNING] [framework] 프로그램 시작
[2026-08-11 17:34:46.270975] [INFO] [framework] 설정 파일 위치 : ../configs/robot_7
[2026-08-11 17:34:46.271126] [INFO] [framework] ID[0, 7], 이름[장세븐], 제어주기[20ms], 버젼[], 장소[우리집], 환경모드[simulation]
[2026-08-11 17:34:46.306431] [INFO] [framework] after init 실행
[2026-08-11 17:34:46.306748] [INFO] [framework] 제어 쓰레드 시작
[2026-08-11 17:40:32.790843] [INFO] [framework] 프로그램 시작
[2026-08-11 17:40:32.790847] [WARNING] [framework] 프로그램 시작
[2026-08-11 17:40:32.790850] [INFO] [framework] 설정 파일 위치 : ../configs/robot_7
[2026-08-11 17:40:32.790850] [CRITICAL] [framework] 프로그램 시작
[2026-08-11 17:40:32.790995] [INFO] [framework] ID[0, 7], 이름[장세븐], 제어주기[20ms], 버젼[], 장소[우리집], 환경모드[simulation]
[2026-08-11 17:40:32.823083] [INFO] [framework] after init 실행
[2026-08-11 17:40:32.823937] [INFO] [framework] 제어 쓰레드 시작
[2026-08-11 17:43:43.841327] [INFO] [framework] 프로그램 시작
[2026-08-11 17:43:43.841333] [CRITICAL] [framework] 프로그램 시작
[2026-08-11 17:43:43.841332] [WARNING] [framework] 프로그램 시작
[2026-08-11 17:44:21.655439] [INFO] [framework] 프로그램 시작
[2026-08-11 17:44:21.655443] [WARNING] [framework] 프로그램 시작
[2026-08-11 17:44:21.655446] [INFO] [framework] 설정 파일 위치 : ../configs/robot_7
[2026-08-11 17:44:21.655445] [CRITICAL] [framework] 프로그램 시작
[2026-08-11 17:44:21.655582] [INFO] [framework] ID[0, 7], 이름[장세븐], 제어주기[20ms], 버젼[], 장소[우리집], 환경모드[simulation]
[2026-08-11 17:44:21.688905] [INFO] [framework] after init 실행
[2026-08-11 17:44:21.689252] [INFO] [framework] 제어 쓰레드 시작
[2026-08-11 17:45:27.765558] [INFO] [framework] 프로그램 시작
[2026-08-11 17:45:27.765565] [WARNING] [framework] 프로그램 시작
[2026-08-11 17:45:27.765569] [INFO] [framework] 설정 파일 위치 : ../configs/robot_7
[2026-08-11 17:45:27.765568] [CRITICAL] [framework] 프로그램 시작
[2026-08-11 17:45:27.765721] [INFO] [framework] ID[0, 7], 이름[장세븐], 제어주기[20ms], 버젼[], 장소[우리집], 환경모드[simulation]
[2026-08-11 17:45:27.818780] [INFO] [framework] after init 실행
[2026-08-11 17:45:27.819211] [INFO] [framework] 제어 쓰레드 시작
[2026-08-11 17:45:51.301000] [INFO] [framework] 프로그램 시작
[2026-08-11 17:45:51.301004] [WARNING] [framework] 프로그램 시작
[2026-08-11 17:45:51.301005] [INFO] [framework] 설정 파일 위치 : ../configs/robot_7
[2026-08-11 17:45:51.301005] [CRITICAL] [framework] 프로그램 시작
[2026-08-11 17:45:51.301133] [INFO] [framework] ID[0, 7], 이름[장세븐], 제어주기[20ms], 버젼[], 장소[우리집], 환경모드[simulation]
[2026-08-11 17:45:51.350235] [INFO] [framework] after init 실행
[2026-08-11 17:45:51.350620] [INFO] [framework] 제어 쓰레드 시작
[2026-08-11 17:50:10.514787] [INFO] [framework] 프로그램 시작
[2026-08-11 17:50:10.514790] [WARNING] [framework] 프로그램 시작
[2026-08-11 17:50:10.514792] [INFO] [framework] 설정 파일 위치 : ../configs/robot_7
[2026-08-11 17:50:10.514792] [CRITICAL] [framework] 프로그램 시작
[2026-08-11 17:50:10.514904] [INFO] [framework] ID[0, 7], 이름[장세븐], 제어주기[20ms], 버젼[], 장소[우리집], 환경모드[simulation]
[2026-08-11 17:50:10.546351] [INFO] [framework] after init 실행
[2026-08-11 17:50:10.546624] [INFO] [framework] 제어 쓰레드 시작
