[2026-08-11 16:38:01.994097] [INFO] [task::fsm] 생성
[2026-08-11 16:38:01.994098] [INFO] [task::fsm] idle
[2026-08-11 16:45:50.013794] [INFO] [task::fsm] 생성
[2026-08-11 16:45:50.013795] [INFO] [task::fsm] idle
[2026-08-11 16:45:50.135108] [INFO] [task::fsm] charging
[2026-08-11 16:46:38.466105] [INFO] [task::fsm] push_done
[2026-08-11 16:46:38.525984] [INFO] [task::fsm] idle
[2026-08-11 16:47:04.699051] [INFO] [task::fsm] push_done
[2026-08-11 16:47:04.739015] [INFO] [task::fsm] idle
[2026-08-11 16:49:24.425182] [INFO] [task::fsm] 생성
[2026-08-11 16:49:24.425183] [INFO] [task::fsm] idle
[2026-08-11 16:49:58.427904] [INFO] [task::fsm] 생성
[2026-08-11 16:49:58.427905] [INFO] [task::fsm] idle
[2026-08-11 16:50:41.948996] [INFO] [task::fsm] push_done
[2026-08-11 16:50:42.008906] [INFO] [task::fsm] charging
[2026-08-11 16:51:13.829650] [INFO] [task::fsm] discharging
[2026-08-11 16:51:13.849563] [INFO] [task::fsm] idle
[2026-08-11 16:51:13.889541] [INFO] [task::fsm] idle
[2026-08-11 16:52:17.169301] [INFO] [task::fsm] 생성
[2026-08-11 16:52:17.169302] [INFO] [task::fsm] idle
[2026-08-11 16:52:24.156874] [INFO] [task::fsm] charging
[2026-08-11 16:52:47.849636] [INFO] [task::fsm] discharging
[2026-08-11 16:52:47.869641] [INFO] [task::fsm] idle
[2026-08-11 16:52:47.909563] [INFO] [task::fsm] idle
[2026-08-11 16:53:42.901947] [INFO] [task::fsm] charging
[2026-08-11 16:54:10.767031] [INFO] [task::fsm] push_done
[2026-08-11 16:54:10.826905] [INFO] [task::fsm] idle
[2026-08-11 16:54:56.847007] [INFO] [task::fsm] push_done
[2026-08-11 16:54:56.906890] [INFO] [task::fsm] charging
[2026-08-11 16:55:31.278874] [INFO] [task::fsm] discharging
[2026-08-11 16:55:31.298753] [INFO] [task::fsm] idle
[2026-08-11 16:55:31.338721] [INFO] [task::fsm] idle
[2026-08-11 16:56:26.330695] [INFO] [task::fsm] charging
[2026-08-11 16:57:24.078572] [INFO] [task::fsm] push_done
[2026-08-11 16:57:24.138465] [INFO] [task::fsm] idle
[2026-08-11 17:01:23.755718] [INFO] [task::fsm] push_done
[2026-08-11 17:01:23.795701] [INFO] [task::fsm] charging
[2026-08-11 17:02:09.882290] [INFO] [task::fsm] discharging
[2026-08-11 17:02:09.902226] [INFO] [task::fsm] idle
[2026-08-11 17:02:09.942185] [INFO] [task::fsm] idle
[2026-08-11 17:03:34.391656] [INFO] [task::fsm] 생성
[2026-08-11 17:03:34.391657] [INFO] [task::fsm] idle
[2026-08-11 17:03:35.652937] [INFO] [task::fsm] charging
[2026-08-11 17:03:58.588368] [INFO] [task::fsm] discharging
[2026-08-11 17:03:58.608324] [INFO] [task::fsm] idle
[2026-08-11 17:03:58.648253] [INFO] [task::fsm] idle
[2026-08-11 17:04:53.661570] [INFO] [task::fsm] charging
[2026-08-11 17:05:12.444926] [INFO] [task::fsm] discharging
[2026-08-11 17:05:12.464830] [INFO] [task::fsm] idle
[2026-08-11 17:05:12.504797] [INFO] [task::fsm] idle
[2026-08-11 17:06:07.497695] [INFO] [task::fsm] charging
[2026-08-11 17:06:26.262411] [INFO] [task::fsm] discharging
[2026-08-11 17:06:26.282423] [INFO] [task::fsm] idle
[2026-08-11 17:06:26.302392] [INFO] [task::fsm] idle
[2026-08-11 17:07:21.333889] [INFO] [task::fsm] charging
[2026-08-11 17:07:40.116823] [INFO] [task::fsm] discharging
[2026-08-11 17:07:40.136781] [INFO] [task::fsm] idle
[2026-08-11 17:07:40.176693] [INFO] [task::fsm] idle
[2026-08-11 17:10:34.059501] [INFO] [task::fsm] push_done
[2026-08-11 17:10:34.119388] [INFO] [task::fsm] idle
[2026-08-11 17:12:26.862517] [INFO] [task::fsm] push_done
[2026-08-11 17:12:26.902519] [INFO] [task::fsm] charging
[2026-08-11 17:24:37.859645] [INFO] [task::fsm] 생성
[2026-08-11 17:24:37.859646] [INFO] [task::fsm] idle
[2026-08-11 17:27:18.551828] [INFO] [task::fsm] 생성
[2026-08-11 17:27:18.551830] [INFO] [task::fsm] idle
[2026-08-11 17:27:18.673695] [INFO] [task::fsm] charging
[2026-08-11 17:27:55.449922] [INFO] [task::fsm] 생성
[2026-08-11 17:27:55.449923] [INFO] [task::fsm] idle
[2026-08-11 17:27:55.551156] [INFO] [task::fsm] charging
[2026-08-11 17:28:18.326625] [INFO] [task::fsm] discharging
[2026-08-11 17:28:18.346578] [INFO] [task::fsm] idle
[2026-08-11 17:28:18.386512] [INFO] [task::fsm] idle
[2026-08-11 17:30:03.883446] [INFO] [task::fsm] go_from_done
[2026-08-11 17:30:03.923425] [INFO] [task::fsm] loading
[2026-08-11 17:30:05.959313] [INFO] [task::fsm] loading_done
[2026-08-11 17:31:23.631697] [INFO] [task::fsm] go_to_done
[2026-08-11 17:31:23.691565] [INFO] [task::fsm] unloading
[2026-08-11 17:31:25.727524] [INFO] [task::fsm] unloading_done
[2026-08-11 17:31:25.767483] [INFO] [task::fsm] idle
[2026-08-11 17:32:14.452645] [INFO] [task::fsm] push_done
[2026-08-11 17:32:14.532485] [INFO] [task::fsm] idle
[2026-08-11 17:34:46.304504] [INFO] [task::fsm] 생성
[2026-08-11 17:34:46.304506] [INFO] [task::fsm] idle
[2026-08-11 17:34:49.880402] [INFO] [task::fsm] charging
[2026-08-11 17:35:13.114963] [INFO] [task::fsm] discharging
[2026-08-11 17:35:13.135065] [INFO] [task::fsm] idle
[2026-08-11 17:35:13.155018] [INFO] [task::fsm] idle
[2026-08-11 17:36:08.173652] [INFO] [task::fsm] charging
[2026-08-11 17:36:26.939408] [INFO] [task::fsm] discharging
[2026-08-11 17:36:26.959417] [INFO] [task::fsm] idle
[2026-08-11 17:36:26.999298] [INFO] [task::fsm] idle
[2026-08-11 17:37:22.022702] [INFO] [task::fsm] charging
[2026-08-11 17:37:40.807709] [INFO] [task::fsm] discharging
[2026-08-11 17:37:40.827662] [INFO] [task::fsm] idle
[2026-08-11 17:37:40.867588] [INFO] [task::fsm] idle
[2026-08-11 17:38:35.887163] [INFO] [task::fsm] charging
[2026-08-11 17:38:54.670375] [INFO] [task::fsm] discharging
[2026-08-11 17:38:54.690288] [INFO] [task::fsm] idle
[2026-08-11 17:38:54.730274] [INFO] [task::fsm] idle
[2026-08-11 17:39:49.723388] [INFO] [task::fsm] charging
[2026-08-11 17:40:32.827064] [INFO] [task::fsm] 생성
[2026-08-11 17:40:32.827066] [INFO] [task::fsm] idle
[2026-08-11 17:40:32.929351] [INFO] [task::fsm] charging
[2026-08-11 17:40:55.705287] [INFO] [task::fsm] discharging
[2026-08-11 17:40:55.725221] [INFO] [task::fsm] idle
[2026-08-11 17:40:55.765153] [INFO] [task::fsm] idle
[2026-08-11 17:42:13.557091] [INFO] [task::fsm] push_done
[2026-08-11 17:42:13.616969] [INFO] [task::fsm] idle
[2026-08-11 17:43:43.873101] [INFO] [task::fsm] 생성
[2026-08-11 17:43:43.873102] [INFO] [task::fsm] idle
[2026-08-11 17:44:21.689086] [INFO] [task::fsm] 생성
[2026-08-11 17:44:21.689089] [INFO] [task::fsm] idle
[2026-08-11 17:45:27.802953] [INFO] [task::fsm] 생성
[2026-08-11 17:45:27.802954] [INFO] [task::fsm] idle
[2026-08-11 17:45:51.335877] [INFO] [task::fsm] 생성
[2026-08-11 17:45:51.335878] [INFO] [task::fsm] idle
[2026-08-11 17:45:51.457353] [INFO] [task::fsm] charging
[2026-08-11 17:46:40.741914] [INFO] [task::fsm] push_done
[2026-08-11 17:46:40.781898] [INFO] [task::fsm] idle
[2026-08-11 17:50:10.545778] [INFO] [task::fsm] 생성
[2026-08-11 17:50:10.545779] [INFO] [task::fsm] idle
[2026-08-11 17:54:05.141446] [INFO] [task::fsm] push_done
[2026-08-11 17:54:05.201329] [INFO] [task::fsm] charging
[2026-08-11 17:54:51.292133] [INFO] [task::fsm] discharging
[2026-08-11 17:54:51.312050] [INFO] [task::fsm] idle
[2026-08-11 17:54:51.352092] [INFO] [task::fsm] idle
[2026-08-11 17:55:46.368315] [INFO] [task::fsm] charging
[2026-08-11 17:56:05.152113] [INFO] [task::fsm] discharging
[2026-08-11 17:56:05.172057] [INFO] [task::fsm] idle
[2026-08-11 17:56:05.212019] [INFO] [task::fsm] idle
[2026-08-11 17:57:00.207218] [INFO] [task::fsm] charging
[2026-08-11 17:57:18.982759] [INFO] [task::fsm] discharging
[2026-08-11 17:57:19.002991] [INFO] [task::fsm] idle
[2026-08-11 17:57:19.022976] [INFO] [task::fsm] idle
