[2026-08-11 16:38:01.990666] [INFO] [task::fsm] 생성
[2026-08-11 16:38:01.990667] [INFO] [task::fsm] idle
[2026-08-11 16:45:50.029254] [INFO] [task::fsm] 생성
[2026-08-11 16:45:50.029256] [INFO] [task::fsm] idle
[2026-08-11 16:47:34.494656] [INFO] [task::fsm] push_done
[2026-08-11 16:47:34.554542] [INFO] [task::fsm] charging
[2026-08-11 16:49:24.422791] [INFO] [task::fsm] 생성
[2026-08-11 16:49:24.422793] [INFO] [task::fsm] idle
[2026-08-11 16:49:58.418942] [INFO] [task::fsm] 생성
[2026-08-11 16:49:58.418943] [INFO] [task::fsm] idle
[2026-08-11 16:50:57.610797] [INFO] [task::fsm] push_done
[2026-08-11 16:50:57.670671] [INFO] [task::fsm] idle
[2026-08-11 16:51:33.673870] [INFO] [task::fsm] push_done
[2026-08-11 16:51:33.733744] [INFO] [task::fsm] charging
[2026-08-11 16:52:17.169390] [INFO] [task::fsm] 생성
[2026-08-11 16:52:17.169392] [INFO] [task::fsm] idle
[2026-08-11 16:53:08.648350] [INFO] [task::fsm] push_done
[2026-08-11 16:53:08.708209] [INFO] [task::fsm] idle
[2026-08-11 16:53:59.568327] [INFO] [task::fsm] push_done
[2026-08-11 16:53:59.628267] [INFO] [task::fsm] charging
[2026-08-11 16:54:37.457164] [INFO] [task::fsm] push_done
[2026-08-11 16:54:37.517090] [INFO] [task::fsm] idle
[2026-08-11 16:55:05.202955] [INFO] [task::fsm] push_done
[2026-08-11 16:55:05.242921] [INFO] [task::fsm] idle
[2026-08-11 16:57:18.419902] [INFO] [task::fsm] push_done
[2026-08-11 16:57:18.479794] [INFO] [task::fsm] charging
[2026-08-11 16:58:03.370083] [INFO] [task::fsm] discharging
[2026-08-11 16:58:03.390102] [INFO] [task::fsm] idle
[2026-08-11 16:58:03.430032] [INFO] [task::fsm] idle
[2026-08-11 16:59:58.426360] [INFO] [task::fsm] charging
[2026-08-11 17:00:16.851616] [INFO] [task::fsm] discharging
[2026-08-11 17:00:16.871554] [INFO] [task::fsm] idle
[2026-08-11 17:00:16.911541] [INFO] [task::fsm] idle
[2026-08-11 17:02:11.927769] [INFO] [task::fsm] charging
[2026-08-11 17:02:30.353275] [INFO] [task::fsm] discharging
[2026-08-11 17:02:30.373218] [INFO] [task::fsm] idle
[2026-08-11 17:02:30.413127] [INFO] [task::fsm] idle
[2026-08-11 17:03:34.389715] [INFO] [task::fsm] 생성
[2026-08-11 17:03:34.389716] [INFO] [task::fsm] idle
[2026-08-11 17:04:25.791073] [INFO] [task::fsm] push_done
[2026-08-11 17:04:25.850945] [INFO] [task::fsm] idle
[2026-08-11 17:08:07.895686] [INFO] [task::fsm] push_done
[2026-08-11 17:08:07.955576] [INFO] [task::fsm] charging
[2026-08-11 17:08:57.976784] [INFO] [task::fsm] push_done
[2026-08-11 17:08:58.016709] [INFO] [task::fsm] idle
[2026-08-11 17:09:52.309495] [INFO] [task::fsm] push_done
[2026-08-11 17:09:52.369387] [INFO] [task::fsm] charging
[2026-08-11 17:10:29.595367] [INFO] [task::fsm] discharging
[2026-08-11 17:10:29.615322] [INFO] [task::fsm] idle
[2026-08-11 17:10:29.655259] [INFO] [task::fsm] idle
[2026-08-11 17:12:24.631570] [INFO] [task::fsm] push_done
[2026-08-11 17:12:24.651522] [INFO] [task::fsm] charging
[2026-08-11 17:24:37.847992] [INFO] [task::fsm] 생성
[2026-08-11 17:24:37.847993] [INFO] [task::fsm] idle
[2026-08-11 17:25:59.475139] [INFO] [task::fsm] push_done
[2026-08-11 17:25:59.535001] [INFO] [task::fsm] charging
[2026-08-11 17:26:26.504060] [INFO] [task::fsm] discharging
[2026-08-11 17:26:26.524068] [INFO] [task::fsm] idle
[2026-08-11 17:26:26.544021] [INFO] [task::fsm] idle
[2026-08-11 17:27:18.528018] [INFO] [task::fsm] 생성
[2026-08-11 17:27:18.528019] [INFO] [task::fsm] idle
[2026-08-11 17:27:55.445845] [INFO] [task::fsm] 생성
[2026-08-11 17:27:55.445847] [INFO] [task::fsm] idle
[2026-08-11 17:28:40.582058] [INFO] [task::fsm] go_from_done
[2026-08-11 17:28:40.622052] [INFO] [task::fsm] loading
[2026-08-11 17:28:42.658491] [INFO] [task::fsm] loading_done
[2026-08-11 17:29:21.686981] [INFO] [task::fsm] go_to_done
[2026-08-11 17:29:21.746868] [INFO] [task::fsm] unloading
[2026-08-11 17:29:23.782825] [INFO] [task::fsm] unloading_done
[2026-08-11 17:29:23.842695] [INFO] [task::fsm] idle
[2026-08-11 17:30:16.703998] [INFO] [task::fsm] push_done
[2026-08-11 17:30:16.763899] [INFO] [task::fsm] charging
[2026-08-11 17:30:50.658109] [INFO] [task::fsm] discharging
[2026-08-11 17:30:50.678112] [INFO] [task::fsm] idle
[2026-08-11 17:30:50.718042] [INFO] [task::fsm] idle
[2026-08-11 17:31:36.048664] [INFO] [task::fsm] push_done
[2026-08-11 17:31:36.108540] [INFO] [task::fsm] idle
[2026-08-11 17:33:14.424403] [INFO] [task::fsm] push_done
[2026-08-11 17:33:14.484280] [INFO] [task::fsm] charging
[2026-08-11 17:33:40.334066] [INFO] [task::fsm] discharging
[2026-08-11 17:33:40.354071] [INFO] [task::fsm] idle
[2026-08-11 17:33:40.374047] [INFO] [task::fsm] idle
[2026-08-11 17:34:46.304430] [INFO] [task::fsm] 생성
[2026-08-11 17:34:46.304430] [INFO] [task::fsm] idle
[2026-08-11 17:35:16.430788] [INFO] [task::fsm] charging
[2026-08-11 17:35:34.854647] [INFO] [task::fsm] discharging
[2026-08-11 17:35:34.874603] [INFO] [task::fsm] idle
[2026-08-11 17:35:34.914526] [INFO] [task::fsm] idle
[2026-08-11 17:37:29.924951] [INFO] [task::fsm] charging
[2026-08-11 17:37:48.350833] [INFO] [task::fsm] discharging
[2026-08-11 17:37:48.370700] [INFO] [task::fsm] idle
[2026-08-11 17:37:48.410697] [INFO] [task::fsm] idle
[2026-08-11 17:39:43.435423] [INFO] [task::fsm] charging
[2026-08-11 17:40:01.859392] [INFO] [task::fsm] discharging
[2026-08-11 17:40:01.879305] [INFO] [task::fsm] idle
[2026-08-11 17:40:01.919289] [INFO] [task::fsm] idle
[2026-08-11 17:40:32.821780] [INFO] [task::fsm] 생성
[2026-08-11 17:40:32.821781] [INFO] [task::fsm] idle
[2026-08-11 17:41:02.926050] [INFO] [task::fsm] charging
[2026-08-11 17:41:21.364321] [INFO] [task::fsm] discharging
[2026-08-11 17:41:21.384306] [INFO] [task::fsm] idle
[2026-08-11 17:41:21.424202] [INFO] [task::fsm] idle
[2026-08-11 17:44:21.687585] [INFO] [task::fsm] 생성
[2026-08-11 17:44:21.687586] [INFO] [task::fsm] idle
[2026-08-11 17:44:51.813368] [INFO] [task::fsm] charging
[2026-08-11 17:45:10.240949] [INFO] [task::fsm] discharging
[2026-08-11 17:45:10.260975] [INFO] [task::fsm] idle
[2026-08-11 17:45:10.300938] [INFO] [task::fsm] idle
[2026-08-11 17:45:27.816916] [INFO] [task::fsm] 생성
[2026-08-11 17:45:27.816918] [INFO] [task::fsm] idle
[2026-08-11 17:45:51.349199] [INFO] [task::fsm] 생성
[2026-08-11 17:45:51.349200] [INFO] [task::fsm] idle
[2026-08-11 17:46:28.499297] [INFO] [task::fsm] push_done
[2026-08-11 17:46:28.559159] [INFO] [task::fsm] idle
[2026-08-11 17:50:10.542859] [INFO] [task::fsm] 생성
[2026-08-11 17:50:10.542860] [INFO] [task::fsm] idle
[2026-08-11 17:53:33.315869] [INFO] [task::fsm] push_done
[2026-08-11 17:53:33.375762] [INFO] [task::fsm] charging
[2026-08-11 17:54:06.551358] [INFO] [task::fsm] discharging
[2026-08-11 17:54:06.571277] [INFO] [task::fsm] idle
[2026-08-11 17:54:06.611259] [INFO] [task::fsm] idle
[2026-08-11 17:56:01.625479] [INFO] [task::fsm] charging
[2026-08-11 17:56:20.049222] [INFO] [task::fsm] discharging
[2026-08-11 17:56:20.069110] [INFO] [task::fsm] idle
[2026-08-11 17:56:20.109075] [INFO] [task::fsm] idle
