[2026-08-11 16:38:01.960983] [INFO] [mediator] 생성
[2026-08-11 16:38:02.002791] [INFO] [mediator] connectors 생성
[2026-08-11 16:38:02.004507] [INFO] [mediator] any map 등록
[2026-08-11 16:38:02.004514] [INFO] [mediator] any collector 등록
[2026-08-11 16:38:02.004504] [INFO] [mediator] connector 의존성 주입
[2026-08-11 16:38:02.004516] [INFO] [mediator] any collector 목록 검사
[2026-08-11 16:40:31.632364] [INFO] [mediator] 생성
[2026-08-11 16:40:31.673678] [INFO] [mediator] connectors 생성
[2026-08-11 16:40:31.675142] [INFO] [mediator] connector 의존성 주입
[2026-08-11 16:40:31.675159] [INFO] [mediator] any map 등록
[2026-08-11 16:40:31.675167] [INFO] [mediator] any collector 등록
[2026-08-11 16:40:31.675171] [INFO] [mediator] any collector 목록 검사
[2026-08-11 16:45:49.979548] [INFO] [mediator] 생성
[2026-08-11 16:45:50.022099] [INFO] [mediator] connectors 생성
[2026-08-11 16:45:50.023612] [INFO] [mediator] any map 등록
[2026-08-11 16:45:50.023608] [INFO] [mediator] connector 의존성 주입
[2026-08-11 16:45:50.023618] [INFO] [mediator] any collector 등록
[2026-08-11 16:45:50.023622] [INFO] [mediator] any collector 목록 검사
[2026-08-11 16:47:42.762878] [INFO] [mediator] 생성
[2026-08-11 16:47:42.788313] [INFO] [mediator] connectors 생성
[2026-08-11 16:47:42.789329] [INFO] [mediator] any map 등록
[2026-08-11 16:47:42.789327] [INFO] [mediator] connector 의존성 주입
[2026-08-11 16:47:42.789337] [INFO] [mediator] any collector 목록 검사
[2026-08-11 16:47:42.789335] [INFO] [mediator] any collector 등록
[2026-08-11 16:49:24.393015] [INFO] [mediator] 생성
[2026-08-11 16:49:24.434920] [INFO] [mediator] connectors 생성
[2026-08-11 16:49:24.436351] [INFO] [mediator] any map 등록
[2026-08-11 16:49:24.436347] [INFO] [mediator] connector 의존성 주입
[2026-08-11 16:49:24.436357] [INFO] [mediator] any collector 등록
[2026-08-11 16:49:24.436359] [INFO] [mediator] any collector 목록 검사
[2026-08-11 16:49:46.484300] [INFO] [mediator] 생성
[2026-08-11 16:49:46.528747] [INFO] [mediator] connectors 생성
[2026-08-11 16:49:46.530372] [INFO] [mediator] connector 의존성 주입
[2026-08-11 16:49:46.530398] [INFO] [mediator] any map 등록
[2026-08-11 16:49:46.530409] [INFO] [mediator] any collector 등록
[2026-08-11 16:49:46.530413] [INFO] [mediator] any collector 목록 검사
[2026-08-11 16:52:17.128583] [INFO] [mediator] 생성
[2026-08-11 16:52:17.171490] [INFO] [mediator] connectors 생성
[2026-08-11 16:52:17.172947] [INFO] [mediator] connector 의존성 주입
[2026-08-11 16:52:17.172951] [INFO] [mediator] any map 등록
[2026-08-11 16:52:17.172958] [INFO] [mediator] any collector 등록
[2026-08-11 16:52:17.172962] [INFO] [mediator] any collector 목록 검사
[2026-08-11 17:03:34.356475] [INFO] [mediator] 생성
[2026-08-11 17:03:34.382480] [INFO] [mediator] connectors 생성
[2026-08-11 17:03:34.383619] [INFO] [mediator] any map 등록
[2026-08-11 17:03:34.383617] [INFO] [mediator] connector 의존성 주입
[2026-08-11 17:03:34.383628] [INFO] [mediator] any collector 등록
[2026-08-11 17:03:34.383631] [INFO] [mediator] any collector 목록 검사
[2026-08-11 17:24:37.812648] [INFO] [mediator] 생성
[2026-08-11 17:24:37.860833] [INFO] [mediator] connectors 생성
[2026-08-11 17:24:37.862208] [INFO] [mediator] connector 의존성 주입
[2026-08-11 17:24:37.862215] [INFO] [mediator] any map 등록
[2026-08-11 17:24:37.862220] [INFO] [mediator] any collector 등록
[2026-08-11 17:24:37.862223] [INFO] [mediator] any collector 목록 검사
[2026-08-11 17:27:18.494013] [INFO] [mediator] 생성
[2026-08-11 17:27:18.544474] [INFO] [mediator] connectors 생성
[2026-08-11 17:27:18.545930] [INFO] [mediator] connector 의존성 주입
[2026-08-11 17:27:18.545932] [INFO] [mediator] any map 등록
[2026-08-11 17:27:18.545939] [INFO] [mediator] any collector 등록
[2026-08-11 17:27:18.545942] [INFO] [mediator] any collector 목록 검사
[2026-08-11 17:27:55.411418] [INFO] [mediator] 생성
[2026-08-11 17:27:55.458708] [INFO] [mediator] connectors 생성
[2026-08-11 17:27:55.459616] [INFO] [mediator] connector 의존성 주입
[2026-08-11 17:27:55.459619] [INFO] [mediator] any map 등록
[2026-08-11 17:27:55.459626] [INFO] [mediator] any collector 등록
[2026-08-11 17:27:55.459629] [INFO] [mediator] any collector 목록 검사
[2026-08-11 17:34:46.264670] [INFO] [mediator] 생성
[2026-08-11 17:34:46.295532] [INFO] [mediator] connectors 생성
[2026-08-11 17:34:46.296548] [INFO] [mediator] any map 등록
[2026-08-11 17:34:46.296546] [INFO] [mediator] connector 의존성 주입
[2026-08-11 17:34:46.296556] [INFO] [mediator] any collector 등록
[2026-08-11 17:34:46.296559] [INFO] [mediator] any collector 목록 검사
[2026-08-11 17:40:32.785929] [INFO] [mediator] 생성
[2026-08-11 17:40:32.836602] [INFO] [mediator] connectors 생성
[2026-08-11 17:40:32.838030] [INFO] [mediator] any map 등록
[2026-08-11 17:40:32.838036] [INFO] [mediator] any collector 등록
[2026-08-11 17:40:32.838026] [INFO] [mediator] connector 의존성 주입
[2026-08-11 17:40:32.838039] [INFO] [mediator] any collector 목록 검사
[2026-08-11 17:44:21.650973] [INFO] [mediator] 생성
[2026-08-11 17:44:21.701320] [INFO] [mediator] connectors 생성
[2026-08-11 17:44:21.702339] [INFO] [mediator] connector 의존성 주입
[2026-08-11 17:44:21.702351] [INFO] [mediator] any map 등록
[2026-08-11 17:44:21.702361] [INFO] [mediator] any collector 등록
[2026-08-11 17:44:21.702364] [INFO] [mediator] any collector 목록 검사
[2026-08-11 17:45:27.759631] [INFO] [mediator] 생성
[2026-08-11 17:45:27.809572] [INFO] [mediator] connectors 생성
[2026-08-11 17:45:27.812020] [INFO] [mediator] connector 의존성 주입
[2026-08-11 17:45:27.812034] [INFO] [mediator] any collector 등록
[2026-08-11 17:45:27.812036] [INFO] [mediator] any collector 목록 검사
[2026-08-11 17:45:27.812025] [INFO] [mediator] any map 등록
[2026-08-11 17:45:51.298918] [INFO] [mediator] 생성
[2026-08-11 17:45:51.349599] [INFO] [mediator] connectors 생성
[2026-08-11 17:45:51.351062] [INFO] [mediator] any map 등록
[2026-08-11 17:45:51.351068] [INFO] [mediator] any collector 등록
[2026-08-11 17:45:51.351058] [INFO] [mediator] connector 의존성 주입
[2026-08-11 17:45:51.351071] [INFO] [mediator] any collector 목록 검사
[2026-08-11 17:50:10.509697] [INFO] [mediator] 생성
[2026-08-11 17:50:10.552346] [INFO] [mediator] connectors 생성
[2026-08-11 17:50:10.553465] [INFO] [mediator] connector 의존성 주입
[2026-08-11 17:50:10.553483] [INFO] [mediator] any collector 등록
[2026-08-11 17:50:10.553485] [INFO] [mediator] any collector 목록 검사
[2026-08-11 17:50:10.553476] [INFO] [mediator] any map 등록
