[2026-08-11 16:38:02.009577] [INFO] [task::fsm] 생성
[2026-08-11 16:38:02.009578] [INFO] [task::fsm] idle
[2026-08-11 16:45:50.025749] [INFO] [task::fsm] 생성
[2026-08-11 16:45:50.025750] [INFO] [task::fsm] idle
[2026-08-11 16:45:50.127844] [INFO] [task::fsm] charging
[2026-08-11 16:46:34.903557] [INFO] [task::fsm] discharging
[2026-08-11 16:46:34.923506] [INFO] [task::fsm] idle
[2026-08-11 16:46:34.963439] [INFO] [task::fsm] idle
[2026-08-11 16:47:29.985708] [INFO] [task::fsm] charging
[2026-08-11 16:49:24.433358] [INFO] [task::fsm] 생성
[2026-08-11 16:49:24.433359] [INFO] [task::fsm] idle
[2026-08-11 16:49:24.534784] [INFO] [task::fsm] charging
[2026-08-11 16:49:58.415652] [INFO] [task::fsm] 생성
[2026-08-11 16:49:58.415653] [INFO] [task::fsm] idle
[2026-08-11 16:50:00.414078] [INFO] [task::fsm] charging
[2026-08-11 16:50:47.446773] [INFO] [task::fsm] push_done
[2026-08-11 16:50:47.486749] [INFO] [task::fsm] idle
[2026-08-11 16:51:32.729599] [INFO] [task::fsm] push_done
[2026-08-11 16:51:32.809477] [INFO] [task::fsm] charging
[2026-08-11 16:52:17.177025] [INFO] [task::fsm] 생성
[2026-08-11 16:52:17.177026] [INFO] [task::fsm] idle
[2026-08-11 16:52:24.147049] [INFO] [task::fsm] charging
[2026-08-11 16:53:09.438584] [INFO] [task::fsm] discharging
[2026-08-11 16:53:09.458588] [INFO] [task::fsm] idle
[2026-08-11 16:53:09.478560] [INFO] [task::fsm] idle
[2026-08-11 16:54:28.665243] [INFO] [task::fsm] push_done
[2026-08-11 16:54:28.725252] [INFO] [task::fsm] idle
[2026-08-11 16:54:56.013511] [INFO] [task::fsm] push_done
[2026-08-11 16:54:56.073405] [INFO] [task::fsm] charging
[2026-08-11 16:55:25.993311] [INFO] [task::fsm] discharging
[2026-08-11 16:55:26.013317] [INFO] [task::fsm] idle
[2026-08-11 16:55:26.033244] [INFO] [task::fsm] idle
[2026-08-11 16:56:21.049312] [INFO] [task::fsm] charging
[2026-08-11 16:56:39.811770] [INFO] [task::fsm] discharging
[2026-08-11 16:56:39.831673] [INFO] [task::fsm] idle
[2026-08-11 16:56:39.871634] [INFO] [task::fsm] idle
[2026-08-11 16:57:34.902564] [INFO] [task::fsm] charging
[2026-08-11 16:57:53.684524] [INFO] [task::fsm] discharging
[2026-08-11 16:57:53.704486] [INFO] [task::fsm] idle
[2026-08-11 16:57:53.744390] [INFO] [task::fsm] idle
[2026-08-11 16:58:48.758022] [INFO] [task::fsm] charging
[2026-08-11 16:59:07.541693] [INFO] [task::fsm] discharging
[2026-08-11 16:59:07.561608] [INFO] [task::fsm] idle
[2026-08-11 16:59:07.601596] [INFO] [task::fsm] idle
[2026-08-11 17:00:02.632447] [INFO] [task::fsm] charging
[2026-08-11 17:00:21.416182] [INFO] [task::fsm] discharging
[2026-08-11 17:00:21.436150] [INFO] [task::fsm] idle
[2026-08-11 17:00:21.476062] [INFO] [task::fsm] idle
[2026-08-11 17:01:16.488471] [INFO] [task::fsm] charging
[2026-08-11 17:01:35.271980] [INFO] [task::fsm] discharging
[2026-08-11 17:01:35.291869] [INFO] [task::fsm] idle
[2026-08-11 17:01:35.331796] [INFO] [task::fsm] idle
[2026-08-11 17:02:30.342917] [INFO] [task::fsm] charging
[2026-08-11 17:02:49.124540] [INFO] [task::fsm] discharging
[2026-08-11 17:02:49.144550] [INFO] [task::fsm] idle
[2026-08-11 17:02:49.164496] [INFO] [task::fsm] idle
[2026-08-11 17:03:34.403622] [INFO] [task::fsm] 생성
[2026-08-11 17:03:34.403624] [INFO] [task::fsm] idle
[2026-08-11 17:03:35.663422] [INFO] [task::fsm] charging
[2026-08-11 17:04:20.597254] [INFO] [task::fsm] discharging
[2026-08-11 17:04:20.617264] [INFO] [task::fsm] idle
[2026-08-11 17:04:20.637239] [INFO] [task::fsm] idle
[2026-08-11 17:05:15.648786] [INFO] [task::fsm] charging
[2026-08-11 17:05:34.414342] [INFO] [task::fsm] discharging
[2026-08-11 17:05:34.434313] [INFO] [task::fsm] idle
[2026-08-11 17:05:34.474237] [INFO] [task::fsm] idle
[2026-08-11 17:06:29.466212] [INFO] [task::fsm] charging
[2026-08-11 17:06:48.228141] [INFO] [task::fsm] discharging
[2026-08-11 17:06:48.248161] [INFO] [task::fsm] idle
[2026-08-11 17:06:48.268104] [INFO] [task::fsm] idle
[2026-08-11 17:07:43.280327] [INFO] [task::fsm] charging
[2026-08-11 17:08:02.043946] [INFO] [task::fsm] discharging
[2026-08-11 17:08:02.063867] [INFO] [task::fsm] idle
[2026-08-11 17:08:02.103803] [INFO] [task::fsm] idle
[2026-08-11 17:08:57.097620] [INFO] [task::fsm] charging
[2026-08-11 17:09:15.861311] [INFO] [task::fsm] discharging
[2026-08-11 17:09:15.881345] [INFO] [task::fsm] idle
[2026-08-11 17:09:15.901305] [INFO] [task::fsm] idle
[2026-08-11 17:10:10.933020] [INFO] [task::fsm] charging
[2026-08-11 17:10:29.715248] [INFO] [task::fsm] discharging
[2026-08-11 17:10:29.735212] [INFO] [task::fsm] idle
[2026-08-11 17:10:29.775147] [INFO] [task::fsm] idle
[2026-08-11 17:11:25.747047] [INFO] [task::fsm] idle
[2026-08-11 17:11:25.806898] [INFO] [task::fsm] charging
[2026-08-11 17:11:44.710415] [INFO] [task::fsm] discharging
[2026-08-11 17:11:44.730430] [INFO] [task::fsm] idle
[2026-08-11 17:11:44.750415] [INFO] [task::fsm] idle
[2026-08-11 17:12:38.744479] [INFO] [task::fsm] push_done
[2026-08-11 17:12:38.804360] [INFO] [task::fsm] idle
[2026-08-11 17:24:37.849905] [INFO] [task::fsm] 생성
[2026-08-11 17:24:37.849906] [INFO] [task::fsm] idle
[2026-08-11 17:24:59.568973] [INFO] [task::fsm] push_done
[2026-08-11 17:24:59.608942] [INFO] [task::fsm] charging
[2026-08-11 17:25:44.903637] [INFO] [task::fsm] discharging
[2026-08-11 17:25:44.923639] [INFO] [task::fsm] idle
[2026-08-11 17:25:44.943617] [INFO] [task::fsm] idle
[2026-08-11 17:27:18.536292] [INFO] [task::fsm] 생성
[2026-08-11 17:27:18.536294] [INFO] [task::fsm] idle
[2026-08-11 17:27:18.637538] [INFO] [task::fsm] charging
[2026-08-11 17:27:55.455966] [INFO] [task::fsm] 생성
[2026-08-11 17:27:55.455967] [INFO] [task::fsm] idle
[2026-08-11 17:27:55.557452] [INFO] [task::fsm] charging
[2026-08-11 17:29:21.437261] [INFO] [task::fsm] go_from_done
[2026-08-11 17:29:21.497143] [INFO] [task::fsm] loading
[2026-08-11 17:29:23.534239] [INFO] [task::fsm] loading_done
[2026-08-11 17:30:44.542540] [INFO] [task::fsm] go_to_done
[2026-08-11 17:30:44.602417] [INFO] [task::fsm] unloading
[2026-08-11 17:30:46.638223] [INFO] [task::fsm] unloading_done
[2026-08-11 17:30:46.698099] [INFO] [task::fsm] idle
[2026-08-11 17:31:59.577104] [INFO] [task::fsm] push_done
[2026-08-11 17:31:59.636972] [INFO] [task::fsm] charging
[2026-08-11 17:32:44.927298] [INFO] [task::fsm] discharging
[2026-08-11 17:32:44.947291] [INFO] [task::fsm] idle
[2026-08-11 17:32:44.967268] [INFO] [task::fsm] idle
[2026-08-11 17:33:39.982743] [INFO] [task::fsm] charging
[2026-08-11 17:33:58.747899] [INFO] [task::fsm] discharging
[2026-08-11 17:33:58.767870] [INFO] [task::fsm] idle
[2026-08-11 17:33:58.807786] [INFO] [task::fsm] idle
[2026-08-11 17:34:46.298347] [INFO] [task::fsm] 생성
[2026-08-11 17:34:46.298348] [INFO] [task::fsm] idle
[2026-08-11 17:35:38.957469] [INFO] [task::fsm] push_done
[2026-08-11 17:35:39.017350] [INFO] [task::fsm] charging
[2026-08-11 17:36:24.313157] [INFO] [task::fsm] discharging
[2026-08-11 17:36:24.333175] [INFO] [task::fsm] idle
[2026-08-11 17:36:24.353111] [INFO] [task::fsm] idle
[2026-08-11 17:37:19.388609] [INFO] [task::fsm] charging
[2026-08-11 17:37:38.172884] [INFO] [task::fsm] discharging
[2026-08-11 17:37:38.192849] [INFO] [task::fsm] idle
[2026-08-11 17:37:38.232779] [INFO] [task::fsm] idle
[2026-08-11 17:38:33.253458] [INFO] [task::fsm] charging
[2026-08-11 17:38:52.038238] [INFO] [task::fsm] discharging
[2026-08-11 17:38:52.058236] [INFO] [task::fsm] idle
[2026-08-11 17:38:52.098156] [INFO] [task::fsm] idle
[2026-08-11 17:39:47.127013] [INFO] [task::fsm] charging
[2026-08-11 17:40:05.911578] [INFO] [task::fsm] discharging
[2026-08-11 17:40:05.931539] [INFO] [task::fsm] idle
[2026-08-11 17:40:05.971432] [INFO] [task::fsm] idle
[2026-08-11 17:40:32.837419] [INFO] [task::fsm] 생성
[2026-08-11 17:40:32.837420] [INFO] [task::fsm] idle
[2026-08-11 17:40:32.938828] [INFO] [task::fsm] charging
[2026-08-11 17:41:17.711715] [INFO] [task::fsm] discharging
[2026-08-11 17:41:17.731719] [INFO] [task::fsm] idle
[2026-08-11 17:41:17.751679] [INFO] [task::fsm] idle
[2026-08-11 17:42:12.784099] [INFO] [task::fsm] charging
[2026-08-11 17:42:31.567958] [INFO] [task::fsm] discharging
[2026-08-11 17:42:31.587919] [INFO] [task::fsm] idle
[2026-08-11 17:44:21.681136] [INFO] [task::fsm] 생성
[2026-08-11 17:44:21.681137] [INFO] [task::fsm] idle
[2026-08-11 17:44:21.782553] [INFO] [task::fsm] charging
[2026-08-11 17:45:06.562864] [INFO] [task::fsm] discharging
[2026-08-11 17:45:06.582814] [INFO] [task::fsm] idle
[2026-08-11 17:45:06.622765] [INFO] [task::fsm] idle
[2026-08-11 17:45:27.793507] [INFO] [task::fsm] 생성
[2026-08-11 17:45:27.793508] [INFO] [task::fsm] idle
[2026-08-11 17:45:27.795138] [INFO] [task::fsm] idle
[2026-08-11 17:45:51.352230] [INFO] [task::fsm] 생성
[2026-08-11 17:45:51.352231] [INFO] [task::fsm] idle
[2026-08-11 17:45:51.454722] [INFO] [task::fsm] charging
[2026-08-11 17:46:36.226286] [INFO] [task::fsm] discharging
[2026-08-11 17:46:36.246199] [INFO] [task::fsm] idle
[2026-08-11 17:46:36.286168] [INFO] [task::fsm] idle
[2026-08-11 17:50:10.558112] [INFO] [task::fsm] 생성
[2026-08-11 17:50:10.558113] [INFO] [task::fsm] idle
[2026-08-11 17:50:10.660071] [INFO] [task::fsm] charging
[2026-08-11 17:50:55.436102] [INFO] [task::fsm] discharging
[2026-08-11 17:50:55.456125] [INFO] [task::fsm] idle
[2026-08-11 17:50:55.476097] [INFO] [task::fsm] idle
[2026-08-11 17:51:50.510626] [INFO] [task::fsm] charging
[2026-08-11 17:52:09.292889] [INFO] [task::fsm] discharging
[2026-08-11 17:52:09.312809] [INFO] [task::fsm] idle
[2026-08-11 17:52:09.352744] [INFO] [task::fsm] idle
[2026-08-11 17:52:44.824319] [INFO] [task::fsm] push_done
[2026-08-11 17:52:44.884212] [INFO] [task::fsm] idle
[2026-08-11 17:54:04.368052] [INFO] [task::fsm] push_done
[2026-08-11 17:54:04.427949] [INFO] [task::fsm] charging
[2026-08-11 17:54:38.642580] [INFO] [task::fsm] discharging
[2026-08-11 17:54:38.662495] [INFO] [task::fsm] idle
[2026-08-11 17:54:38.702463] [INFO] [task::fsm] idle
[2026-08-11 17:55:15.090225] [INFO] [task::fsm] push_done
[2026-08-11 17:55:15.150092] [INFO] [task::fsm] idle
[2026-08-11 17:56:06.091144] [INFO] [task::fsm] push_done
[2026-08-11 17:56:06.151094] [INFO] [task::fsm] charging
[2026-08-11 17:56:34.136746] [INFO] [task::fsm] discharging
[2026-08-11 17:56:34.156696] [INFO] [task::fsm] idle
[2026-08-11 17:56:34.196653] [INFO] [task::fsm] idle
[2026-08-11 17:57:29.194662] [INFO] [task::fsm] charging
