[2026-08-11 16:38:01.970364] [INFO] [framework] 프로그램 시작
[2026-08-11 16:38:01.970370] [WARNING] [framework] 프로그램 시작
[2026-08-11 16:38:01.970374] [INFO] [framework] 설정 파일 위치 : ../configs/robot_9
[2026-08-11 16:38:01.970373] [CRITICAL] [framework] 프로그램 시작
[2026-08-11 16:38:01.970549] [INFO] [framework] ID[0, 9], 이름[임나인], 제어주기[20ms], 버젼[], 장소[우리집], 환경모드[simulation]
[2026-08-11 16:38:02.004514] [INFO] [framework] after init 실행
[2026-08-11 16:38:02.004873] [INFO] [framework] 제어 쓰레드 시작
[2026-08-11 16:40:31.639102] [INFO] [framework] 프로그램 시작
[2026-08-11 16:40:31.639107] [WARNING] [framework] 프로그램 시작
[2026-08-11 16:40:31.639108] [INFO] [framework] 설정 파일 위치 : ../configs/robot_9
[2026-08-11 16:40:31.639108] [CRITICAL] [framework] 프로그램 시작
[2026-08-11 16:45:49.988140] [INFO] [framework] 프로그램 시작
[2026-08-11 16:45:49.988143] [WARNING] [framework] 프로그램 시작
[2026-08-11 16:45:49.988146] [INFO] [framework] 설정 파일 위치 : ../configs/robot_9
[2026-08-11 16:45:49.988145] [CRITICAL] [framework] 프로그램 시작
[2026-08-11 16:45:49.988254] [INFO] [framework] ID[0, 9], 이름[임나인], 제어주기[20ms], 버젼[], 장소[우리집], 환경모드[simulation]
[2026-08-11 16:45:50.014343] [INFO] [framework] after init 실행
[2026-08-11 16:45:50.014600] [INFO] [framework] 제어 쓰레드 시작
[2026-08-11 16:47:42.769929] [INFO] [framework] 프로그램 시작
[2026-08-11 16:47:42.769938] [CRITICAL] [framework] 프로그램 시작
[2026-08-11 16:47:42.769934] [WARNING] [framework] 프로그램 시작
[2026-08-11 16:49:24.400472] [INFO] [framework] 프로그램 시작
[2026-08-11 16:49:24.400482] [CRITICAL] [framework] 프로그램 시작
[2026-08-11 16:49:24.400477] [WARNING] [framework] 프로그램 시작
[2026-08-11 16:49:24.400482] [INFO] [framework] 설정 파일 위치 : ../configs/robot_9
[2026-08-11 16:49:24.400634] [INFO] [framework] ID[0, 9], 이름[임나인], 제어주기[20ms], 버젼[], 장소[우리집], 환경모드[simulation]
[2026-08-11 16:49:24.444810] [INFO] [framework] after init 실행
[2026-08-11 16:49:24.445176] [INFO] [framework] 제어 쓰레드 시작
[2026-08-11 16:49:46.492242] [INFO] [framework] 프로그램 시작
[2026-08-11 16:49:46.492246] [WARNING] [framework] 프로그램 시작
[2026-08-11 16:49:46.492248] [INFO] [framework] 설정 파일 위치 : ../configs/robot_9
[2026-08-11 16:49:46.492247] [CRITICAL] [framework] 프로그램 시작
[2026-08-11 16:49:46.492353] [INFO] [framework] ID[0, 9], 이름[임나인], 제어주기[20ms], 버젼[], 장소[우리집], 환경모드[simulation]
[2026-08-11 16:49:46.520766] [INFO] [framework] after init 실행
[2026-08-11 16:49:46.521080] [INFO] [framework] 제어 쓰레드 시작
[2026-08-11 16:49:58.394105] [INFO] [framework] 프로그램 시작
[2026-08-11 16:49:58.394111] [WARNING] [framework] 프로그램 시작
[2026-08-11 16:49:58.394114] [INFO] [framework] 설정 파일 위치 : ../configs/robot_9
[2026-08-11 16:49:58.394113] [CRITICAL] [framework] 프로그램 시작
[2026-08-11 16:49:58.394229] [INFO] [framework] ID[0, 9], 이름[임나인], 제어주기[20ms], 버젼[], 장소[우리집], 환경모드[simulation]
[2026-08-11 16:49:58.421445] [INFO] [framework] after init 실행
[2026-08-11 16:49:58.421816] [INFO] [framework] 제어 쓰레드 시작
[2026-08-11 16:52:17.137314] [INFO] [framework] 프로그램 시작
[2026-08-11 16:52:17.137317] [WARNING] [framework] 프로그램 시작
[2026-08-11 16:52:17.137319] [INFO] [framework] 설정 파일 위치 : ../configs/robot_9
[2026-08-11 16:52:17.137318] [CRITICAL] [framework] 프로그램 시작
[2026-08-11 16:52:17.137436] [INFO] [framework] ID[0, 9], 이름[임나인], 제어주기[20ms], 버젼[], 장소[우리집], 환경모드[simulation]
[2026-08-11 16:52:17.166154] [INFO] [framework] after init 실행
[2026-08-11 16:52:17.166430] [INFO] [framework] 제어 쓰레드 시작
[2026-08-11 17:03:34.365434] [INFO] [framework] 프로그램 시작
[2026-08-11 17:03:34.365440] [CRITICAL] [framework] 프로그램 시작
[2026-08-11 17:03:34.365441] [INFO] [framework] 설정 파일 위치 : ../configs/robot_9
[2026-08-11 17:03:34.365438] [WARNING] [framework] 프로그램 시작
[2026-08-11 17:03:34.365556] [INFO] [framework] ID[0, 9], 이름[임나인], 제어주기[20ms], 버젼[], 장소[우리집], 환경모드[simulation]
[2026-08-11 17:03:34.390628] [INFO] [framework] after init 실행
[2026-08-11 17:03:34.390977] [INFO] [framework] 제어 쓰레드 시작
