[2026-08-11 16:38:01.994035] [INFO] [path_server] 생성
[2026-08-11 16:38:01.994101] [INFO] [path_server] 경로 삭제
[2026-08-11 16:38:01.996039] [INFO] [path_server] 노드 초기화 성공 : 로봇 좌표[1.003m 4.002m 179.329°] 최단 거리 노드[204] 거리(0.003553m)
[2026-08-11 16:45:50.013762] [INFO] [path_server] 생성
[2026-08-11 16:45:50.013797] [INFO] [path_server] 경로 삭제
[2026-08-11 16:45:50.015298] [INFO] [path_server] 노드 초기화 성공 : 로봇 좌표[5.504m 6.998m -179.385°] 최단 거리 노드[102] 거리(0.004241m)
[2026-08-11 16:46:09.118374] [INFO] [path_server] 새로운 경로 설정 : path[102 ➜ 1024] time[0s] dist[24m] list[17] : 102-1183-1184-1045-1046-1047-1048-1001-1002-1003-1004-1005-1006-1021-1022-1023-1024
[2026-08-11 16:46:16.286332] [INFO] [path_server] 노드 업데이트 : [1183] ➜ [1184]
[2026-08-11 16:46:16.346246] [INFO] [path_server] 새로운 경로 설정 : path[1183 ➜ 1024] time[0s] dist[22.5m] list[16] : 1183-1184-1045-1046-1047-1048-1001-1002-1003-1004-1005-1006-1021-1022-1023-1024
[2026-08-11 16:46:19.919293] [INFO] [path_server] 노드 업데이트 : [1184] ➜ [1045]
[2026-08-11 16:46:19.999173] [INFO] [path_server] 새로운 경로 설정 : path[1184 ➜ 1024] time[0s] dist[21m] list[15] : 1184-1045-1046-1047-1048-1001-1002-1003-1004-1005-1006-1021-1022-1023-1024
[2026-08-11 16:46:21.256644] [INFO] [path_server] 노드 업데이트 : [1045] ➜ [1046]
[2026-08-11 16:46:21.316538] [INFO] [path_server] 새로운 경로 설정 : path[1045 ➜ 1024] time[0s] dist[19.5m] list[14] : 1045-1046-1047-1048-1001-1002-1003-1004-1005-1006-1021-1022-1023-1024
[2026-08-11 16:46:24.591407] [INFO] [path_server] 노드 업데이트 : [1046] ➜ [1047]
[2026-08-11 16:46:24.671285] [INFO] [path_server] 새로운 경로 설정 : path[1046 ➜ 1024] time[0s] dist[18m] list[13] : 1046-1047-1048-1001-1002-1003-1004-1005-1006-1021-1022-1023-1024
[2026-08-11 16:46:25.709355] [INFO] [path_server] 노드 업데이트 : [1047] ➜ [1048]
[2026-08-11 16:46:25.789270] [INFO] [path_server] 새로운 경로 설정 : path[1047 ➜ 1024] time[0s] dist[16.5m] list[12] : 1047-1048-1001-1002-1003-1004-1005-1006-1021-1022-1023-1024
[2026-08-11 16:46:26.527920] [INFO] [path_server] 노드 업데이트 : [1048] ➜ [1001]
[2026-08-11 16:46:26.607833] [INFO] [path_server] 새로운 경로 설정 : path[1048 ➜ 1024] time[0s] dist[15m] list[11] : 1048-1001-1002-1003-1004-1005-1006-1021-1022-1023-1024
[2026-08-11 16:46:27.286524] [INFO] [path_server] 노드 업데이트 : [1001] ➜ [1002]
[2026-08-11 16:46:27.346428] [INFO] [path_server] 새로운 경로 설정 : path[1001 ➜ 1024] time[0s] dist[13.5m] list[10] : 1001-1002-1003-1004-1005-1006-1021-1022-1023-1024
[2026-08-11 16:46:28.045248] [INFO] [path_server] 노드 업데이트 : [1002] ➜ [1003]
[2026-08-11 16:46:28.125143] [INFO] [path_server] 새로운 경로 설정 : path[1002 ➜ 1024] time[0s] dist[12m] list[9] : 1002-1003-1004-1005-1006-1021-1022-1023-1024
[2026-08-11 16:46:28.783888] [INFO] [path_server] 노드 업데이트 : [1003] ➜ [1004]
[2026-08-11 16:46:28.843798] [INFO] [path_server] 새로운 경로 설정 : path[1003 ➜ 1024] time[0s] dist[10.5m] list[8] : 1003-1004-1005-1006-1021-1022-1023-1024
[2026-08-11 16:46:29.542572] [INFO] [path_server] 노드 업데이트 : [1004] ➜ [1005]
[2026-08-11 16:46:29.622395] [INFO] [path_server] 새로운 경로 설정 : path[1004 ➜ 1024] time[0s] dist[9m] list[7] : 1004-1005-1006-1021-1022-1023-1024
[2026-08-11 16:46:30.281243] [INFO] [path_server] 노드 업데이트 : [1005] ➜ [1006]
[2026-08-11 16:46:30.341127] [INFO] [path_server] 새로운 경로 설정 : path[1005 ➜ 1024] time[0s] dist[7.5m] list[6] : 1005-1006-1021-1022-1023-1024
[2026-08-11 16:46:31.039864] [INFO] [path_server] 노드 업데이트 : [1006] ➜ [1021]
[2026-08-11 16:46:31.119721] [INFO] [path_server] 새로운 경로 설정 : path[1006 ➜ 1024] time[0s] dist[6m] list[5] : 1006-1021-1022-1023-1024
[2026-08-11 16:46:31.778551] [INFO] [path_server] 노드 업데이트 : [1021] ➜ [1022]
[2026-08-11 16:46:31.838478] [INFO] [path_server] 새로운 경로 설정 : path[1021 ➜ 1024] time[0s] dist[4.5m] list[4] : 1021-1022-1023-1024
[2026-08-11 16:46:32.537140] [INFO] [path_server] 노드 업데이트 : [1022] ➜ [1023]
[2026-08-11 16:46:32.617069] [INFO] [path_server] 새로운 경로 설정 : path[1022 ➜ 1024] time[0s] dist[3m] list[3] : 1022-1023-1024
[2026-08-11 16:46:33.295627] [INFO] [path_server] 노드 업데이트 : [1023] ➜ [1024]
[2026-08-11 16:46:33.375526] [INFO] [path_server] 새로운 경로 설정 : path[1023 ➜ 1024] time[0s] dist[1.5m] list[2] : 1023-1024
[2026-08-11 16:46:35.511617] [INFO] [path_server] 노드 업데이트 : [1024] ➜ [-1]
[2026-08-11 16:46:38.446112] [INFO] [path_server] 노드 업데이트 : [1024] ➜ [-1]
[2026-08-11 16:46:38.525992] [INFO] [path_server] 경로 삭제
[2026-08-11 16:46:43.617686] [INFO] [path_server] 새로운 경로 설정 : path[1024 ➜ 207] time[0s] dist[15m] list[11] : 1024-1025-1026-1027-1028-1148-1077-1078-1079-1080-207
[2026-08-11 16:46:45.953595] [INFO] [path_server] 노드 업데이트 : [1025] ➜ [1026]
[2026-08-11 16:46:46.013515] [INFO] [path_server] 새로운 경로 설정 : path[1025 ➜ 207] time[0s] dist[13.5m] list[10] : 1025-1026-1027-1028-1148-1077-1078-1079-1080-207
[2026-08-11 16:46:47.011855] [INFO] [path_server] 노드 업데이트 : [1026] ➜ [1027]
[2026-08-11 16:46:47.091796] [INFO] [path_server] 새로운 경로 설정 : path[1026 ➜ 207] time[0s] dist[12m] list[9] : 1026-1027-1028-1148-1077-1078-1079-1080-207
[2026-08-11 16:46:47.810354] [INFO] [path_server] 노드 업데이트 : [1027] ➜ [1028]
[2026-08-11 16:46:47.870262] [INFO] [path_server] 새로운 경로 설정 : path[1027 ➜ 207] time[0s] dist[10.5m] list[8] : 1027-1028-1148-1077-1078-1079-1080-207
[2026-08-11 16:46:48.568913] [INFO] [path_server] 노드 업데이트 : [1028] ➜ [1148]
[2026-08-11 16:46:48.648807] [INFO] [path_server] 새로운 경로 설정 : path[1028 ➜ 207] time[0s] dist[9m] list[7] : 1028-1148-1077-1078-1079-1080-207
[2026-08-11 16:46:49.866449] [INFO] [path_server] 노드 업데이트 : [1148] ➜ [1077]
[2026-08-11 16:46:49.946408] [INFO] [path_server] 새로운 경로 설정 : path[1148 ➜ 207] time[0s] dist[7.5m] list[6] : 1148-1077-1078-1079-1080-207
[2026-08-11 16:46:53.220568] [INFO] [path_server] 노드 업데이트 : [1077] ➜ [1078]
[2026-08-11 16:46:53.300475] [INFO] [path_server] 새로운 경로 설정 : path[1077 ➜ 207] time[0s] dist[6m] list[5] : 1077-1078-1079-1080-207
[2026-08-11 16:46:54.358521] [INFO] [path_server] 노드 업데이트 : [1078] ➜ [1079]
[2026-08-11 16:46:54.438464] [INFO] [path_server] 새로운 경로 설정 : path[1078 ➜ 207] time[0s] dist[4.5m] list[4] : 1078-1079-1080-207
[2026-08-11 16:46:55.177149] [INFO] [path_server] 노드 업데이트 : [1079] ➜ [1080]
[2026-08-11 16:46:55.237049] [INFO] [path_server] 새로운 경로 설정 : path[1079 ➜ 207] time[0s] dist[3m] list[3] : 1079-1080-207
[2026-08-11 16:46:56.514422] [INFO] [path_server] 노드 업데이트 : [1080] ➜ [207]
[2026-08-11 16:46:56.594356] [INFO] [path_server] 새로운 경로 설정 : path[1080 ➜ 207] time[0s] dist[1.5m] list[2] : 1080-207
[2026-08-11 16:47:01.744377] [INFO] [path_server] 노드 업데이트 : [207] ➜ [-1]
[2026-08-11 16:47:04.679145] [INFO] [path_server] 노드 업데이트 : [207] ➜ [-1]
[2026-08-11 16:47:04.739023] [INFO] [path_server] 경로 삭제
[2026-08-11 16:49:24.425154] [INFO] [path_server] 생성
[2026-08-11 16:49:24.425185] [INFO] [path_server] 경로 삭제
[2026-08-11 16:49:24.426769] [INFO] [path_server] 노드 초기화 성공 : 로봇 좌표[35.496m 15.999m -0.700°] 최단 거리 노드[207] 거리(0.004228m)
[2026-08-11 16:49:29.537127] [INFO] [path_server] 새로운 경로 설정 : path[207 ➜ 108] time[0s] dist[37.5m] list[26] : 207-1080-1081-1082-1083-1084-1085-1086-1173-1174-1175-1176-1177-1178-1030-1031-1032-1033-1034-1007-1167-1168-1169-1170-1171-108
[2026-08-11 16:49:58.427878] [INFO] [path_server] 생성
[2026-08-11 16:49:58.427907] [INFO] [path_server] 경로 삭제
[2026-08-11 16:49:58.429429] [INFO] [path_server] 노드 초기화 성공 : 로봇 좌표[33.656m 21.994m 168.947°] 최단 거리 노드[1084] 거리(0.344046m)
[2026-08-11 16:50:05.417745] [INFO] [path_server] 새로운 경로 설정 : path[1084 ➜ 108] time[0s] dist[30m] list[21] : 1084-1085-1086-1173-1174-1175-1176-1177-1178-1030-1031-1032-1033-1034-1007-1167-1168-1169-1170-1171-108
[2026-08-11 16:50:08.192971] [INFO] [path_server] 노드 업데이트 : [1085] ➜ [1086]
[2026-08-11 16:50:08.252854] [INFO] [path_server] 새로운 경로 설정 : path[1085 ➜ 108] time[0s] dist[28.5m] list[20] : 1085-1086-1173-1174-1175-1176-1177-1178-1030-1031-1032-1033-1034-1007-1167-1168-1169-1170-1171-108
[2026-08-11 16:50:09.650564] [INFO] [path_server] 노드 업데이트 : [1086] ➜ [1173]
[2026-08-11 16:50:09.730500] [INFO] [path_server] 새로운 경로 설정 : path[1086 ➜ 108] time[0s] dist[27m] list[19] : 1086-1173-1174-1175-1176-1177-1178-1030-1031-1032-1033-1034-1007-1167-1168-1169-1170-1171-108
[2026-08-11 16:50:13.124024] [INFO] [path_server] 노드 업데이트 : [1173] ➜ [1174]
[2026-08-11 16:50:13.203937] [INFO] [path_server] 새로운 경로 설정 : path[1173 ➜ 108] time[0s] dist[25.5m] list[18] : 1173-1174-1175-1176-1177-1178-1030-1031-1032-1033-1034-1007-1167-1168-1169-1170-1171-108
[2026-08-11 16:50:14.241867] [INFO] [path_server] 노드 업데이트 : [1174] ➜ [1175]
[2026-08-11 16:50:14.321800] [INFO] [path_server] 새로운 경로 설정 : path[1174 ➜ 108] time[0s] dist[24m] list[17] : 1174-1175-1176-1177-1178-1030-1031-1032-1033-1034-1007-1167-1168-1169-1170-1171-108
[2026-08-11 16:50:15.060354] [INFO] [path_server] 노드 업데이트 : [1175] ➜ [1176]
[2026-08-11 16:50:15.120265] [INFO] [path_server] 새로운 경로 설정 : path[1175 ➜ 108] time[0s] dist[22.5m] list[16] : 1175-1176-1177-1178-1030-1031-1032-1033-1034-1007-1167-1168-1169-1170-1171-108
[2026-08-11 16:50:15.798916] [INFO] [path_server] 노드 업데이트 : [1176] ➜ [1177]
[2026-08-11 16:50:15.878851] [INFO] [path_server] 새로운 경로 설정 : path[1176 ➜ 108] time[0s] dist[21m] list[15] : 1176-1177-1178-1030-1031-1032-1033-1034-1007-1167-1168-1169-1170-1171-108
[2026-08-11 16:50:16.557501] [INFO] [path_server] 노드 업데이트 : [1177] ➜ [1178]
[2026-08-11 16:50:16.617419] [INFO] [path_server] 새로운 경로 설정 : path[1177 ➜ 108] time[0s] dist[19.5m] list[14] : 1177-1178-1030-1031-1032-1033-1034-1007-1167-1168-1169-1170-1171-108
[2026-08-11 16:50:17.316087] [INFO] [path_server] 노드 업데이트 : [1178] ➜ [1030]
[2026-08-11 16:50:17.395985] [INFO] [path_server] 새로운 경로 설정 : path[1178 ➜ 108] time[0s] dist[18m] list[13] : 1178-1030-1031-1032-1033-1034-1007-1167-1168-1169-1170-1171-108
[2026-08-11 16:50:18.613505] [INFO] [path_server] 노드 업데이트 : [1030] ➜ [1031]
[2026-08-11 16:50:18.693456] [INFO] [path_server] 새로운 경로 설정 : path[1030 ➜ 108] time[0s] dist[16.5m] list[12] : 1030-1031-1032-1033-1034-1007-1167-1168-1169-1170-1171-108
[2026-08-11 16:50:21.986989] [INFO] [path_server] 노드 업데이트 : [1031] ➜ [1032]
[2026-08-11 16:50:22.066858] [INFO] [path_server] 새로운 경로 설정 : path[1031 ➜ 108] time[0s] dist[15m] list[11] : 1031-1032-1033-1034-1007-1167-1168-1169-1170-1171-108
[2026-08-11 16:50:23.104693] [INFO] [path_server] 노드 업데이트 : [1032] ➜ [1033]
[2026-08-11 16:50:23.184627] [INFO] [path_server] 새로운 경로 설정 : path[1032 ➜ 108] time[0s] dist[13.5m] list[10] : 1032-1033-1034-1007-1167-1168-1169-1170-1171-108
[2026-08-11 16:50:23.923176] [INFO] [path_server] 노드 업데이트 : [1033] ➜ [1034]
[2026-08-11 16:50:23.983118] [INFO] [path_server] 새로운 경로 설정 : path[1033 ➜ 108] time[0s] dist[12m] list[9] : 1033-1034-1007-1167-1168-1169-1170-1171-108
[2026-08-11 16:50:24.681880] [INFO] [path_server] 노드 업데이트 : [1034] ➜ [1007]
[2026-08-11 16:50:24.741918] [INFO] [path_server] 새로운 경로 설정 : path[1034 ➜ 108] time[0s] dist[10.5m] list[8] : 1034-1007-1167-1168-1169-1170-1171-108
[2026-08-11 16:50:25.999364] [INFO] [path_server] 노드 업데이트 : [1007] ➜ [1167]
[2026-08-11 16:50:26.059303] [INFO] [path_server] 새로운 경로 설정 : path[1007 ➜ 108] time[0s] dist[9m] list[7] : 1007-1167-1168-1169-1170-1171-108
[2026-08-11 16:50:29.353183] [INFO] [path_server] 노드 업데이트 : [1167] ➜ [1168]
[2026-08-11 16:50:29.413079] [INFO] [path_server] 새로운 경로 설정 : path[1167 ➜ 108] time[0s] dist[7.5m] list[6] : 1167-1168-1169-1170-1171-108
[2026-08-11 16:50:30.471006] [INFO] [path_server] 노드 업데이트 : [1168] ➜ [1169]
[2026-08-11 16:50:30.550854] [INFO] [path_server] 새로운 경로 설정 : path[1168 ➜ 108] time[0s] dist[6m] list[5] : 1168-1169-1170-1171-108
[2026-08-11 16:50:31.309374] [INFO] [path_server] 노드 업데이트 : [1169] ➜ [1170]
[2026-08-11 16:50:31.389224] [INFO] [path_server] 새로운 경로 설정 : path[1169 ➜ 108] time[0s] dist[4.5m] list[4] : 1169-1170-1171-108
[2026-08-11 16:50:32.047936] [INFO] [path_server] 노드 업데이트 : [1170] ➜ [1171]
[2026-08-11 16:50:32.107824] [INFO] [path_server] 새로운 경로 설정 : path[1170 ➜ 108] time[0s] dist[3m] list[3] : 1170-1171-108
[2026-08-11 16:50:33.445190] [INFO] [path_server] 노드 업데이트 : [1171] ➜ [108]
[2026-08-11 16:50:33.525108] [INFO] [path_server] 새로운 경로 설정 : path[1171 ➜ 108] time[0s] dist[1.5m] list[2] : 1171-108
[2026-08-11 16:50:39.014605] [INFO] [path_server] 노드 업데이트 : [108] ➜ [-1]
[2026-08-11 16:50:41.928994] [INFO] [path_server] 노드 업데이트 : [108] ➜ [-1]
[2026-08-11 16:51:13.849571] [INFO] [path_server] 경로 삭제
[2026-08-11 16:51:13.889552] [INFO] [path_server] 경로 삭제
[2026-08-11 16:52:17.169278] [INFO] [path_server] 생성
[2026-08-11 16:52:17.169303] [INFO] [path_server] 경로 삭제
[2026-08-11 16:52:17.170627] [INFO] [path_server] 노드 초기화 성공 : 로봇 좌표[22.004m 18.998m -179.704°] 최단 거리 노드[108] 거리(0.004286m)
[2026-08-11 16:52:47.869649] [INFO] [path_server] 경로 삭제
[2026-08-11 16:52:47.909570] [INFO] [path_server] 경로 삭제
[2026-08-11 16:53:46.993696] [INFO] [path_server] 새로운 경로 설정 : path[108 ➜ 1100] time[0s] dist[18m] list[13] : 108-1171-1172-1091-1092-1093-1094-1095-1096-1097-1098-1099-1100
[2026-08-11 16:53:51.684229] [INFO] [path_server] 노드 업데이트 : [1171] ➜ [1172]
[2026-08-11 16:53:51.764095] [INFO] [path_server] 새로운 경로 설정 : path[1171 ➜ 1100] time[0s] dist[16.5m] list[12] : 1171-1172-1091-1092-1093-1094-1095-1096-1097-1098-1099-1100
[2026-08-11 16:53:55.376716] [INFO] [path_server] 노드 업데이트 : [1172] ➜ [1091]
[2026-08-11 16:53:55.456662] [INFO] [path_server] 새로운 경로 설정 : path[1172 ➜ 1100] time[0s] dist[15m] list[11] : 1172-1091-1092-1093-1094-1095-1096-1097-1098-1099-1100
[2026-08-11 16:53:56.454592] [INFO] [path_server] 노드 업데이트 : [1091] ➜ [1092]
[2026-08-11 16:53:56.534540] [INFO] [path_server] 새로운 경로 설정 : path[1091 ➜ 1100] time[0s] dist[13.5m] list[10] : 1091-1092-1093-1094-1095-1096-1097-1098-1099-1100
[2026-08-11 16:53:59.708308] [INFO] [path_server] 노드 업데이트 : [1092] ➜ [1093]
[2026-08-11 16:53:59.768232] [INFO] [path_server] 새로운 경로 설정 : path[1092 ➜ 1100] time[0s] dist[12m] list[9] : 1092-1093-1094-1095-1096-1097-1098-1099-1100
[2026-08-11 16:54:00.965815] [INFO] [path_server] 노드 업데이트 : [1093] ➜ [1094]
[2026-08-11 16:54:01.025737] [INFO] [path_server] 새로운 경로 설정 : path[1093 ➜ 1100] time[0s] dist[10.5m] list[8] : 1093-1094-1095-1096-1097-1098-1099-1100
[2026-08-11 16:54:01.824051] [INFO] [path_server] 노드 업데이트 : [1094] ➜ [1095]
[2026-08-11 16:54:01.903970] [INFO] [path_server] 새로운 경로 설정 : path[1094 ➜ 1100] time[0s] dist[9m] list[7] : 1094-1095-1096-1097-1098-1099-1100
[2026-08-11 16:54:02.582668] [INFO] [path_server] 노드 업데이트 : [1095] ➜ [1096]
[2026-08-11 16:54:02.642583] [INFO] [path_server] 새로운 경로 설정 : path[1095 ➜ 1100] time[0s] dist[7.5m] list[6] : 1095-1096-1097-1098-1099-1100
[2026-08-11 16:54:03.321186] [INFO] [path_server] 노드 업데이트 : [1096] ➜ [1097]
[2026-08-11 16:54:03.401127] [INFO] [path_server] 새로운 경로 설정 : path[1096 ➜ 1100] time[0s] dist[6m] list[5] : 1096-1097-1098-1099-1100
[2026-08-11 16:54:04.079752] [INFO] [path_server] 노드 업데이트 : [1097] ➜ [1098]
[2026-08-11 16:54:04.139653] [INFO] [path_server] 새로운 경로 설정 : path[1097 ➜ 1100] time[0s] dist[4.5m] list[4] : 1097-1098-1099-1100
[2026-08-11 16:54:04.818784] [INFO] [path_server] 노드 업데이트 : [1098] ➜ [1099]
[2026-08-11 16:54:04.898708] [INFO] [path_server] 새로운 경로 설정 : path[1098 ➜ 1100] time[0s] dist[3m] list[3] : 1098-1099-1100
[2026-08-11 16:54:05.577328] [INFO] [path_server] 노드 업데이트 : [1099] ➜ [1100]
[2026-08-11 16:54:05.637270] [INFO] [path_server] 새로운 경로 설정 : path[1099 ➜ 1100] time[0s] dist[1.5m] list[2] : 1099-1100
[2026-08-11 16:54:07.812953] [INFO] [path_server] 노드 업데이트 : [1100] ➜ [-1]
[2026-08-11 16:54:10.747011] [INFO] [path_server] 노드 업데이트 : [1100] ➜ [-1]
[2026-08-11 16:54:10.826914] [INFO] [path_server] 경로 삭제
[2026-08-11 16:54:15.924121] [INFO] [path_server] 새로운 경로 설정 : path[1100 ➜ 104] time[0s] dist[40.5003m] list[28] : 1100-1101-1102-1103-1104-1105-1106-1107-1108-1109-1110-1111-1112-1113-1114-1115-1116-1117-1118-1119-1120-1121-1122-1123-1179-1180-1181-104
[2026-08-11 16:54:18.259831] [INFO] [path_server] 노드 업데이트 : [1101] ➜ [1102]
[2026-08-11 16:54:18.339665] [INFO] [path_server] 새로운 경로 설정 : path[1101 ➜ 104] time[0s] dist[39.0003m] list[27] : 1101-1102-1103-1104-1105-1106-1107-1108-1109-1110-1111-1112-1113-1114-1115-1116-1117-1118-1119-1120-1121-1122-1123-1179-1180-1181-104
[2026-08-11 16:54:19.317845] [INFO] [path_server] 노드 업데이트 : [1102] ➜ [1103]
[2026-08-11 16:54:19.397756] [INFO] [path_server] 새로운 경로 설정 : path[1102 ➜ 104] time[0s] dist[37.5003m] list[26] : 1102-1103-1104-1105-1106-1107-1108-1109-1110-1111-1112-1113-1114-1115-1116-1117-1118-1119-1120-1121-1122-1123-1179-1180-1181-104
[2026-08-11 16:54:20.116379] [INFO] [path_server] 노드 업데이트 : [1103] ➜ [1104]
[2026-08-11 16:54:20.196254] [INFO] [path_server] 새로운 경로 설정 : path[1103 ➜ 104] time[0s] dist[36.0003m] list[25] : 1103-1104-1105-1106-1107-1108-1109-1110-1111-1112-1113-1114-1115-1116-1117-1118-1119-1120-1121-1122-1123-1179-1180-1181-104
[2026-08-11 16:54:20.874842] [INFO] [path_server] 노드 업데이트 : [1104] ➜ [1105]
[2026-08-11 16:54:20.954737] [INFO] [path_server] 새로운 경로 설정 : path[1104 ➜ 104] time[0s] dist[34.5003m] list[24] : 1104-1105-1106-1107-1108-1109-1110-1111-1112-1113-1114-1115-1116-1117-1118-1119-1120-1121-1122-1123-1179-1180-1181-104
[2026-08-11 16:54:22.272312] [INFO] [path_server] 노드 업데이트 : [1105] ➜ [1106]
[2026-08-11 16:54:22.332230] [INFO] [path_server] 새로운 경로 설정 : path[1105 ➜ 104] time[0s] dist[33.0003m] list[23] : 1105-1106-1107-1108-1109-1110-1111-1112-1113-1114-1115-1116-1117-1118-1119-1120-1121-1122-1123-1179-1180-1181-104
[2026-08-11 16:54:25.725976] [INFO] [path_server] 노드 업데이트 : [1106] ➜ [1107]
[2026-08-11 16:54:25.805835] [INFO] [path_server] 새로운 경로 설정 : path[1106 ➜ 104] time[0s] dist[31.5001m] list[22] : 1106-1107-1108-1109-1110-1111-1112-1113-1114-1115-1116-1117-1118-1119-1120-1121-1122-1123-1179-1180-1181-104
[2026-08-11 16:54:26.843644] [INFO] [path_server] 노드 업데이트 : [1107] ➜ [1108]
[2026-08-11 16:54:26.923575] [INFO] [path_server] 새로운 경로 설정 : path[1107 ➜ 104] time[0s] dist[30m] list[21] : 1107-1108-1109-1110-1111-1112-1113-1114-1115-1116-1117-1118-1119-1120-1121-1122-1123-1179-1180-1181-104
[2026-08-11 16:54:27.662069] [INFO] [path_server] 노드 업데이트 : [1108] ➜ [1109]
[2026-08-11 16:54:27.721976] [INFO] [path_server] 새로운 경로 설정 : path[1108 ➜ 104] time[0s] dist[28.5m] list[20] : 1108-1109-1110-1111-1112-1113-1114-1115-1116-1117-1118-1119-1120-1121-1122-1123-1179-1180-1181-104
[2026-08-11 16:54:28.400467] [INFO] [path_server] 노드 업데이트 : [1109] ➜ [1110]
[2026-08-11 16:54:28.480418] [INFO] [path_server] 새로운 경로 설정 : path[1109 ➜ 104] time[0s] dist[27m] list[19] : 1109-1110-1111-1112-1113-1114-1115-1116-1117-1118-1119-1120-1121-1122-1123-1179-1180-1181-104
[2026-08-11 16:54:29.159085] [INFO] [path_server] 노드 업데이트 : [1110] ➜ [1111]
[2026-08-11 16:54:29.218998] [INFO] [path_server] 새로운 경로 설정 : path[1110 ➜ 104] time[0s] dist[25.5m] list[18] : 1110-1111-1112-1113-1114-1115-1116-1117-1118-1119-1120-1121-1122-1123-1179-1180-1181-104
[2026-08-11 16:54:29.897574] [INFO] [path_server] 노드 업데이트 : [1111] ➜ [1112]
[2026-08-11 16:54:29.977498] [INFO] [path_server] 새로운 경로 설정 : path[1111 ➜ 104] time[0s] dist[24m] list[17] : 1111-1112-1113-1114-1115-1116-1117-1118-1119-1120-1121-1122-1123-1179-1180-1181-104
[2026-08-11 16:54:30.656108] [INFO] [path_server] 노드 업데이트 : [1112] ➜ [1113]
[2026-08-11 16:54:30.716015] [INFO] [path_server] 새로운 경로 설정 : path[1112 ➜ 104] time[0s] dist[22.5m] list[16] : 1112-1113-1114-1115-1116-1117-1118-1119-1120-1121-1122-1123-1179-1180-1181-104
[2026-08-11 16:54:31.414615] [INFO] [path_server] 노드 업데이트 : [1113] ➜ [1114]
[2026-08-11 16:54:31.494489] [INFO] [path_server] 새로운 경로 설정 : path[1113 ➜ 104] time[0s] dist[21m] list[15] : 1113-1114-1115-1116-1117-1118-1119-1120-1121-1122-1123-1179-1180-1181-104
[2026-08-11 16:54:32.153130] [INFO] [path_server] 노드 업데이트 : [1114] ➜ [1115]
[2026-08-11 16:54:32.213052] [INFO] [path_server] 새로운 경로 설정 : path[1114 ➜ 104] time[0s] dist[19.5m] list[14] : 1114-1115-1116-1117-1118-1119-1120-1121-1122-1123-1179-1180-1181-104
[2026-08-11 16:54:32.911652] [INFO] [path_server] 노드 업데이트 : [1115] ➜ [1116]
[2026-08-11 16:54:32.991528] [INFO] [path_server] 새로운 경로 설정 : path[1115 ➜ 104] time[0s] dist[18m] list[13] : 1115-1116-1117-1118-1119-1120-1121-1122-1123-1179-1180-1181-104
[2026-08-11 16:54:33.650292] [INFO] [path_server] 노드 업데이트 : [1116] ➜ [1117]
[2026-08-11 16:54:33.730271] [INFO] [path_server] 새로운 경로 설정 : path[1116 ➜ 104] time[0s] dist[16.5m] list[12] : 1116-1117-1118-1119-1120-1121-1122-1123-1179-1180-1181-104
[2026-08-11 16:54:34.408811] [INFO] [path_server] 노드 업데이트 : [1117] ➜ [1118]
[2026-08-11 16:54:34.468769] [INFO] [path_server] 새로운 경로 설정 : path[1117 ➜ 104] time[0s] dist[15m] list[11] : 1117-1118-1119-1120-1121-1122-1123-1179-1180-1181-104
[2026-08-11 16:54:35.147952] [INFO] [path_server] 노드 업데이트 : [1118] ➜ [1119]
[2026-08-11 16:54:35.227982] [INFO] [path_server] 새로운 경로 설정 : path[1118 ➜ 104] time[0s] dist[13.5m] list[10] : 1118-1119-1120-1121-1122-1123-1179-1180-1181-104
[2026-08-11 16:54:35.906847] [INFO] [path_server] 노드 업데이트 : [1119] ➜ [1120]
[2026-08-11 16:54:35.966766] [INFO] [path_server] 새로운 경로 설정 : path[1119 ➜ 104] time[0s] dist[12m] list[9] : 1119-1120-1121-1122-1123-1179-1180-1181-104
[2026-08-11 16:54:36.745228] [INFO] [path_server] 노드 업데이트 : [1120] ➜ [1121]
[2026-08-11 16:54:36.805132] [INFO] [path_server] 새로운 경로 설정 : path[1120 ➜ 104] time[0s] dist[10.5m] list[8] : 1120-1121-1122-1123-1179-1180-1181-104
[2026-08-11 16:54:40.398997] [INFO] [path_server] 노드 업데이트 : [1121] ➜ [1122]
[2026-08-11 16:54:40.458923] [INFO] [path_server] 새로운 경로 설정 : path[1121 ➜ 104] time[0s] dist[9m] list[7] : 1121-1122-1123-1179-1180-1181-104
[2026-08-11 16:54:41.756482] [INFO] [path_server] 노드 업데이트 : [1122] ➜ [1123]
[2026-08-11 16:54:41.836350] [INFO] [path_server] 새로운 경로 설정 : path[1122 ➜ 104] time[0s] dist[7.5m] list[6] : 1122-1123-1179-1180-1181-104
[2026-08-11 16:54:42.814478] [INFO] [path_server] 노드 업데이트 : [1123] ➜ [1179]
[2026-08-11 16:54:42.894393] [INFO] [path_server] 새로운 경로 설정 : path[1123 ➜ 104] time[0s] dist[6m] list[5] : 1123-1179-1180-1181-104
[2026-08-11 16:54:46.128046] [INFO] [path_server] 노드 업데이트 : [1179] ➜ [1180]
[2026-08-11 16:54:46.207893] [INFO] [path_server] 새로운 경로 설정 : path[1179 ➜ 104] time[0s] dist[4.5m] list[4] : 1179-1180-1181-104
[2026-08-11 16:54:47.365822] [INFO] [path_server] 노드 업데이트 : [1180] ➜ [1181]
[2026-08-11 16:54:47.445673] [INFO] [path_server] 새로운 경로 설정 : path[1180 ➜ 104] time[0s] dist[3m] list[3] : 1180-1181-104
[2026-08-11 16:54:48.703126] [INFO] [path_server] 노드 업데이트 : [1181] ➜ [104]
[2026-08-11 16:54:48.762980] [INFO] [path_server] 새로운 경로 설정 : path[1181 ➜ 104] time[0s] dist[1.5m] list[2] : 1181-104
[2026-08-11 16:54:53.893031] [INFO] [path_server] 노드 업데이트 : [104] ➜ [-1]
[2026-08-11 16:54:56.827066] [INFO] [path_server] 노드 업데이트 : [104] ➜ [-1]
[2026-08-11 16:55:31.298759] [INFO] [path_server] 경로 삭제
[2026-08-11 16:55:31.338736] [INFO] [path_server] 경로 삭제
[2026-08-11 16:56:40.502006] [INFO] [path_server] 새로운 경로 설정 : path[104 ➜ 205] time[0s] dist[30m] list[21] : 104-1181-1182-1183-1184-1045-1046-1047-1048-1001-1002-1003-1004-1013-1049-1050-1014-1201-1200-1202-205
[2026-08-11 16:56:47.667573] [INFO] [path_server] 노드 업데이트 : [1181] ➜ [1182]
[2026-08-11 16:56:47.747542] [INFO] [path_server] 새로운 경로 설정 : path[1181 ➜ 205] time[0s] dist[28.5m] list[20] : 1181-1182-1183-1184-1045-1046-1047-1048-1001-1002-1003-1004-1013-1049-1050-1014-1201-1200-1202-205
[2026-08-11 16:56:51.280436] [INFO] [path_server] 노드 업데이트 : [1182] ➜ [1183]
[2026-08-11 16:56:51.360358] [INFO] [path_server] 새로운 경로 설정 : path[1182 ➜ 205] time[0s] dist[27m] list[19] : 1182-1183-1184-1045-1046-1047-1048-1001-1002-1003-1004-1013-1049-1050-1014-1201-1200-1202-205
[2026-08-11 16:56:52.418144] [INFO] [path_server] 노드 업데이트 : [1183] ➜ [1184]
[2026-08-11 16:56:52.498088] [INFO] [path_server] 새로운 경로 설정 : path[1183 ➜ 205] time[0s] dist[25.5m] list[18] : 1183-1184-1045-1046-1047-1048-1001-1002-1003-1004-1013-1049-1050-1014-1201-1200-1202-205
[2026-08-11 16:56:53.236537] [INFO] [path_server] 노드 업데이트 : [1184] ➜ [1045]
[2026-08-11 16:56:53.296433] [INFO] [path_server] 새로운 경로 설정 : path[1184 ➜ 205] time[0s] dist[24m] list[17] : 1184-1045-1046-1047-1048-1001-1002-1003-1004-1013-1049-1050-1014-1201-1200-1202-205
[2026-08-11 16:56:54.573947] [INFO] [path_server] 노드 업데이트 : [1045] ➜ [1046]
[2026-08-11 16:56:54.653839] [INFO] [path_server] 새로운 경로 설정 : path[1045 ➜ 205] time[0s] dist[22.5m] list[16] : 1045-1046-1047-1048-1001-1002-1003-1004-1013-1049-1050-1014-1201-1200-1202-205
[2026-08-11 16:56:57.907556] [INFO] [path_server] 노드 업데이트 : [1046] ➜ [1047]
[2026-08-11 16:56:57.967476] [INFO] [path_server] 새로운 경로 설정 : path[1046 ➜ 205] time[0s] dist[21m] list[15] : 1046-1047-1048-1001-1002-1003-1004-1013-1049-1050-1014-1201-1200-1202-205
[2026-08-11 16:56:59.045388] [INFO] [path_server] 노드 업데이트 : [1047] ➜ [1048]
[2026-08-11 16:56:59.105280] [INFO] [path_server] 새로운 경로 설정 : path[1047 ➜ 205] time[0s] dist[19.5m] list[14] : 1047-1048-1001-1002-1003-1004-1013-1049-1050-1014-1201-1200-1202-205
[2026-08-11 16:56:59.863810] [INFO] [path_server] 노드 업데이트 : [1048] ➜ [1001]
[2026-08-11 16:56:59.943700] [INFO] [path_server] 새로운 경로 설정 : path[1048 ➜ 205] time[0s] dist[18m] list[13] : 1048-1001-1002-1003-1004-1013-1049-1050-1014-1201-1200-1202-205
[2026-08-11 16:57:00.622252] [INFO] [path_server] 노드 업데이트 : [1001] ➜ [1002]
[2026-08-11 16:57:00.702198] [INFO] [path_server] 새로운 경로 설정 : path[1001 ➜ 205] time[0s] dist[16.5m] list[12] : 1001-1002-1003-1004-1013-1049-1050-1014-1201-1200-1202-205
[2026-08-11 16:57:01.380818] [INFO] [path_server] 노드 업데이트 : [1002] ➜ [1003]
[2026-08-11 16:57:01.460748] [INFO] [path_server] 새로운 경로 설정 : path[1002 ➜ 205] time[0s] dist[15m] list[11] : 1002-1003-1004-1013-1049-1050-1014-1201-1200-1202-205
[2026-08-11 16:57:02.119427] [INFO] [path_server] 노드 업데이트 : [1003] ➜ [1004]
[2026-08-11 16:57:02.199309] [INFO] [path_server] 새로운 경로 설정 : path[1003 ➜ 205] time[0s] dist[13.5m] list[10] : 1003-1004-1013-1049-1050-1014-1201-1200-1202-205
[2026-08-11 16:57:03.436838] [INFO] [path_server] 노드 업데이트 : [1004] ➜ [1013]
[2026-08-11 16:57:03.516716] [INFO] [path_server] 새로운 경로 설정 : path[1004 ➜ 205] time[0s] dist[12m] list[9] : 1004-1013-1049-1050-1014-1201-1200-1202-205
[2026-08-11 16:57:06.790101] [INFO] [path_server] 노드 업데이트 : [1013] ➜ [1049]
[2026-08-11 16:57:06.869960] [INFO] [path_server] 새로운 경로 설정 : path[1013 ➜ 205] time[0s] dist[10.5m] list[8] : 1013-1049-1050-1014-1201-1200-1202-205
[2026-08-11 16:57:07.907855] [INFO] [path_server] 노드 업데이트 : [1049] ➜ [1050]
[2026-08-11 16:57:07.987765] [INFO] [path_server] 새로운 경로 설정 : path[1049 ➜ 205] time[0s] dist[9m] list[7] : 1049-1050-1014-1201-1200-1202-205
[2026-08-11 16:57:09.245226] [INFO] [path_server] 노드 업데이트 : [1050] ➜ [1014]
[2026-08-11 16:57:09.325144] [INFO] [path_server] 새로운 경로 설정 : path[1050 ➜ 205] time[0s] dist[7.5m] list[6] : 1050-1014-1201-1200-1202-205
[2026-08-11 16:57:12.639029] [INFO] [path_server] 노드 업데이트 : [1014] ➜ [1201]
[2026-08-11 16:57:12.718917] [INFO] [path_server] 새로운 경로 설정 : path[1014 ➜ 205] time[0s] dist[6m] list[5] : 1014-1201-1200-1202-205
[2026-08-11 16:57:13.756758] [INFO] [path_server] 노드 업데이트 : [1201] ➜ [1200]
[2026-08-11 16:57:13.836674] [INFO] [path_server] 새로운 경로 설정 : path[1201 ➜ 205] time[0s] dist[4.5m] list[4] : 1201-1200-1202-205
[2026-08-11 16:57:14.575176] [INFO] [path_server] 노드 업데이트 : [1200] ➜ [1202]
[2026-08-11 16:57:14.635084] [INFO] [path_server] 새로운 경로 설정 : path[1200 ➜ 205] time[0s] dist[3m] list[3] : 1200-1202-205
[2026-08-11 16:57:15.914367] [INFO] [path_server] 노드 업데이트 : [1202] ➜ [205]
[2026-08-11 16:57:15.994279] [INFO] [path_server] 새로운 경로 설정 : path[1202 ➜ 205] time[0s] dist[1.5m] list[2] : 1202-205
[2026-08-11 16:57:21.124447] [INFO] [path_server] 노드 업데이트 : [205] ➜ [-1]
[2026-08-11 16:57:24.058563] [INFO] [path_server] 노드 업데이트 : [205] ➜ [-1]
[2026-08-11 16:57:24.138475] [INFO] [path_server] 경로 삭제
[2026-08-11 17:00:15.648336] [INFO] [path_server] 새로운 경로 설정 : path[205 ➜ 105] time[0s] dist[70.5m] list[48] : 205-1202-1203-1204-1205-1206-1207-1208-1145-1146-1147-1148-1077-1029-1030-1031-1032-1033-1034-1007-1008-1009-1010-1011-1012-1035-1036-1037-1038-1039-1040-1041-1042-1112-1113-1114-1115-1116-1117-1118-1119-1120-1121-1122-1123-1179-1180-105
[2026-08-11 17:00:20.538203] [INFO] [path_server] 노드 업데이트 : [1202] ➜ [1203]
[2026-08-11 17:00:20.598143] [INFO] [path_server] 새로운 경로 설정 : path[1202 ➜ 105] time[0s] dist[69m] list[47] : 1202-1203-1204-1205-1206-1207-1208-1145-1146-1147-1148-1077-1029-1030-1031-1032-1033-1034-1007-1008-1009-1010-1011-1012-1035-1036-1037-1038-1039-1040-1041-1042-1112-1113-1114-1115-1116-1117-1118-1119-1120-1121-1122-1123-1179-1180-105
[2026-08-11 17:00:24.150914] [INFO] [path_server] 노드 업데이트 : [1203] ➜ [1204]
[2026-08-11 17:00:24.230813] [INFO] [path_server] 새로운 경로 설정 : path[1203 ➜ 105] time[0s] dist[67.5m] list[46] : 1203-1204-1205-1206-1207-1208-1145-1146-1147-1148-1077-1029-1030-1031-1032-1033-1034-1007-1008-1009-1010-1011-1012-1035-1036-1037-1038-1039-1040-1041-1042-1112-1113-1114-1115-1116-1117-1118-1119-1120-1121-1122-1123-1179-1180-105
[2026-08-11 17:00:25.288479] [INFO] [path_server] 노드 업데이트 : [1204] ➜ [1205]
[2026-08-11 17:00:25.368432] [INFO] [path_server] 새로운 경로 설정 : path[1204 ➜ 105] time[0s] dist[66m] list[45] : 1204-1205-1206-1207-1208-1145-1146-1147-1148-1077-1029-1030-1031-1032-1033-1034-1007-1008-1009-1010-1011-1012-1035-1036-1037-1038-1039-1040-1041-1042-1112-1113-1114-1115-1116-1117-1118-1119-1120-1121-1122-1123-1179-1180-105
[2026-08-11 17:00:26.107075] [INFO] [path_server] 노드 업데이트 : [1205] ➜ [1206]
[2026-08-11 17:00:26.167012] [INFO] [path_server] 새로운 경로 설정 : path[1205 ➜ 105] time[0s] dist[64.5m] list[44] : 1205-1206-1207-1208-1145-1146-1147-1148-1077-1029-1030-1031-1032-1033-1034-1007-1008-1009-1010-1011-1012-1035-1036-1037-1038-1039-1040-1041-1042-1112-1113-1114-1115-1116-1117-1118-1119-1120-1121-1122-1123-1179-1180-105
[2026-08-11 17:00:26.865596] [INFO] [path_server] 노드 업데이트 : [1206] ➜ [1207]
[2026-08-11 17:00:26.965424] [INFO] [path_server] 새로운 경로 설정 : path[1206 ➜ 105] time[0s] dist[63.01m] list[43] : 1206-1207-1208-1145-1146-1147-1148-1077-1029-1030-1031-1032-1033-1034-1007-1008-1009-1010-1011-1012-1035-1036-1037-1038-1039-1040-1041-1042-1112-1113-1114-1115-1116-1117-1118-1119-1120-1121-1122-1123-1179-1180-105
[2026-08-11 17:00:27.624041] [INFO] [path_server] 노드 업데이트 : [1207] ➜ [1208]
[2026-08-11 17:00:27.704001] [INFO] [path_server] 새로운 경로 설정 : path[1207 ➜ 105] time[0s] dist[61.5m] list[42] : 1207-1208-1145-1146-1147-1148-1077-1029-1030-1031-1032-1033-1034-1007-1008-1009-1010-1011-1012-1035-1036-1037-1038-1039-1040-1041-1042-1112-1113-1114-1115-1116-1117-1118-1119-1120-1121-1122-1123-1179-1180-105
[2026-08-11 17:00:28.362815] [INFO] [path_server] 노드 업데이트 : [1208] ➜ [1145]
[2026-08-11 17:00:28.422832] [INFO] [path_server] 새로운 경로 설정 : path[1208 ➜ 105] time[0s] dist[60m] list[41] : 1208-1145-1146-1147-1148-1077-1029-1030-1031-1032-1033-1034-1007-1008-1009-1010-1011-1012-1035-1036-1037-1038-1039-1040-1041-1042-1112-1113-1114-1115-1116-1117-1118-1119-1120-1121-1122-1123-1179-1180-105
[2026-08-11 17:00:29.680220] [INFO] [path_server] 노드 업데이트 : [1145] ➜ [1146]
[2026-08-11 17:00:29.740139] [INFO] [path_server] 새로운 경로 설정 : path[1145 ➜ 105] time[0s] dist[58.5m] list[40] : 1145-1146-1147-1148-1077-1029-1030-1031-1032-1033-1034-1007-1008-1009-1010-1011-1012-1035-1036-1037-1038-1039-1040-1041-1042-1112-1113-1114-1115-1116-1117-1118-1119-1120-1121-1122-1123-1179-1180-105
[2026-08-11 17:00:33.053284] [INFO] [path_server] 노드 업데이트 : [1146] ➜ [1147]
[2026-08-11 17:00:33.133240] [INFO] [path_server] 새로운 경로 설정 : path[1146 ➜ 105] time[0s] dist[57m] list[39] : 1146-1147-1148-1077-1029-1030-1031-1032-1033-1034-1007-1008-1009-1010-1011-1012-1035-1036-1037-1038-1039-1040-1041-1042-1112-1113-1114-1115-1116-1117-1118-1119-1120-1121-1122-1123-1179-1180-105
[2026-08-11 17:00:34.171083] [INFO] [path_server] 노드 업데이트 : [1147] ➜ [1148]
[2026-08-11 17:00:34.231002] [INFO] [path_server] 새로운 경로 설정 : path[1147 ➜ 105] time[0s] dist[55.5m] list[38] : 1147-1148-1077-1029-1030-1031-1032-1033-1034-1007-1008-1009-1010-1011-1012-1035-1036-1037-1038-1039-1040-1041-1042-1112-1113-1114-1115-1116-1117-1118-1119-1120-1121-1122-1123-1179-1180-105
[2026-08-11 17:00:34.989407] [INFO] [path_server] 노드 업데이트 : [1148] ➜ [1077]
[2026-08-11 17:00:35.069309] [INFO] [path_server] 새로운 경로 설정 : path[1148 ➜ 105] time[0s] dist[54m] list[37] : 1148-1077-1029-1030-1031-1032-1033-1034-1007-1008-1009-1010-1011-1012-1035-1036-1037-1038-1039-1040-1041-1042-1112-1113-1114-1115-1116-1117-1118-1119-1120-1121-1122-1123-1179-1180-105
[2026-08-11 17:00:36.326699] [INFO] [path_server] 노드 업데이트 : [1077] ➜ [1029]
[2026-08-11 17:00:36.386598] [INFO] [path_server] 새로운 경로 설정 : path[1077 ➜ 105] time[0s] dist[52.5m] list[36] : 1077-1029-1030-1031-1032-1033-1034-1007-1008-1009-1010-1011-1012-1035-1036-1037-1038-1039-1040-1041-1042-1112-1113-1114-1115-1116-1117-1118-1119-1120-1121-1122-1123-1179-1180-105
[2026-08-11 17:00:39.660096] [INFO] [path_server] 노드 업데이트 : [1029] ➜ [1030]
[2026-08-11 17:00:39.740007] [INFO] [path_server] 새로운 경로 설정 : path[1029 ➜ 105] time[0s] dist[51m] list[35] : 1029-1030-1031-1032-1033-1034-1007-1008-1009-1010-1011-1012-1035-1036-1037-1038-1039-1040-1041-1042-1112-1113-1114-1115-1116-1117-1118-1119-1120-1121-1122-1123-1179-1180-105
[2026-08-11 17:00:40.798011] [INFO] [path_server] 노드 업데이트 : [1030] ➜ [1031]
[2026-08-11 17:00:40.857939] [INFO] [path_server] 새로운 경로 설정 : path[1030 ➜ 105] time[0s] dist[49.5m] list[34] : 1030-1031-1032-1033-1034-1007-1008-1009-1010-1011-1012-1035-1036-1037-1038-1039-1040-1041-1042-1112-1113-1114-1115-1116-1117-1118-1119-1120-1121-1122-1123-1179-1180-105
[2026-08-11 17:00:41.616532] [INFO] [path_server] 노드 업데이트 : [1031] ➜ [1032]
[2026-08-11 17:00:41.696501] [INFO] [path_server] 새로운 경로 설정 : path[1031 ➜ 105] time[0s] dist[48m] list[33] : 1031-1032-1033-1034-1007-1008-1009-1010-1011-1012-1035-1036-1037-1038-1039-1040-1041-1042-1112-1113-1114-1115-1116-1117-1118-1119-1120-1121-1122-1123-1179-1180-105
[2026-08-11 17:00:42.375001] [INFO] [path_server] 노드 업데이트 : [1032] ➜ [1033]
[2026-08-11 17:00:42.454959] [INFO] [path_server] 새로운 경로 설정 : path[1032 ➜ 105] time[0s] dist[46.5m] list[32] : 1032-1033-1034-1007-1008-1009-1010-1011-1012-1035-1036-1037-1038-1039-1040-1041-1042-1112-1113-1114-1115-1116-1117-1118-1119-1120-1121-1122-1123-1179-1180-105
[2026-08-11 17:00:43.133641] [INFO] [path_server] 노드 업데이트 : [1033] ➜ [1034]
[2026-08-11 17:00:43.193556] [INFO] [path_server] 새로운 경로 설정 : path[1033 ➜ 105] time[0s] dist[45m] list[31] : 1033-1034-1007-1008-1009-1010-1011-1012-1035-1036-1037-1038-1039-1040-1041-1042-1112-1113-1114-1115-1116-1117-1118-1119-1120-1121-1122-1123-1179-1180-105
[2026-08-11 17:00:43.872152] [INFO] [path_server] 노드 업데이트 : [1034] ➜ [1007]
[2026-08-11 17:00:43.952046] [INFO] [path_server] 새로운 경로 설정 : path[1034 ➜ 105] time[0s] dist[43.5m] list[30] : 1034-1007-1008-1009-1010-1011-1012-1035-1036-1037-1038-1039-1040-1041-1042-1112-1113-1114-1115-1116-1117-1118-1119-1120-1121-1122-1123-1179-1180-105
[2026-08-11 17:00:44.630758] [INFO] [path_server] 노드 업데이트 : [1007] ➜ [1008]
[2026-08-11 17:00:44.690681] [INFO] [path_server] 새로운 경로 설정 : path[1007 ➜ 105] time[0s] dist[42m] list[29] : 1007-1008-1009-1010-1011-1012-1035-1036-1037-1038-1039-1040-1041-1042-1112-1113-1114-1115-1116-1117-1118-1119-1120-1121-1122-1123-1179-1180-105
[2026-08-11 17:00:45.369470] [INFO] [path_server] 노드 업데이트 : [1008] ➜ [1009]
[2026-08-11 17:00:45.449442] [INFO] [path_server] 새로운 경로 설정 : path[1008 ➜ 105] time[0s] dist[40.5m] list[28] : 1008-1009-1010-1011-1012-1035-1036-1037-1038-1039-1040-1041-1042-1112-1113-1114-1115-1116-1117-1118-1119-1120-1121-1122-1123-1179-1180-105
[2026-08-11 17:00:46.128117] [INFO] [path_server] 노드 업데이트 : [1009] ➜ [1010]
[2026-08-11 17:00:46.188075] [INFO] [path_server] 새로운 경로 설정 : path[1009 ➜ 105] time[0s] dist[39m] list[27] : 1009-1010-1011-1012-1035-1036-1037-1038-1039-1040-1041-1042-1112-1113-1114-1115-1116-1117-1118-1119-1120-1121-1122-1123-1179-1180-105
[2026-08-11 17:00:46.866710] [INFO] [path_server] 노드 업데이트 : [1010] ➜ [1011]
[2026-08-11 17:00:46.946663] [INFO] [path_server] 새로운 경로 설정 : path[1010 ➜ 105] time[0s] dist[37.5m] list[26] : 1010-1011-1012-1035-1036-1037-1038-1039-1040-1041-1042-1112-1113-1114-1115-1116-1117-1118-1119-1120-1121-1122-1123-1179-1180-105
[2026-08-11 17:00:47.625329] [INFO] [path_server] 노드 업데이트 : [1011] ➜ [1012]
[2026-08-11 17:00:47.685215] [INFO] [path_server] 새로운 경로 설정 : path[1011 ➜ 105] time[0s] dist[36m] list[25] : 1011-1012-1035-1036-1037-1038-1039-1040-1041-1042-1112-1113-1114-1115-1116-1117-1118-1119-1120-1121-1122-1123-1179-1180-105
[2026-08-11 17:00:48.383862] [INFO] [path_server] 노드 업데이트 : [1012] ➜ [1035]
[2026-08-11 17:00:48.463789] [INFO] [path_server] 새로운 경로 설정 : path[1012 ➜ 105] time[0s] dist[34.5m] list[24] : 1012-1035-1036-1037-1038-1039-1040-1041-1042-1112-1113-1114-1115-1116-1117-1118-1119-1120-1121-1122-1123-1179-1180-105
[2026-08-11 17:00:49.122455] [INFO] [path_server] 노드 업데이트 : [1035] ➜ [1036]
[2026-08-11 17:00:49.182360] [INFO] [path_server] 새로운 경로 설정 : path[1035 ➜ 105] time[0s] dist[33m] list[23] : 1035-1036-1037-1038-1039-1040-1041-1042-1112-1113-1114-1115-1116-1117-1118-1119-1120-1121-1122-1123-1179-1180-105
[2026-08-11 17:00:49.881071] [INFO] [path_server] 노드 업데이트 : [1036] ➜ [1037]
[2026-08-11 17:00:49.960915] [INFO] [path_server] 새로운 경로 설정 : path[1036 ➜ 105] time[0s] dist[31.5m] list[22] : 1036-1037-1038-1039-1040-1041-1042-1112-1113-1114-1115-1116-1117-1118-1119-1120-1121-1122-1123-1179-1180-105
[2026-08-11 17:00:50.619662] [INFO] [path_server] 노드 업데이트 : [1037] ➜ [1038]
[2026-08-11 17:00:50.679581] [INFO] [path_server] 새로운 경로 설정 : path[1037 ➜ 105] time[0s] dist[30m] list[21] : 1037-1038-1039-1040-1041-1042-1112-1113-1114-1115-1116-1117-1118-1119-1120-1121-1122-1123-1179-1180-105
[2026-08-11 17:00:51.378158] [INFO] [path_server] 노드 업데이트 : [1038] ➜ [1039]
[2026-08-11 17:00:51.457999] [INFO] [path_server] 새로운 경로 설정 : path[1038 ➜ 105] time[0s] dist[28.5m] list[20] : 1038-1039-1040-1041-1042-1112-1113-1114-1115-1116-1117-1118-1119-1120-1121-1122-1123-1179-1180-105
[2026-08-11 17:00:52.116656] [INFO] [path_server] 노드 업데이트 : [1039] ➜ [1040]
[2026-08-11 17:00:52.176568] [INFO] [path_server] 새로운 경로 설정 : path[1039 ➜ 105] time[0s] dist[27m] list[19] : 1039-1040-1041-1042-1112-1113-1114-1115-1116-1117-1118-1119-1120-1121-1122-1123-1179-1180-105
[2026-08-11 17:00:52.875210] [INFO] [path_server] 노드 업데이트 : [1040] ➜ [1041]
[2026-08-11 17:00:52.955122] [INFO] [path_server] 새로운 경로 설정 : path[1040 ➜ 105] time[0s] dist[25.5m] list[18] : 1040-1041-1042-1112-1113-1114-1115-1116-1117-1118-1119-1120-1121-1122-1123-1179-1180-105
[2026-08-11 17:00:53.633897] [INFO] [path_server] 노드 업데이트 : [1041] ➜ [1042]
[2026-08-11 17:00:53.713845] [INFO] [path_server] 새로운 경로 설정 : path[1041 ➜ 105] time[0s] dist[24m] list[17] : 1041-1042-1112-1113-1114-1115-1116-1117-1118-1119-1120-1121-1122-1123-1179-1180-105
[2026-08-11 17:00:54.372584] [INFO] [path_server] 노드 업데이트 : [1042] ➜ [1112]
[2026-08-11 17:00:54.432519] [INFO] [path_server] 새로운 경로 설정 : path[1042 ➜ 105] time[0s] dist[22.5m] list[16] : 1042-1112-1113-1114-1115-1116-1117-1118-1119-1120-1121-1122-1123-1179-1180-105
[2026-08-11 17:00:55.689952] [INFO] [path_server] 노드 업데이트 : [1112] ➜ [1113]
[2026-08-11 17:00:55.749852] [INFO] [path_server] 새로운 경로 설정 : path[1112 ➜ 105] time[0s] dist[21m] list[15] : 1112-1113-1114-1115-1116-1117-1118-1119-1120-1121-1122-1123-1179-1180-105
[2026-08-11 17:00:59.043207] [INFO] [path_server] 노드 업데이트 : [1113] ➜ [1114]
[2026-08-11 17:00:59.103123] [INFO] [path_server] 새로운 경로 설정 : path[1113 ➜ 105] time[0s] dist[19.5m] list[14] : 1113-1114-1115-1116-1117-1118-1119-1120-1121-1122-1123-1179-1180-105
[2026-08-11 17:01:00.181011] [INFO] [path_server] 노드 업데이트 : [1114] ➜ [1115]
[2026-08-11 17:01:00.240922] [INFO] [path_server] 새로운 경로 설정 : path[1114 ➜ 105] time[0s] dist[18m] list[13] : 1114-1115-1116-1117-1118-1119-1120-1121-1122-1123-1179-1180-105
[2026-08-11 17:01:00.999405] [INFO] [path_server] 노드 업데이트 : [1115] ➜ [1116]
[2026-08-11 17:01:01.079277] [INFO] [path_server] 새로운 경로 설정 : path[1115 ➜ 105] time[0s] dist[16.5m] list[12] : 1115-1116-1117-1118-1119-1120-1121-1122-1123-1179-1180-105
[2026-08-11 17:01:01.757760] [INFO] [path_server] 노드 업데이트 : [1116] ➜ [1117]
[2026-08-11 17:01:01.837735] [INFO] [path_server] 새로운 경로 설정 : path[1116 ➜ 105] time[0s] dist[15m] list[11] : 1116-1117-1118-1119-1120-1121-1122-1123-1179-1180-105
[2026-08-11 17:01:02.516352] [INFO] [path_server] 노드 업데이트 : [1117] ➜ [1118]
[2026-08-11 17:01:02.576232] [INFO] [path_server] 새로운 경로 설정 : path[1117 ➜ 105] time[0s] dist[13.5m] list[10] : 1117-1118-1119-1120-1121-1122-1123-1179-1180-105
[2026-08-11 17:01:03.254775] [INFO] [path_server] 노드 업데이트 : [1118] ➜ [1119]
[2026-08-11 17:01:03.334680] [INFO] [path_server] 새로운 경로 설정 : path[1118 ➜ 105] time[0s] dist[12m] list[9] : 1118-1119-1120-1121-1122-1123-1179-1180-105
[2026-08-11 17:01:04.013515] [INFO] [path_server] 노드 업데이트 : [1119] ➜ [1120]
[2026-08-11 17:01:04.073403] [INFO] [path_server] 새로운 경로 설정 : path[1119 ➜ 105] time[0s] dist[10.5m] list[8] : 1119-1120-1121-1122-1123-1179-1180-105
[2026-08-11 17:01:04.851979] [INFO] [path_server] 노드 업데이트 : [1120] ➜ [1121]
[2026-08-11 17:01:04.931829] [INFO] [path_server] 새로운 경로 설정 : path[1120 ➜ 105] time[0s] dist[9m] list[7] : 1120-1121-1122-1123-1179-1180-105
[2026-08-11 17:01:08.505207] [INFO] [path_server] 노드 업데이트 : [1121] ➜ [1122]
[2026-08-11 17:01:08.585125] [INFO] [path_server] 새로운 경로 설정 : path[1121 ➜ 105] time[0s] dist[7.5m] list[6] : 1121-1122-1123-1179-1180-105
[2026-08-11 17:01:09.862552] [INFO] [path_server] 노드 업데이트 : [1122] ➜ [1123]
[2026-08-11 17:01:09.922468] [INFO] [path_server] 새로운 경로 설정 : path[1122 ➜ 105] time[0s] dist[6m] list[5] : 1122-1123-1179-1180-105
[2026-08-11 17:01:10.920563] [INFO] [path_server] 노드 업데이트 : [1123] ➜ [1179]
[2026-08-11 17:01:11.000435] [INFO] [path_server] 새로운 경로 설정 : path[1123 ➜ 105] time[0s] dist[4.5m] list[4] : 1123-1179-1180-105
[2026-08-11 17:01:14.233873] [INFO] [path_server] 노드 업데이트 : [1179] ➜ [1180]
[2026-08-11 17:01:14.293755] [INFO] [path_server] 새로운 경로 설정 : path[1179 ➜ 105] time[0s] dist[3m] list[3] : 1179-1180-105
[2026-08-11 17:01:15.610982] [INFO] [path_server] 노드 업데이트 : [1180] ➜ [105]
[2026-08-11 17:01:15.670884] [INFO] [path_server] 새로운 경로 설정 : path[1180 ➜ 105] time[0s] dist[1.5m] list[2] : 1180-105
[2026-08-11 17:01:20.821689] [INFO] [path_server] 노드 업데이트 : [105] ➜ [-1]
[2026-08-11 17:01:23.735820] [INFO] [path_server] 노드 업데이트 : [105] ➜ [-1]
[2026-08-11 17:02:09.902236] [INFO] [path_server] 경로 삭제
[2026-08-11 17:02:09.942192] [INFO] [path_server] 경로 삭제
[2026-08-11 17:03:34.391625] [INFO] [path_server] 생성
[2026-08-11 17:03:34.391663] [INFO] [path_server] 경로 삭제
[2026-08-11 17:03:34.393167] [INFO] [path_server] 노드 초기화 성공 : 로봇 좌표[5.504m 2.498m -179.479°] 최단 거리 노드[105] 거리(0.004408m)
[2026-08-11 17:03:58.608329] [INFO] [path_server] 경로 삭제
[2026-08-11 17:03:58.648261] [INFO] [path_server] 경로 삭제
[2026-08-11 17:05:12.464844] [INFO] [path_server] 경로 삭제
[2026-08-11 17:05:12.504804] [INFO] [path_server] 경로 삭제
[2026-08-11 17:06:26.282430] [INFO] [path_server] 경로 삭제
[2026-08-11 17:06:26.302398] [INFO] [path_server] 경로 삭제
[2026-08-11 17:07:40.136788] [INFO] [path_server] 경로 삭제
[2026-08-11 17:07:40.176700] [INFO] [path_server] 경로 삭제
[2026-08-11 17:08:29.619508] [INFO] [path_server] 새로운 경로 설정 : path[105 ➜ 1004] time[0s] dist[19.5m] list[14] : 105-1180-1181-1182-1183-1184-1045-1046-1047-1048-1001-1002-1003-1004
[2026-08-11 17:08:36.785407] [INFO] [path_server] 노드 업데이트 : [1180] ➜ [1181]
[2026-08-11 17:08:36.865299] [INFO] [path_server] 새로운 경로 설정 : path[1180 ➜ 1004] time[0s] dist[18m] list[13] : 1180-1181-1182-1183-1184-1045-1046-1047-1048-1001-1002-1003-1004
[2026-08-11 17:08:45.787509] [INFO] [path_server] 노드 업데이트 : [1181] ➜ [1182]
[2026-08-11 17:08:45.847412] [INFO] [path_server] 새로운 경로 설정 : path[1181 ➜ 1004] time[0s] dist[16.5m] list[12] : 1181-1182-1183-1184-1045-1046-1047-1048-1001-1002-1003-1004
[2026-08-11 17:08:47.883355] [INFO] [path_server] 노드 업데이트 : [1182] ➜ [1183]
[2026-08-11 17:08:47.943253] [INFO] [path_server] 새로운 경로 설정 : path[1182 ➜ 1004] time[0s] dist[15m] list[11] : 1182-1183-1184-1045-1046-1047-1048-1001-1002-1003-1004
[2026-08-11 17:08:49.739610] [INFO] [path_server] 노드 업데이트 : [1183] ➜ [1184]
[2026-08-11 17:08:49.819621] [INFO] [path_server] 새로운 경로 설정 : path[1183 ➜ 1004] time[0s] dist[13.5m] list[10] : 1183-1184-1045-1046-1047-1048-1001-1002-1003-1004
[2026-08-11 17:08:52.314650] [INFO] [path_server] 노드 업데이트 : [1184] ➜ [1045]
[2026-08-11 17:08:52.394588] [INFO] [path_server] 새로운 경로 설정 : path[1184 ➜ 1004] time[0s] dist[12m] list[9] : 1184-1045-1046-1047-1048-1001-1002-1003-1004
[2026-08-11 17:08:53.751859] [INFO] [path_server] 노드 업데이트 : [1045] ➜ [1046]
[2026-08-11 17:08:53.831823] [INFO] [path_server] 새로운 경로 설정 : path[1045 ➜ 1004] time[0s] dist[10.5m] list[8] : 1045-1046-1047-1048-1001-1002-1003-1004
[2026-08-11 17:08:57.105239] [INFO] [path_server] 노드 업데이트 : [1046] ➜ [1047]
[2026-08-11 17:08:57.185164] [INFO] [path_server] 새로운 경로 설정 : path[1046 ➜ 1004] time[0s] dist[9m] list[7] : 1046-1047-1048-1001-1002-1003-1004
[2026-08-11 17:08:58.324151] [INFO] [path_server] 노드 업데이트 : [1047] ➜ [1048]
[2026-08-11 17:08:58.404374] [INFO] [path_server] 새로운 경로 설정 : path[1047 ➜ 1004] time[0s] dist[7.5m] list[6] : 1047-1048-1001-1002-1003-1004
[2026-08-11 17:09:00.122592] [INFO] [path_server] 노드 업데이트 : [1048] ➜ [1001]
[2026-08-11 17:09:00.202460] [INFO] [path_server] 새로운 경로 설정 : path[1048 ➜ 1004] time[0s] dist[6m] list[5] : 1048-1001-1002-1003-1004
[2026-08-11 17:09:02.358011] [INFO] [path_server] 노드 업데이트 : [1001] ➜ [1002]
[2026-08-11 17:09:02.417921] [INFO] [path_server] 새로운 경로 설정 : path[1001 ➜ 1004] time[0s] dist[4.5m] list[4] : 1001-1002-1003-1004
[2026-08-11 17:09:07.228346] [INFO] [path_server] 노드 업데이트 : [1002] ➜ [1003]
[2026-08-11 17:09:07.308196] [INFO] [path_server] 새로운 경로 설정 : path[1002 ➜ 1004] time[0s] dist[3m] list[3] : 1002-1003-1004
[2026-08-11 17:09:42.599135] [INFO] [path_server] 노드 업데이트 : [1003] ➜ [1004]
[2026-08-11 17:09:42.659046] [INFO] [path_server] 새로운 경로 설정 : path[1003 ➜ 1004] time[0s] dist[1.5m] list[2] : 1003-1004
[2026-08-11 17:09:59.806252] [INFO] [path_server] 새로운 경로 설정 : path[1004 ➜ 205] time[0s] dist[12m] list[10] : 1003-1004-1013-1049-1050-1014-1201-1200-1202-205
[2026-08-11 17:10:13.400350] [INFO] [path_server] 노드 업데이트 : [1004] ➜ [1013]
[2026-08-11 17:10:13.480270] [INFO] [path_server] 새로운 경로 설정 : path[1004 ➜ 205] time[0s] dist[12m] list[9] : 1004-1013-1049-1050-1014-1201-1200-1202-205
[2026-08-11 17:10:16.753686] [INFO] [path_server] 노드 업데이트 : [1013] ➜ [1049]
[2026-08-11 17:10:16.833618] [INFO] [path_server] 새로운 경로 설정 : path[1013 ➜ 205] time[0s] dist[10.5m] list[8] : 1013-1049-1050-1014-1201-1200-1202-205
[2026-08-11 17:10:17.891321] [INFO] [path_server] 노드 업데이트 : [1049] ➜ [1050]
[2026-08-11 17:10:17.971230] [INFO] [path_server] 새로운 경로 설정 : path[1049 ➜ 205] time[0s] dist[9m] list[7] : 1049-1050-1014-1201-1200-1202-205
[2026-08-11 17:10:19.228657] [INFO] [path_server] 노드 업데이트 : [1050] ➜ [1014]
[2026-08-11 17:10:19.308507] [INFO] [path_server] 새로운 경로 설정 : path[1050 ➜ 205] time[0s] dist[7.5m] list[6] : 1050-1014-1201-1200-1202-205
[2026-08-11 17:10:22.622052] [INFO] [path_server] 노드 업데이트 : [1014] ➜ [1201]
[2026-08-11 17:10:22.701937] [INFO] [path_server] 새로운 경로 설정 : path[1014 ➜ 205] time[0s] dist[6m] list[5] : 1014-1201-1200-1202-205
[2026-08-11 17:10:23.740324] [INFO] [path_server] 노드 업데이트 : [1201] ➜ [1200]
[2026-08-11 17:10:23.820234] [INFO] [path_server] 새로운 경로 설정 : path[1201 ➜ 205] time[0s] dist[4.5m] list[4] : 1201-1200-1202-205
[2026-08-11 17:10:24.558730] [INFO] [path_server] 노드 업데이트 : [1200] ➜ [1202]
[2026-08-11 17:10:24.618615] [INFO] [path_server] 새로운 경로 설정 : path[1200 ➜ 205] time[0s] dist[3m] list[3] : 1200-1202-205
[2026-08-11 17:10:25.896024] [INFO] [path_server] 노드 업데이트 : [1202] ➜ [205]
[2026-08-11 17:10:25.975933] [INFO] [path_server] 새로운 경로 설정 : path[1202 ➜ 205] time[0s] dist[1.5m] list[2] : 1202-205
[2026-08-11 17:10:31.105414] [INFO] [path_server] 노드 업데이트 : [205] ➜ [-1]
[2026-08-11 17:10:34.039492] [INFO] [path_server] 노드 업데이트 : [205] ➜ [-1]
[2026-08-11 17:10:34.119395] [INFO] [path_server] 경로 삭제
[2026-08-11 17:10:55.517570] [INFO] [path_server] 새로운 경로 설정 : path[205 ➜ 102] time[0s] dist[75m] list[51] : 205-1202-1203-1204-1205-1206-1207-1208-1145-1146-1147-1148-1077-1029-1030-1031-1032-1033-1034-1007-1008-1009-1010-1011-1012-1035-1036-1037-1038-1039-1040-1041-1042-1112-1113-1114-1115-1116-1117-1118-1119-1120-1121-1122-1123-1179-1180-1181-1182-1183-102
[2026-08-11 17:11:00.408448] [INFO] [path_server] 노드 업데이트 : [1202] ➜ [1203]
[2026-08-11 17:11:00.488371] [INFO] [path_server] 새로운 경로 설정 : path[1202 ➜ 102] time[0s] dist[73.5m] list[50] : 1202-1203-1204-1205-1206-1207-1208-1145-1146-1147-1148-1077-1029-1030-1031-1032-1033-1034-1007-1008-1009-1010-1011-1012-1035-1036-1037-1038-1039-1040-1041-1042-1112-1113-1114-1115-1116-1117-1118-1119-1120-1121-1122-1123-1179-1180-1181-1182-1183-102
[2026-08-11 17:11:04.021566] [INFO] [path_server] 노드 업데이트 : [1203] ➜ [1204]
[2026-08-11 17:11:04.081484] [INFO] [path_server] 새로운 경로 설정 : path[1203 ➜ 102] time[0s] dist[72m] list[49] : 1203-1204-1205-1206-1207-1208-1145-1146-1147-1148-1077-1029-1030-1031-1032-1033-1034-1007-1008-1009-1010-1011-1012-1035-1036-1037-1038-1039-1040-1041-1042-1112-1113-1114-1115-1116-1117-1118-1119-1120-1121-1122-1123-1179-1180-1181-1182-1183-102
[2026-08-11 17:11:05.159431] [INFO] [path_server] 노드 업데이트 : [1204] ➜ [1205]
[2026-08-11 17:11:05.219358] [INFO] [path_server] 새로운 경로 설정 : path[1204 ➜ 102] time[0s] dist[70.5m] list[48] : 1204-1205-1206-1207-1208-1145-1146-1147-1148-1077-1029-1030-1031-1032-1033-1034-1007-1008-1009-1010-1011-1012-1035-1036-1037-1038-1039-1040-1041-1042-1112-1113-1114-1115-1116-1117-1118-1119-1120-1121-1122-1123-1179-1180-1181-1182-1183-102
[2026-08-11 17:11:05.977851] [INFO] [path_server] 노드 업데이트 : [1205] ➜ [1206]
[2026-08-11 17:11:06.057757] [INFO] [path_server] 새로운 경로 설정 : path[1205 ➜ 102] time[0s] dist[69m] list[47] : 1205-1206-1207-1208-1145-1146-1147-1148-1077-1029-1030-1031-1032-1033-1034-1007-1008-1009-1010-1011-1012-1035-1036-1037-1038-1039-1040-1041-1042-1112-1113-1114-1115-1116-1117-1118-1119-1120-1121-1122-1123-1179-1180-1181-1182-1183-102
[2026-08-11 17:11:06.736346] [INFO] [path_server] 노드 업데이트 : [1206] ➜ [1207]
[2026-08-11 17:11:06.816382] [INFO] [path_server] 새로운 경로 설정 : path[1206 ➜ 102] time[0s] dist[67.51m] list[46] : 1206-1207-1208-1145-1146-1147-1148-1077-1029-1030-1031-1032-1033-1034-1007-1008-1009-1010-1011-1012-1035-1036-1037-1038-1039-1040-1041-1042-1112-1113-1114-1115-1116-1117-1118-1119-1120-1121-1122-1123-1179-1180-1181-1182-1183-102
[2026-08-11 17:11:07.494940] [INFO] [path_server] 노드 업데이트 : [1207] ➜ [1208]
[2026-08-11 17:11:07.554874] [INFO] [path_server] 새로운 경로 설정 : path[1207 ➜ 102] time[0s] dist[66m] list[45] : 1207-1208-1145-1146-1147-1148-1077-1029-1030-1031-1032-1033-1034-1007-1008-1009-1010-1011-1012-1035-1036-1037-1038-1039-1040-1041-1042-1112-1113-1114-1115-1116-1117-1118-1119-1120-1121-1122-1123-1179-1180-1181-1182-1183-102
[2026-08-11 17:11:08.233480] [INFO] [path_server] 노드 업데이트 : [1208] ➜ [1145]
[2026-08-11 17:11:08.313439] [INFO] [path_server] 새로운 경로 설정 : path[1208 ➜ 102] time[0s] dist[64.5m] list[44] : 1208-1145-1146-1147-1148-1077-1029-1030-1031-1032-1033-1034-1007-1008-1009-1010-1011-1012-1035-1036-1037-1038-1039-1040-1041-1042-1112-1113-1114-1115-1116-1117-1118-1119-1120-1121-1122-1123-1179-1180-1181-1182-1183-102
[2026-08-11 17:11:09.550918] [INFO] [path_server] 노드 업데이트 : [1145] ➜ [1146]
[2026-08-11 17:11:09.630868] [INFO] [path_server] 새로운 경로 설정 : path[1145 ➜ 102] time[0s] dist[63m] list[43] : 1145-1146-1147-1148-1077-1029-1030-1031-1032-1033-1034-1007-1008-1009-1010-1011-1012-1035-1036-1037-1038-1039-1040-1041-1042-1112-1113-1114-1115-1116-1117-1118-1119-1120-1121-1122-1123-1179-1180-1181-1182-1183-102
[2026-08-11 17:11:12.924597] [INFO] [path_server] 노드 업데이트 : [1146] ➜ [1147]
[2026-08-11 17:11:13.004477] [INFO] [path_server] 새로운 경로 설정 : path[1146 ➜ 102] time[0s] dist[61.5m] list[42] : 1146-1147-1148-1077-1029-1030-1031-1032-1033-1034-1007-1008-1009-1010-1011-1012-1035-1036-1037-1038-1039-1040-1041-1042-1112-1113-1114-1115-1116-1117-1118-1119-1120-1121-1122-1123-1179-1180-1181-1182-1183-102
[2026-08-11 17:11:14.042475] [INFO] [path_server] 노드 업데이트 : [1147] ➜ [1148]
[2026-08-11 17:11:14.122546] [INFO] [path_server] 새로운 경로 설정 : path[1147 ➜ 102] time[0s] dist[60m] list[41] : 1147-1148-1077-1029-1030-1031-1032-1033-1034-1007-1008-1009-1010-1011-1012-1035-1036-1037-1038-1039-1040-1041-1042-1112-1113-1114-1115-1116-1117-1118-1119-1120-1121-1122-1123-1179-1180-1181-1182-1183-102
[2026-08-11 17:11:14.861063] [INFO] [path_server] 노드 업데이트 : [1148] ➜ [1077]
[2026-08-11 17:11:14.940975] [INFO] [path_server] 새로운 경로 설정 : path[1148 ➜ 102] time[0s] dist[58.5m] list[40] : 1148-1077-1029-1030-1031-1032-1033-1034-1007-1008-1009-1010-1011-1012-1035-1036-1037-1038-1039-1040-1041-1042-1112-1113-1114-1115-1116-1117-1118-1119-1120-1121-1122-1123-1179-1180-1181-1182-1183-102
[2026-08-11 17:11:16.338457] [INFO] [path_server] 노드 업데이트 : [1077] ➜ [1029]
[2026-08-11 17:11:16.398414] [INFO] [path_server] 새로운 경로 설정 : path[1077 ➜ 102] time[0s] dist[57m] list[39] : 1077-1029-1030-1031-1032-1033-1034-1007-1008-1009-1010-1011-1012-1035-1036-1037-1038-1039-1040-1041-1042-1112-1113-1114-1115-1116-1117-1118-1119-1120-1121-1122-1123-1179-1180-1181-1182-1183-102
[2026-08-11 17:11:21.788079] [INFO] [path_server] 노드 업데이트 : [1029] ➜ [1030]
[2026-08-11 17:11:21.848026] [INFO] [path_server] 새로운 경로 설정 : path[1029 ➜ 102] time[0s] dist[55.5m] list[38] : 1029-1030-1031-1032-1033-1034-1007-1008-1009-1010-1011-1012-1035-1036-1037-1038-1039-1040-1041-1042-1112-1113-1114-1115-1116-1117-1118-1119-1120-1121-1122-1123-1179-1180-1181-1182-1183-102
[2026-08-11 17:11:24.922861] [INFO] [path_server] 노드 업데이트 : [1030] ➜ [1031]
[2026-08-11 17:11:25.741508] [INFO] [path_server] 새로운 경로 설정 : path[-1 ➜ -1] time[0s] dist[0m] list[0] : 
[2026-08-11 17:12:05.624929] [INFO] [path_server] 새로운 경로 설정 : path[1030 ➜ 109] time[0s] dist[15m] list[11] : 1030-1031-1032-1033-1034-1007-1167-1168-1169-1170-109
[2026-08-11 17:12:07.461245] [INFO] [path_server] 노드 업데이트 : [1031] ➜ [1032]
[2026-08-11 17:12:07.521153] [INFO] [path_server] 새로운 경로 설정 : path[1031 ➜ 109] time[0s] dist[13.5m] list[10] : 1031-1032-1033-1034-1007-1167-1168-1169-1170-109
[2026-08-11 17:12:08.698703] [INFO] [path_server] 노드 업데이트 : [1032] ➜ [1033]
[2026-08-11 17:12:08.778568] [INFO] [path_server] 새로운 경로 설정 : path[1032 ➜ 109] time[0s] dist[12m] list[9] : 1032-1033-1034-1007-1167-1168-1169-1170-109
[2026-08-11 17:12:09.557001] [INFO] [path_server] 노드 업데이트 : [1033] ➜ [1034]
[2026-08-11 17:12:09.616927] [INFO] [path_server] 새로운 경로 설정 : path[1033 ➜ 109] time[0s] dist[10.5m] list[8] : 1033-1034-1007-1167-1168-1169-1170-109
[2026-08-11 17:12:10.295493] [INFO] [path_server] 노드 업데이트 : [1034] ➜ [1007]
[2026-08-11 17:12:10.375412] [INFO] [path_server] 새로운 경로 설정 : path[1034 ➜ 109] time[0s] dist[9m] list[7] : 1034-1007-1167-1168-1169-1170-109
[2026-08-11 17:12:11.632861] [INFO] [path_server] 노드 업데이트 : [1007] ➜ [1167]
[2026-08-11 17:12:11.712739] [INFO] [path_server] 새로운 경로 설정 : path[1007 ➜ 109] time[0s] dist[7.5m] list[6] : 1007-1167-1168-1169-1170-109
[2026-08-11 17:12:14.986182] [INFO] [path_server] 노드 업데이트 : [1167] ➜ [1168]
[2026-08-11 17:12:15.066035] [INFO] [path_server] 새로운 경로 설정 : path[1167 ➜ 109] time[0s] dist[6m] list[5] : 1167-1168-1169-1170-109
[2026-08-11 17:12:16.123874] [INFO] [path_server] 노드 업데이트 : [1168] ➜ [1169]
[2026-08-11 17:12:16.203721] [INFO] [path_server] 새로운 경로 설정 : path[1168 ➜ 109] time[0s] dist[4.5m] list[4] : 1168-1169-1170-109
[2026-08-11 17:12:16.942158] [INFO] [path_server] 노드 업데이트 : [1169] ➜ [1170]
[2026-08-11 17:12:17.022073] [INFO] [path_server] 새로운 경로 설정 : path[1169 ➜ 109] time[0s] dist[3m] list[3] : 1169-1170-109
[2026-08-11 17:12:18.359367] [INFO] [path_server] 노드 업데이트 : [1170] ➜ [109]
[2026-08-11 17:12:18.419261] [INFO] [path_server] 새로운 경로 설정 : path[1170 ➜ 109] time[0s] dist[1.5m] list[2] : 1170-109
[2026-08-11 17:12:23.928161] [INFO] [path_server] 노드 업데이트 : [109] ➜ [-1]
[2026-08-11 17:12:26.842613] [INFO] [path_server] 노드 업데이트 : [109] ➜ [-1]
