[2026-08-11 16:38:02.003239] [INFO] [task::fsm] 생성
[2026-08-11 16:38:02.003240] [INFO] [task::fsm] idle
[2026-08-11 16:45:50.013209] [INFO] [task::fsm] 생성
[2026-08-11 16:45:50.013210] [INFO] [task::fsm] idle
[2026-08-11 16:46:38.824619] [INFO] [task::fsm] push_done
[2026-08-11 16:46:38.884516] [INFO] [task::fsm] charging
[2026-08-11 16:47:03.140540] [INFO] [task::fsm] discharging
[2026-08-11 16:47:03.160566] [INFO] [task::fsm] idle
[2026-08-11 16:47:03.180527] [INFO] [task::fsm] idle
[2026-08-11 16:49:24.443518] [INFO] [task::fsm] 생성
[2026-08-11 16:49:24.443520] [INFO] [task::fsm] idle
[2026-08-11 16:49:24.565103] [INFO] [task::fsm] charging
[2026-08-11 16:49:46.519314] [INFO] [task::fsm] 생성
[2026-08-11 16:49:46.519315] [INFO] [task::fsm] idle
[2026-08-11 16:49:46.640913] [INFO] [task::fsm] charging
[2026-08-11 16:49:58.420299] [INFO] [task::fsm] 생성
[2026-08-11 16:49:58.420300] [INFO] [task::fsm] idle
[2026-08-11 16:50:00.398274] [INFO] [task::fsm] charging
[2026-08-11 16:50:22.636126] [INFO] [task::fsm] discharging
[2026-08-11 16:50:22.656039] [INFO] [task::fsm] idle
[2026-08-11 16:50:22.696003] [INFO] [task::fsm] idle
[2026-08-11 16:50:54.376933] [INFO] [task::fsm] push_done
[2026-08-11 16:50:54.436785] [INFO] [task::fsm] charging
[2026-08-11 16:51:05.936331] [INFO] [task::fsm] discharging
[2026-08-11 16:51:05.956335] [INFO] [task::fsm] idle
[2026-08-11 16:51:05.976299] [INFO] [task::fsm] idle
[2026-08-11 16:52:17.164967] [INFO] [task::fsm] 생성
[2026-08-11 16:52:17.164968] [INFO] [task::fsm] idle
[2026-08-11 16:52:24.153272] [INFO] [task::fsm] charging
[2026-08-11 16:52:46.509941] [INFO] [task::fsm] discharging
[2026-08-11 16:52:46.529902] [INFO] [task::fsm] idle
[2026-08-11 16:52:46.569828] [INFO] [task::fsm] idle
[2026-08-11 16:53:26.894970] [INFO] [task::fsm] push_done
[2026-08-11 16:53:26.954800] [INFO] [task::fsm] idle
[2026-08-11 16:59:45.940085] [INFO] [task::fsm] push_done
[2026-08-11 16:59:45.999954] [INFO] [task::fsm] charging
[2026-08-11 17:00:07.059361] [INFO] [task::fsm] discharging
[2026-08-11 17:00:07.079327] [INFO] [task::fsm] idle
[2026-08-11 17:00:07.119257] [INFO] [task::fsm] idle
[2026-08-11 17:00:45.285084] [INFO] [task::fsm] push_done
[2026-08-11 17:00:45.344968] [INFO] [task::fsm] idle
[2026-08-11 17:03:34.389456] [INFO] [task::fsm] 생성
[2026-08-11 17:03:34.389458] [INFO] [task::fsm] idle
[2026-08-11 17:09:07.377802] [INFO] [task::fsm] push_done
[2026-08-11 17:09:07.437712] [INFO] [task::fsm] charging
[2026-08-11 17:09:37.761684] [INFO] [task::fsm] discharging
[2026-08-11 17:09:37.781643] [INFO] [task::fsm] idle
[2026-08-11 17:09:37.821566] [INFO] [task::fsm] idle
[2026-08-11 17:11:25.752318] [INFO] [task::fsm] idle
[2026-08-11 17:24:37.865545] [INFO] [task::fsm] 생성
[2026-08-11 17:24:37.865546] [INFO] [task::fsm] idle
[2026-08-11 17:27:18.541619] [INFO] [task::fsm] 생성
[2026-08-11 17:27:18.541620] [INFO] [task::fsm] idle
[2026-08-11 17:27:18.583545] [INFO] [task::fsm] charging
[2026-08-11 17:27:55.458931] [INFO] [task::fsm] 생성
[2026-08-11 17:27:55.458932] [INFO] [task::fsm] idle
[2026-08-11 17:27:55.560184] [INFO] [task::fsm] charging
[2026-08-11 17:28:17.756386] [INFO] [task::fsm] discharging
[2026-08-11 17:28:17.776288] [INFO] [task::fsm] idle
[2026-08-11 17:28:17.816269] [INFO] [task::fsm] idle
[2026-08-11 17:29:31.038777] [INFO] [task::fsm] go_from_done
[2026-08-11 17:29:31.098628] [INFO] [task::fsm] loading
[2026-08-11 17:29:33.134646] [INFO] [task::fsm] loading_done
[2026-08-11 17:30:50.510718] [INFO] [task::fsm] go_to_done
[2026-08-11 17:30:50.550694] [INFO] [task::fsm] unloading
[2026-08-11 17:30:52.586711] [INFO] [task::fsm] unloading_done
[2026-08-11 17:30:52.626678] [INFO] [task::fsm] idle
[2026-08-11 17:31:38.797555] [INFO] [task::fsm] push_done
[2026-08-11 17:31:38.857474] [INFO] [task::fsm] idle
[2026-08-11 17:33:16.972143] [INFO] [task::fsm] push_done
[2026-08-11 17:33:17.031994] [INFO] [task::fsm] charging
[2026-08-11 17:34:11.591359] [INFO] [task::fsm] push_done
[2026-08-11 17:34:11.651247] [INFO] [task::fsm] idle
[2026-08-11 17:34:46.316095] [INFO] [task::fsm] 생성
[2026-08-11 17:34:46.316096] [INFO] [task::fsm] idle
[2026-08-11 17:40:32.826821] [INFO] [task::fsm] 생성
[2026-08-11 17:40:32.826822] [INFO] [task::fsm] idle
[2026-08-11 17:40:32.928415] [INFO] [task::fsm] charging
[2026-08-11 17:40:55.132442] [INFO] [task::fsm] discharging
[2026-08-11 17:40:55.152364] [INFO] [task::fsm] idle
[2026-08-11 17:40:55.192346] [INFO] [task::fsm] idle
[2026-08-11 17:42:22.582340] [INFO] [task::fsm] push_done
[2026-08-11 17:42:22.642216] [INFO] [task::fsm] idle
[2026-08-11 17:44:21.689036] [INFO] [task::fsm] 생성
[2026-08-11 17:44:21.689037] [INFO] [task::fsm] idle
[2026-08-11 17:44:52.415585] [INFO] [task::fsm] push_done
[2026-08-11 17:44:52.475473] [INFO] [task::fsm] charging
[2026-08-11 17:45:15.934745] [INFO] [task::fsm] discharging
[2026-08-11 17:45:15.954657] [INFO] [task::fsm] idle
[2026-08-11 17:45:15.994634] [INFO] [task::fsm] idle
[2026-08-11 17:45:27.796034] [INFO] [task::fsm] 생성
[2026-08-11 17:45:27.796035] [INFO] [task::fsm] idle
[2026-08-11 17:45:51.346392] [INFO] [task::fsm] 생성
[2026-08-11 17:45:51.346393] [INFO] [task::fsm] idle
[2026-08-11 17:45:51.447857] [INFO] [task::fsm] charging
[2026-08-11 17:46:13.646384] [INFO] [task::fsm] discharging
[2026-08-11 17:46:13.666424] [INFO] [task::fsm] idle
[2026-08-11 17:46:13.686354] [INFO] [task::fsm] idle
[2026-08-11 17:50:10.565707] [INFO] [task::fsm] 생성
[2026-08-11 17:50:10.565708] [INFO] [task::fsm] idle
[2026-08-11 17:50:10.686952] [INFO] [task::fsm] charging
[2026-08-11 17:50:32.884948] [INFO] [task::fsm] discharging
[2026-08-11 17:50:32.904861] [INFO] [task::fsm] idle
[2026-08-11 17:50:32.944800] [INFO] [task::fsm] idle
[2026-08-11 17:56:27.970910] [INFO] [task::fsm] charging
[2026-08-11 17:57:12.127476] [INFO] [task::fsm] push_done
[2026-08-11 17:57:12.187368] [INFO] [task::fsm] idle
