[2026-08-11 16:38:02.013671] [INFO] [path_server] 생성
[2026-08-11 16:38:02.013739] [INFO] [path_server] 경로 삭제
[2026-08-11 16:38:02.015458] [INFO] [path_server] 노드 초기화 성공 : 로봇 좌표[5.503m 2.498m -179.501°] 최단 거리 노드[105] 거리(0.003768m)
[2026-08-11 16:45:50.018090] [INFO] [path_server] 생성
[2026-08-11 16:45:50.018129] [INFO] [path_server] 경로 삭제
[2026-08-11 16:45:50.019671] [INFO] [path_server] 노드 초기화 성공 : 로봇 좌표[5.504m 6.998m -179.385°] 최단 거리 노드[102] 거리(0.004241m)
[2026-08-11 16:45:50.039648] [INFO] [path_server] 새로운 경로 설정 : path[-1 ➜ -1] time[0s] dist[0m] list[0] : 
[2026-08-11 16:45:50.099549] [INFO] [path_server] 새로운 경로 설정 : path[102 ➜ 1121] time[0s] dist[24m] list[17] : 102-1183-1184-1045-1040-1041-1042-1112-1113-1114-1115-1116-1117-1118-1119-1120-1121
[2026-08-11 16:45:57.266235] [INFO] [path_server] 노드 업데이트 : [1183] ➜ [1184]
[2026-08-11 16:45:57.346106] [INFO] [path_server] 새로운 경로 설정 : path[1183 ➜ 1121] time[0s] dist[22.5m] list[16] : 1183-1184-1045-1040-1041-1042-1112-1113-1114-1115-1116-1117-1118-1119-1120-1121
[2026-08-11 16:46:00.879196] [INFO] [path_server] 노드 업데이트 : [1184] ➜ [1045]
[2026-08-11 16:46:00.939114] [INFO] [path_server] 새로운 경로 설정 : path[1184 ➜ 1121] time[0s] dist[21m] list[15] : 1184-1045-1040-1041-1042-1112-1113-1114-1115-1116-1117-1118-1119-1120-1121
[2026-08-11 16:46:02.016996] [INFO] [path_server] 노드 업데이트 : [1045] ➜ [1040]
[2026-08-11 16:46:02.076929] [INFO] [path_server] 새로운 경로 설정 : path[1045 ➜ 1121] time[0s] dist[19.5m] list[14] : 1045-1040-1041-1042-1112-1113-1114-1115-1116-1117-1118-1119-1120-1121
[2026-08-11 16:46:03.354481] [INFO] [path_server] 노드 업데이트 : [1040] ➜ [1041]
[2026-08-11 16:46:03.434422] [INFO] [path_server] 새로운 경로 설정 : path[1040 ➜ 1121] time[0s] dist[18m] list[13] : 1040-1041-1042-1112-1113-1114-1115-1116-1117-1118-1119-1120-1121
[2026-08-11 16:46:06.748529] [INFO] [path_server] 노드 업데이트 : [1041] ➜ [1042]
[2026-08-11 16:46:06.828558] [INFO] [path_server] 새로운 경로 설정 : path[1041 ➜ 1121] time[0s] dist[16.5m] list[12] : 1041-1042-1112-1113-1114-1115-1116-1117-1118-1119-1120-1121
[2026-08-11 16:46:07.866466] [INFO] [path_server] 노드 업데이트 : [1042] ➜ [1112]
[2026-08-11 16:46:07.926386] [INFO] [path_server] 새로운 경로 설정 : path[1042 ➜ 1121] time[0s] dist[15m] list[11] : 1042-1112-1113-1114-1115-1116-1117-1118-1119-1120-1121
[2026-08-11 16:46:09.203716] [INFO] [path_server] 노드 업데이트 : [1112] ➜ [1113]
[2026-08-11 16:46:09.283631] [INFO] [path_server] 새로운 경로 설정 : path[1112 ➜ 1121] time[0s] dist[13.5m] list[10] : 1112-1113-1114-1115-1116-1117-1118-1119-1120-1121
[2026-08-11 16:46:12.537313] [INFO] [path_server] 노드 업데이트 : [1113] ➜ [1114]
[2026-08-11 16:46:12.597247] [INFO] [path_server] 새로운 경로 설정 : path[1113 ➜ 1121] time[0s] dist[12m] list[9] : 1113-1114-1115-1116-1117-1118-1119-1120-1121
[2026-08-11 16:46:13.654954] [INFO] [path_server] 노드 업데이트 : [1114] ➜ [1115]
[2026-08-11 16:46:13.734847] [INFO] [path_server] 새로운 경로 설정 : path[1114 ➜ 1121] time[0s] dist[10.5m] list[8] : 1114-1115-1116-1117-1118-1119-1120-1121
[2026-08-11 16:46:14.493612] [INFO] [path_server] 노드 업데이트 : [1115] ➜ [1116]
[2026-08-11 16:46:14.573522] [INFO] [path_server] 새로운 경로 설정 : path[1115 ➜ 1121] time[0s] dist[9m] list[7] : 1115-1116-1117-1118-1119-1120-1121
[2026-08-11 16:46:15.232409] [INFO] [path_server] 노드 업데이트 : [1116] ➜ [1117]
[2026-08-11 16:46:15.292423] [INFO] [path_server] 새로운 경로 설정 : path[1116 ➜ 1121] time[0s] dist[7.5m] list[6] : 1116-1117-1118-1119-1120-1121
[2026-08-11 16:46:15.991020] [INFO] [path_server] 노드 업데이트 : [1117] ➜ [1118]
[2026-08-11 16:46:16.070842] [INFO] [path_server] 새로운 경로 설정 : path[1117 ➜ 1121] time[0s] dist[6m] list[5] : 1117-1118-1119-1120-1121
[2026-08-11 16:46:16.729572] [INFO] [path_server] 노드 업데이트 : [1118] ➜ [1119]
[2026-08-11 16:46:16.789502] [INFO] [path_server] 새로운 경로 설정 : path[1118 ➜ 1121] time[0s] dist[4.5m] list[4] : 1118-1119-1120-1121
[2026-08-11 16:46:17.488099] [INFO] [path_server] 노드 업데이트 : [1119] ➜ [1120]
[2026-08-11 16:46:17.567965] [INFO] [path_server] 새로운 경로 설정 : path[1119 ➜ 1121] time[0s] dist[3m] list[3] : 1119-1120-1121
[2026-08-11 16:46:18.326515] [INFO] [path_server] 노드 업데이트 : [1120] ➜ [1121]
[2026-08-11 16:46:18.386459] [INFO] [path_server] 새로운 경로 설정 : path[1120 ➜ 1121] time[0s] dist[1.5m] list[2] : 1120-1121
[2026-08-11 16:46:22.438975] [INFO] [path_server] 노드 업데이트 : [1121] ➜ [-1]
[2026-08-11 16:46:25.333656] [INFO] [path_server] 노드 업데이트 : [1121] ➜ [-1]
[2026-08-11 16:46:25.393531] [INFO] [path_server] 경로 삭제
[2026-08-11 16:46:30.503665] [INFO] [path_server] 새로운 경로 설정 : path[1121 ➜ 103] time[0s] dist[10.5m] list[8] : 1121-1122-1123-1179-1180-1181-1182-103
[2026-08-11 16:46:32.839465] [INFO] [path_server] 노드 업데이트 : [1122] ➜ [1123]
[2026-08-11 16:46:32.919376] [INFO] [path_server] 새로운 경로 설정 : path[1122 ➜ 103] time[0s] dist[9m] list[7] : 1122-1123-1179-1180-1181-1182-103
[2026-08-11 16:46:33.917594] [INFO] [path_server] 노드 업데이트 : [1123] ➜ [1179]
[2026-08-11 16:46:33.997495] [INFO] [path_server] 새로운 경로 설정 : path[1123 ➜ 103] time[0s] dist[7.5m] list[6] : 1123-1179-1180-1181-1182-103
[2026-08-11 16:46:37.191680] [INFO] [path_server] 노드 업데이트 : [1179] ➜ [1180]
[2026-08-11 16:46:37.271627] [INFO] [path_server] 새로운 경로 설정 : path[1179 ➜ 103] time[0s] dist[6m] list[5] : 1179-1180-1181-1182-103
[2026-08-11 16:46:38.449291] [INFO] [path_server] 노드 업데이트 : [1180] ➜ [1181]
[2026-08-11 16:46:38.529213] [INFO] [path_server] 새로운 경로 설정 : path[1180 ➜ 103] time[0s] dist[4.5m] list[4] : 1180-1181-1182-103
[2026-08-11 16:46:39.307699] [INFO] [path_server] 노드 업데이트 : [1181] ➜ [1182]
[2026-08-11 16:46:39.387605] [INFO] [path_server] 새로운 경로 설정 : path[1181 ➜ 103] time[0s] dist[3m] list[3] : 1181-1182-103
[2026-08-11 16:46:40.625194] [INFO] [path_server] 노드 업데이트 : [1182] ➜ [103]
[2026-08-11 16:46:40.705093] [INFO] [path_server] 새로운 경로 설정 : path[1182 ➜ 103] time[0s] dist[1.5m] list[2] : 1182-103
[2026-08-11 16:46:45.835957] [INFO] [path_server] 노드 업데이트 : [103] ➜ [-1]
[2026-08-11 16:46:48.770833] [INFO] [path_server] 노드 업데이트 : [103] ➜ [-1]
[2026-08-11 16:47:11.570766] [INFO] [path_server] 경로 삭제
[2026-08-11 16:47:11.610650] [INFO] [path_server] 경로 삭제
[2026-08-11 16:49:24.432033] [INFO] [path_server] 생성
[2026-08-11 16:49:24.432069] [INFO] [path_server] 경로 삭제
[2026-08-11 16:49:24.433576] [INFO] [path_server] 노드 초기화 성공 : 로봇 좌표[5.503m 5.498m -179.406°] 최단 거리 노드[103] 거리(0.003576m)
[2026-08-11 16:49:58.440647] [INFO] [path_server] 생성
[2026-08-11 16:49:58.440691] [INFO] [path_server] 경로 삭제
[2026-08-11 16:49:58.442436] [INFO] [path_server] 노드 초기화 성공 : 로봇 좌표[5.503m 5.498m -179.406°] 최단 거리 노드[103] 거리(0.003576m)
[2026-08-11 16:50:11.220625] [INFO] [path_server] 새로운 경로 설정 : path[103 ➜ 1164] time[0s] dist[36m] list[25] : 103-1182-1183-1184-1045-1046-1047-1048-1001-1002-1003-1004-1005-1010-1017-1063-1064-1018-1158-1159-1160-1161-1162-1163-1164
[2026-08-11 16:50:18.391362] [INFO] [path_server] 노드 업데이트 : [1182] ➜ [1183]
[2026-08-11 16:50:18.471239] [INFO] [path_server] 새로운 경로 설정 : path[1182 ➜ 1164] time[0s] dist[34.5m] list[24] : 1182-1183-1184-1045-1046-1047-1048-1001-1002-1003-1004-1005-1010-1017-1063-1064-1018-1158-1159-1160-1161-1162-1163-1164
[2026-08-11 16:50:22.025212] [INFO] [path_server] 노드 업데이트 : [1183] ➜ [1184]
[2026-08-11 16:50:22.105363] [INFO] [path_server] 새로운 경로 설정 : path[1183 ➜ 1164] time[0s] dist[33m] list[23] : 1183-1184-1045-1046-1047-1048-1001-1002-1003-1004-1005-1010-1017-1063-1064-1018-1158-1159-1160-1161-1162-1163-1164
[2026-08-11 16:50:23.143423] [INFO] [path_server] 노드 업데이트 : [1184] ➜ [1045]
[2026-08-11 16:50:23.223360] [INFO] [path_server] 새로운 경로 설정 : path[1184 ➜ 1164] time[0s] dist[31.5m] list[22] : 1184-1045-1046-1047-1048-1001-1002-1003-1004-1005-1010-1017-1063-1064-1018-1158-1159-1160-1161-1162-1163-1164
[2026-08-11 16:50:24.480889] [INFO] [path_server] 노드 업데이트 : [1045] ➜ [1046]
[2026-08-11 16:50:24.560759] [INFO] [path_server] 새로운 경로 설정 : path[1045 ➜ 1164] time[0s] dist[30m] list[21] : 1045-1046-1047-1048-1001-1002-1003-1004-1005-1010-1017-1063-1064-1018-1158-1159-1160-1161-1162-1163-1164
[2026-08-11 16:50:27.814691] [INFO] [path_server] 노드 업데이트 : [1046] ➜ [1047]
[2026-08-11 16:50:27.894642] [INFO] [path_server] 새로운 경로 설정 : path[1046 ➜ 1164] time[0s] dist[28.5m] list[20] : 1046-1047-1048-1001-1002-1003-1004-1005-1010-1017-1063-1064-1018-1158-1159-1160-1161-1162-1163-1164
[2026-08-11 16:50:28.952631] [INFO] [path_server] 노드 업데이트 : [1047] ➜ [1048]
[2026-08-11 16:50:29.032560] [INFO] [path_server] 새로운 경로 설정 : path[1047 ➜ 1164] time[0s] dist[27m] list[19] : 1047-1048-1001-1002-1003-1004-1005-1010-1017-1063-1064-1018-1158-1159-1160-1161-1162-1163-1164
[2026-08-11 16:50:29.771198] [INFO] [path_server] 노드 업데이트 : [1048] ➜ [1001]
[2026-08-11 16:50:29.831071] [INFO] [path_server] 새로운 경로 설정 : path[1048 ➜ 1164] time[0s] dist[25.5m] list[18] : 1048-1001-1002-1003-1004-1005-1010-1017-1063-1064-1018-1158-1159-1160-1161-1162-1163-1164
[2026-08-11 16:50:30.529668] [INFO] [path_server] 노드 업데이트 : [1001] ➜ [1002]
[2026-08-11 16:50:30.609544] [INFO] [path_server] 새로운 경로 설정 : path[1001 ➜ 1164] time[0s] dist[24m] list[17] : 1001-1002-1003-1004-1005-1010-1017-1063-1064-1018-1158-1159-1160-1161-1162-1163-1164
[2026-08-11 16:50:31.268226] [INFO] [path_server] 노드 업데이트 : [1002] ➜ [1003]
[2026-08-11 16:50:31.328141] [INFO] [path_server] 새로운 경로 설정 : path[1002 ➜ 1164] time[0s] dist[22.5m] list[16] : 1002-1003-1004-1005-1010-1017-1063-1064-1018-1158-1159-1160-1161-1162-1163-1164
[2026-08-11 16:50:32.026751] [INFO] [path_server] 노드 업데이트 : [1003] ➜ [1004]
[2026-08-11 16:50:32.106617] [INFO] [path_server] 새로운 경로 설정 : path[1003 ➜ 1164] time[0s] dist[21m] list[15] : 1003-1004-1005-1010-1017-1063-1064-1018-1158-1159-1160-1161-1162-1163-1164
[2026-08-11 16:50:32.785215] [INFO] [path_server] 노드 업데이트 : [1004] ➜ [1005]
[2026-08-11 16:50:32.865134] [INFO] [path_server] 새로운 경로 설정 : path[1004 ➜ 1164] time[0s] dist[19.5m] list[14] : 1004-1005-1010-1017-1063-1064-1018-1158-1159-1160-1161-1162-1163-1164
[2026-08-11 16:50:34.102693] [INFO] [path_server] 노드 업데이트 : [1005] ➜ [1010]
[2026-08-11 16:50:34.182654] [INFO] [path_server] 새로운 경로 설정 : path[1005 ➜ 1164] time[0s] dist[18m] list[13] : 1005-1010-1017-1063-1064-1018-1158-1159-1160-1161-1162-1163-1164
[2026-08-11 16:50:37.476716] [INFO] [path_server] 노드 업데이트 : [1010] ➜ [1017]
[2026-08-11 16:50:37.536635] [INFO] [path_server] 새로운 경로 설정 : path[1010 ➜ 1164] time[0s] dist[16.5m] list[12] : 1010-1017-1063-1064-1018-1158-1159-1160-1161-1162-1163-1164
[2026-08-11 16:50:38.594619] [INFO] [path_server] 노드 업데이트 : [1017] ➜ [1063]
[2026-08-11 16:50:38.674518] [INFO] [path_server] 새로운 경로 설정 : path[1017 ➜ 1164] time[0s] dist[15m] list[11] : 1017-1063-1064-1018-1158-1159-1160-1161-1162-1163-1164
[2026-08-11 16:50:39.412987] [INFO] [path_server] 노드 업데이트 : [1063] ➜ [1064]
[2026-08-11 16:50:39.492899] [INFO] [path_server] 새로운 경로 설정 : path[1063 ➜ 1164] time[0s] dist[13.5m] list[10] : 1063-1064-1018-1158-1159-1160-1161-1162-1163-1164
[2026-08-11 16:50:40.750424] [INFO] [path_server] 노드 업데이트 : [1064] ➜ [1018]
[2026-08-11 16:50:40.830332] [INFO] [path_server] 새로운 경로 설정 : path[1064 ➜ 1164] time[0s] dist[12m] list[9] : 1064-1018-1158-1159-1160-1161-1162-1163-1164
[2026-08-11 16:50:44.084120] [INFO] [path_server] 노드 업데이트 : [1018] ➜ [1158]
[2026-08-11 16:50:44.164032] [INFO] [path_server] 새로운 경로 설정 : path[1018 ➜ 1164] time[0s] dist[10.5m] list[8] : 1018-1158-1159-1160-1161-1162-1163-1164
[2026-08-11 16:50:45.221972] [INFO] [path_server] 노드 업데이트 : [1158] ➜ [1159]
[2026-08-11 16:50:45.301879] [INFO] [path_server] 새로운 경로 설정 : path[1158 ➜ 1164] time[0s] dist[9m] list[7] : 1158-1159-1160-1161-1162-1163-1164
[2026-08-11 16:50:46.040408] [INFO] [path_server] 노드 업데이트 : [1159] ➜ [1160]
[2026-08-11 16:50:46.100339] [INFO] [path_server] 새로운 경로 설정 : path[1159 ➜ 1164] time[0s] dist[7.5m] list[6] : 1159-1160-1161-1162-1163-1164
[2026-08-11 16:50:46.798964] [INFO] [path_server] 노드 업데이트 : [1160] ➜ [1161]
[2026-08-11 16:50:46.858993] [INFO] [path_server] 새로운 경로 설정 : path[1160 ➜ 1164] time[0s] dist[6m] list[5] : 1160-1161-1162-1163-1164
[2026-08-11 16:50:47.557601] [INFO] [path_server] 노드 업데이트 : [1161] ➜ [1162]
[2026-08-11 16:50:47.637446] [INFO] [path_server] 새로운 경로 설정 : path[1161 ➜ 1164] time[0s] dist[4.5m] list[4] : 1161-1162-1163-1164
[2026-08-11 16:50:48.296107] [INFO] [path_server] 노드 업데이트 : [1162] ➜ [1163]
[2026-08-11 16:50:48.356019] [INFO] [path_server] 새로운 경로 설정 : path[1162 ➜ 1164] time[0s] dist[3m] list[3] : 1162-1163-1164
[2026-08-11 16:50:49.054601] [INFO] [path_server] 노드 업데이트 : [1163] ➜ [1164]
[2026-08-11 16:50:49.134507] [INFO] [path_server] 새로운 경로 설정 : path[1163 ➜ 1164] time[0s] dist[1.5m] list[2] : 1163-1164
[2026-08-11 16:50:51.290417] [INFO] [path_server] 노드 업데이트 : [1164] ➜ [-1]
[2026-08-11 16:50:54.209650] [INFO] [path_server] 노드 업데이트 : [1164] ➜ [-1]
[2026-08-11 16:50:54.289540] [INFO] [path_server] 경로 삭제
[2026-08-11 16:50:59.380051] [INFO] [path_server] 새로운 경로 설정 : path[1164 ➜ 111] time[0s] dist[37.5m] list[26] : 1164-1165-1166-1109-1110-1111-1112-1113-1043-1044-1045-1046-1047-1048-1001-1002-1003-1004-1005-1006-1021-1022-1007-1167-1168-111
[2026-08-11 16:51:01.715948] [INFO] [path_server] 노드 업데이트 : [1165] ➜ [1166]
[2026-08-11 16:51:01.775873] [INFO] [path_server] 새로운 경로 설정 : path[1165 ➜ 111] time[0s] dist[36m] list[25] : 1165-1166-1109-1110-1111-1112-1113-1043-1044-1045-1046-1047-1048-1001-1002-1003-1004-1005-1006-1021-1022-1007-1167-1168-111
[2026-08-11 16:51:02.774026] [INFO] [path_server] 노드 업데이트 : [1166] ➜ [1109]
[2026-08-11 16:51:02.853925] [INFO] [path_server] 새로운 경로 설정 : path[1166 ➜ 111] time[0s] dist[34.5m] list[24] : 1166-1109-1110-1111-1112-1113-1043-1044-1045-1046-1047-1048-1001-1002-1003-1004-1005-1006-1021-1022-1007-1167-1168-111
[2026-08-11 16:51:03.632362] [INFO] [path_server] 노드 업데이트 : [1109] ➜ [1110]
[2026-08-11 16:51:03.692281] [INFO] [path_server] 새로운 경로 설정 : path[1109 ➜ 111] time[0s] dist[33m] list[23] : 1109-1110-1111-1112-1113-1043-1044-1045-1046-1047-1048-1001-1002-1003-1004-1005-1006-1021-1022-1007-1167-1168-111
[2026-08-11 16:51:07.285606] [INFO] [path_server] 노드 업데이트 : [1110] ➜ [1111]
[2026-08-11 16:51:07.365572] [INFO] [path_server] 새로운 경로 설정 : path[1110 ➜ 111] time[0s] dist[31.5m] list[22] : 1110-1111-1112-1113-1043-1044-1045-1046-1047-1048-1001-1002-1003-1004-1005-1006-1021-1022-1007-1167-1168-111
[2026-08-11 16:51:08.643119] [INFO] [path_server] 노드 업데이트 : [1111] ➜ [1112]
[2026-08-11 16:51:08.703008] [INFO] [path_server] 새로운 경로 설정 : path[1111 ➜ 111] time[0s] dist[30m] list[21] : 1111-1112-1113-1043-1044-1045-1046-1047-1048-1001-1002-1003-1004-1005-1006-1021-1022-1007-1167-1168-111
[2026-08-11 16:51:09.541372] [INFO] [path_server] 노드 업데이트 : [1112] ➜ [1113]
[2026-08-11 16:51:09.601269] [INFO] [path_server] 새로운 경로 설정 : path[1112 ➜ 111] time[0s] dist[28.5m] list[20] : 1112-1113-1043-1044-1045-1046-1047-1048-1001-1002-1003-1004-1005-1006-1021-1022-1007-1167-1168-111
[2026-08-11 16:51:10.858811] [INFO] [path_server] 노드 업데이트 : [1113] ➜ [1043]
[2026-08-11 16:51:10.918738] [INFO] [path_server] 새로운 경로 설정 : path[1113 ➜ 111] time[0s] dist[27m] list[19] : 1113-1043-1044-1045-1046-1047-1048-1001-1002-1003-1004-1005-1006-1021-1022-1007-1167-1168-111
[2026-08-11 16:51:14.192308] [INFO] [path_server] 노드 업데이트 : [1043] ➜ [1044]
[2026-08-11 16:51:14.272181] [INFO] [path_server] 새로운 경로 설정 : path[1043 ➜ 111] time[0s] dist[25.5m] list[18] : 1043-1044-1045-1046-1047-1048-1001-1002-1003-1004-1005-1006-1021-1022-1007-1167-1168-111
[2026-08-11 16:51:15.330091] [INFO] [path_server] 노드 업데이트 : [1044] ➜ [1045]
[2026-08-11 16:51:15.409970] [INFO] [path_server] 새로운 경로 설정 : path[1044 ➜ 111] time[0s] dist[24m] list[17] : 1044-1045-1046-1047-1048-1001-1002-1003-1004-1005-1006-1021-1022-1007-1167-1168-111
[2026-08-11 16:51:16.148414] [INFO] [path_server] 노드 업데이트 : [1045] ➜ [1046]
[2026-08-11 16:51:16.228463] [INFO] [path_server] 새로운 경로 설정 : path[1045 ➜ 111] time[0s] dist[22.5m] list[16] : 1045-1046-1047-1048-1001-1002-1003-1004-1005-1006-1021-1022-1007-1167-1168-111
[2026-08-11 16:51:16.906977] [INFO] [path_server] 노드 업데이트 : [1046] ➜ [1047]
[2026-08-11 16:51:16.986848] [INFO] [path_server] 새로운 경로 설정 : path[1046 ➜ 111] time[0s] dist[21m] list[15] : 1046-1047-1048-1001-1002-1003-1004-1005-1006-1021-1022-1007-1167-1168-111
[2026-08-11 16:51:17.665781] [INFO] [path_server] 노드 업데이트 : [1047] ➜ [1048]
[2026-08-11 16:51:17.725720] [INFO] [path_server] 새로운 경로 설정 : path[1047 ➜ 111] time[0s] dist[19.5m] list[14] : 1047-1048-1001-1002-1003-1004-1005-1006-1021-1022-1007-1167-1168-111
[2026-08-11 16:51:18.404311] [INFO] [path_server] 노드 업데이트 : [1048] ➜ [1001]
[2026-08-11 16:51:18.484312] [INFO] [path_server] 새로운 경로 설정 : path[1048 ➜ 111] time[0s] dist[18m] list[13] : 1048-1001-1002-1003-1004-1005-1006-1021-1022-1007-1167-1168-111
[2026-08-11 16:51:19.163013] [INFO] [path_server] 노드 업데이트 : [1001] ➜ [1002]
[2026-08-11 16:51:19.222983] [INFO] [path_server] 새로운 경로 설정 : path[1001 ➜ 111] time[0s] dist[16.5m] list[12] : 1001-1002-1003-1004-1005-1006-1021-1022-1007-1167-1168-111
[2026-08-11 16:51:19.901488] [INFO] [path_server] 노드 업데이트 : [1002] ➜ [1003]
[2026-08-11 16:51:19.981419] [INFO] [path_server] 새로운 경로 설정 : path[1002 ➜ 111] time[0s] dist[15m] list[11] : 1002-1003-1004-1005-1006-1021-1022-1007-1167-1168-111
[2026-08-11 16:51:20.660019] [INFO] [path_server] 노드 업데이트 : [1003] ➜ [1004]
[2026-08-11 16:51:20.719923] [INFO] [path_server] 새로운 경로 설정 : path[1003 ➜ 111] time[0s] dist[13.5m] list[10] : 1003-1004-1005-1006-1021-1022-1007-1167-1168-111
[2026-08-11 16:51:21.398760] [INFO] [path_server] 노드 업데이트 : [1004] ➜ [1005]
[2026-08-11 16:51:21.478717] [INFO] [path_server] 새로운 경로 설정 : path[1004 ➜ 111] time[0s] dist[12m] list[9] : 1004-1005-1006-1021-1022-1007-1167-1168-111
[2026-08-11 16:51:22.157359] [INFO] [path_server] 노드 업데이트 : [1005] ➜ [1006]
[2026-08-11 16:51:22.217309] [INFO] [path_server] 새로운 경로 설정 : path[1005 ➜ 111] time[0s] dist[10.5m] list[8] : 1005-1006-1021-1022-1007-1167-1168-111
[2026-08-11 16:51:22.915899] [INFO] [path_server] 노드 업데이트 : [1006] ➜ [1021]
[2026-08-11 16:51:22.995744] [INFO] [path_server] 새로운 경로 설정 : path[1006 ➜ 111] time[0s] dist[9m] list[7] : 1006-1021-1022-1007-1167-1168-111
[2026-08-11 16:51:23.654432] [INFO] [path_server] 노드 업데이트 : [1021] ➜ [1022]
[2026-08-11 16:51:23.714361] [INFO] [path_server] 새로운 경로 설정 : path[1021 ➜ 111] time[0s] dist[7.5m] list[6] : 1021-1022-1007-1167-1168-111
[2026-08-11 16:51:24.971872] [INFO] [path_server] 노드 업데이트 : [1022] ➜ [1007]
[2026-08-11 16:51:25.031772] [INFO] [path_server] 새로운 경로 설정 : path[1022 ➜ 111] time[0s] dist[6m] list[5] : 1022-1007-1167-1168-111
[2026-08-11 16:51:28.325240] [INFO] [path_server] 노드 업데이트 : [1007] ➜ [1167]
[2026-08-11 16:51:28.405130] [INFO] [path_server] 새로운 경로 설정 : path[1007 ➜ 111] time[0s] dist[4.5m] list[4] : 1007-1167-1168-111
[2026-08-11 16:51:29.462871] [INFO] [path_server] 노드 업데이트 : [1167] ➜ [1168]
[2026-08-11 16:51:29.542758] [INFO] [path_server] 새로운 경로 설정 : path[1167 ➜ 111] time[0s] dist[3m] list[3] : 1167-1168-111
[2026-08-11 16:51:30.880179] [INFO] [path_server] 노드 업데이트 : [1168] ➜ [111]
[2026-08-11 16:51:30.940081] [INFO] [path_server] 새로운 경로 설정 : path[1168 ➜ 111] time[0s] dist[1.5m] list[2] : 1168-111
[2026-08-11 16:51:36.389458] [INFO] [path_server] 노드 업데이트 : [111] ➜ [-1]
[2026-08-11 16:51:39.323739] [INFO] [path_server] 노드 업데이트 : [111] ➜ [-1]
[2026-08-11 16:52:17.169721] [INFO] [path_server] 생성
[2026-08-11 16:52:17.169775] [INFO] [path_server] 경로 삭제
[2026-08-11 16:52:17.171844] [INFO] [path_server] 노드 초기화 성공 : 로봇 좌표[22.004m 14.498m -179.978°] 최단 거리 노드[111] 거리(0.004352m)
[2026-08-11 16:52:41.063264] [INFO] [path_server] 경로 삭제
[2026-08-11 16:52:41.103230] [INFO] [path_server] 경로 삭제
[2026-08-11 16:53:50.548359] [INFO] [path_server] 경로 삭제
[2026-08-11 16:53:50.568351] [INFO] [path_server] 경로 삭제
[2026-08-11 16:55:00.032614] [INFO] [path_server] 경로 삭제
[2026-08-11 16:55:00.052570] [INFO] [path_server] 경로 삭제
[2026-08-11 16:56:09.536552] [INFO] [path_server] 경로 삭제
[2026-08-11 16:56:09.576536] [INFO] [path_server] 경로 삭제
[2026-08-11 16:56:10.395130] [INFO] [path_server] 새로운 경로 설정 : path[111 ➜ 202] time[0s] dist[27m] list[19] : 111-1168-1169-1170-1171-1172-1091-1092-1093-1094-1095-1074-1075-1076-1018-1158-1159-1160-202
[2026-08-11 16:56:15.085797] [INFO] [path_server] 노드 업데이트 : [1168] ➜ [1169]
[2026-08-11 16:56:15.145704] [INFO] [path_server] 새로운 경로 설정 : path[1168 ➜ 202] time[0s] dist[25.5m] list[18] : 1168-1169-1170-1171-1172-1091-1092-1093-1094-1095-1074-1075-1076-1018-1158-1159-1160-202
[2026-08-11 16:56:18.778830] [INFO] [path_server] 노드 업데이트 : [1169] ➜ [1170]
[2026-08-11 16:56:18.838767] [INFO] [path_server] 새로운 경로 설정 : path[1169 ➜ 202] time[0s] dist[24m] list[17] : 1169-1170-1171-1172-1091-1092-1093-1094-1095-1074-1075-1076-1018-1158-1159-1160-202
[2026-08-11 16:56:19.896678] [INFO] [path_server] 노드 업데이트 : [1170] ➜ [1171]
[2026-08-11 16:56:19.976578] [INFO] [path_server] 새로운 경로 설정 : path[1170 ➜ 202] time[0s] dist[22.5m] list[16] : 1170-1171-1172-1091-1092-1093-1094-1095-1074-1075-1076-1018-1158-1159-1160-202
[2026-08-11 16:56:20.715049] [INFO] [path_server] 노드 업데이트 : [1171] ➜ [1172]
[2026-08-11 16:56:20.794993] [INFO] [path_server] 새로운 경로 설정 : path[1171 ➜ 202] time[0s] dist[21m] list[15] : 1171-1172-1091-1092-1093-1094-1095-1074-1075-1076-1018-1158-1159-1160-202
[2026-08-11 16:56:21.453815] [INFO] [path_server] 노드 업데이트 : [1172] ➜ [1091]
[2026-08-11 16:56:21.533700] [INFO] [path_server] 새로운 경로 설정 : path[1172 ➜ 202] time[0s] dist[19.5m] list[14] : 1172-1091-1092-1093-1094-1095-1074-1075-1076-1018-1158-1159-1160-202
[2026-08-11 16:56:22.511689] [INFO] [path_server] 노드 업데이트 : [1091] ➜ [1092]
[2026-08-11 16:56:22.591603] [INFO] [path_server] 새로운 경로 설정 : path[1091 ➜ 202] time[0s] dist[18m] list[13] : 1091-1092-1093-1094-1095-1074-1075-1076-1018-1158-1159-1160-202
[2026-08-11 16:56:25.785433] [INFO] [path_server] 노드 업데이트 : [1092] ➜ [1093]
[2026-08-11 16:56:25.845379] [INFO] [path_server] 새로운 경로 설정 : path[1092 ➜ 202] time[0s] dist[16.5m] list[12] : 1092-1093-1094-1095-1074-1075-1076-1018-1158-1159-1160-202
[2026-08-11 16:56:27.023034] [INFO] [path_server] 노드 업데이트 : [1093] ➜ [1094]
[2026-08-11 16:56:27.102910] [INFO] [path_server] 새로운 경로 설정 : path[1093 ➜ 202] time[0s] dist[15m] list[11] : 1093-1094-1095-1074-1075-1076-1018-1158-1159-1160-202
[2026-08-11 16:56:27.901222] [INFO] [path_server] 노드 업데이트 : [1094] ➜ [1095]
[2026-08-11 16:56:27.981148] [INFO] [path_server] 새로운 경로 설정 : path[1094 ➜ 202] time[0s] dist[13.5m] list[10] : 1094-1095-1074-1075-1076-1018-1158-1159-1160-202
[2026-08-11 16:56:29.218639] [INFO] [path_server] 노드 업데이트 : [1095] ➜ [1074]
[2026-08-11 16:56:29.298466] [INFO] [path_server] 새로운 경로 설정 : path[1095 ➜ 202] time[0s] dist[12m] list[9] : 1095-1074-1075-1076-1018-1158-1159-1160-202
[2026-08-11 16:56:32.552307] [INFO] [path_server] 노드 업데이트 : [1074] ➜ [1075]
[2026-08-11 16:56:32.632259] [INFO] [path_server] 새로운 경로 설정 : path[1074 ➜ 202] time[0s] dist[10.5m] list[8] : 1074-1075-1076-1018-1158-1159-1160-202
[2026-08-11 16:56:33.690000] [INFO] [path_server] 노드 업데이트 : [1075] ➜ [1076]
[2026-08-11 16:56:33.769936] [INFO] [path_server] 새로운 경로 설정 : path[1075 ➜ 202] time[0s] dist[9m] list[7] : 1075-1076-1018-1158-1159-1160-202
[2026-08-11 16:56:34.508394] [INFO] [path_server] 노드 업데이트 : [1076] ➜ [1018]
[2026-08-11 16:56:34.568303] [INFO] [path_server] 새로운 경로 설정 : path[1076 ➜ 202] time[0s] dist[7.5m] list[6] : 1076-1018-1158-1159-1160-202
[2026-08-11 16:56:35.845688] [INFO] [path_server] 노드 업데이트 : [1018] ➜ [1158]
[2026-08-11 16:56:35.925590] [INFO] [path_server] 새로운 경로 설정 : path[1018 ➜ 202] time[0s] dist[6m] list[5] : 1018-1158-1159-1160-202
[2026-08-11 16:56:39.218693] [INFO] [path_server] 노드 업데이트 : [1158] ➜ [1159]
[2026-08-11 16:56:39.298532] [INFO] [path_server] 새로운 경로 설정 : path[1158 ➜ 202] time[0s] dist[4.5m] list[4] : 1158-1159-1160-202
[2026-08-11 16:56:40.356304] [INFO] [path_server] 노드 업데이트 : [1159] ➜ [1160]
[2026-08-11 16:56:40.416224] [INFO] [path_server] 새로운 경로 설정 : path[1159 ➜ 202] time[0s] dist[3m] list[3] : 1159-1160-202
[2026-08-11 16:56:41.693708] [INFO] [path_server] 노드 업데이트 : [1160] ➜ [202]
[2026-08-11 16:56:41.773622] [INFO] [path_server] 새로운 경로 설정 : path[1160 ➜ 202] time[0s] dist[1.5m] list[2] : 1160-202
[2026-08-11 16:56:46.943938] [INFO] [path_server] 노드 업데이트 : [202] ➜ [-1]
[2026-08-11 16:56:49.878045] [INFO] [path_server] 노드 업데이트 : [202] ➜ [-1]
[2026-08-11 16:56:49.937956] [INFO] [path_server] 경로 삭제
[2026-08-11 17:01:45.820633] [INFO] [path_server] 새로운 경로 설정 : path[202 ➜ 102] time[0s] dist[42m] list[29] : 202-1160-1161-1162-1163-1164-1165-1166-1109-1110-1111-1112-1113-1114-1115-1116-1117-1118-1119-1120-1121-1122-1123-1179-1180-1181-1182-1183-102
[2026-08-11 17:01:50.711370] [INFO] [path_server] 노드 업데이트 : [1160] ➜ [1161]
[2026-08-11 17:01:50.791261] [INFO] [path_server] 새로운 경로 설정 : path[1160 ➜ 102] time[0s] dist[40.5m] list[28] : 1160-1161-1162-1163-1164-1165-1166-1109-1110-1111-1112-1113-1114-1115-1116-1117-1118-1119-1120-1121-1122-1123-1179-1180-1181-1182-1183-102
[2026-08-11 17:01:54.343795] [INFO] [path_server] 노드 업데이트 : [1161] ➜ [1162]
[2026-08-11 17:01:54.423680] [INFO] [path_server] 새로운 경로 설정 : path[1161 ➜ 102] time[0s] dist[39m] list[27] : 1161-1162-1163-1164-1165-1166-1109-1110-1111-1112-1113-1114-1115-1116-1117-1118-1119-1120-1121-1122-1123-1179-1180-1181-1182-1183-102
[2026-08-11 17:01:55.461884] [INFO] [path_server] 노드 업데이트 : [1162] ➜ [1163]
[2026-08-11 17:01:55.542032] [INFO] [path_server] 새로운 경로 설정 : path[1162 ➜ 102] time[0s] dist[37.5m] list[26] : 1162-1163-1164-1165-1166-1109-1110-1111-1112-1113-1114-1115-1116-1117-1118-1119-1120-1121-1122-1123-1179-1180-1181-1182-1183-102
[2026-08-11 17:01:56.280880] [INFO] [path_server] 노드 업데이트 : [1163] ➜ [1164]
[2026-08-11 17:01:56.340887] [INFO] [path_server] 새로운 경로 설정 : path[1163 ➜ 102] time[0s] dist[36m] list[25] : 1163-1164-1165-1166-1109-1110-1111-1112-1113-1114-1115-1116-1117-1118-1119-1120-1121-1122-1123-1179-1180-1181-1182-1183-102
[2026-08-11 17:01:57.039796] [INFO] [path_server] 노드 업데이트 : [1164] ➜ [1165]
[2026-08-11 17:01:57.119691] [INFO] [path_server] 새로운 경로 설정 : path[1164 ➜ 102] time[0s] dist[34.5m] list[24] : 1164-1165-1166-1109-1110-1111-1112-1113-1114-1115-1116-1117-1118-1119-1120-1121-1122-1123-1179-1180-1181-1182-1183-102
[2026-08-11 17:01:57.798365] [INFO] [path_server] 노드 업데이트 : [1165] ➜ [1166]
[2026-08-11 17:01:57.878355] [INFO] [path_server] 새로운 경로 설정 : path[1165 ➜ 102] time[0s] dist[33m] list[23] : 1165-1166-1109-1110-1111-1112-1113-1114-1115-1116-1117-1118-1119-1120-1121-1122-1123-1179-1180-1181-1182-1183-102
[2026-08-11 17:01:58.537294] [INFO] [path_server] 노드 업데이트 : [1166] ➜ [1109]
[2026-08-11 17:01:58.617205] [INFO] [path_server] 새로운 경로 설정 : path[1166 ➜ 102] time[0s] dist[31.5m] list[22] : 1166-1109-1110-1111-1112-1113-1114-1115-1116-1117-1118-1119-1120-1121-1122-1123-1179-1180-1181-1182-1183-102
[2026-08-11 17:01:59.395872] [INFO] [path_server] 노드 업데이트 : [1109] ➜ [1110]
[2026-08-11 17:01:59.455820] [INFO] [path_server] 새로운 경로 설정 : path[1109 ➜ 102] time[0s] dist[30m] list[21] : 1109-1110-1111-1112-1113-1114-1115-1116-1117-1118-1119-1120-1121-1122-1123-1179-1180-1181-1182-1183-102
[2026-08-11 17:02:03.048864] [INFO] [path_server] 노드 업데이트 : [1110] ➜ [1111]
[2026-08-11 17:02:03.108804] [INFO] [path_server] 새로운 경로 설정 : path[1110 ➜ 102] time[0s] dist[28.5m] list[20] : 1110-1111-1112-1113-1114-1115-1116-1117-1118-1119-1120-1121-1122-1123-1179-1180-1181-1182-1183-102
[2026-08-11 17:02:04.406210] [INFO] [path_server] 노드 업데이트 : [1111] ➜ [1112]
[2026-08-11 17:02:04.486063] [INFO] [path_server] 새로운 경로 설정 : path[1111 ➜ 102] time[0s] dist[27m] list[19] : 1111-1112-1113-1114-1115-1116-1117-1118-1119-1120-1121-1122-1123-1179-1180-1181-1182-1183-102
[2026-08-11 17:02:05.304346] [INFO] [path_server] 노드 업데이트 : [1112] ➜ [1113]
[2026-08-11 17:02:05.384237] [INFO] [path_server] 새로운 경로 설정 : path[1112 ➜ 102] time[0s] dist[25.5m] list[18] : 1112-1113-1114-1115-1116-1117-1118-1119-1120-1121-1122-1123-1179-1180-1181-1182-1183-102
[2026-08-11 17:02:06.042810] [INFO] [path_server] 노드 업데이트 : [1113] ➜ [1114]
[2026-08-11 17:02:06.102743] [INFO] [path_server] 새로운 경로 설정 : path[1113 ➜ 102] time[0s] dist[24m] list[17] : 1113-1114-1115-1116-1117-1118-1119-1120-1121-1122-1123-1179-1180-1181-1182-1183-102
[2026-08-11 17:02:06.801341] [INFO] [path_server] 노드 업데이트 : [1114] ➜ [1115]
[2026-08-11 17:02:06.881227] [INFO] [path_server] 새로운 경로 설정 : path[1114 ➜ 102] time[0s] dist[22.5m] list[16] : 1114-1115-1116-1117-1118-1119-1120-1121-1122-1123-1179-1180-1181-1182-1183-102
[2026-08-11 17:02:07.559902] [INFO] [path_server] 노드 업데이트 : [1115] ➜ [1116]
[2026-08-11 17:02:07.639844] [INFO] [path_server] 새로운 경로 설정 : path[1115 ➜ 102] time[0s] dist[21m] list[15] : 1115-1116-1117-1118-1119-1120-1121-1122-1123-1179-1180-1181-1182-1183-102
[2026-08-11 17:02:08.298487] [INFO] [path_server] 노드 업데이트 : [1116] ➜ [1117]
[2026-08-11 17:02:08.378382] [INFO] [path_server] 새로운 경로 설정 : path[1116 ➜ 102] time[0s] dist[19.5m] list[14] : 1116-1117-1118-1119-1120-1121-1122-1123-1179-1180-1181-1182-1183-102
[2026-08-11 17:02:09.057133] [INFO] [path_server] 노드 업데이트 : [1117] ➜ [1118]
[2026-08-11 17:02:09.137063] [INFO] [path_server] 새로운 경로 설정 : path[1117 ➜ 102] time[0s] dist[18m] list[13] : 1117-1118-1119-1120-1121-1122-1123-1179-1180-1181-1182-1183-102
[2026-08-11 17:02:09.795789] [INFO] [path_server] 노드 업데이트 : [1118] ➜ [1119]
[2026-08-11 17:02:09.895650] [INFO] [path_server] 새로운 경로 설정 : path[1118 ➜ 102] time[0s] dist[16.5m] list[12] : 1118-1119-1120-1121-1122-1123-1179-1180-1181-1182-1183-102
[2026-08-11 17:02:10.554453] [INFO] [path_server] 노드 업데이트 : [1119] ➜ [1120]
[2026-08-11 17:02:10.634375] [INFO] [path_server] 새로운 경로 설정 : path[1119 ➜ 102] time[0s] dist[15m] list[11] : 1119-1120-1121-1122-1123-1179-1180-1181-1182-1183-102
[2026-08-11 17:02:11.392817] [INFO] [path_server] 노드 업데이트 : [1120] ➜ [1121]
[2026-08-11 17:02:11.472676] [INFO] [path_server] 새로운 경로 설정 : path[1120 ➜ 102] time[0s] dist[13.5m] list[10] : 1120-1121-1122-1123-1179-1180-1181-1182-1183-102
[2026-08-11 17:02:15.045902] [INFO] [path_server] 노드 업데이트 : [1121] ➜ [1122]
[2026-08-11 17:02:15.125777] [INFO] [path_server] 새로운 경로 설정 : path[1121 ➜ 102] time[0s] dist[12m] list[9] : 1121-1122-1123-1179-1180-1181-1182-1183-102
[2026-08-11 17:02:16.403117] [INFO] [path_server] 노드 업데이트 : [1122] ➜ [1123]
[2026-08-11 17:02:16.483037] [INFO] [path_server] 새로운 경로 설정 : path[1122 ➜ 102] time[0s] dist[10.5m] list[8] : 1122-1123-1179-1180-1181-1182-1183-102
[2026-08-11 17:02:17.461014] [INFO] [path_server] 노드 업데이트 : [1123] ➜ [1179]
[2026-08-11 17:02:17.520913] [INFO] [path_server] 새로운 경로 설정 : path[1123 ➜ 102] time[0s] dist[9m] list[7] : 1123-1179-1180-1181-1182-1183-102
[2026-08-11 17:02:20.774609] [INFO] [path_server] 노드 업데이트 : [1179] ➜ [1180]
[2026-08-11 17:02:20.854518] [INFO] [path_server] 새로운 경로 설정 : path[1179 ➜ 102] time[0s] dist[7.5m] list[6] : 1179-1180-1181-1182-1183-102
[2026-08-11 17:02:22.012153] [INFO] [path_server] 노드 업데이트 : [1180] ➜ [1181]
[2026-08-11 17:02:22.092042] [INFO] [path_server] 새로운 경로 설정 : path[1180 ➜ 102] time[0s] dist[6m] list[5] : 1180-1181-1182-1183-102
[2026-08-11 17:02:22.890480] [INFO] [path_server] 노드 업데이트 : [1181] ➜ [1182]
[2026-08-11 17:02:22.950408] [INFO] [path_server] 새로운 경로 설정 : path[1181 ➜ 102] time[0s] dist[4.5m] list[4] : 1181-1182-1183-102
[2026-08-11 17:02:23.649255] [INFO] [path_server] 노드 업데이트 : [1182] ➜ [1183]
[2026-08-11 17:02:23.729121] [INFO] [path_server] 새로운 경로 설정 : path[1182 ➜ 102] time[0s] dist[3m] list[3] : 1182-1183-102
[2026-08-11 17:02:24.946765] [INFO] [path_server] 노드 업데이트 : [1183] ➜ [102]
[2026-08-11 17:02:25.026684] [INFO] [path_server] 새로운 경로 설정 : path[1183 ➜ 102] time[0s] dist[1.5m] list[2] : 1183-102
[2026-08-11 17:02:30.156143] [INFO] [path_server] 노드 업데이트 : [102] ➜ [-1]
[2026-08-11 17:02:33.090320] [INFO] [path_server] 노드 업데이트 : [102] ➜ [-1]
[2026-08-11 17:03:34.395848] [INFO] [path_server] 생성
[2026-08-11 17:03:34.395880] [INFO] [path_server] 경로 삭제
[2026-08-11 17:03:34.397340] [INFO] [path_server] 노드 초기화 성공 : 로봇 좌표[5.504m 6.998m -179.352°] 최단 거리 노드[102] 거리(0.004179m)
[2026-08-11 17:03:52.183530] [INFO] [path_server] 경로 삭제
[2026-08-11 17:03:52.223501] [INFO] [path_server] 경로 삭제
[2026-08-11 17:05:01.668476] [INFO] [path_server] 경로 삭제
[2026-08-11 17:05:01.688406] [INFO] [path_server] 경로 삭제
[2026-08-11 17:06:11.190553] [INFO] [path_server] 경로 삭제
[2026-08-11 17:06:11.230527] [INFO] [path_server] 경로 삭제
[2026-08-11 17:07:20.710097] [INFO] [path_server] 경로 삭제
[2026-08-11 17:07:20.750081] [INFO] [path_server] 경로 삭제
[2026-08-11 17:08:30.231173] [INFO] [path_server] 경로 삭제
[2026-08-11 17:08:30.271129] [INFO] [path_server] 경로 삭제
[2026-08-11 17:09:39.717345] [INFO] [path_server] 경로 삭제
[2026-08-11 17:09:39.757321] [INFO] [path_server] 경로 삭제
[2026-08-11 17:10:48.241553] [INFO] [path_server] 새로운 경로 설정 : path[102 ➜ 203] time[0s] dist[18m] list[13] : 102-1183-1184-1045-1040-1041-1042-1112-1113-1114-1115-1116-203
[2026-08-11 17:10:55.407275] [INFO] [path_server] 노드 업데이트 : [1183] ➜ [1184]
[2026-08-11 17:10:55.487182] [INFO] [path_server] 새로운 경로 설정 : path[1183 ➜ 203] time[0s] dist[16.5m] list[12] : 1183-1184-1045-1040-1041-1042-1112-1113-1114-1115-1116-203
[2026-08-11 17:10:59.020778] [INFO] [path_server] 노드 업데이트 : [1184] ➜ [1045]
[2026-08-11 17:10:59.100660] [INFO] [path_server] 새로운 경로 설정 : path[1184 ➜ 203] time[0s] dist[15m] list[11] : 1184-1045-1040-1041-1042-1112-1113-1114-1115-1116-203
[2026-08-11 17:11:00.158786] [INFO] [path_server] 노드 업데이트 : [1045] ➜ [1040]
[2026-08-11 17:11:00.218700] [INFO] [path_server] 새로운 경로 설정 : path[1045 ➜ 203] time[0s] dist[13.5m] list[10] : 1045-1040-1041-1042-1112-1113-1114-1115-1116-203
[2026-08-11 17:11:01.496185] [INFO] [path_server] 노드 업데이트 : [1040] ➜ [1041]
[2026-08-11 17:11:01.576110] [INFO] [path_server] 새로운 경로 설정 : path[1040 ➜ 203] time[0s] dist[12m] list[9] : 1040-1041-1042-1112-1113-1114-1115-1116-203
[2026-08-11 17:11:04.889476] [INFO] [path_server] 노드 업데이트 : [1041] ➜ [1042]
[2026-08-11 17:11:04.949359] [INFO] [path_server] 새로운 경로 설정 : path[1041 ➜ 203] time[0s] dist[10.5m] list[8] : 1041-1042-1112-1113-1114-1115-1116-203
[2026-08-11 17:11:06.725860] [INFO] [path_server] 노드 업데이트 : [1042] ➜ [1112]
[2026-08-11 17:11:06.805729] [INFO] [path_server] 새로운 경로 설정 : path[1042 ➜ 203] time[0s] dist[9m] list[7] : 1042-1112-1113-1114-1115-1116-203
[2026-08-11 17:11:09.041429] [INFO] [path_server] 노드 업데이트 : [1112] ➜ [1113]
[2026-08-11 17:11:09.121366] [INFO] [path_server] 새로운 경로 설정 : path[1112 ➜ 203] time[0s] dist[7.5m] list[6] : 1112-1113-1114-1115-1116-203
[2026-08-11 17:11:12.394951] [INFO] [path_server] 노드 업데이트 : [1113] ➜ [1114]
[2026-08-11 17:11:12.474862] [INFO] [path_server] 새로운 경로 설정 : path[1113 ➜ 203] time[0s] dist[6m] list[5] : 1113-1114-1115-1116-203
[2026-08-11 17:11:13.512836] [INFO] [path_server] 노드 업데이트 : [1114] ➜ [1115]
[2026-08-11 17:11:13.572750] [INFO] [path_server] 새로운 경로 설정 : path[1114 ➜ 203] time[0s] dist[4.5m] list[4] : 1114-1115-1116-203
[2026-08-11 17:11:14.351916] [INFO] [path_server] 노드 업데이트 : [1115] ➜ [1116]
[2026-08-11 17:11:14.411806] [INFO] [path_server] 새로운 경로 설정 : path[1115 ➜ 203] time[0s] dist[3m] list[3] : 1115-1116-203
[2026-08-11 17:11:15.649553] [INFO] [path_server] 노드 업데이트 : [1116] ➜ [203]
[2026-08-11 17:11:15.709474] [INFO] [path_server] 새로운 경로 설정 : path[1116 ➜ 203] time[0s] dist[1.5m] list[2] : 1116-203
[2026-08-11 17:11:20.879503] [INFO] [path_server] 노드 업데이트 : [203] ➜ [-1]
[2026-08-11 17:11:23.813891] [INFO] [path_server] 노드 업데이트 : [203] ➜ [-1]
[2026-08-11 17:11:25.750412] [INFO] [path_server] 경로 삭제
[2026-08-11 17:24:37.855902] [INFO] [path_server] 생성
[2026-08-11 17:24:37.855939] [INFO] [path_server] 경로 삭제
[2026-08-11 17:24:37.857514] [ERROR] [path_server] 노드 초기화 실패 : 로봇 좌표[5.503m 2.498m -179.501°] 최단 거리 노드[1136] 거리(4.502273m)
[2026-08-11 17:27:18.548323] [INFO] [path_server] 생성
[2026-08-11 17:27:18.548369] [INFO] [path_server] 경로 삭제
[2026-08-11 17:27:18.550417] [INFO] [path_server] 노드 초기화 성공 : 로봇 좌표[9.489m 18.997m 90.045°] 최단 거리 노드[104] 거리(0.011735m)
[2026-08-11 17:27:55.464462] [INFO] [path_server] 생성
[2026-08-11 17:27:55.464497] [INFO] [path_server] 경로 삭제
[2026-08-11 17:27:55.466139] [INFO] [path_server] 노드 초기화 성공 : 로봇 좌표[9.489m 18.997m 90.045°] 최단 거리 노드[104] 거리(0.011735m)
[2026-08-11 17:28:12.035619] [INFO] [path_server] 경로 삭제
[2026-08-11 17:28:12.055567] [INFO] [path_server] 경로 삭제
[2026-08-11 17:29:01.841871] [INFO] [path_server] 새로운 경로 설정 : path[104 ➜ 40] time[0s] dist[66m] list[45] : 104-1071-1072-1073-1074-1075-1076-1159-1158-1157-1160-1161-1162-1163-1164-1165-1166-1167-1168-41-1170-1171-1172-1173-1174-1175-1176-1177-1178-1081-1185-1186-1187-1188-1056-1057-1058-1059-1060-1061-1062-1063-1064-1065-40
[2026-08-11 17:29:05.714523] [INFO] [path_server] 노드 업데이트 : [1071] ➜ [1072]
[2026-08-11 17:29:05.794424] [INFO] [path_server] 새로운 경로 설정 : path[1071 ➜ 40] time[0s] dist[64.5m] list[44] : 1071-1072-1073-1074-1075-1076-1159-1158-1157-1160-1161-1162-1163-1164-1165-1166-1167-1168-41-1170-1171-1172-1173-1174-1175-1176-1177-1178-1081-1185-1186-1187-1188-1056-1057-1058-1059-1060-1061-1062-1063-1064-1065-40
[2026-08-11 17:29:09.287449] [INFO] [path_server] 노드 업데이트 : [1072] ➜ [1073]
[2026-08-11 17:29:09.367406] [INFO] [path_server] 새로운 경로 설정 : path[1072 ➜ 40] time[0s] dist[63m] list[43] : 1072-1073-1074-1075-1076-1159-1158-1157-1160-1161-1162-1163-1164-1165-1166-1167-1168-41-1170-1171-1172-1173-1174-1175-1176-1177-1178-1081-1185-1186-1187-1188-1056-1057-1058-1059-1060-1061-1062-1063-1064-1065-40
[2026-08-11 17:29:10.425196] [INFO] [path_server] 노드 업데이트 : [1073] ➜ [1074]
[2026-08-11 17:29:10.505156] [INFO] [path_server] 새로운 경로 설정 : path[1073 ➜ 40] time[0s] dist[61.5m] list[42] : 1073-1074-1075-1076-1159-1158-1157-1160-1161-1162-1163-1164-1165-1166-1167-1168-41-1170-1171-1172-1173-1174-1175-1176-1177-1178-1081-1185-1186-1187-1188-1056-1057-1058-1059-1060-1061-1062-1063-1064-1065-40
[2026-08-11 17:29:11.243558] [INFO] [path_server] 노드 업데이트 : [1074] ➜ [1075]
[2026-08-11 17:29:11.303461] [INFO] [path_server] 새로운 경로 설정 : path[1074 ➜ 40] time[0s] dist[60m] list[41] : 1074-1075-1076-1159-1158-1157-1160-1161-1162-1163-1164-1165-1166-1167-1168-41-1170-1171-1172-1173-1174-1175-1176-1177-1178-1081-1185-1186-1187-1188-1056-1057-1058-1059-1060-1061-1062-1063-1064-1065-40
[2026-08-11 17:29:12.001982] [INFO] [path_server] 노드 업데이트 : [1075] ➜ [1076]
[2026-08-11 17:29:12.081839] [INFO] [path_server] 새로운 경로 설정 : path[1075 ➜ 40] time[0s] dist[58.5m] list[40] : 1075-1076-1159-1158-1157-1160-1161-1162-1163-1164-1165-1166-1167-1168-41-1170-1171-1172-1173-1174-1175-1176-1177-1178-1081-1185-1186-1187-1188-1056-1057-1058-1059-1060-1061-1062-1063-1064-1065-40
[2026-08-11 17:29:13.399282] [INFO] [path_server] 노드 업데이트 : [1076] ➜ [1159]
[2026-08-11 17:29:13.459243] [INFO] [path_server] 새로운 경로 설정 : path[1076 ➜ 40] time[0s] dist[57m] list[39] : 1076-1159-1158-1157-1160-1161-1162-1163-1164-1165-1166-1167-1168-41-1170-1171-1172-1173-1174-1175-1176-1177-1178-1081-1185-1186-1187-1188-1056-1057-1058-1059-1060-1061-1062-1063-1064-1065-40
[2026-08-11 17:29:16.872338] [INFO] [path_server] 노드 업데이트 : [1159] ➜ [1158]
[2026-08-11 17:29:16.952328] [INFO] [path_server] 새로운 경로 설정 : path[1159 ➜ 40] time[0s] dist[55.5m] list[38] : 1159-1158-1157-1160-1161-1162-1163-1164-1165-1166-1167-1168-41-1170-1171-1172-1173-1174-1175-1176-1177-1178-1081-1185-1186-1187-1188-1056-1057-1058-1059-1060-1061-1062-1063-1064-1065-40
[2026-08-11 17:29:17.970211] [INFO] [path_server] 노드 업데이트 : [1158] ➜ [1157]
[2026-08-11 17:29:18.050116] [INFO] [path_server] 새로운 경로 설정 : path[1158 ➜ 40] time[0s] dist[54m] list[37] : 1158-1157-1160-1161-1162-1163-1164-1165-1166-1167-1168-41-1170-1171-1172-1173-1174-1175-1176-1177-1178-1081-1185-1186-1187-1188-1056-1057-1058-1059-1060-1061-1062-1063-1064-1065-40
[2026-08-11 17:29:19.387445] [INFO] [path_server] 노드 업데이트 : [1157] ➜ [1160]
[2026-08-11 17:29:19.467384] [INFO] [path_server] 새로운 경로 설정 : path[1157 ➜ 40] time[0s] dist[52.5m] list[36] : 1157-1160-1161-1162-1163-1164-1165-1166-1167-1168-41-1170-1171-1172-1173-1174-1175-1176-1177-1178-1081-1185-1186-1187-1188-1056-1057-1058-1059-1060-1061-1062-1063-1064-1065-40
[2026-08-11 17:29:22.840563] [INFO] [path_server] 노드 업데이트 : [1160] ➜ [1161]
[2026-08-11 17:29:22.900495] [INFO] [path_server] 새로운 경로 설정 : path[1160 ➜ 40] time[0s] dist[51m] list[35] : 1160-1161-1162-1163-1164-1165-1166-1167-1168-41-1170-1171-1172-1173-1174-1175-1176-1177-1178-1081-1185-1186-1187-1188-1056-1057-1058-1059-1060-1061-1062-1063-1064-1065-40
[2026-08-11 17:29:23.938215] [INFO] [path_server] 노드 업데이트 : [1161] ➜ [1162]
[2026-08-11 17:29:24.018229] [INFO] [path_server] 새로운 경로 설정 : path[1161 ➜ 40] time[0s] dist[49.5m] list[34] : 1161-1162-1163-1164-1165-1166-1167-1168-41-1170-1171-1172-1173-1174-1175-1176-1177-1178-1081-1185-1186-1187-1188-1056-1057-1058-1059-1060-1061-1062-1063-1064-1065-40
[2026-08-11 17:29:24.757021] [INFO] [path_server] 노드 업데이트 : [1162] ➜ [1163]
[2026-08-11 17:29:24.836916] [INFO] [path_server] 새로운 경로 설정 : path[1162 ➜ 40] time[0s] dist[48m] list[33] : 1162-1163-1164-1165-1166-1167-1168-41-1170-1171-1172-1173-1174-1175-1176-1177-1178-1081-1185-1186-1187-1188-1056-1057-1058-1059-1060-1061-1062-1063-1064-1065-40
[2026-08-11 17:29:25.495511] [INFO] [path_server] 노드 업데이트 : [1163] ➜ [1164]
[2026-08-11 17:29:25.575453] [INFO] [path_server] 새로운 경로 설정 : path[1163 ➜ 40] time[0s] dist[46.5m] list[32] : 1163-1164-1165-1166-1167-1168-41-1170-1171-1172-1173-1174-1175-1176-1177-1178-1081-1185-1186-1187-1188-1056-1057-1058-1059-1060-1061-1062-1063-1064-1065-40
[2026-08-11 17:29:26.254133] [INFO] [path_server] 노드 업데이트 : [1164] ➜ [1165]
[2026-08-11 17:29:26.334006] [INFO] [path_server] 새로운 경로 설정 : path[1164 ➜ 40] time[0s] dist[45m] list[31] : 1164-1165-1166-1167-1168-41-1170-1171-1172-1173-1174-1175-1176-1177-1178-1081-1185-1186-1187-1188-1056-1057-1058-1059-1060-1061-1062-1063-1064-1065-40
[2026-08-11 17:29:26.992920] [INFO] [path_server] 노드 업데이트 : [1165] ➜ [1166]
[2026-08-11 17:29:27.072809] [INFO] [path_server] 새로운 경로 설정 : path[1165 ➜ 40] time[0s] dist[43.5m] list[30] : 1165-1166-1167-1168-41-1170-1171-1172-1173-1174-1175-1176-1177-1178-1081-1185-1186-1187-1188-1056-1057-1058-1059-1060-1061-1062-1063-1064-1065-40
[2026-08-11 17:29:27.751360] [INFO] [path_server] 노드 업데이트 : [1166] ➜ [1167]
[2026-08-11 17:29:27.831259] [INFO] [path_server] 새로운 경로 설정 : path[1166 ➜ 40] time[0s] dist[42m] list[29] : 1166-1167-1168-41-1170-1171-1172-1173-1174-1175-1176-1177-1178-1081-1185-1186-1187-1188-1056-1057-1058-1059-1060-1061-1062-1063-1064-1065-40
[2026-08-11 17:29:28.509962] [INFO] [path_server] 노드 업데이트 : [1167] ➜ [1168]
[2026-08-11 17:29:28.569870] [INFO] [path_server] 새로운 경로 설정 : path[1167 ➜ 40] time[0s] dist[40.5m] list[28] : 1167-1168-41-1170-1171-1172-1173-1174-1175-1176-1177-1178-1081-1185-1186-1187-1188-1056-1057-1058-1059-1060-1061-1062-1063-1064-1065-40
[2026-08-11 17:29:29.248458] [INFO] [path_server] 노드 업데이트 : [1168] ➜ [41]
[2026-08-11 17:29:29.328386] [INFO] [path_server] 새로운 경로 설정 : path[1168 ➜ 40] time[0s] dist[39m] list[27] : 1168-41-1170-1171-1172-1173-1174-1175-1176-1177-1178-1081-1185-1186-1187-1188-1056-1057-1058-1059-1060-1061-1062-1063-1064-1065-40
[2026-08-11 17:29:30.006970] [INFO] [path_server] 노드 업데이트 : [41] ➜ [1170]
[2026-08-11 17:29:30.066875] [INFO] [path_server] 새로운 경로 설정 : path[41 ➜ 40] time[0s] dist[37.5m] list[26] : 41-1170-1171-1172-1173-1174-1175-1176-1177-1178-1081-1185-1186-1187-1188-1056-1057-1058-1059-1060-1061-1062-1063-1064-1065-40
[2026-08-11 17:29:30.745440] [INFO] [path_server] 노드 업데이트 : [1170] ➜ [1171]
[2026-08-11 17:29:30.825418] [INFO] [path_server] 새로운 경로 설정 : path[1170 ➜ 40] time[0s] dist[36m] list[25] : 1170-1171-1172-1173-1174-1175-1176-1177-1178-1081-1185-1186-1187-1188-1056-1057-1058-1059-1060-1061-1062-1063-1064-1065-40
[2026-08-11 17:29:31.503933] [INFO] [path_server] 노드 업데이트 : [1171] ➜ [1172]
[2026-08-11 17:29:31.563865] [INFO] [path_server] 새로운 경로 설정 : path[1171 ➜ 40] time[0s] dist[34.5m] list[24] : 1171-1172-1173-1174-1175-1176-1177-1178-1081-1185-1186-1187-1188-1056-1057-1058-1059-1060-1061-1062-1063-1064-1065-40
[2026-08-11 17:29:32.262483] [INFO] [path_server] 노드 업데이트 : [1172] ➜ [1173]
[2026-08-11 17:29:32.342517] [INFO] [path_server] 새로운 경로 설정 : path[1172 ➜ 40] time[0s] dist[33m] list[23] : 1172-1173-1174-1175-1176-1177-1178-1081-1185-1186-1187-1188-1056-1057-1058-1059-1060-1061-1062-1063-1064-1065-40
[2026-08-11 17:29:33.001260] [INFO] [path_server] 노드 업데이트 : [1173] ➜ [1174]
[2026-08-11 17:29:33.061179] [INFO] [path_server] 새로운 경로 설정 : path[1173 ➜ 40] time[0s] dist[31.5m] list[22] : 1173-1174-1175-1176-1177-1178-1081-1185-1186-1187-1188-1056-1057-1058-1059-1060-1061-1062-1063-1064-1065-40
[2026-08-11 17:29:33.760064] [INFO] [path_server] 노드 업데이트 : [1174] ➜ [1175]
[2026-08-11 17:29:33.839957] [INFO] [path_server] 새로운 경로 설정 : path[1174 ➜ 40] time[0s] dist[30m] list[21] : 1174-1175-1176-1177-1178-1081-1185-1186-1187-1188-1056-1057-1058-1059-1060-1061-1062-1063-1064-1065-40
[2026-08-11 17:29:34.498652] [INFO] [path_server] 노드 업데이트 : [1175] ➜ [1176]
[2026-08-11 17:29:34.558587] [INFO] [path_server] 새로운 경로 설정 : path[1175 ➜ 40] time[0s] dist[28.5m] list[20] : 1175-1176-1177-1178-1081-1185-1186-1187-1188-1056-1057-1058-1059-1060-1061-1062-1063-1064-1065-40
[2026-08-11 17:29:35.257114] [INFO] [path_server] 노드 업데이트 : [1176] ➜ [1177]
[2026-08-11 17:29:35.336946] [INFO] [path_server] 새로운 경로 설정 : path[1176 ➜ 40] time[0s] dist[27m] list[19] : 1176-1177-1178-1081-1185-1186-1187-1188-1056-1057-1058-1059-1060-1061-1062-1063-1064-1065-40
[2026-08-11 17:29:35.995635] [INFO] [path_server] 노드 업데이트 : [1177] ➜ [1178]
[2026-08-11 17:29:36.055566] [INFO] [path_server] 새로운 경로 설정 : path[1177 ➜ 40] time[0s] dist[25.5m] list[18] : 1177-1178-1081-1185-1186-1187-1188-1056-1057-1058-1059-1060-1061-1062-1063-1064-1065-40
[2026-08-11 17:29:36.754284] [INFO] [path_server] 노드 업데이트 : [1178] ➜ [1081]
[2026-08-11 17:29:36.814204] [INFO] [path_server] 새로운 경로 설정 : path[1178 ➜ 40] time[0s] dist[24m] list[17] : 1178-1081-1185-1186-1187-1188-1056-1057-1058-1059-1060-1061-1062-1063-1064-1065-40
[2026-08-11 17:29:37.512830] [INFO] [path_server] 노드 업데이트 : [1081] ➜ [1185]
[2026-08-11 17:29:37.592741] [INFO] [path_server] 새로운 경로 설정 : path[1081 ➜ 40] time[0s] dist[22.5m] list[16] : 1081-1185-1186-1187-1188-1056-1057-1058-1059-1060-1061-1062-1063-1064-1065-40
[2026-08-11 17:29:38.910153] [INFO] [path_server] 노드 업데이트 : [1185] ➜ [1186]
[2026-08-11 17:29:38.970073] [INFO] [path_server] 새로운 경로 설정 : path[1185 ➜ 40] time[0s] dist[21m] list[15] : 1185-1186-1187-1188-1056-1057-1058-1059-1060-1061-1062-1063-1064-1065-40
[2026-08-11 17:29:42.383367] [INFO] [path_server] 노드 업데이트 : [1186] ➜ [1187]
[2026-08-11 17:29:42.443265] [INFO] [path_server] 새로운 경로 설정 : path[1186 ➜ 40] time[0s] dist[19.5m] list[14] : 1186-1187-1188-1056-1057-1058-1059-1060-1061-1062-1063-1064-1065-40
[2026-08-11 17:29:43.501105] [INFO] [path_server] 노드 업데이트 : [1187] ➜ [1188]
[2026-08-11 17:29:43.580946] [INFO] [path_server] 새로운 경로 설정 : path[1187 ➜ 40] time[0s] dist[18m] list[13] : 1187-1188-1056-1057-1058-1059-1060-1061-1062-1063-1064-1065-40
[2026-08-11 17:29:44.738499] [INFO] [path_server] 노드 업데이트 : [1188] ➜ [1056]
[2026-08-11 17:29:44.818441] [INFO] [path_server] 새로운 경로 설정 : path[1188 ➜ 40] time[0s] dist[16.5m] list[12] : 1188-1056-1057-1058-1059-1060-1061-1062-1063-1064-1065-40
[2026-08-11 17:29:48.012024] [INFO] [path_server] 노드 업데이트 : [1056] ➜ [1057]
[2026-08-11 17:29:48.071924] [INFO] [path_server] 새로운 경로 설정 : path[1056 ➜ 40] time[0s] dist[15m] list[11] : 1056-1057-1058-1059-1060-1061-1062-1063-1064-1065-40
[2026-08-11 17:29:49.169797] [INFO] [path_server] 노드 업데이트 : [1057] ➜ [1058]
[2026-08-11 17:29:49.249708] [INFO] [path_server] 새로운 경로 설정 : path[1057 ➜ 40] time[0s] dist[13.5m] list[10] : 1057-1058-1059-1060-1061-1062-1063-1064-1065-40
[2026-08-11 17:29:50.008195] [INFO] [path_server] 노드 업데이트 : [1058] ➜ [1059]
[2026-08-11 17:29:50.088071] [INFO] [path_server] 새로운 경로 설정 : path[1058 ➜ 40] time[0s] dist[12m] list[9] : 1058-1059-1060-1061-1062-1063-1064-1065-40
[2026-08-11 17:29:50.766663] [INFO] [path_server] 노드 업데이트 : [1059] ➜ [1060]
[2026-08-11 17:29:50.846584] [INFO] [path_server] 새로운 경로 설정 : path[1059 ➜ 40] time[0s] dist[10.5m] list[8] : 1059-1060-1061-1062-1063-1064-1065-40
[2026-08-11 17:29:51.505268] [INFO] [path_server] 노드 업데이트 : [1060] ➜ [1061]
[2026-08-11 17:29:51.585128] [INFO] [path_server] 새로운 경로 설정 : path[1060 ➜ 40] time[0s] dist[9m] list[7] : 1060-1061-1062-1063-1064-1065-40
[2026-08-11 17:29:52.263715] [INFO] [path_server] 노드 업데이트 : [1061] ➜ [1062]
[2026-08-11 17:29:52.343637] [INFO] [path_server] 새로운 경로 설정 : path[1061 ➜ 40] time[0s] dist[7.5m] list[6] : 1061-1062-1063-1064-1065-40
[2026-08-11 17:29:53.002316] [INFO] [path_server] 노드 업데이트 : [1062] ➜ [1063]
[2026-08-11 17:29:53.082175] [INFO] [path_server] 새로운 경로 설정 : path[1062 ➜ 40] time[0s] dist[6m] list[5] : 1062-1063-1064-1065-40
[2026-08-11 17:29:53.760729] [INFO] [path_server] 노드 업데이트 : [1063] ➜ [1064]
[2026-08-11 17:29:53.840685] [INFO] [path_server] 새로운 경로 설정 : path[1063 ➜ 40] time[0s] dist[4.5m] list[4] : 1063-1064-1065-40
[2026-08-11 17:29:54.499332] [INFO] [path_server] 노드 업데이트 : [1064] ➜ [1065]
[2026-08-11 17:29:54.579205] [INFO] [path_server] 새로운 경로 설정 : path[1064 ➜ 40] time[0s] dist[3m] list[3] : 1064-1065-40
[2026-08-11 17:29:55.257809] [INFO] [path_server] 노드 업데이트 : [1065] ➜ [40]
[2026-08-11 17:29:55.337785] [INFO] [path_server] 새로운 경로 설정 : path[1065 ➜ 40] time[0s] dist[1.5m] list[2] : 1065-40
[2026-08-11 17:29:57.493479] [INFO] [path_server] 노드 업데이트 : [40] ➜ [-1]
[2026-08-11 17:30:00.427750] [INFO] [path_server] 노드 업데이트 : [40] ➜ [-1]
[2026-08-11 17:30:02.583912] [INFO] [path_server] 새로운 경로 설정 : path[40 ➜ 41] time[0s] dist[34.5m] list[24] : 40-1067-1068-1069-1070-1071-1072-1073-1074-1075-1076-1159-1158-1157-1160-1161-1162-1163-1164-1165-1166-1167-1168-41
[2026-08-11 17:30:04.919553] [INFO] [path_server] 노드 업데이트 : [1067] ➜ [1068]
[2026-08-11 17:30:04.979465] [INFO] [path_server] 새로운 경로 설정 : path[1067 ➜ 41] time[0s] dist[33m] list[23] : 1067-1068-1069-1070-1071-1072-1073-1074-1075-1076-1159-1158-1157-1160-1161-1162-1163-1164-1165-1166-1167-1168-41
[2026-08-11 17:30:05.977521] [INFO] [path_server] 노드 업데이트 : [1068] ➜ [1069]
[2026-08-11 17:30:06.057416] [INFO] [path_server] 새로운 경로 설정 : path[1068 ➜ 41] time[0s] dist[31.5m] list[22] : 1068-1069-1070-1071-1072-1073-1074-1075-1076-1159-1158-1157-1160-1161-1162-1163-1164-1165-1166-1167-1168-41
[2026-08-11 17:30:06.776022] [INFO] [path_server] 노드 업데이트 : [1069] ➜ [1070]
[2026-08-11 17:30:06.835964] [INFO] [path_server] 새로운 경로 설정 : path[1069 ➜ 41] time[0s] dist[30m] list[21] : 1069-1070-1071-1072-1073-1074-1075-1076-1159-1158-1157-1160-1161-1162-1163-1164-1165-1166-1167-1168-41
[2026-08-11 17:30:07.534682] [INFO] [path_server] 노드 업데이트 : [1070] ➜ [1071]
[2026-08-11 17:30:07.614545] [INFO] [path_server] 새로운 경로 설정 : path[1070 ➜ 41] time[0s] dist[28.5m] list[20] : 1070-1071-1072-1073-1074-1075-1076-1159-1158-1157-1160-1161-1162-1163-1164-1165-1166-1167-1168-41
[2026-08-11 17:30:08.273253] [INFO] [path_server] 노드 업데이트 : [1071] ➜ [1072]
[2026-08-11 17:30:08.333244] [INFO] [path_server] 새로운 경로 설정 : path[1071 ➜ 41] time[0s] dist[27m] list[19] : 1071-1072-1073-1074-1075-1076-1159-1158-1157-1160-1161-1162-1163-1164-1165-1166-1167-1168-41
[2026-08-11 17:30:09.031834] [INFO] [path_server] 노드 업데이트 : [1072] ➜ [1073]
[2026-08-11 17:30:09.111715] [INFO] [path_server] 새로운 경로 설정 : path[1072 ➜ 41] time[0s] dist[25.5m] list[18] : 1072-1073-1074-1075-1076-1159-1158-1157-1160-1161-1162-1163-1164-1165-1166-1167-1168-41
[2026-08-11 17:30:09.770433] [INFO] [path_server] 노드 업데이트 : [1073] ➜ [1074]
[2026-08-11 17:30:09.830353] [INFO] [path_server] 새로운 경로 설정 : path[1073 ➜ 41] time[0s] dist[24m] list[17] : 1073-1074-1075-1076-1159-1158-1157-1160-1161-1162-1163-1164-1165-1166-1167-1168-41
[2026-08-11 17:30:10.529013] [INFO] [path_server] 노드 업데이트 : [1074] ➜ [1075]
[2026-08-11 17:30:10.608843] [INFO] [path_server] 새로운 경로 설정 : path[1074 ➜ 41] time[0s] dist[22.5m] list[16] : 1074-1075-1076-1159-1158-1157-1160-1161-1162-1163-1164-1165-1166-1167-1168-41
[2026-08-11 17:30:11.267570] [INFO] [path_server] 노드 업데이트 : [1075] ➜ [1076]
[2026-08-11 17:30:11.327484] [INFO] [path_server] 새로운 경로 설정 : path[1075 ➜ 41] time[0s] dist[21m] list[15] : 1075-1076-1159-1158-1157-1160-1161-1162-1163-1164-1165-1166-1167-1168-41
[2026-08-11 17:30:12.684943] [INFO] [path_server] 노드 업데이트 : [1076] ➜ [1159]
[2026-08-11 17:30:12.764806] [INFO] [path_server] 새로운 경로 설정 : path[1076 ➜ 41] time[0s] dist[19.5m] list[14] : 1076-1159-1158-1157-1160-1161-1162-1163-1164-1165-1166-1167-1168-41
[2026-08-11 17:30:16.158341] [INFO] [path_server] 노드 업데이트 : [1159] ➜ [1158]
[2026-08-11 17:30:16.218256] [INFO] [path_server] 새로운 경로 설정 : path[1159 ➜ 41] time[0s] dist[18m] list[13] : 1159-1158-1157-1160-1161-1162-1163-1164-1165-1166-1167-1168-41
[2026-08-11 17:30:17.276147] [INFO] [path_server] 노드 업데이트 : [1158] ➜ [1157]
[2026-08-11 17:30:17.356012] [INFO] [path_server] 새로운 경로 설정 : path[1158 ➜ 41] time[0s] dist[16.5m] list[12] : 1158-1157-1160-1161-1162-1163-1164-1165-1166-1167-1168-41
[2026-08-11 17:30:18.693195] [INFO] [path_server] 노드 업데이트 : [1157] ➜ [1160]
[2026-08-11 17:30:18.773109] [INFO] [path_server] 새로운 경로 설정 : path[1157 ➜ 41] time[0s] dist[15m] list[11] : 1157-1160-1161-1162-1163-1164-1165-1166-1167-1168-41
[2026-08-11 17:30:22.146487] [INFO] [path_server] 노드 업데이트 : [1160] ➜ [1161]
[2026-08-11 17:30:22.206413] [INFO] [path_server] 새로운 경로 설정 : path[1160 ➜ 41] time[0s] dist[13.5m] list[10] : 1160-1161-1162-1163-1164-1165-1166-1167-1168-41
[2026-08-11 17:30:23.244242] [INFO] [path_server] 노드 업데이트 : [1161] ➜ [1162]
[2026-08-11 17:30:23.324186] [INFO] [path_server] 새로운 경로 설정 : path[1161 ➜ 41] time[0s] dist[12m] list[9] : 1161-1162-1163-1164-1165-1166-1167-1168-41
[2026-08-11 17:30:24.062680] [INFO] [path_server] 노드 업데이트 : [1162] ➜ [1163]
[2026-08-11 17:30:24.122583] [INFO] [path_server] 새로운 경로 설정 : path[1162 ➜ 41] time[0s] dist[10.5m] list[8] : 1162-1163-1164-1165-1166-1167-1168-41
[2026-08-11 17:30:24.801121] [INFO] [path_server] 노드 업데이트 : [1163] ➜ [1164]
[2026-08-11 17:30:24.881025] [INFO] [path_server] 새로운 경로 설정 : path[1163 ➜ 41] time[0s] dist[9m] list[7] : 1163-1164-1165-1166-1167-1168-41
[2026-08-11 17:30:25.559857] [INFO] [path_server] 노드 업데이트 : [1164] ➜ [1165]
[2026-08-11 17:30:25.619746] [INFO] [path_server] 새로운 경로 설정 : path[1164 ➜ 41] time[0s] dist[7.5m] list[6] : 1164-1165-1166-1167-1168-41
[2026-08-11 17:30:26.298289] [INFO] [path_server] 노드 업데이트 : [1165] ➜ [1166]
[2026-08-11 17:30:26.378212] [INFO] [path_server] 새로운 경로 설정 : path[1165 ➜ 41] time[0s] dist[6m] list[5] : 1165-1166-1167-1168-41
[2026-08-11 17:30:27.056874] [INFO] [path_server] 노드 업데이트 : [1166] ➜ [1167]
[2026-08-11 17:30:27.116790] [INFO] [path_server] 새로운 경로 설정 : path[1166 ➜ 41] time[0s] dist[4.5m] list[4] : 1166-1167-1168-41
[2026-08-11 17:30:27.815337] [INFO] [path_server] 노드 업데이트 : [1167] ➜ [1168]
[2026-08-11 17:30:27.915130] [INFO] [path_server] 새로운 경로 설정 : path[1167 ➜ 41] time[0s] dist[3m] list[3] : 1167-1168-41
[2026-08-11 17:30:28.553923] [INFO] [path_server] 노드 업데이트 : [1168] ➜ [41]
[2026-08-11 17:30:28.633866] [INFO] [path_server] 새로운 경로 설정 : path[1168 ➜ 41] time[0s] dist[1.5m] list[2] : 1168-41
[2026-08-11 17:30:30.790094] [INFO] [path_server] 노드 업데이트 : [41] ➜ [-1]
[2026-08-11 17:30:33.724082] [INFO] [path_server] 노드 업데이트 : [41] ➜ [-1]
[2026-08-11 17:30:35.899574] [INFO] [path_server] 경로 삭제
[2026-08-11 17:30:36.019323] [INFO] [path_server] 새로운 경로 설정 : path[41 ➜ 105] time[0s] dist[7.5m] list[6] : 41-1170-1171-1172-1173-105
[2026-08-11 17:30:38.354699] [INFO] [path_server] 노드 업데이트 : [1170] ➜ [1171]
[2026-08-11 17:30:38.414639] [INFO] [path_server] 새로운 경로 설정 : path[1170 ➜ 105] time[0s] dist[6m] list[5] : 1170-1171-1172-1173-105
[2026-08-11 17:30:39.412602] [INFO] [path_server] 노드 업데이트 : [1171] ➜ [1172]
[2026-08-11 17:30:39.492473] [INFO] [path_server] 새로운 경로 설정 : path[1171 ➜ 105] time[0s] dist[4.5m] list[4] : 1171-1172-1173-105
[2026-08-11 17:30:40.211000] [INFO] [path_server] 노드 업데이트 : [1172] ➜ [1173]
[2026-08-11 17:30:40.270899] [INFO] [path_server] 새로운 경로 설정 : path[1172 ➜ 105] time[0s] dist[3m] list[3] : 1172-1173-105
[2026-08-11 17:30:41.528669] [INFO] [path_server] 노드 업데이트 : [1173] ➜ [105]
[2026-08-11 17:30:41.608585] [INFO] [path_server] 새로운 경로 설정 : path[1173 ➜ 105] time[0s] dist[1.5m] list[2] : 1173-105
[2026-08-11 17:30:45.500747] [INFO] [path_server] 노드 업데이트 : [105] ➜ [-1]
[2026-08-11 17:30:49.333342] [INFO] [path_server] 노드 업데이트 : [105] ➜ [-1]
[2026-08-11 17:31:11.231203] [INFO] [path_server] 새로운 경로 설정 : path[105 ➜ 207] time[0s] dist[24m] list[17] : 105-1173-1174-1175-1176-1177-1178-1081-1185-1186-1187-1188-1056-1057-1058-1059-207
[2026-08-11 17:31:15.083591] [INFO] [path_server] 노드 업데이트 : [1173] ➜ [1174]
[2026-08-11 17:31:15.163528] [INFO] [path_server] 새로운 경로 설정 : path[1173 ➜ 207] time[0s] dist[22.5m] list[16] : 1173-1174-1175-1176-1177-1178-1081-1185-1186-1187-1188-1056-1057-1058-1059-207
[2026-08-11 17:31:18.676564] [INFO] [path_server] 노드 업데이트 : [1174] ➜ [1175]
[2026-08-11 17:31:18.756441] [INFO] [path_server] 새로운 경로 설정 : path[1174 ➜ 207] time[0s] dist[21m] list[15] : 1174-1175-1176-1177-1178-1081-1185-1186-1187-1188-1056-1057-1058-1059-207
[2026-08-11 17:31:19.794329] [INFO] [path_server] 노드 업데이트 : [1175] ➜ [1176]
[2026-08-11 17:31:19.874354] [INFO] [path_server] 새로운 경로 설정 : path[1175 ➜ 207] time[0s] dist[19.5m] list[14] : 1175-1176-1177-1178-1081-1185-1186-1187-1188-1056-1057-1058-1059-207
[2026-08-11 17:31:20.612929] [INFO] [path_server] 노드 업데이트 : [1176] ➜ [1177]
[2026-08-11 17:31:20.672825] [INFO] [path_server] 새로운 경로 설정 : path[1176 ➜ 207] time[0s] dist[18m] list[13] : 1176-1177-1178-1081-1185-1186-1187-1188-1056-1057-1058-1059-207
[2026-08-11 17:31:21.371399] [INFO] [path_server] 노드 업데이트 : [1177] ➜ [1178]
[2026-08-11 17:31:21.451276] [INFO] [path_server] 새로운 경로 설정 : path[1177 ➜ 207] time[0s] dist[16.5m] list[12] : 1177-1178-1081-1185-1186-1187-1188-1056-1057-1058-1059-207
[2026-08-11 17:31:22.129818] [INFO] [path_server] 노드 업데이트 : [1178] ➜ [1081]
[2026-08-11 17:31:22.209746] [INFO] [path_server] 새로운 경로 설정 : path[1178 ➜ 207] time[0s] dist[15m] list[11] : 1178-1081-1185-1186-1187-1188-1056-1057-1058-1059-207
[2026-08-11 17:31:22.868417] [INFO] [path_server] 노드 업데이트 : [1081] ➜ [1185]
[2026-08-11 17:31:22.948279] [INFO] [path_server] 새로운 경로 설정 : path[1081 ➜ 207] time[0s] dist[13.5m] list[10] : 1081-1185-1186-1187-1188-1056-1057-1058-1059-207
[2026-08-11 17:31:24.285582] [INFO] [path_server] 노드 업데이트 : [1185] ➜ [1186]
[2026-08-11 17:31:24.365501] [INFO] [path_server] 새로운 경로 설정 : path[1185 ➜ 207] time[0s] dist[12m] list[9] : 1185-1186-1187-1188-1056-1057-1058-1059-207
[2026-08-11 17:31:27.758873] [INFO] [path_server] 노드 업데이트 : [1186] ➜ [1187]
[2026-08-11 17:31:27.838803] [INFO] [path_server] 새로운 경로 설정 : path[1186 ➜ 207] time[0s] dist[10.5m] list[8] : 1186-1187-1188-1056-1057-1058-1059-207
[2026-08-11 17:31:28.876691] [INFO] [path_server] 노드 업데이트 : [1187] ➜ [1188]
[2026-08-11 17:31:28.936633] [INFO] [path_server] 새로운 경로 설정 : path[1187 ➜ 207] time[0s] dist[9m] list[7] : 1187-1188-1056-1057-1058-1059-207
[2026-08-11 17:31:30.114241] [INFO] [path_server] 노드 업데이트 : [1188] ➜ [1056]
[2026-08-11 17:31:30.194096] [INFO] [path_server] 새로운 경로 설정 : path[1188 ➜ 207] time[0s] dist[7.5m] list[6] : 1188-1056-1057-1058-1059-207
[2026-08-11 17:31:33.388645] [INFO] [path_server] 노드 업데이트 : [1056] ➜ [1057]
[2026-08-11 17:31:33.468498] [INFO] [path_server] 새로운 경로 설정 : path[1056 ➜ 207] time[0s] dist[6m] list[5] : 1056-1057-1058-1059-207
[2026-08-11 17:31:34.546235] [INFO] [path_server] 노드 업데이트 : [1057] ➜ [1058]
[2026-08-11 17:31:34.606138] [INFO] [path_server] 새로운 경로 설정 : path[1057 ➜ 207] time[0s] dist[4.5m] list[4] : 1057-1058-1059-207
[2026-08-11 17:31:35.384592] [INFO] [path_server] 노드 업데이트 : [1058] ➜ [1059]
[2026-08-11 17:31:35.444485] [INFO] [path_server] 새로운 경로 설정 : path[1058 ➜ 207] time[0s] dist[3m] list[3] : 1058-1059-207
[2026-08-11 17:31:38.119514] [INFO] [path_server] 노드 업데이트 : [1059] ➜ [207]
[2026-08-11 17:31:38.199367] [INFO] [path_server] 새로운 경로 설정 : path[1059 ➜ 207] time[0s] dist[1.5m] list[2] : 1059-207
[2026-08-11 17:31:42.291134] [INFO] [path_server] 노드 업데이트 : [207] ➜ [-1]
[2026-08-11 17:31:46.124049] [INFO] [path_server] 노드 업데이트 : [207] ➜ [-1]
[2026-08-11 17:31:46.203886] [INFO] [path_server] 경로 삭제
[2026-08-11 17:32:54.727473] [INFO] [path_server] 새로운 경로 설정 : path[207 ➜ 206] time[0s] dist[4.5m] list[4] : 207-1059-1060-206
[2026-08-11 17:32:56.883517] [INFO] [path_server] 노드 업데이트 : [1059] ➜ [1060]
[2026-08-11 17:32:56.963427] [INFO] [path_server] 새로운 경로 설정 : path[1059 ➜ 206] time[0s] dist[3m] list[3] : 1059-1060-206
[2026-08-11 17:33:01.633930] [INFO] [path_server] 노드 업데이트 : [1060] ➜ [206]
[2026-08-11 17:33:01.713787] [INFO] [path_server] 새로운 경로 설정 : path[1060 ➜ 206] time[0s] dist[1.5m] list[2] : 1060-206
[2026-08-11 17:33:05.825748] [INFO] [path_server] 노드 업데이트 : [206] ➜ [-1]
[2026-08-11 17:33:09.797737] [INFO] [path_server] 노드 업데이트 : [206] ➜ [-1]
[2026-08-11 17:33:09.877636] [INFO] [path_server] 경로 삭제
[2026-08-11 17:34:46.314392] [INFO] [path_server] 생성
[2026-08-11 17:34:46.314430] [INFO] [path_server] 경로 삭제
[2026-08-11 17:34:46.316202] [INFO] [path_server] 노드 초기화 성공 : 로봇 좌표[26.012m 16.003m 90.024°] 최단 거리 노드[206] 거리(0.012048m)
[2026-08-11 17:35:49.533210] [INFO] [path_server] 새로운 경로 설정 : path[206 ➜ 205] time[0s] dist[4.5m] list[4] : 206-1060-1061-205
[2026-08-11 17:40:32.835624] [INFO] [path_server] 생성
[2026-08-11 17:40:32.835654] [INFO] [path_server] 경로 삭제
[2026-08-11 17:40:32.837308] [INFO] [path_server] 노드 초기화 성공 : 로봇 좌표[9.489m 18.997m 90.045°] 최단 거리 노드[104] 거리(0.011735m)
[2026-08-11 17:40:37.727737] [INFO] [path_server] 새로운 경로 설정 : path[104 ➜ 201] time[0s] dist[18m] list[13] : 104-1071-1072-1073-1074-1075-1076-1159-1158-1157-1160-1161-201
[2026-08-11 17:40:41.600186] [INFO] [path_server] 노드 업데이트 : [1071] ➜ [1072]
[2026-08-11 17:40:41.680048] [INFO] [path_server] 새로운 경로 설정 : path[1071 ➜ 201] time[0s] dist[16.5m] list[12] : 1071-1072-1073-1074-1075-1076-1159-1158-1157-1160-1161-201
[2026-08-11 17:40:45.173041] [INFO] [path_server] 노드 업데이트 : [1072] ➜ [1073]
[2026-08-11 17:40:45.252978] [INFO] [path_server] 새로운 경로 설정 : path[1072 ➜ 201] time[0s] dist[15m] list[11] : 1072-1073-1074-1075-1076-1159-1158-1157-1160-1161-201
[2026-08-11 17:40:46.310771] [INFO] [path_server] 노드 업데이트 : [1073] ➜ [1074]
[2026-08-11 17:40:46.390704] [INFO] [path_server] 새로운 경로 설정 : path[1073 ➜ 201] time[0s] dist[13.5m] list[10] : 1073-1074-1075-1076-1159-1158-1157-1160-1161-201
[2026-08-11 17:40:47.129190] [INFO] [path_server] 노드 업데이트 : [1074] ➜ [1075]
[2026-08-11 17:40:47.189077] [INFO] [path_server] 새로운 경로 설정 : path[1074 ➜ 201] time[0s] dist[12m] list[9] : 1074-1075-1076-1159-1158-1157-1160-1161-201
[2026-08-11 17:40:47.887590] [INFO] [path_server] 노드 업데이트 : [1075] ➜ [1076]
[2026-08-11 17:40:47.967466] [INFO] [path_server] 새로운 경로 설정 : path[1075 ➜ 201] time[0s] dist[10.5m] list[8] : 1075-1076-1159-1158-1157-1160-1161-201
[2026-08-11 17:40:49.284765] [INFO] [path_server] 노드 업데이트 : [1076] ➜ [1159]
[2026-08-11 17:40:49.344676] [INFO] [path_server] 새로운 경로 설정 : path[1076 ➜ 201] time[0s] dist[9m] list[7] : 1076-1159-1158-1157-1160-1161-201
[2026-08-11 17:40:52.758149] [INFO] [path_server] 노드 업데이트 : [1159] ➜ [1158]
[2026-08-11 17:40:52.818083] [INFO] [path_server] 새로운 경로 설정 : path[1159 ➜ 201] time[0s] dist[7.5m] list[6] : 1159-1158-1157-1160-1161-201
[2026-08-11 17:40:53.856234] [INFO] [path_server] 노드 업데이트 : [1158] ➜ [1157]
[2026-08-11 17:40:53.936257] [INFO] [path_server] 새로운 경로 설정 : path[1158 ➜ 201] time[0s] dist[6m] list[5] : 1158-1157-1160-1161-201
[2026-08-11 17:40:55.273722] [INFO] [path_server] 노드 업데이트 : [1157] ➜ [1160]
[2026-08-11 17:40:55.353652] [INFO] [path_server] 새로운 경로 설정 : path[1157 ➜ 201] time[0s] dist[4.5m] list[4] : 1157-1160-1161-201
[2026-08-11 17:40:58.727328] [INFO] [path_server] 노드 업데이트 : [1160] ➜ [1161]
[2026-08-11 17:40:58.787232] [INFO] [path_server] 새로운 경로 설정 : path[1160 ➜ 201] time[0s] dist[3m] list[3] : 1160-1161-201
[2026-08-11 17:41:01.482028] [INFO] [path_server] 노드 업데이트 : [1161] ➜ [201]
[2026-08-11 17:41:01.541910] [INFO] [path_server] 새로운 경로 설정 : path[1161 ➜ 201] time[0s] dist[1.5m] list[2] : 1161-201
[2026-08-11 17:41:05.654100] [INFO] [path_server] 노드 업데이트 : [201] ➜ [-1]
[2026-08-11 17:41:09.595833] [INFO] [path_server] 노드 업데이트 : [201] ➜ [-1]
[2026-08-11 17:41:09.676186] [INFO] [path_server] 경로 삭제
[2026-08-11 17:41:31.454804] [INFO] [path_server] 새로운 경로 설정 : path[201 ➜ 103] time[0s] dist[61.5m] list[42] : 201-1161-1162-1163-1164-1165-1166-1167-1168-41-1170-1171-1172-1173-1174-1175-1176-1177-1178-1081-1185-1186-1187-1188-1056-1057-1058-1059-1060-1061-1062-1063-1064-1065-40-1067-1068-1069-1070-1071-1072-103
[2026-08-11 17:41:33.610410] [INFO] [path_server] 노드 업데이트 : [1161] ➜ [1162]
[2026-08-11 17:41:33.670318] [INFO] [path_server] 새로운 경로 설정 : path[1161 ➜ 103] time[0s] dist[60m] list[41] : 1161-1162-1163-1164-1165-1166-1167-1168-41-1170-1171-1172-1173-1174-1175-1176-1177-1178-1081-1185-1186-1187-1188-1056-1057-1058-1059-1060-1061-1062-1063-1064-1065-40-1067-1068-1069-1070-1071-1072-103
[2026-08-11 17:41:36.963677] [INFO] [path_server] 노드 업데이트 : [1162] ➜ [1163]
[2026-08-11 17:41:37.023592] [INFO] [path_server] 새로운 경로 설정 : path[1162 ➜ 103] time[0s] dist[58.5m] list[40] : 1162-1163-1164-1165-1166-1167-1168-41-1170-1171-1172-1173-1174-1175-1176-1177-1178-1081-1185-1186-1187-1188-1056-1057-1058-1059-1060-1061-1062-1063-1064-1065-40-1067-1068-1069-1070-1071-1072-103
[2026-08-11 17:41:38.081513] [INFO] [path_server] 노드 업데이트 : [1163] ➜ [1164]
[2026-08-11 17:41:38.161412] [INFO] [path_server] 새로운 경로 설정 : path[1163 ➜ 103] time[0s] dist[57m] list[39] : 1163-1164-1165-1166-1167-1168-41-1170-1171-1172-1173-1174-1175-1176-1177-1178-1081-1185-1186-1187-1188-1056-1057-1058-1059-1060-1061-1062-1063-1064-1065-40-1067-1068-1069-1070-1071-1072-103
[2026-08-11 17:41:38.919941] [INFO] [path_server] 노드 업데이트 : [1164] ➜ [1165]
[2026-08-11 17:41:38.999778] [INFO] [path_server] 새로운 경로 설정 : path[1164 ➜ 103] time[0s] dist[55.5m] list[38] : 1164-1165-1166-1167-1168-41-1170-1171-1172-1173-1174-1175-1176-1177-1178-1081-1185-1186-1187-1188-1056-1057-1058-1059-1060-1061-1062-1063-1064-1065-40-1067-1068-1069-1070-1071-1072-103
[2026-08-11 17:41:39.658479] [INFO] [path_server] 노드 업데이트 : [1165] ➜ [1166]
[2026-08-11 17:41:39.718456] [INFO] [path_server] 새로운 경로 설정 : path[1165 ➜ 103] time[0s] dist[54m] list[37] : 1165-1166-1167-1168-41-1170-1171-1172-1173-1174-1175-1176-1177-1178-1081-1185-1186-1187-1188-1056-1057-1058-1059-1060-1061-1062-1063-1064-1065-40-1067-1068-1069-1070-1071-1072-103
[2026-08-11 17:41:40.416989] [INFO] [path_server] 노드 업데이트 : [1166] ➜ [1167]
[2026-08-11 17:41:40.496950] [INFO] [path_server] 새로운 경로 설정 : path[1166 ➜ 103] time[0s] dist[52.5m] list[36] : 1166-1167-1168-41-1170-1171-1172-1173-1174-1175-1176-1177-1178-1081-1185-1186-1187-1188-1056-1057-1058-1059-1060-1061-1062-1063-1064-1065-40-1067-1068-1069-1070-1071-1072-103
[2026-08-11 17:41:41.155516] [INFO] [path_server] 노드 업데이트 : [1167] ➜ [1168]
[2026-08-11 17:41:41.235591] [INFO] [path_server] 새로운 경로 설정 : path[1167 ➜ 103] time[0s] dist[51m] list[35] : 1167-1168-41-1170-1171-1172-1173-1174-1175-1176-1177-1178-1081-1185-1186-1187-1188-1056-1057-1058-1059-1060-1061-1062-1063-1064-1065-40-1067-1068-1069-1070-1071-1072-103
[2026-08-11 17:41:41.914449] [INFO] [path_server] 노드 업데이트 : [1168] ➜ [41]
[2026-08-11 17:41:41.974433] [INFO] [path_server] 새로운 경로 설정 : path[1168 ➜ 103] time[0s] dist[49.5m] list[34] : 1168-41-1170-1171-1172-1173-1174-1175-1176-1177-1178-1081-1185-1186-1187-1188-1056-1057-1058-1059-1060-1061-1062-1063-1064-1065-40-1067-1068-1069-1070-1071-1072-103
[2026-08-11 17:41:42.653072] [INFO] [path_server] 노드 업데이트 : [41] ➜ [1170]
[2026-08-11 17:41:42.733128] [INFO] [path_server] 새로운 경로 설정 : path[41 ➜ 103] time[0s] dist[48m] list[33] : 41-1170-1171-1172-1173-1174-1175-1176-1177-1178-1081-1185-1186-1187-1188-1056-1057-1058-1059-1060-1061-1062-1063-1064-1065-40-1067-1068-1069-1070-1071-1072-103
[2026-08-11 17:41:43.411956] [INFO] [path_server] 노드 업데이트 : [1170] ➜ [1171]
[2026-08-11 17:41:43.472007] [INFO] [path_server] 새로운 경로 설정 : path[1170 ➜ 103] time[0s] dist[46.5m] list[32] : 1170-1171-1172-1173-1174-1175-1176-1177-1178-1081-1185-1186-1187-1188-1056-1057-1058-1059-1060-1061-1062-1063-1064-1065-40-1067-1068-1069-1070-1071-1072-103
[2026-08-11 17:41:44.170507] [INFO] [path_server] 노드 업데이트 : [1171] ➜ [1172]
[2026-08-11 17:41:44.250414] [INFO] [path_server] 새로운 경로 설정 : path[1171 ➜ 103] time[0s] dist[45m] list[31] : 1171-1172-1173-1174-1175-1176-1177-1178-1081-1185-1186-1187-1188-1056-1057-1058-1059-1060-1061-1062-1063-1064-1065-40-1067-1068-1069-1070-1071-1072-103
[2026-08-11 17:41:44.908980] [INFO] [path_server] 노드 업데이트 : [1172] ➜ [1173]
[2026-08-11 17:41:44.968879] [INFO] [path_server] 새로운 경로 설정 : path[1172 ➜ 103] time[0s] dist[43.5m] list[30] : 1172-1173-1174-1175-1176-1177-1178-1081-1185-1186-1187-1188-1056-1057-1058-1059-1060-1061-1062-1063-1064-1065-40-1067-1068-1069-1070-1071-1072-103
[2026-08-11 17:41:45.667443] [INFO] [path_server] 노드 업데이트 : [1173] ➜ [1174]
[2026-08-11 17:41:45.747319] [INFO] [path_server] 새로운 경로 설정 : path[1173 ➜ 103] time[0s] dist[42m] list[29] : 1173-1174-1175-1176-1177-1178-1081-1185-1186-1187-1188-1056-1057-1058-1059-1060-1061-1062-1063-1064-1065-40-1067-1068-1069-1070-1071-1072-103
[2026-08-11 17:41:46.405915] [INFO] [path_server] 노드 업데이트 : [1174] ➜ [1175]
[2026-08-11 17:41:46.465867] [INFO] [path_server] 새로운 경로 설정 : path[1174 ➜ 103] time[0s] dist[40.5m] list[28] : 1174-1175-1176-1177-1178-1081-1185-1186-1187-1188-1056-1057-1058-1059-1060-1061-1062-1063-1064-1065-40-1067-1068-1069-1070-1071-1072-103
[2026-08-11 17:41:47.164528] [INFO] [path_server] 노드 업데이트 : [1175] ➜ [1176]
[2026-08-11 17:41:47.244366] [INFO] [path_server] 새로운 경로 설정 : path[1175 ➜ 103] time[0s] dist[39m] list[27] : 1175-1176-1177-1178-1081-1185-1186-1187-1188-1056-1057-1058-1059-1060-1061-1062-1063-1064-1065-40-1067-1068-1069-1070-1071-1072-103
[2026-08-11 17:41:47.902996] [INFO] [path_server] 노드 업데이트 : [1176] ➜ [1177]
[2026-08-11 17:41:47.962912] [INFO] [path_server] 새로운 경로 설정 : path[1176 ➜ 103] time[0s] dist[37.5m] list[26] : 1176-1177-1178-1081-1185-1186-1187-1188-1056-1057-1058-1059-1060-1061-1062-1063-1064-1065-40-1067-1068-1069-1070-1071-1072-103
[2026-08-11 17:41:48.661450] [INFO] [path_server] 노드 업데이트 : [1177] ➜ [1178]
[2026-08-11 17:41:48.741326] [INFO] [path_server] 새로운 경로 설정 : path[1177 ➜ 103] time[0s] dist[36m] list[25] : 1177-1178-1081-1185-1186-1187-1188-1056-1057-1058-1059-1060-1061-1062-1063-1064-1065-40-1067-1068-1069-1070-1071-1072-103
[2026-08-11 17:41:49.419971] [INFO] [path_server] 노드 업데이트 : [1178] ➜ [1081]
[2026-08-11 17:41:49.499954] [INFO] [path_server] 새로운 경로 설정 : path[1178 ➜ 103] time[0s] dist[34.5m] list[24] : 1178-1081-1185-1186-1187-1188-1056-1057-1058-1059-1060-1061-1062-1063-1064-1065-40-1067-1068-1069-1070-1071-1072-103
[2026-08-11 17:41:50.158636] [INFO] [path_server] 노드 업데이트 : [1081] ➜ [1185]
[2026-08-11 17:41:50.238537] [INFO] [path_server] 새로운 경로 설정 : path[1081 ➜ 103] time[0s] dist[33m] list[23] : 1081-1185-1186-1187-1188-1056-1057-1058-1059-1060-1061-1062-1063-1064-1065-40-1067-1068-1069-1070-1071-1072-103
[2026-08-11 17:41:51.575813] [INFO] [path_server] 노드 업데이트 : [1185] ➜ [1186]
[2026-08-11 17:41:51.655761] [INFO] [path_server] 새로운 경로 설정 : path[1185 ➜ 103] time[0s] dist[31.5m] list[22] : 1185-1186-1187-1188-1056-1057-1058-1059-1060-1061-1062-1063-1064-1065-40-1067-1068-1069-1070-1071-1072-103
[2026-08-11 17:41:55.048943] [INFO] [path_server] 노드 업데이트 : [1186] ➜ [1187]
[2026-08-11 17:41:55.128833] [INFO] [path_server] 새로운 경로 설정 : path[1186 ➜ 103] time[0s] dist[30m] list[21] : 1186-1187-1188-1056-1057-1058-1059-1060-1061-1062-1063-1064-1065-40-1067-1068-1069-1070-1071-1072-103
[2026-08-11 17:41:56.166657] [INFO] [path_server] 노드 업데이트 : [1187] ➜ [1188]
[2026-08-11 17:41:56.246598] [INFO] [path_server] 새로운 경로 설정 : path[1187 ➜ 103] time[0s] dist[28.5m] list[20] : 1187-1188-1056-1057-1058-1059-1060-1061-1062-1063-1064-1065-40-1067-1068-1069-1070-1071-1072-103
[2026-08-11 17:41:57.404223] [INFO] [path_server] 노드 업데이트 : [1188] ➜ [1056]
[2026-08-11 17:41:57.464126] [INFO] [path_server] 새로운 경로 설정 : path[1188 ➜ 103] time[0s] dist[27m] list[19] : 1188-1056-1057-1058-1059-1060-1061-1062-1063-1064-1065-40-1067-1068-1069-1070-1071-1072-103
[2026-08-11 17:42:00.677553] [INFO] [path_server] 노드 업데이트 : [1056] ➜ [1057]
[2026-08-11 17:42:00.757424] [INFO] [path_server] 새로운 경로 설정 : path[1056 ➜ 103] time[0s] dist[25.5m] list[18] : 1056-1057-1058-1059-1060-1061-1062-1063-1064-1065-40-1067-1068-1069-1070-1071-1072-103
[2026-08-11 17:42:01.835547] [INFO] [path_server] 노드 업데이트 : [1057] ➜ [1058]
[2026-08-11 17:42:01.895454] [INFO] [path_server] 새로운 경로 설정 : path[1057 ➜ 103] time[0s] dist[24m] list[17] : 1057-1058-1059-1060-1061-1062-1063-1064-1065-40-1067-1068-1069-1070-1071-1072-103
[2026-08-11 17:42:02.673811] [INFO] [path_server] 노드 업데이트 : [1058] ➜ [1059]
[2026-08-11 17:42:02.733751] [INFO] [path_server] 새로운 경로 설정 : path[1058 ➜ 103] time[0s] dist[22.5m] list[16] : 1058-1059-1060-1061-1062-1063-1064-1065-40-1067-1068-1069-1070-1071-1072-103
[2026-08-11 17:42:03.432243] [INFO] [path_server] 노드 업데이트 : [1059] ➜ [1060]
[2026-08-11 17:42:03.512150] [INFO] [path_server] 새로운 경로 설정 : path[1059 ➜ 103] time[0s] dist[21m] list[15] : 1059-1060-1061-1062-1063-1064-1065-40-1067-1068-1069-1070-1071-1072-103
[2026-08-11 17:42:04.170747] [INFO] [path_server] 노드 업데이트 : [1060] ➜ [1061]
[2026-08-11 17:42:04.230711] [INFO] [path_server] 새로운 경로 설정 : path[1060 ➜ 103] time[0s] dist[19.5m] list[14] : 1060-1061-1062-1063-1064-1065-40-1067-1068-1069-1070-1071-1072-103
[2026-08-11 17:42:04.929239] [INFO] [path_server] 노드 업데이트 : [1061] ➜ [1062]
[2026-08-11 17:42:05.009140] [INFO] [path_server] 새로운 경로 설정 : path[1061 ➜ 103] time[0s] dist[18m] list[13] : 1061-1062-1063-1064-1065-40-1067-1068-1069-1070-1071-1072-103
[2026-08-11 17:42:05.667685] [INFO] [path_server] 노드 업데이트 : [1062] ➜ [1063]
[2026-08-11 17:42:05.747629] [INFO] [path_server] 새로운 경로 설정 : path[1062 ➜ 103] time[0s] dist[16.5m] list[12] : 1062-1063-1064-1065-40-1067-1068-1069-1070-1071-1072-103
[2026-08-11 17:42:06.426313] [INFO] [path_server] 노드 업데이트 : [1063] ➜ [1064]
[2026-08-11 17:42:06.486258] [INFO] [path_server] 새로운 경로 설정 : path[1063 ➜ 103] time[0s] dist[15m] list[11] : 1063-1064-1065-40-1067-1068-1069-1070-1071-1072-103
[2026-08-11 17:42:07.164964] [INFO] [path_server] 노드 업데이트 : [1064] ➜ [1065]
[2026-08-11 17:42:07.244849] [INFO] [path_server] 새로운 경로 설정 : path[1064 ➜ 103] time[0s] dist[13.5m] list[10] : 1064-1065-40-1067-1068-1069-1070-1071-1072-103
[2026-08-11 17:42:07.923487] [INFO] [path_server] 노드 업데이트 : [1065] ➜ [40]
[2026-08-11 17:42:07.983380] [INFO] [path_server] 새로운 경로 설정 : path[1065 ➜ 103] time[0s] dist[12m] list[9] : 1065-40-1067-1068-1069-1070-1071-1072-103
[2026-08-11 17:42:08.682012] [INFO] [path_server] 노드 업데이트 : [40] ➜ [1067]
[2026-08-11 17:42:08.761836] [INFO] [path_server] 새로운 경로 설정 : path[40 ➜ 103] time[0s] dist[10.5m] list[8] : 40-1067-1068-1069-1070-1071-1072-103
[2026-08-11 17:42:09.420556] [INFO] [path_server] 노드 업데이트 : [1067] ➜ [1068]
[2026-08-11 17:42:09.480467] [INFO] [path_server] 새로운 경로 설정 : path[1067 ➜ 103] time[0s] dist[9m] list[7] : 1067-1068-1069-1070-1071-1072-103
[2026-08-11 17:42:10.179125] [INFO] [path_server] 노드 업데이트 : [1068] ➜ [1069]
[2026-08-11 17:42:10.258985] [INFO] [path_server] 새로운 경로 설정 : path[1068 ➜ 103] time[0s] dist[7.5m] list[6] : 1068-1069-1070-1071-1072-103
[2026-08-11 17:42:10.917704] [INFO] [path_server] 노드 업데이트 : [1069] ➜ [1070]
[2026-08-11 17:42:10.977591] [INFO] [path_server] 새로운 경로 설정 : path[1069 ➜ 103] time[0s] dist[6m] list[5] : 1069-1070-1071-1072-103
[2026-08-11 17:42:11.676246] [INFO] [path_server] 노드 업데이트 : [1070] ➜ [1071]
[2026-08-11 17:42:11.756107] [INFO] [path_server] 새로운 경로 설정 : path[1070 ➜ 103] time[0s] dist[4.5m] list[4] : 1070-1071-1072-103
[2026-08-11 17:42:12.414818] [INFO] [path_server] 노드 업데이트 : [1071] ➜ [1072]
[2026-08-11 17:42:12.474687] [INFO] [path_server] 새로운 경로 설정 : path[1071 ➜ 103] time[0s] dist[3m] list[3] : 1071-1072-103
[2026-08-11 17:42:13.752139] [INFO] [path_server] 노드 업데이트 : [1072] ➜ [103]
[2026-08-11 17:42:13.832042] [INFO] [path_server] 새로운 경로 설정 : path[1072 ➜ 103] time[0s] dist[1.5m] list[2] : 1072-103
[2026-08-11 17:42:17.724265] [INFO] [path_server] 노드 업데이트 : [103] ➜ [-1]
[2026-08-11 17:42:21.576652] [INFO] [path_server] 노드 업데이트 : [103] ➜ [-1]
[2026-08-11 17:42:48.985611] [INFO] [path_server] 경로 삭제
[2026-08-11 17:43:43.890349] [INFO] [path_server] 생성
[2026-08-11 17:43:43.890376] [INFO] [path_server] 경로 삭제
[2026-08-11 17:43:43.892120] [INFO] [path_server] 노드 초기화 성공 : 로봇 좌표[7.989m 18.997m 90.045°] 최단 거리 노드[103] 거리(0.011713m)
[2026-08-11 17:44:02.884461] [INFO] [path_server] 경로 삭제
[2026-08-11 17:44:02.924448] [INFO] [path_server] 경로 삭제
[2026-08-11 17:44:21.690112] [INFO] [path_server] 생성
[2026-08-11 17:44:21.690148] [INFO] [path_server] 경로 삭제
[2026-08-11 17:44:21.691659] [INFO] [path_server] 노드 초기화 성공 : 로봇 좌표[7.989m 18.997m 90.045°] 최단 거리 노드[103] 거리(0.011713m)
[2026-08-11 17:44:21.731603] [INFO] [path_server] 경로 삭제
[2026-08-11 17:44:38.239371] [INFO] [path_server] 경로 삭제
[2026-08-11 17:44:38.259350] [INFO] [path_server] 경로 삭제
[2026-08-11 17:45:51.334721] [INFO] [path_server] 생성
[2026-08-11 17:45:51.334762] [INFO] [path_server] 경로 삭제
[2026-08-11 17:45:51.336314] [INFO] [path_server] 노드 초기화 성공 : 로봇 좌표[7.989m 18.997m 90.045°] 최단 거리 노드[103] 거리(0.011713m)
[2026-08-11 17:46:07.884529] [INFO] [path_server] 경로 삭제
[2026-08-11 17:46:07.904478] [INFO] [path_server] 경로 삭제
[2026-08-11 17:50:10.561731] [INFO] [path_server] 생성
[2026-08-11 17:50:10.561793] [INFO] [path_server] 경로 삭제
[2026-08-11 17:50:10.563411] [INFO] [path_server] 노드 초기화 성공 : 로봇 좌표[7.989m 18.997m 90.045°] 최단 거리 노드[103] 거리(0.011713m)
[2026-08-11 17:50:27.112381] [INFO] [path_server] 경로 삭제
[2026-08-11 17:50:27.132333] [INFO] [path_server] 경로 삭제
[2026-08-11 17:51:36.597286] [INFO] [path_server] 경로 삭제
[2026-08-11 17:51:36.637213] [INFO] [path_server] 경로 삭제
[2026-08-11 17:51:40.669030] [INFO] [path_server] 새로운 경로 설정 : path[103 ➜ 201] time[0s] dist[16.5m] list[12] : 103-1072-1073-1074-1075-1076-1159-1158-1157-1160-1161-201
[2026-08-11 17:51:44.541342] [INFO] [path_server] 노드 업데이트 : [1072] ➜ [1073]
[2026-08-11 17:51:44.621213] [INFO] [path_server] 새로운 경로 설정 : path[1072 ➜ 201] time[0s] dist[15m] list[11] : 1072-1073-1074-1075-1076-1159-1158-1157-1160-1161-201
[2026-08-11 17:51:48.114815] [INFO] [path_server] 노드 업데이트 : [1073] ➜ [1074]
[2026-08-11 17:51:48.194701] [INFO] [path_server] 새로운 경로 설정 : path[1073 ➜ 201] time[0s] dist[13.5m] list[10] : 1073-1074-1075-1076-1159-1158-1157-1160-1161-201
[2026-08-11 17:51:49.252916] [INFO] [path_server] 노드 업데이트 : [1074] ➜ [1075]
[2026-08-11 17:51:49.332758] [INFO] [path_server] 새로운 경로 설정 : path[1074 ➜ 201] time[0s] dist[12m] list[9] : 1074-1075-1076-1159-1158-1157-1160-1161-201
[2026-08-11 17:51:50.071202] [INFO] [path_server] 노드 업데이트 : [1075] ➜ [1076]
[2026-08-11 17:51:50.151132] [INFO] [path_server] 새로운 경로 설정 : path[1075 ➜ 201] time[0s] dist[10.5m] list[8] : 1075-1076-1159-1158-1157-1160-1161-201
[2026-08-11 17:51:51.488530] [INFO] [path_server] 노드 업데이트 : [1076] ➜ [1159]
[2026-08-11 17:51:51.548445] [INFO] [path_server] 새로운 경로 설정 : path[1076 ➜ 201] time[0s] dist[9m] list[7] : 1076-1159-1158-1157-1160-1161-201
[2026-08-11 17:51:54.941482] [INFO] [path_server] 노드 업데이트 : [1159] ➜ [1158]
[2026-08-11 17:51:55.021325] [INFO] [path_server] 새로운 경로 설정 : path[1159 ➜ 201] time[0s] dist[7.5m] list[6] : 1159-1158-1157-1160-1161-201
[2026-08-11 17:51:56.039306] [INFO] [path_server] 노드 업데이트 : [1158] ➜ [1157]
[2026-08-11 17:51:56.099208] [INFO] [path_server] 새로운 경로 설정 : path[1158 ➜ 201] time[0s] dist[6m] list[5] : 1158-1157-1160-1161-201
[2026-08-11 17:51:57.456393] [INFO] [path_server] 노드 업데이트 : [1157] ➜ [1160]
[2026-08-11 17:51:57.536215] [INFO] [path_server] 새로운 경로 설정 : path[1157 ➜ 201] time[0s] dist[4.5m] list[4] : 1157-1160-1161-201
[2026-08-11 17:52:00.889767] [INFO] [path_server] 노드 업데이트 : [1160] ➜ [1161]
[2026-08-11 17:52:00.969647] [INFO] [path_server] 새로운 경로 설정 : path[1160 ➜ 201] time[0s] dist[3m] list[3] : 1160-1161-201
[2026-08-11 17:52:03.664410] [INFO] [path_server] 노드 업데이트 : [1161] ➜ [201]
[2026-08-11 17:52:03.744457] [INFO] [path_server] 새로운 경로 설정 : path[1161 ➜ 201] time[0s] dist[1.5m] list[2] : 1161-201
[2026-08-11 17:52:07.836020] [INFO] [path_server] 노드 업데이트 : [201] ➜ [-1]
[2026-08-11 17:52:11.768285] [INFO] [path_server] 노드 업데이트 : [201] ➜ [-1]
[2026-08-11 17:52:11.828180] [INFO] [path_server] 경로 삭제
