[2026-08-11 16:38:01.994755] [INFO] [load_handler] 생성
[2026-08-11 16:45:50.014361] [INFO] [load_handler] 생성
[2026-08-11 16:49:24.425735] [INFO] [load_handler] 생성
[2026-08-11 16:49:58.428415] [INFO] [load_handler] 생성
[2026-08-11 16:52:17.169801] [INFO] [load_handler] 생성
[2026-08-11 17:03:34.392201] [INFO] [load_handler] 생성
[2026-08-11 17:24:37.860150] [INFO] [load_handler] 생성
[2026-08-11 17:27:18.552577] [INFO] [load_handler] 생성
[2026-08-11 17:27:55.450470] [INFO] [load_handler] 생성
[2026-08-11 17:30:03.923431] [INFO] [load_handler] 상차 시작
[2026-08-11 17:30:05.939414] [INFO] [load_handler] 상차 완료
[2026-08-11 17:31:23.691572] [INFO] [load_handler] 하차 시작
[2026-08-11 17:31:25.707642] [INFO] [load_handler] 하차 완료
[2026-08-11 17:34:46.305066] [INFO] [load_handler] 생성
[2026-08-11 17:40:32.828179] [INFO] [load_handler] 생성
[2026-08-11 17:43:43.873686] [INFO] [load_handler] 생성
[2026-08-11 17:44:21.689632] [INFO] [load_handler] 생성
[2026-08-11 17:45:27.803599] [INFO] [load_handler] 생성
[2026-08-11 17:45:51.336452] [INFO] [load_handler] 생성
[2026-08-11 17:50:10.546339] [INFO] [load_handler] 생성
