[2026-08-11 16:38:01.959976] [INFO] [mediator] 생성
[2026-08-11 16:38:02.001925] [INFO] [mediator] connectors 생성
[2026-08-11 16:38:02.003878] [INFO] [mediator] any map 등록
[2026-08-11 16:38:02.003876] [INFO] [mediator] connector 의존성 주입
[2026-08-11 16:38:02.003887] [INFO] [mediator] any collector 등록
[2026-08-11 16:38:02.003890] [INFO] [mediator] any collector 목록 검사
[2026-08-11 16:40:31.632278] [INFO] [mediator] 생성
[2026-08-11 16:40:31.673395] [INFO] [mediator] connectors 생성
[2026-08-11 16:40:31.675084] [INFO] [mediator] connector 의존성 주입
[2026-08-11 16:40:31.675088] [INFO] [mediator] any map 등록
[2026-08-11 16:40:31.675098] [INFO] [mediator] any collector 등록
[2026-08-11 16:40:31.675103] [INFO] [mediator] any collector 목록 검사
[2026-08-11 16:45:49.979152] [INFO] [mediator] 생성
[2026-08-11 16:45:50.022639] [INFO] [mediator] connectors 생성
[2026-08-11 16:45:50.023559] [INFO] [mediator] connector 의존성 주입
[2026-08-11 16:45:50.023561] [INFO] [mediator] any map 등록
[2026-08-11 16:45:50.023567] [INFO] [mediator] any collector 등록
[2026-08-11 16:45:50.023570] [INFO] [mediator] any collector 목록 검사
[2026-08-11 16:47:42.760160] [INFO] [mediator] 생성
[2026-08-11 16:47:42.785753] [INFO] [mediator] connectors 생성
[2026-08-11 16:47:42.787436] [INFO] [mediator] any map 등록
[2026-08-11 16:47:42.787432] [INFO] [mediator] connector 의존성 주입
[2026-08-11 16:47:42.787447] [INFO] [mediator] any collector 등록
[2026-08-11 16:47:42.787451] [INFO] [mediator] any collector 목록 검사
[2026-08-11 16:49:24.392942] [INFO] [mediator] 생성
[2026-08-11 16:49:24.435912] [INFO] [mediator] connectors 생성
[2026-08-11 16:49:24.437575] [INFO] [mediator] any map 등록
[2026-08-11 16:49:24.437572] [INFO] [mediator] connector 의존성 주입
[2026-08-11 16:49:24.437583] [INFO] [mediator] any collector 등록
[2026-08-11 16:49:24.437589] [INFO] [mediator] any collector 목록 검사
[2026-08-11 16:49:46.485461] [INFO] [mediator] 생성
[2026-08-11 16:49:46.529000] [INFO] [mediator] connectors 생성
[2026-08-11 16:49:46.530758] [INFO] [mediator] any map 등록
[2026-08-11 16:49:46.530754] [INFO] [mediator] connector 의존성 주입
[2026-08-11 16:49:46.530767] [INFO] [mediator] any collector 등록
[2026-08-11 16:49:46.530771] [INFO] [mediator] any collector 목록 검사
[2026-08-11 16:52:17.126546] [INFO] [mediator] 생성
[2026-08-11 16:52:17.151342] [INFO] [mediator] connectors 생성
[2026-08-11 16:52:17.152700] [INFO] [mediator] any map 등록
[2026-08-11 16:52:17.152697] [INFO] [mediator] connector 의존성 주입
[2026-08-11 16:52:17.152713] [INFO] [mediator] any collector 목록 검사
[2026-08-11 16:52:17.152710] [INFO] [mediator] any collector 등록
[2026-08-11 17:03:34.355792] [INFO] [mediator] 생성
[2026-08-11 17:03:34.395415] [INFO] [mediator] connectors 생성
[2026-08-11 17:03:34.396860] [INFO] [mediator] any map 등록
[2026-08-11 17:03:34.396857] [INFO] [mediator] connector 의존성 주입
[2026-08-11 17:03:34.396871] [INFO] [mediator] any collector 목록 검사
[2026-08-11 17:03:34.396868] [INFO] [mediator] any collector 등록
[2026-08-11 17:24:37.811141] [INFO] [mediator] 생성
[2026-08-11 17:24:37.860790] [INFO] [mediator] connectors 생성
[2026-08-11 17:24:37.863878] [INFO] [mediator] connector 의존성 주입
[2026-08-11 17:24:37.864302] [INFO] [mediator] any map 등록
[2026-08-11 17:24:37.864314] [INFO] [mediator] any collector 목록 검사
[2026-08-11 17:24:37.864311] [INFO] [mediator] any collector 등록
[2026-08-11 17:27:18.492486] [INFO] [mediator] 생성
[2026-08-11 17:27:18.542464] [INFO] [mediator] connectors 생성
[2026-08-11 17:27:18.544216] [INFO] [mediator] any map 등록
[2026-08-11 17:27:18.544224] [INFO] [mediator] any collector 등록
[2026-08-11 17:27:18.544228] [INFO] [mediator] any collector 목록 검사
[2026-08-11 17:27:18.544211] [INFO] [mediator] connector 의존성 주입
[2026-08-11 17:27:55.411806] [INFO] [mediator] 생성
[2026-08-11 17:27:55.462428] [INFO] [mediator] connectors 생성
[2026-08-11 17:27:55.464139] [INFO] [mediator] connector 의존성 주입
[2026-08-11 17:27:55.464152] [INFO] [mediator] any map 등록
[2026-08-11 17:27:55.464161] [INFO] [mediator] any collector 등록
[2026-08-11 17:27:55.464166] [INFO] [mediator] any collector 목록 검사
[2026-08-11 17:34:46.262680] [INFO] [mediator] 생성
[2026-08-11 17:34:46.293571] [INFO] [mediator] connectors 생성
[2026-08-11 17:34:46.294871] [INFO] [mediator] connector 의존성 주입
[2026-08-11 17:34:46.294881] [INFO] [mediator] any map 등록
[2026-08-11 17:34:46.294895] [INFO] [mediator] any collector 등록
[2026-08-11 17:34:46.294900] [INFO] [mediator] any collector 목록 검사
[2026-08-11 17:40:32.783734] [INFO] [mediator] 생성
[2026-08-11 17:40:32.828308] [INFO] [mediator] connectors 생성
[2026-08-11 17:40:32.829441] [INFO] [mediator] any map 등록
[2026-08-11 17:40:32.829439] [INFO] [mediator] connector 의존성 주입
[2026-08-11 17:40:32.829453] [INFO] [mediator] any collector 목록 검사
[2026-08-11 17:40:32.829450] [INFO] [mediator] any collector 등록
[2026-08-11 17:43:43.833247] [INFO] [mediator] 생성
[2026-08-11 17:43:43.883879] [INFO] [mediator] connectors 생성
[2026-08-11 17:43:43.885775] [INFO] [mediator] connector 의존성 주입
[2026-08-11 17:43:43.885792] [INFO] [mediator] any collector 등록
[2026-08-11 17:43:43.885780] [INFO] [mediator] any map 등록
[2026-08-11 17:43:43.885795] [INFO] [mediator] any collector 목록 검사
[2026-08-11 17:44:21.650536] [INFO] [mediator] 생성
[2026-08-11 17:44:21.701164] [INFO] [mediator] connectors 생성
[2026-08-11 17:44:21.702975] [INFO] [mediator] any map 등록
[2026-08-11 17:44:21.702970] [INFO] [mediator] connector 의존성 주입
[2026-08-11 17:44:21.702987] [INFO] [mediator] any collector 목록 검사
[2026-08-11 17:44:21.702983] [INFO] [mediator] any collector 등록
[2026-08-11 17:45:51.297684] [INFO] [mediator] 생성
[2026-08-11 17:45:51.347479] [INFO] [mediator] connectors 생성
[2026-08-11 17:45:51.349180] [INFO] [mediator] connector 의존성 주입
[2026-08-11 17:45:51.349186] [INFO] [mediator] any map 등록
[2026-08-11 17:45:51.349194] [INFO] [mediator] any collector 등록
[2026-08-11 17:45:51.349199] [INFO] [mediator] any collector 목록 검사
[2026-08-11 17:50:10.509257] [INFO] [mediator] 생성
[2026-08-11 17:50:10.554714] [INFO] [mediator] connectors 생성
[2026-08-11 17:50:10.557149] [INFO] [mediator] any map 등록
[2026-08-11 17:50:10.557145] [INFO] [mediator] connector 의존성 주입
[2026-08-11 17:50:10.557161] [INFO] [mediator] any collector 등록
[2026-08-11 17:50:10.557167] [INFO] [mediator] any collector 목록 검사
