[2026-08-11 16:38:01.989764] [INFO] [task::fsm] 생성
[2026-08-11 16:38:01.989765] [INFO] [task::fsm] idle
[2026-08-11 16:40:31.659042] [INFO] [task::fsm] 생성
[2026-08-11 16:40:31.659043] [INFO] [task::fsm] idle
[2026-08-11 16:42:03.860731] [INFO] [task::fsm] charging
[2026-08-11 16:42:49.958908] [INFO] [task::fsm] discharging
[2026-08-11 16:42:49.978861] [INFO] [task::fsm] idle
[2026-08-11 16:42:59.122880] [INFO] [task::fsm] idle
[2026-08-11 16:44:18.140057] [INFO] [task::fsm] push_done
[2026-08-11 16:44:18.180032] [INFO] [task::fsm] charging
[2026-08-11 16:44:39.242420] [INFO] [task::fsm] discharging
[2026-08-11 16:44:39.262333] [INFO] [task::fsm] idle
[2026-08-11 16:44:39.322261] [INFO] [task::fsm] idle
[2026-08-11 16:45:50.008768] [INFO] [task::fsm] 생성
[2026-08-11 16:45:50.008769] [INFO] [task::fsm] idle
[2026-08-11 16:45:50.030422] [INFO] [task::fsm] idle
[2026-08-11 16:45:50.130268] [INFO] [task::fsm] charging
[2026-08-11 16:46:49.678029] [INFO] [task::fsm] push_done
[2026-08-11 16:46:49.737916] [INFO] [task::fsm] idle
[2026-08-11 16:47:39.064602] [INFO] [task::fsm] push_done
[2026-08-11 16:47:39.124499] [INFO] [task::fsm] charging
[2026-08-11 16:49:24.421473] [INFO] [task::fsm] 생성
[2026-08-11 16:49:24.421475] [INFO] [task::fsm] idle
[2026-08-11 16:49:24.523055] [INFO] [task::fsm] charging
[2026-08-11 16:49:58.416187] [INFO] [task::fsm] 생성
[2026-08-11 16:49:58.416188] [INFO] [task::fsm] idle
[2026-08-11 16:50:00.414586] [INFO] [task::fsm] charging
[2026-08-11 16:51:27.035494] [INFO] [task::fsm] push_done
[2026-08-11 16:51:27.075460] [INFO] [task::fsm] idle
[2026-08-11 16:52:17.161834] [INFO] [task::fsm] 생성
[2026-08-11 16:52:17.161835] [INFO] [task::fsm] idle
[2026-08-11 16:53:24.080229] [INFO] [task::fsm] push_done
[2026-08-11 16:53:24.140095] [INFO] [task::fsm] charging
[2026-08-11 16:54:17.196022] [INFO] [task::fsm] push_done
[2026-08-11 16:54:17.235987] [INFO] [task::fsm] idle
[2026-08-11 16:55:05.621664] [INFO] [task::fsm] push_done
[2026-08-11 16:55:05.661644] [INFO] [task::fsm] charging
[2026-08-11 16:55:37.560096] [INFO] [task::fsm] discharging
[2026-08-11 16:55:37.580103] [INFO] [task::fsm] idle
[2026-08-11 16:55:37.600052] [INFO] [task::fsm] idle
[2026-08-11 16:56:23.848940] [INFO] [task::fsm] push_done
[2026-08-11 16:56:23.908794] [INFO] [task::fsm] idle
[2026-08-11 16:59:55.715877] [INFO] [task::fsm] push_done
[2026-08-11 16:59:55.755802] [INFO] [task::fsm] charging
[2026-08-11 17:00:31.305612] [INFO] [task::fsm] discharging
[2026-08-11 17:00:31.325541] [INFO] [task::fsm] idle
[2026-08-11 17:00:31.365495] [INFO] [task::fsm] idle
[2026-08-11 17:01:20.032089] [INFO] [task::fsm] push_done
[2026-08-11 17:01:20.091959] [INFO] [task::fsm] idle
[2026-08-11 17:03:34.398757] [INFO] [task::fsm] 생성
[2026-08-11 17:03:34.398759] [INFO] [task::fsm] idle
[2026-08-11 17:05:58.200148] [INFO] [task::fsm] push_done
[2026-08-11 17:05:58.260024] [INFO] [task::fsm] charging
[2026-08-11 17:06:44.349496] [INFO] [task::fsm] discharging
[2026-08-11 17:06:44.369409] [INFO] [task::fsm] idle
[2026-08-11 17:06:44.409375] [INFO] [task::fsm] idle
[2026-08-11 17:07:41.554118] [INFO] [task::fsm] push_done
[2026-08-11 17:07:41.613988] [INFO] [task::fsm] idle
[2026-08-11 17:10:42.979919] [INFO] [task::fsm] push_done
[2026-08-11 17:10:43.039771] [INFO] [task::fsm] idle
[2026-08-11 17:12:21.128619] [INFO] [task::fsm] push_done
[2026-08-11 17:12:21.188501] [INFO] [task::fsm] charging
