[2026-08-11 16:38:01.964652] [INFO] [mediator] 생성
[2026-08-11 16:38:01.989915] [INFO] [mediator] connectors 생성
[2026-08-11 16:38:01.991069] [INFO] [mediator] connector 의존성 주입
[2026-08-11 16:38:01.991077] [INFO] [mediator] any map 등록
[2026-08-11 16:38:01.991086] [INFO] [mediator] any collector 등록
[2026-08-11 16:38:01.991090] [INFO] [mediator] any collector 목록 검사
[2026-08-11 16:40:31.635863] [INFO] [mediator] 생성
[2026-08-11 16:40:31.659162] [INFO] [mediator] connectors 생성
[2026-08-11 16:40:31.660107] [INFO] [mediator] connector 의존성 주입
[2026-08-11 16:40:31.660117] [INFO] [mediator] any map 등록
[2026-08-11 16:40:31.660124] [INFO] [mediator] any collector 등록
[2026-08-11 16:40:31.660127] [INFO] [mediator] any collector 목록 검사
[2026-08-11 16:45:49.983483] [INFO] [mediator] 생성
[2026-08-11 16:45:50.008895] [INFO] [mediator] connectors 생성
[2026-08-11 16:45:50.009918] [INFO] [mediator] connector 의존성 주입
[2026-08-11 16:45:50.009926] [INFO] [mediator] any map 등록
[2026-08-11 16:45:50.009933] [INFO] [mediator] any collector 등록
[2026-08-11 16:45:50.009937] [INFO] [mediator] any collector 목록 검사
[2026-08-11 16:49:24.396421] [INFO] [mediator] 생성
[2026-08-11 16:49:24.421611] [INFO] [mediator] connectors 생성
[2026-08-11 16:49:24.422774] [INFO] [mediator] connector 의존성 주입
[2026-08-11 16:49:24.422782] [INFO] [mediator] any map 등록
[2026-08-11 16:49:24.422790] [INFO] [mediator] any collector 등록
[2026-08-11 16:49:24.422793] [INFO] [mediator] any collector 목록 검사
[2026-08-11 16:49:58.390977] [INFO] [mediator] 생성
[2026-08-11 16:49:58.416320] [INFO] [mediator] connectors 생성
[2026-08-11 16:49:58.417335] [INFO] [mediator] any map 등록
[2026-08-11 16:49:58.417343] [INFO] [mediator] any collector 등록
[2026-08-11 16:49:58.417333] [INFO] [mediator] connector 의존성 주입
[2026-08-11 16:49:58.417345] [INFO] [mediator] any collector 목록 검사
[2026-08-11 16:52:17.133822] [INFO] [mediator] 생성
[2026-08-11 16:52:17.161990] [INFO] [mediator] connectors 생성
[2026-08-11 16:52:17.163263] [INFO] [mediator] connector 의존성 주입
[2026-08-11 16:52:17.163275] [INFO] [mediator] any map 등록
[2026-08-11 16:52:17.163286] [INFO] [mediator] any collector 등록
[2026-08-11 16:52:17.163290] [INFO] [mediator] any collector 목록 검사
[2026-08-11 17:03:34.361898] [INFO] [mediator] 생성
[2026-08-11 17:03:34.398890] [INFO] [mediator] connectors 생성
[2026-08-11 17:03:34.399936] [INFO] [mediator] connector 의존성 주입
[2026-08-11 17:03:34.399944] [INFO] [mediator] any map 등록
[2026-08-11 17:03:34.399950] [INFO] [mediator] any collector 등록
[2026-08-11 17:03:34.399953] [INFO] [mediator] any collector 목록 검사
