[2026-08-11 16:38:02.003700] [INFO] [power_system] 생성
[2026-08-11 16:38:02.003871] [INFO] [power_system] 설정 정보 : remaining[40%, 10%, 5%]
[2026-08-11 16:38:02.004498] [INFO] [power_system] 알람 목록 : 
 • [100015, 100001] [INFO] 자동 충전 시작.
 • [100015, 100002] [INFO] 배터리 가득.
 • [100015, 400001] [CRIT] 배터리 남은 양 - 위험
 • [100015, 300001] [ERROR] 배터리 남은 양 - 에러
 • [100015, 200001] [WARN] 배터리 남은 양 - 주의
 • [100015, 100004] [INFO] 자동 충전 해제 완료.
 • [100015, 100003] [INFO] 자동 충전 해제 시작.
[2026-08-11 16:40:31.674337] [INFO] [power_system] 생성
[2026-08-11 16:40:31.674486] [INFO] [power_system] 설정 정보 : remaining[40%, 10%, 5%]
[2026-08-11 16:40:31.675136] [INFO] [power_system] 알람 목록 : 
 • [100015, 100001] [INFO] 자동 충전 시작.
 • [100015, 100002] [INFO] 배터리 가득.
 • [100015, 400001] [CRIT] 배터리 남은 양 - 위험
 • [100015, 300001] [ERROR] 배터리 남은 양 - 에러
 • [100015, 200001] [WARN] 배터리 남은 양 - 주의
 • [100015, 100004] [INFO] 자동 충전 해제 완료.
 • [100015, 100003] [INFO] 자동 충전 해제 시작.
[2026-08-11 16:42:03.859809] [INFO] [power_system] 충전 프로세스 시작
[2026-08-11 16:42:21.387118] [INFO] [power_system] 충전 완료
[2026-08-11 16:42:26.418944] [INFO] [power_system] 충전 해제 완료
[2026-08-11 16:42:26.438929] [INFO] [power_system] 충전 해제 프로세스 시작
[2026-08-11 16:44:47.702677] [INFO] [power_system] 충전 프로세스 시작
[2026-08-11 16:45:08.665058] [INFO] [power_system] 충전 완료
[2026-08-11 16:45:13.695606] [INFO] [power_system] 충전 해제 완료
[2026-08-11 16:45:13.715649] [INFO] [power_system] 충전 해제 프로세스 시작
[2026-08-11 16:45:50.022802] [INFO] [power_system] 생성
[2026-08-11 16:45:50.022965] [INFO] [power_system] 설정 정보 : remaining[40%, 10%, 5%]
[2026-08-11 16:45:50.023603] [INFO] [power_system] 알람 목록 : 
 • [100015, 100001] [INFO] 자동 충전 시작.
 • [100015, 100002] [INFO] 배터리 가득.
 • [100015, 400001] [CRIT] 배터리 남은 양 - 위험
 • [100015, 300001] [ERROR] 배터리 남은 양 - 에러
 • [100015, 200001] [WARN] 배터리 남은 양 - 주의
 • [100015, 100004] [INFO] 자동 충전 해제 완료.
 • [100015, 100003] [INFO] 자동 충전 해제 시작.
[2026-08-11 16:46:20.128512] [INFO] [power_system] 충전 프로세스 시작
[2026-08-11 16:46:33.502618] [INFO] [power_system] 충전 완료
[2026-08-11 16:46:38.533112] [INFO] [power_system] 충전 해제 완료
[2026-08-11 16:46:38.553106] [INFO] [power_system] 충전 해제 프로세스 시작
[2026-08-11 16:47:42.788799] [INFO] [power_system] 생성
[2026-08-11 16:47:42.788911] [INFO] [power_system] 설정 정보 : remaining[40%, 10%, 5%]
[2026-08-11 16:47:42.789324] [INFO] [power_system] 알람 목록 : 
 • [100015, 100001] [INFO] 자동 충전 시작.
 • [100015, 100002] [INFO] 배터리 가득.
 • [100015, 400001] [CRIT] 배터리 남은 양 - 위험
 • [100015, 300001] [ERROR] 배터리 남은 양 - 에러
 • [100015, 200001] [WARN] 배터리 남은 양 - 주의
 • [100015, 100004] [INFO] 자동 충전 해제 완료.
 • [100015, 100003] [INFO] 자동 충전 해제 시작.
[2026-08-11 16:49:02.433219] [INFO] [power_system] 충전 프로세스 시작
[2026-08-11 16:49:24.435571] [INFO] [power_system] 생성
[2026-08-11 16:49:24.435728] [INFO] [power_system] 설정 정보 : remaining[40%, 10%, 5%]
[2026-08-11 16:49:24.436343] [INFO] [power_system] 알람 목록 : 
 • [100015, 100001] [INFO] 자동 충전 시작.
 • [100015, 100002] [INFO] 배터리 가득.
 • [100015, 400001] [CRIT] 배터리 남은 양 - 위험
 • [100015, 300001] [ERROR] 배터리 남은 양 - 에러
 • [100015, 200001] [WARN] 배터리 남은 양 - 주의
 • [100015, 100004] [INFO] 자동 충전 해제 완료.
 • [100015, 100003] [INFO] 자동 충전 해제 시작.
[2026-08-11 16:49:24.476855] [INFO] [power_system] 충전 프로세스 시작
[2026-08-11 16:49:46.529538] [INFO] [power_system] 생성
[2026-08-11 16:49:46.529710] [INFO] [power_system] 설정 정보 : remaining[40%, 10%, 5%]
[2026-08-11 16:49:46.530364] [INFO] [power_system] 알람 목록 : 
 • [100015, 100001] [INFO] 자동 충전 시작.
 • [100015, 100002] [INFO] 배터리 가득.
 • [100015, 400001] [CRIT] 배터리 남은 양 - 위험
 • [100015, 300001] [ERROR] 배터리 남은 양 - 에러
 • [100015, 200001] [WARN] 배터리 남은 양 - 주의
 • [100015, 100004] [INFO] 자동 충전 해제 완료.
 • [100015, 100003] [INFO] 자동 충전 해제 시작.
[2026-08-11 16:52:17.172170] [INFO] [power_system] 생성
[2026-08-11 16:52:17.172321] [INFO] [power_system] 설정 정보 : remaining[40%, 10%, 5%]
[2026-08-11 16:52:17.172942] [INFO] [power_system] 알람 목록 : 
 • [100015, 100001] [INFO] 자동 충전 시작.
 • [100015, 100002] [INFO] 배터리 가득.
 • [100015, 400001] [CRIT] 배터리 남은 양 - 위험
 • [100015, 300001] [ERROR] 배터리 남은 양 - 에러
 • [100015, 200001] [WARN] 배터리 남은 양 - 주의
 • [100015, 100004] [INFO] 자동 충전 해제 완료.
 • [100015, 100003] [INFO] 자동 충전 해제 시작.
[2026-08-11 16:52:47.273873] [INFO] [power_system] 충전 프로세스 시작
[2026-08-11 16:53:00.648650] [INFO] [power_system] 충전 완료
[2026-08-11 16:53:05.679086] [INFO] [power_system] 충전 해제 완료
[2026-08-11 16:53:05.699075] [INFO] [power_system] 충전 해제 프로세스 시작
[2026-08-11 16:57:00.847581] [INFO] [power_system] 충전 프로세스 시작
[2026-08-11 16:57:31.466147] [INFO] [power_system] 충전 완료
[2026-08-11 16:57:36.495957] [INFO] [power_system] 충전 해제 완료
[2026-08-11 16:57:36.515980] [INFO] [power_system] 충전 해제 프로세스 시작
[2026-08-11 16:59:31.581338] [INFO] [power_system] 충전 프로세스 시작
[2026-08-11 16:59:44.956098] [INFO] [power_system] 충전 완료
[2026-08-11 16:59:49.986642] [INFO] [power_system] 충전 해제 완료
[2026-08-11 16:59:50.006649] [INFO] [power_system] 충전 해제 프로세스 시작
[2026-08-11 17:01:45.080934] [INFO] [power_system] 충전 프로세스 시작
[2026-08-11 17:01:58.454390] [INFO] [power_system] 충전 완료
[2026-08-11 17:02:03.484053] [INFO] [power_system] 충전 해제 완료
[2026-08-11 17:02:03.504060] [INFO] [power_system] 충전 해제 프로세스 시작
[2026-08-11 17:03:34.383015] [INFO] [power_system] 생성
[2026-08-11 17:03:34.383165] [INFO] [power_system] 설정 정보 : remaining[40%, 10%, 5%]
[2026-08-11 17:03:34.383614] [INFO] [power_system] 알람 목록 : 
 • [100015, 100001] [INFO] 자동 충전 시작.
 • [100015, 100002] [INFO] 배터리 가득.
 • [100015, 400001] [CRIT] 배터리 남은 양 - 위험
 • [100015, 300001] [ERROR] 배터리 남은 양 - 에러
 • [100015, 200001] [WARN] 배터리 남은 양 - 주의
 • [100015, 100004] [INFO] 자동 충전 해제 완료.
 • [100015, 100003] [INFO] 자동 충전 해제 시작.
[2026-08-11 17:04:04.488506] [INFO] [power_system] 충전 프로세스 시작
[2026-08-11 17:04:17.862822] [INFO] [power_system] 충전 완료
[2026-08-11 17:04:22.892806] [INFO] [power_system] 충전 해제 완료
[2026-08-11 17:04:22.912776] [INFO] [power_system] 충전 해제 프로세스 시작
[2026-08-11 17:07:15.594334] [INFO] [power_system] 충전 프로세스 시작
[2026-08-11 17:07:37.212179] [INFO] [power_system] 충전 완료
[2026-08-11 17:07:42.242362] [INFO] [power_system] 충전 해제 완료
[2026-08-11 17:07:42.262321] [INFO] [power_system] 충전 해제 프로세스 시작
[2026-08-11 17:11:44.669446] [INFO] [power_system] 충전 프로세스 시작
[2026-08-11 17:12:15.430681] [INFO] [power_system] 충전 완료
[2026-08-11 17:12:20.460573] [INFO] [power_system] 충전 해제 완료
[2026-08-11 17:12:20.480483] [INFO] [power_system] 충전 해제 프로세스 시작
