[2026-08-11 16:38:01.999634] [INFO] [power_system] 생성
[2026-08-11 16:38:01.999733] [INFO] [power_system] 설정 정보 : remaining[40%, 10%, 5%]
[2026-08-11 16:38:02.000104] [INFO] [power_system] 알람 목록 : 
 • [100015, 100001] [INFO] 자동 충전 시작.
 • [100015, 100002] [INFO] 배터리 가득.
 • [100015, 400001] [CRIT] 배터리 남은 양 - 위험
 • [100015, 300001] [ERROR] 배터리 남은 양 - 에러
 • [100015, 200001] [WARN] 배터리 남은 양 - 주의
 • [100015, 100004] [INFO] 자동 충전 해제 완료.
 • [100015, 100003] [INFO] 자동 충전 해제 시작.
[2026-08-11 16:45:50.007405] [INFO] [power_system] 생성
[2026-08-11 16:45:50.007519] [INFO] [power_system] 설정 정보 : remaining[40%, 10%, 5%]
[2026-08-11 16:45:50.007959] [INFO] [power_system] 알람 목록 : 
 • [100015, 100001] [INFO] 자동 충전 시작.
 • [100015, 100002] [INFO] 배터리 가득.
 • [100015, 400001] [CRIT] 배터리 남은 양 - 위험
 • [100015, 300001] [ERROR] 배터리 남은 양 - 에러
 • [100015, 200001] [WARN] 배터리 남은 양 - 주의
 • [100015, 100004] [INFO] 자동 충전 해제 완료.
 • [100015, 100003] [INFO] 자동 충전 해제 시작.
[2026-08-11 16:46:32.627806] [INFO] [power_system] 충전 프로세스 시작
[2026-08-11 16:47:13.670417] [INFO] [power_system] 충전 완료
[2026-08-11 16:47:18.700586] [INFO] [power_system] 충전 해제 완료
[2026-08-11 16:47:18.720480] [INFO] [power_system] 충전 해제 프로세스 시작
[2026-08-11 16:47:42.790033] [INFO] [power_system] 생성
[2026-08-11 16:47:42.790140] [INFO] [power_system] 설정 정보 : remaining[40%, 10%, 5%]
[2026-08-11 16:47:42.790581] [INFO] [power_system] 알람 목록 : 
 • [100015, 100001] [INFO] 자동 충전 시작.
 • [100015, 100002] [INFO] 배터리 가득.
 • [100015, 400001] [CRIT] 배터리 남은 양 - 위험
 • [100015, 300001] [ERROR] 배터리 남은 양 - 에러
 • [100015, 200001] [WARN] 배터리 남은 양 - 주의
 • [100015, 100004] [INFO] 자동 충전 해제 완료.
 • [100015, 100003] [INFO] 자동 충전 해제 시작.
[2026-08-11 16:47:42.890897] [INFO] [power_system] 충전 프로세스 시작
[2026-08-11 16:48:11.480649] [INFO] [power_system] 충전 프로세스 시작
[2026-08-11 16:48:28.390002] [INFO] [power_system] 충전 완료
[2026-08-11 16:48:33.420779] [INFO] [power_system] 충전 해제 완료
[2026-08-11 16:48:33.440677] [INFO] [power_system] 충전 해제 프로세스 시작
[2026-08-11 16:49:24.420956] [INFO] [power_system] 생성
[2026-08-11 16:49:24.421066] [INFO] [power_system] 설정 정보 : remaining[40%, 10%, 5%]
[2026-08-11 16:49:24.421459] [INFO] [power_system] 알람 목록 : 
 • [100015, 100001] [INFO] 자동 충전 시작.
 • [100015, 100002] [INFO] 배터리 가득.
 • [100015, 400001] [CRIT] 배터리 남은 양 - 위험
 • [100015, 300001] [ERROR] 배터리 남은 양 - 에러
 • [100015, 200001] [WARN] 배터리 남은 양 - 주의
 • [100015, 100004] [INFO] 자동 충전 해제 완료.
 • [100015, 100003] [INFO] 자동 충전 해제 시작.
[2026-08-11 16:49:46.532129] [INFO] [power_system] 생성
[2026-08-11 16:49:46.532225] [INFO] [power_system] 설정 정보 : remaining[40%, 10%, 5%]
[2026-08-11 16:49:46.532599] [INFO] [power_system] 알람 목록 : 
 • [100015, 100001] [INFO] 자동 충전 시작.
 • [100015, 100002] [INFO] 배터리 가득.
 • [100015, 400001] [CRIT] 배터리 남은 양 - 위험
 • [100015, 300001] [ERROR] 배터리 남은 양 - 에러
 • [100015, 200001] [WARN] 배터리 남은 양 - 주의
 • [100015, 100004] [INFO] 자동 충전 해제 완료.
 • [100015, 100003] [INFO] 자동 충전 해제 시작.
[2026-08-11 16:49:46.633348] [INFO] [power_system] 충전 프로세스 시작
[2026-08-11 16:52:17.173974] [INFO] [power_system] 생성
[2026-08-11 16:52:17.174126] [INFO] [power_system] 설정 정보 : remaining[40%, 10%, 5%]
[2026-08-11 16:52:17.174772] [INFO] [power_system] 알람 목록 : 
 • [100015, 100001] [INFO] 자동 충전 시작.
 • [100015, 100002] [INFO] 배터리 가득.
 • [100015, 400001] [CRIT] 배터리 남은 양 - 위험
 • [100015, 300001] [ERROR] 배터리 남은 양 - 에러
 • [100015, 200001] [WARN] 배터리 남은 양 - 주의
 • [100015, 100004] [INFO] 자동 충전 해제 완료.
 • [100015, 100003] [INFO] 자동 충전 해제 시작.
[2026-08-11 16:52:24.142173] [INFO] [power_system] 충전 프로세스 시작
[2026-08-11 16:53:04.783106] [INFO] [power_system] 충전 완료
[2026-08-11 16:53:09.813337] [INFO] [power_system] 충전 해제 완료
[2026-08-11 16:53:09.833261] [INFO] [power_system] 충전 해제 프로세스 시작
[2026-08-11 16:55:19.384948] [INFO] [power_system] 충전 프로세스 시작
[2026-08-11 16:55:50.045444] [INFO] [power_system] 충전 완료
[2026-08-11 16:55:55.076316] [INFO] [power_system] 충전 해제 완료
[2026-08-11 16:55:55.096240] [INFO] [power_system] 충전 해제 프로세스 시작
[2026-08-11 16:56:50.149786] [INFO] [power_system] 충전 프로세스 시작
[2026-08-11 16:57:03.861514] [INFO] [power_system] 충전 완료
[2026-08-11 16:57:08.892309] [INFO] [power_system] 충전 해제 완료
[2026-08-11 16:57:08.912336] [INFO] [power_system] 충전 해제 프로세스 시작
[2026-08-11 16:58:03.963584] [INFO] [power_system] 충전 프로세스 시작
[2026-08-11 16:58:17.676052] [INFO] [power_system] 충전 완료
[2026-08-11 16:58:22.706022] [INFO] [power_system] 충전 해제 완료
[2026-08-11 16:58:22.726009] [INFO] [power_system] 충전 해제 프로세스 시작
[2026-08-11 16:59:17.797187] [INFO] [power_system] 충전 프로세스 시작
[2026-08-11 16:59:31.530383] [INFO] [power_system] 충전 완료
[2026-08-11 16:59:36.560456] [INFO] [power_system] 충전 해제 완료
[2026-08-11 16:59:36.580436] [INFO] [power_system] 충전 해제 프로세스 시작
[2026-08-11 17:00:31.633155] [INFO] [power_system] 충전 프로세스 시작
[2026-08-11 17:00:45.345591] [INFO] [power_system] 충전 완료
[2026-08-11 17:00:50.375761] [INFO] [power_system] 충전 해제 완료
[2026-08-11 17:00:50.395798] [INFO] [power_system] 충전 해제 프로세스 시작
[2026-08-11 17:01:45.466698] [INFO] [power_system] 충전 프로세스 시작
[2026-08-11 17:01:59.199734] [INFO] [power_system] 충전 완료
[2026-08-11 17:02:04.230148] [INFO] [power_system] 충전 해제 완료
[2026-08-11 17:02:04.250113] [INFO] [power_system] 충전 해제 프로세스 시작
[2026-08-11 17:03:34.397370] [INFO] [power_system] 생성
[2026-08-11 17:03:34.397521] [INFO] [power_system] 설정 정보 : remaining[40%, 10%, 5%]
[2026-08-11 17:03:34.398153] [INFO] [power_system] 알람 목록 : 
 • [100015, 100001] [INFO] 자동 충전 시작.
 • [100015, 100002] [INFO] 배터리 가득.
 • [100015, 400001] [CRIT] 배터리 남은 양 - 위험
 • [100015, 300001] [ERROR] 배터리 남은 양 - 에러
 • [100015, 200001] [WARN] 배터리 남은 양 - 주의
 • [100015, 100004] [INFO] 자동 충전 해제 완료.
 • [100015, 100003] [INFO] 자동 충전 해제 시작.
[2026-08-11 17:03:35.656424] [INFO] [power_system] 충전 프로세스 시작
[2026-08-11 17:04:15.539261] [INFO] [power_system] 충전 완료
[2026-08-11 17:04:20.569233] [INFO] [power_system] 충전 해제 완료
[2026-08-11 17:04:20.589160] [INFO] [power_system] 충전 해제 프로세스 시작
[2026-08-11 17:05:15.660586] [INFO] [power_system] 충전 프로세스 시작
[2026-08-11 17:05:29.393762] [INFO] [power_system] 충전 완료
[2026-08-11 17:05:34.423457] [INFO] [power_system] 충전 해제 완료
[2026-08-11 17:05:34.443483] [INFO] [power_system] 충전 해제 프로세스 시작
[2026-08-11 17:06:29.512982] [INFO] [power_system] 충전 프로세스 시작
[2026-08-11 17:06:43.245734] [INFO] [power_system] 충전 완료
[2026-08-11 17:06:48.275831] [INFO] [power_system] 충전 해제 완료
[2026-08-11 17:06:48.295808] [INFO] [power_system] 충전 해제 프로세스 시작
[2026-08-11 17:07:43.384651] [INFO] [power_system] 충전 프로세스 시작
[2026-08-11 17:07:57.117202] [INFO] [power_system] 충전 완료
[2026-08-11 17:08:02.147313] [INFO] [power_system] 충전 해제 완료
[2026-08-11 17:08:02.167268] [INFO] [power_system] 충전 해제 프로세스 시작
[2026-08-11 17:10:05.290399] [INFO] [power_system] 충전 프로세스 시작
[2026-08-11 17:10:37.107806] [INFO] [power_system] 충전 완료
[2026-08-11 17:12:18.153102] [INFO] [power_system] 충전 프로세스 시작
[2026-08-11 17:24:37.860923] [INFO] [power_system] 생성
[2026-08-11 17:24:37.861015] [INFO] [power_system] 설정 정보 : remaining[40%, 10%, 5%]
[2026-08-11 17:24:37.861383] [INFO] [power_system] 알람 목록 : 
 • [100015, 100001] [INFO] 자동 충전 시작.
 • [100015, 100002] [INFO] 배터리 가득.
 • [100015, 400001] [CRIT] 배터리 남은 양 - 위험
 • [100015, 300001] [ERROR] 배터리 남은 양 - 에러
 • [100015, 200001] [WARN] 배터리 남은 양 - 주의
 • [100015, 100004] [INFO] 자동 충전 해제 완료.
 • [100015, 100003] [INFO] 자동 충전 해제 시작.
[2026-08-11 17:25:43.894706] [INFO] [power_system] 충전 프로세스 시작
[2026-08-11 17:26:24.939253] [INFO] [power_system] 충전 완료
[2026-08-11 17:27:18.544628] [INFO] [power_system] 생성
[2026-08-11 17:27:18.544791] [INFO] [power_system] 설정 정보 : remaining[40%, 10%, 5%]
[2026-08-11 17:27:18.545408] [INFO] [power_system] 알람 목록 : 
 • [100015, 100001] [INFO] 자동 충전 시작.
 • [100015, 100002] [INFO] 배터리 가득.
 • [100015, 400001] [CRIT] 배터리 남은 양 - 위험
 • [100015, 300001] [ERROR] 배터리 남은 양 - 에러
 • [100015, 200001] [WARN] 배터리 남은 양 - 주의
 • [100015, 100004] [INFO] 자동 충전 해제 완료.
 • [100015, 100003] [INFO] 자동 충전 해제 시작.
[2026-08-11 17:27:18.585847] [INFO] [power_system] 충전 프로세스 시작
[2026-08-11 17:27:55.463641] [INFO] [power_system] 생성
[2026-08-11 17:27:55.463805] [INFO] [power_system] 설정 정보 : remaining[40%, 10%, 5%]
[2026-08-11 17:27:55.464421] [INFO] [power_system] 알람 목록 : 
 • [100015, 100001] [INFO] 자동 충전 시작.
 • [100015, 100002] [INFO] 배터리 가득.
 • [100015, 400001] [CRIT] 배터리 남은 양 - 위험
 • [100015, 300001] [ERROR] 배터리 남은 양 - 에러
 • [100015, 200001] [WARN] 배터리 남은 양 - 주의
 • [100015, 100004] [INFO] 자동 충전 해제 완료.
 • [100015, 100003] [INFO] 자동 충전 해제 시작.
[2026-08-11 17:27:55.584830] [INFO] [power_system] 충전 프로세스 시작
[2026-08-11 17:31:32.142648] [INFO] [power_system] 충전 프로세스 시작
[2026-08-11 17:32:13.181433] [INFO] [power_system] 충전 완료
[2026-08-11 17:32:18.211032] [INFO] [power_system] 충전 해제 완료
[2026-08-11 17:32:18.231003] [INFO] [power_system] 충전 해제 프로세스 시작
[2026-08-11 17:34:46.318265] [INFO] [power_system] 생성
[2026-08-11 17:34:46.318423] [INFO] [power_system] 설정 정보 : remaining[40%, 10%, 5%]
[2026-08-11 17:34:46.319090] [INFO] [power_system] 알람 목록 : 
 • [100015, 100001] [INFO] 자동 충전 시작.
 • [100015, 100002] [INFO] 배터리 가득.
 • [100015, 400001] [CRIT] 배터리 남은 양 - 위험
 • [100015, 300001] [ERROR] 배터리 남은 양 - 에러
 • [100015, 200001] [WARN] 배터리 남은 양 - 주의
 • [100015, 100004] [INFO] 자동 충전 해제 완료.
 • [100015, 100003] [INFO] 자동 충전 해제 시작.
[2026-08-11 17:34:49.872507] [INFO] [power_system] 충전 프로세스 시작
[2026-08-11 17:35:30.053748] [INFO] [power_system] 충전 완료
[2026-08-11 17:35:35.083586] [INFO] [power_system] 충전 해제 완료
[2026-08-11 17:35:35.103490] [INFO] [power_system] 충전 해제 프로세스 시작
[2026-08-11 17:36:30.179405] [INFO] [power_system] 충전 프로세스 시작
[2026-08-11 17:36:43.914957] [INFO] [power_system] 충전 완료
[2026-08-11 17:36:48.945594] [INFO] [power_system] 충전 해제 완료
[2026-08-11 17:36:48.965615] [INFO] [power_system] 충전 해제 프로세스 시작
[2026-08-11 17:37:44.021464] [INFO] [power_system] 충전 프로세스 시작
[2026-08-11 17:37:57.736225] [INFO] [power_system] 충전 완료
[2026-08-11 17:38:02.766466] [INFO] [power_system] 충전 해제 완료
[2026-08-11 17:38:02.786379] [INFO] [power_system] 충전 해제 프로세스 시작
[2026-08-11 17:38:57.844505] [INFO] [power_system] 충전 프로세스 시작
[2026-08-11 17:39:11.559232] [INFO] [power_system] 충전 완료
[2026-08-11 17:39:16.589177] [INFO] [power_system] 충전 해제 완료
[2026-08-11 17:39:16.609146] [INFO] [power_system] 충전 해제 프로세스 시작
[2026-08-11 17:40:32.816575] [INFO] [power_system] 생성
[2026-08-11 17:40:32.816716] [INFO] [power_system] 설정 정보 : remaining[40%, 10%, 5%]
[2026-08-11 17:40:32.817139] [INFO] [power_system] 알람 목록 : 
 • [100015, 100001] [INFO] 자동 충전 시작.
 • [100015, 100002] [INFO] 배터리 가득.
 • [100015, 400001] [CRIT] 배터리 남은 양 - 위험
 • [100015, 300001] [ERROR] 배터리 남은 양 - 에러
 • [100015, 200001] [WARN] 배터리 남은 양 - 주의
 • [100015, 100004] [INFO] 자동 충전 해제 완료.
 • [100015, 100003] [INFO] 자동 충전 해제 시작.
[2026-08-11 17:40:32.937321] [INFO] [power_system] 충전 프로세스 시작
[2026-08-11 17:43:43.867968] [INFO] [power_system] 생성
[2026-08-11 17:43:43.868083] [INFO] [power_system] 설정 정보 : remaining[40%, 10%, 5%]
[2026-08-11 17:43:43.868517] [INFO] [power_system] 알람 목록 : 
 • [100015, 100001] [INFO] 자동 충전 시작.
 • [100015, 100002] [INFO] 배터리 가득.
 • [100015, 400001] [CRIT] 배터리 남은 양 - 위험
 • [100015, 300001] [ERROR] 배터리 남은 양 - 에러
 • [100015, 200001] [WARN] 배터리 남은 양 - 주의
 • [100015, 100004] [INFO] 자동 충전 해제 완료.
 • [100015, 100003] [INFO] 자동 충전 해제 시작.
[2026-08-11 17:43:46.265083] [INFO] [power_system] 충전 프로세스 시작
[2026-08-11 17:44:21.704197] [INFO] [power_system] 생성
[2026-08-11 17:44:21.704354] [INFO] [power_system] 설정 정보 : remaining[40%, 10%, 5%]
[2026-08-11 17:44:21.705006] [INFO] [power_system] 알람 목록 : 
 • [100015, 100001] [INFO] 자동 충전 시작.
 • [100015, 100002] [INFO] 배터리 가득.
 • [100015, 400001] [CRIT] 배터리 남은 양 - 위험
 • [100015, 300001] [ERROR] 배터리 남은 양 - 에러
 • [100015, 200001] [WARN] 배터리 남은 양 - 주의
 • [100015, 100004] [INFO] 자동 충전 해제 완료.
 • [100015, 100003] [INFO] 자동 충전 해제 시작.
[2026-08-11 17:44:21.726005] [INFO] [power_system] 충전 프로세스 시작
[2026-08-11 17:45:01.433640] [INFO] [power_system] 충전 완료
[2026-08-11 17:45:06.464750] [INFO] [power_system] 충전 해제 완료
[2026-08-11 17:45:06.484668] [INFO] [power_system] 충전 해제 프로세스 시작
[2026-08-11 17:45:27.790681] [INFO] [power_system] 생성
[2026-08-11 17:45:27.790828] [INFO] [power_system] 설정 정보 : remaining[40%, 10%, 5%]
[2026-08-11 17:45:27.791291] [INFO] [power_system] 알람 목록 : 
 • [100015, 100001] [INFO] 자동 충전 시작.
 • [100015, 100002] [INFO] 배터리 가득.
 • [100015, 400001] [CRIT] 배터리 남은 양 - 위험
 • [100015, 300001] [ERROR] 배터리 남은 양 - 에러
 • [100015, 200001] [WARN] 배터리 남은 양 - 주의
 • [100015, 100004] [INFO] 자동 충전 해제 완료.
 • [100015, 100003] [INFO] 자동 충전 해제 시작.
[2026-08-11 17:45:51.329292] [INFO] [power_system] 생성
[2026-08-11 17:45:51.329391] [INFO] [power_system] 설정 정보 : remaining[40%, 10%, 5%]
[2026-08-11 17:45:51.329842] [INFO] [power_system] 알람 목록 : 
 • [100015, 100001] [INFO] 자동 충전 시작.
 • [100015, 100002] [INFO] 배터리 가득.
 • [100015, 400001] [CRIT] 배터리 남은 양 - 위험
 • [100015, 300001] [ERROR] 배터리 남은 양 - 에러
 • [100015, 200001] [WARN] 배터리 남은 양 - 주의
 • [100015, 100004] [INFO] 자동 충전 해제 완료.
 • [100015, 100003] [INFO] 자동 충전 해제 시작.
[2026-08-11 17:45:51.430083] [INFO] [power_system] 충전 프로세스 시작
[2026-08-11 17:46:31.153719] [INFO] [power_system] 충전 완료
[2026-08-11 17:46:36.183731] [INFO] [power_system] 충전 해제 완료
[2026-08-11 17:46:36.203768] [INFO] [power_system] 충전 해제 프로세스 시작
[2026-08-11 17:50:10.543138] [INFO] [power_system] 생성
[2026-08-11 17:50:10.543320] [INFO] [power_system] 설정 정보 : remaining[40%, 10%, 5%]
[2026-08-11 17:50:10.543996] [INFO] [power_system] 알람 목록 : 
 • [100015, 100001] [INFO] 자동 충전 시작.
 • [100015, 100002] [INFO] 배터리 가득.
 • [100015, 400001] [CRIT] 배터리 남은 양 - 위험
 • [100015, 300001] [ERROR] 배터리 남은 양 - 에러
 • [100015, 200001] [WARN] 배터리 남은 양 - 주의
 • [100015, 100004] [INFO] 자동 충전 해제 완료.
 • [100015, 100003] [INFO] 자동 충전 해제 시작.
[2026-08-11 17:50:10.644941] [INFO] [power_system] 충전 프로세스 시작
[2026-08-11 17:50:50.367711] [INFO] [power_system] 충전 완료
[2026-08-11 17:50:55.397775] [INFO] [power_system] 충전 해제 완료
[2026-08-11 17:50:55.417717] [INFO] [power_system] 충전 해제 프로세스 시작
[2026-08-11 17:51:50.470413] [INFO] [power_system] 충전 프로세스 시작
[2026-08-11 17:52:04.183520] [INFO] [power_system] 충전 완료
[2026-08-11 17:52:09.213918] [INFO] [power_system] 충전 해제 완료
[2026-08-11 17:52:09.233935] [INFO] [power_system] 충전 해제 프로세스 시작
[2026-08-11 17:53:04.286656] [INFO] [power_system] 충전 프로세스 시작
[2026-08-11 17:53:18.000474] [INFO] [power_system] 충전 완료
[2026-08-11 17:53:23.030758] [INFO] [power_system] 충전 해제 완료
[2026-08-11 17:53:23.050674] [INFO] [power_system] 충전 해제 프로세스 시작
[2026-08-11 17:54:18.129554] [INFO] [power_system] 충전 프로세스 시작
[2026-08-11 17:54:31.864132] [INFO] [power_system] 충전 완료
[2026-08-11 17:54:36.894064] [INFO] [power_system] 충전 해제 완료
[2026-08-11 17:54:36.914068] [INFO] [power_system] 충전 해제 프로세스 시작
[2026-08-11 17:55:31.985939] [INFO] [power_system] 충전 프로세스 시작
[2026-08-11 17:55:45.718886] [INFO] [power_system] 충전 완료
[2026-08-11 17:55:50.749124] [INFO] [power_system] 충전 해제 완료
[2026-08-11 17:55:50.769082] [INFO] [power_system] 충전 해제 프로세스 시작
[2026-08-11 17:56:45.822605] [INFO] [power_system] 충전 프로세스 시작
[2026-08-11 17:56:59.536379] [INFO] [power_system] 충전 완료
[2026-08-11 17:57:04.567098] [INFO] [power_system] 충전 해제 완료
[2026-08-11 17:57:04.587132] [INFO] [power_system] 충전 해제 프로세스 시작
