[2026-08-11 16:38:01.962133] [INFO] [mediator] 생성
[2026-08-11 16:38:01.999137] [INFO] [mediator] connectors 생성
[2026-08-11 16:38:02.000107] [INFO] [mediator] connector 의존성 주입
[2026-08-11 16:38:02.000120] [INFO] [mediator] any collector 등록
[2026-08-11 16:38:02.000122] [INFO] [mediator] any collector 목록 검사
[2026-08-11 16:38:02.000115] [INFO] [mediator] any map 등록
[2026-08-11 16:45:49.980965] [INFO] [mediator] 생성
[2026-08-11 16:45:50.006880] [INFO] [mediator] connectors 생성
[2026-08-11 16:45:50.007962] [INFO] [mediator] connector 의존성 주입
[2026-08-11 16:45:50.007976] [INFO] [mediator] any map 등록
[2026-08-11 16:45:50.007989] [INFO] [mediator] any collector 등록
[2026-08-11 16:45:50.007992] [INFO] [mediator] any collector 목록 검사
[2026-08-11 16:47:42.762735] [INFO] [mediator] 생성
[2026-08-11 16:47:42.789532] [INFO] [mediator] connectors 생성
[2026-08-11 16:47:42.790584] [INFO] [mediator] connector 의존성 주입
[2026-08-11 16:47:42.790591] [INFO] [mediator] any map 등록
[2026-08-11 16:47:42.790599] [INFO] [mediator] any collector 등록
[2026-08-11 16:47:42.790602] [INFO] [mediator] any collector 목록 검사
[2026-08-11 16:49:24.394276] [INFO] [mediator] 생성
[2026-08-11 16:49:24.420436] [INFO] [mediator] connectors 생성
[2026-08-11 16:49:24.421463] [INFO] [mediator] connector 의존성 주입
[2026-08-11 16:49:24.421471] [INFO] [mediator] any map 등록
[2026-08-11 16:49:24.421479] [INFO] [mediator] any collector 등록
[2026-08-11 16:49:24.421483] [INFO] [mediator] any collector 목록 검사
[2026-08-11 16:49:46.487525] [INFO] [mediator] 생성
[2026-08-11 16:49:46.531504] [INFO] [mediator] connectors 생성
[2026-08-11 16:49:46.532605] [INFO] [mediator] any map 등록
[2026-08-11 16:49:46.532610] [INFO] [mediator] any collector 등록
[2026-08-11 16:49:46.532612] [INFO] [mediator] any collector 목록 검사
[2026-08-11 16:49:46.532603] [INFO] [mediator] connector 의존성 주입
[2026-08-11 16:52:17.130186] [INFO] [mediator] 생성
[2026-08-11 16:52:17.173291] [INFO] [mediator] connectors 생성
[2026-08-11 16:52:17.174781] [INFO] [mediator] any map 등록
[2026-08-11 16:52:17.174778] [INFO] [mediator] connector 의존성 주입
[2026-08-11 16:52:17.174788] [INFO] [mediator] any collector 등록
[2026-08-11 16:52:17.174793] [INFO] [mediator] any collector 목록 검사
[2026-08-11 17:03:34.357413] [INFO] [mediator] 생성
[2026-08-11 17:03:34.396701] [INFO] [mediator] connectors 생성
[2026-08-11 17:03:34.398161] [INFO] [mediator] any map 등록
[2026-08-11 17:03:34.398167] [INFO] [mediator] any collector 등록
[2026-08-11 17:03:34.398158] [INFO] [mediator] connector 의존성 주입
[2026-08-11 17:03:34.398169] [INFO] [mediator] any collector 목록 검사
