[2026-08-11 16:38:01.965172] [INFO] [mediator] 생성
[2026-08-11 16:38:01.990824] [INFO] [mediator] connectors 생성
[2026-08-11 16:38:01.991898] [INFO] [mediator] connector 의존성 주입
[2026-08-11 16:38:01.991907] [INFO] [mediator] any map 등록
[2026-08-11 16:38:01.991919] [INFO] [mediator] any collector 등록
[2026-08-11 16:38:01.991922] [INFO] [mediator] any collector 목록 검사
[2026-08-11 16:45:49.986764] [INFO] [mediator] 생성
[2026-08-11 16:45:50.029425] [INFO] [mediator] connectors 생성
[2026-08-11 16:45:50.030831] [INFO] [mediator] connector 의존성 주입
[2026-08-11 16:45:50.030846] [INFO] [mediator] any map 등록
[2026-08-11 16:45:50.030858] [INFO] [mediator] any collector 등록
[2026-08-11 16:45:50.030861] [INFO] [mediator] any collector 목록 검사
[2026-08-11 16:49:24.396949] [INFO] [mediator] 생성
[2026-08-11 16:49:24.422916] [INFO] [mediator] connectors 생성
[2026-08-11 16:49:24.423939] [INFO] [mediator] any map 등록
[2026-08-11 16:49:24.423930] [INFO] [mediator] connector 의존성 주입
[2026-08-11 16:49:24.423948] [INFO] [mediator] any collector 목록 검사
[2026-08-11 16:49:24.423945] [INFO] [mediator] any collector 등록
[2026-08-11 16:49:58.392209] [INFO] [mediator] 생성
[2026-08-11 16:49:58.419065] [INFO] [mediator] connectors 생성
[2026-08-11 16:49:58.420086] [INFO] [mediator] connector 의존성 주입
[2026-08-11 16:49:58.420094] [INFO] [mediator] any map 등록
[2026-08-11 16:49:58.420101] [INFO] [mediator] any collector 등록
[2026-08-11 16:49:58.420105] [INFO] [mediator] any collector 목록 검사
[2026-08-11 16:52:17.137204] [INFO] [mediator] 생성
[2026-08-11 16:52:17.169519] [INFO] [mediator] connectors 생성
[2026-08-11 16:52:17.170549] [INFO] [mediator] connector 의존성 주입
[2026-08-11 16:52:17.170558] [INFO] [mediator] any map 등록
[2026-08-11 16:52:17.170566] [INFO] [mediator] any collector 등록
[2026-08-11 16:52:17.170569] [INFO] [mediator] any collector 목록 검사
[2026-08-11 17:03:34.364154] [INFO] [mediator] 생성
[2026-08-11 17:03:34.389862] [INFO] [mediator] connectors 생성
[2026-08-11 17:03:34.390882] [INFO] [mediator] connector 의존성 주입
[2026-08-11 17:03:34.390890] [INFO] [mediator] any map 등록
[2026-08-11 17:03:34.390897] [INFO] [mediator] any collector 등록
[2026-08-11 17:03:34.390900] [INFO] [mediator] any collector 목록 검사
[2026-08-11 17:24:37.818206] [INFO] [mediator] 생성
[2026-08-11 17:24:37.848164] [INFO] [mediator] connectors 생성
[2026-08-11 17:24:37.849301] [INFO] [mediator] connector 의존성 주입
[2026-08-11 17:24:37.849310] [INFO] [mediator] any map 등록
[2026-08-11 17:24:37.849321] [INFO] [mediator] any collector 등록
[2026-08-11 17:24:37.849324] [INFO] [mediator] any collector 목록 검사
[2026-08-11 17:27:18.499588] [INFO] [mediator] 생성
[2026-08-11 17:27:18.528147] [INFO] [mediator] connectors 생성
[2026-08-11 17:27:18.529283] [INFO] [mediator] connector 의존성 주입
[2026-08-11 17:27:18.529292] [INFO] [mediator] any map 등록
[2026-08-11 17:27:18.529301] [INFO] [mediator] any collector 등록
[2026-08-11 17:27:18.529306] [INFO] [mediator] any collector 목록 검사
[2026-08-11 17:27:55.416530] [INFO] [mediator] 생성
[2026-08-11 17:27:55.446038] [INFO] [mediator] connectors 생성
[2026-08-11 17:27:55.447636] [INFO] [mediator] any map 등록
[2026-08-11 17:27:55.447634] [INFO] [mediator] connector 의존성 주입
[2026-08-11 17:27:55.447645] [INFO] [mediator] any collector 등록
[2026-08-11 17:27:55.447647] [INFO] [mediator] any collector 목록 검사
[2026-08-11 17:34:46.271156] [INFO] [mediator] 생성
[2026-08-11 17:34:46.304545] [INFO] [mediator] connectors 생성
[2026-08-11 17:34:46.306381] [INFO] [mediator] any map 등록
[2026-08-11 17:34:46.306371] [INFO] [mediator] connector 의존성 주입
[2026-08-11 17:34:46.306387] [INFO] [mediator] any collector 등록
[2026-08-11 17:34:46.306389] [INFO] [mediator] any collector 목록 검사
[2026-08-11 17:40:32.791021] [INFO] [mediator] 생성
[2026-08-11 17:40:32.821912] [INFO] [mediator] connectors 생성
[2026-08-11 17:40:32.823008] [INFO] [mediator] any map 등록
[2026-08-11 17:40:32.823005] [INFO] [mediator] connector 의존성 주입
[2026-08-11 17:40:32.823016] [INFO] [mediator] any collector 등록
[2026-08-11 17:40:32.823019] [INFO] [mediator] any collector 목록 검사
[2026-08-11 17:44:21.655605] [INFO] [mediator] 생성
[2026-08-11 17:44:21.687720] [INFO] [mediator] connectors 생성
[2026-08-11 17:44:21.688824] [INFO] [mediator] connector 의존성 주입
[2026-08-11 17:44:21.688839] [INFO] [mediator] any map 등록
[2026-08-11 17:44:21.688849] [INFO] [mediator] any collector 등록
[2026-08-11 17:44:21.688853] [INFO] [mediator] any collector 목록 검사
[2026-08-11 17:45:27.765758] [INFO] [mediator] 생성
[2026-08-11 17:45:27.817113] [INFO] [mediator] connectors 생성
[2026-08-11 17:45:27.818661] [INFO] [mediator] connector 의존성 주입
[2026-08-11 17:45:27.818677] [INFO] [mediator] any map 등록
[2026-08-11 17:45:27.818684] [INFO] [mediator] any collector 등록
[2026-08-11 17:45:27.818688] [INFO] [mediator] any collector 목록 검사
[2026-08-11 17:45:51.301158] [INFO] [mediator] 생성
[2026-08-11 17:45:51.349310] [INFO] [mediator] connectors 생성
[2026-08-11 17:45:51.350184] [INFO] [mediator] connector 의존성 주입
[2026-08-11 17:45:51.350192] [INFO] [mediator] any collector 등록
[2026-08-11 17:45:51.350193] [INFO] [mediator] any collector 목록 검사
[2026-08-11 17:45:51.350186] [INFO] [mediator] any map 등록
[2026-08-11 17:50:10.514924] [INFO] [mediator] 생성
[2026-08-11 17:50:10.543925] [INFO] [mediator] connectors 생성
[2026-08-11 17:50:10.546286] [INFO] [mediator] any map 등록
[2026-08-11 17:50:10.546282] [INFO] [mediator] connector 의존성 주입
[2026-08-11 17:50:10.546295] [INFO] [mediator] any collector 목록 검사
[2026-08-11 17:50:10.546293] [INFO] [mediator] any collector 등록
