[2026-08-11 16:38:02.013737] [INFO] [task::fsm] 생성
[2026-08-11 16:38:02.013738] [INFO] [task::fsm] idle
[2026-08-11 16:45:50.018126] [INFO] [task::fsm] 생성
[2026-08-11 16:45:50.018127] [INFO] [task::fsm] idle
[2026-08-11 16:46:25.353562] [INFO] [task::fsm] push_done
[2026-08-11 16:46:25.393524] [INFO] [task::fsm] idle
[2026-08-11 16:46:48.790712] [INFO] [task::fsm] push_done
[2026-08-11 16:46:48.830706] [INFO] [task::fsm] charging
[2026-08-11 16:47:11.550790] [INFO] [task::fsm] discharging
[2026-08-11 16:47:11.570757] [INFO] [task::fsm] idle
[2026-08-11 16:47:11.610642] [INFO] [task::fsm] idle
[2026-08-11 16:49:24.432061] [INFO] [task::fsm] 생성
[2026-08-11 16:49:24.432062] [INFO] [task::fsm] idle
[2026-08-11 16:49:24.533449] [INFO] [task::fsm] charging
[2026-08-11 16:49:58.440685] [INFO] [task::fsm] 생성
[2026-08-11 16:49:58.440687] [INFO] [task::fsm] idle
[2026-08-11 16:50:00.400910] [INFO] [task::fsm] charging
[2026-08-11 16:50:54.229623] [INFO] [task::fsm] push_done
[2026-08-11 16:50:54.289528] [INFO] [task::fsm] idle
[2026-08-11 16:51:39.343619] [INFO] [task::fsm] push_done
[2026-08-11 16:51:39.383599] [INFO] [task::fsm] charging
[2026-08-11 16:52:17.169770] [INFO] [task::fsm] 생성
[2026-08-11 16:52:17.169771] [INFO] [task::fsm] idle
[2026-08-11 16:52:24.157912] [INFO] [task::fsm] charging
[2026-08-11 16:52:41.043346] [INFO] [task::fsm] discharging
[2026-08-11 16:52:41.063258] [INFO] [task::fsm] idle
[2026-08-11 16:52:41.103221] [INFO] [task::fsm] idle
[2026-08-11 16:53:36.096153] [INFO] [task::fsm] charging
[2026-08-11 16:53:50.528329] [INFO] [task::fsm] discharging
[2026-08-11 16:53:50.548350] [INFO] [task::fsm] idle
[2026-08-11 16:53:50.568341] [INFO] [task::fsm] idle
[2026-08-11 16:54:45.581906] [INFO] [task::fsm] charging
[2026-08-11 16:55:00.012608] [INFO] [task::fsm] discharging
[2026-08-11 16:55:00.032605] [INFO] [task::fsm] idle
[2026-08-11 16:55:00.052564] [INFO] [task::fsm] idle
[2026-08-11 16:55:55.085311] [INFO] [task::fsm] charging
[2026-08-11 16:56:09.516639] [INFO] [task::fsm] discharging
[2026-08-11 16:56:09.536546] [INFO] [task::fsm] idle
[2026-08-11 16:56:09.576525] [INFO] [task::fsm] idle
[2026-08-11 16:56:49.897957] [INFO] [task::fsm] push_done
[2026-08-11 16:56:49.937932] [INFO] [task::fsm] idle
[2026-08-11 17:02:33.110320] [INFO] [task::fsm] push_done
[2026-08-11 17:02:33.170207] [INFO] [task::fsm] charging
[2026-08-11 17:03:34.395877] [INFO] [task::fsm] 생성
[2026-08-11 17:03:34.395878] [INFO] [task::fsm] idle
[2026-08-11 17:03:35.655008] [INFO] [task::fsm] charging
[2026-08-11 17:03:52.163605] [INFO] [task::fsm] discharging
[2026-08-11 17:03:52.183522] [INFO] [task::fsm] idle
[2026-08-11 17:03:52.223495] [INFO] [task::fsm] idle
[2026-08-11 17:04:47.217343] [INFO] [task::fsm] charging
[2026-08-11 17:05:01.648437] [INFO] [task::fsm] discharging
[2026-08-11 17:05:01.668467] [INFO] [task::fsm] idle
[2026-08-11 17:05:01.688401] [INFO] [task::fsm] idle
[2026-08-11 17:05:56.739117] [INFO] [task::fsm] charging
[2026-08-11 17:06:11.170645] [INFO] [task::fsm] discharging
[2026-08-11 17:06:11.190547] [INFO] [task::fsm] idle
[2026-08-11 17:06:11.230521] [INFO] [task::fsm] idle
[2026-08-11 17:07:06.259450] [INFO] [task::fsm] charging
[2026-08-11 17:07:20.690184] [INFO] [task::fsm] discharging
[2026-08-11 17:07:20.710090] [INFO] [task::fsm] idle
[2026-08-11 17:07:20.750073] [INFO] [task::fsm] idle
[2026-08-11 17:08:15.779438] [INFO] [task::fsm] charging
[2026-08-11 17:08:30.211256] [INFO] [task::fsm] discharging
[2026-08-11 17:08:30.231163] [INFO] [task::fsm] idle
[2026-08-11 17:08:30.271122] [INFO] [task::fsm] idle
[2026-08-11 17:09:25.263706] [INFO] [task::fsm] charging
[2026-08-11 17:09:39.697427] [INFO] [task::fsm] discharging
[2026-08-11 17:09:39.717338] [INFO] [task::fsm] idle
[2026-08-11 17:09:39.757315] [INFO] [task::fsm] idle
[2026-08-11 17:10:34.768871] [INFO] [task::fsm] charging
[2026-08-11 17:11:23.833836] [INFO] [task::fsm] push_done
[2026-08-11 17:11:25.750402] [INFO] [task::fsm] idle
