[2026-08-11 16:38:01.959976] [INFO] [mediator] 생성
[2026-08-11 16:38:02.001925] [INFO] [mediator] connectors 생성
[2026-08-11 16:38:02.003878] [INFO] [mediator] any map 등록
[2026-08-11 16:38:02.003876] [INFO] [mediator] connector 의존성 주입
[2026-08-11 16:38:02.003887] [INFO] [mediator] any collector 등록
[2026-08-11 16:38:02.003890] [INFO] [mediator] any collector 목록 검사
[2026-08-11 16:40:31.632278] [INFO] [mediator] 생성
[2026-08-11 16:40:31.673395] [INFO] [mediator] connectors 생성
[2026-08-11 16:40:31.675084] [INFO] [mediator] connector 의존성 주입
[2026-08-11 16:40:31.675088] [INFO] [mediator] any map 등록
[2026-08-11 16:40:31.675098] [INFO] [mediator] any collector 등록
[2026-08-11 16:40:31.675103] [INFO] [mediator] any collector 목록 검사
[2026-08-11 16:45:49.979152] [INFO] [mediator] 생성
[2026-08-11 16:45:50.022639] [INFO] [mediator] connectors 생성
[2026-08-11 16:45:50.023559] [INFO] [mediator] connector 의존성 주입
[2026-08-11 16:45:50.023561] [INFO] [mediator] any map 등록
[2026-08-11 16:45:50.023567] [INFO] [mediator] any collector 등록
[2026-08-11 16:45:50.023570] [INFO] [mediator] any collector 목록 검사
[2026-08-11 16:47:42.760160] [INFO] [mediator] 생성
[2026-08-11 16:47:42.785753] [INFO] [mediator] connectors 생성
[2026-08-11 16:47:42.787436] [INFO] [mediator] any map 등록
[2026-08-11 16:47:42.787432] [INFO] [mediator] connector 의존성 주입
[2026-08-11 16:47:42.787447] [INFO] [mediator] any collector 등록
[2026-08-11 16:47:42.787451] [INFO] [mediator] any collector 목록 검사
[2026-08-11 16:49:24.392942] [INFO] [mediator] 생성
[2026-08-11 16:49:24.435912] [INFO] [mediator] connectors 생성
[2026-08-11 16:49:24.437575] [INFO] [mediator] any map 등록
[2026-08-11 16:49:24.437572] [INFO] [mediator] connector 의존성 주입
[2026-08-11 16:49:24.437583] [INFO] [mediator] any collector 등록
[2026-08-11 16:49:24.437589] [INFO] [mediator] any collector 목록 검사
[2026-08-11 16:49:46.485461] [INFO] [mediator] 생성
[2026-08-11 16:49:46.529000] [INFO] [mediator] connectors 생성
[2026-08-11 16:49:46.530758] [INFO] [mediator] any map 등록
[2026-08-11 16:49:46.530754] [INFO] [mediator] connector 의존성 주입
[2026-08-11 16:49:46.530767] [INFO] [mediator] any collector 등록
[2026-08-11 16:49:46.530771] [INFO] [mediator] any collector 목록 검사
[2026-08-11 16:52:17.126546] [INFO] [mediator] 생성
[2026-08-11 16:52:17.151342] [INFO] [mediator] connectors 생성
[2026-08-11 16:52:17.152700] [INFO] [mediator] any map 등록
[2026-08-11 16:52:17.152697] [INFO] [mediator] connector 의존성 주입
[2026-08-11 16:52:17.152713] [INFO] [mediator] any collector 목록 검사
[2026-08-11 16:52:17.152710] [INFO] [mediator] any collector 등록
[2026-08-11 17:03:34.355792] [INFO] [mediator] 생성
[2026-08-11 17:03:34.395415] [INFO] [mediator] connectors 생성
[2026-08-11 17:03:34.396860] [INFO] [mediator] any map 등록
[2026-08-11 17:03:34.396857] [INFO] [mediator] connector 의존성 주입
[2026-08-11 17:03:34.396871] [INFO] [mediator] any collector 목록 검사
[2026-08-11 17:03:34.396868] [INFO] [mediator] any collector 등록
