[2026-08-11 16:38:01.973938] [INFO] [framework] 프로그램 시작
[2026-08-11 16:38:01.973943] [WARNING] [framework] 프로그램 시작
[2026-08-11 16:38:01.973947] [CRITICAL] [framework] 프로그램 시작
[2026-08-11 16:38:01.973947] [INFO] [framework] 설정 파일 위치 : ../configs/robot_12
[2026-08-11 16:38:01.974101] [INFO] [framework] ID[0, 12], 이름[차시비], 제어주기[20ms], 버젼[], 장소[우리집], 환경모드[simulation]
[2026-08-11 16:38:01.974181] [INFO] [mediator] 생성
[2026-08-11 16:38:01.974245] [INFO] [graph_manager] 생성
[2026-08-11 16:38:02.013601] [INFO] [stop_server] 생성
[2026-08-11 16:38:02.013643] [INFO] [health_monitor] 생성
[2026-08-11 16:38:02.013671] [INFO] [path_server] 생성
[2026-08-11 16:38:02.013707] [INFO] [course_manager] 생성
[2026-08-11 16:38:02.013737] [INFO] [task::fsm] 생성
[2026-08-11 16:38:02.013738] [INFO] [task::fsm] idle
[2026-08-11 16:38:02.013739] [INFO] [course_manager] 코스 삭제
[2026-08-11 16:38:02.013739] [INFO] [path_server] 경로 삭제
[2026-08-11 16:38:02.014103] [INFO] [task_manager] 생성
[2026-08-11 16:38:02.014190] [INFO] [mediator] connectors 생성
[2026-08-11 16:38:02.014226] [INFO] [fms] 생성
[2026-08-11 16:38:02.014228] [INFO] [fms] 통신 드라이버 생성
[2026-08-11 16:38:02.014470] [INFO] [motions] 생성
[2026-08-11 16:38:02.014502] [INFO] [localizers] 생성
[2026-08-11 16:38:02.014579] [INFO] [localizers] 파라미터 : 

[2026-08-11 16:38:02.014609] [INFO] [safety_plc] 생성
[2026-08-11 16:38:02.014634] [INFO] [load_handler] 생성
[2026-08-11 16:38:02.014662] [INFO] [power_system] 생성
[2026-08-11 16:38:02.014760] [INFO] [power_system] 설정 정보 : remaining[40%, 10%, 5%]
[2026-08-11 16:38:02.015119] [INFO] [power_system] 알람 목록 : 
 • [100015, 100001] [INFO] 자동 충전 시작.
 • [100015, 100002] [INFO] 배터리 가득.
 • [100015, 400001] [CRIT] 배터리 남은 양 - 위험
 • [100015, 300001] [ERROR] 배터리 남은 양 - 에러
 • [100015, 200001] [WARN] 배터리 남은 양 - 주의
 • [100015, 100004] [INFO] 자동 충전 해제 완료.
 • [100015, 100003] [INFO] 자동 충전 해제 시작.
[2026-08-11 16:38:02.015122] [INFO] [mediator] connector 의존성 주입
[2026-08-11 16:38:02.015133] [INFO] [mediator] any map 등록
[2026-08-11 16:38:02.015138] [INFO] [mediator] any collector 등록
[2026-08-11 16:38:02.015140] [INFO] [mediator] any collector 목록 검사
[2026-08-11 16:38:02.015199] [INFO] [framework] after init 실행
[2026-08-11 16:38:02.015418] [INFO] [course_tracker] 생성
[2026-08-11 16:38:02.015431] [INFO] [course_tracker] 파라미터 : 
◈ node_bound[0.020m, 0.150m, 0.005m]
 • approach[0.150m, 0.050m/s, -0.005m, -0.200m, 0.100m]
 • align[(10.000°, 5.000°/s), 50.000°, 30.000°/s), 0.800°, -0.100°]
◈ motion param : 
 • reference_angle[0.000°, 45.000°]
 • threshold_angle[15.000°, 20.000°, 170.000°]
 • threshold_error[0.300°, 5.000°]
 • normal[0.150m/s, 8.000, 0.800m/s, 0.500]
 • angle[0.150m/s, 1.500, 0.800m/s, 2.100]
 • protection_overshoot[0.100m/s, 0.900, 0.500m/s, 0.900]
 • speed_rotation[15.000°/s]
[2026-08-11 16:38:02.015433] [INFO] [framework] 제어 쓰레드 시작
[2026-08-11 16:38:02.015458] [INFO] [path_server] 노드 초기화 성공 : 로봇 좌표[5.503m 2.498m -179.501°] 최단 거리 노드[105] 거리(0.003768m)
[2026-08-11 16:39:32.042400] [INFO] [health_monitor] [등록][100015, 200001] : 배터리 남은 양 - 주의
[2026-08-11 16:40:31.643674] [INFO] [framework] 프로그램 시작
[2026-08-11 16:40:31.643679] [WARNING] [framework] 프로그램 시작
[2026-08-11 16:40:31.643683] [CRITICAL] [framework] 프로그램 시작
[2026-08-11 16:45:49.991532] [INFO] [framework] 프로그램 시작
[2026-08-11 16:45:49.991536] [WARNING] [framework] 프로그램 시작
[2026-08-11 16:45:49.991537] [CRITICAL] [framework] 프로그램 시작
[2026-08-11 16:45:49.991538] [INFO] [framework] 설정 파일 위치 : ../configs/robot_12
[2026-08-11 16:45:49.991663] [INFO] [framework] ID[0, 12], 이름[차시비], 제어주기[20ms], 버젼[], 장소[우리집], 환경모드[simulation]
[2026-08-11 16:45:49.991682] [INFO] [mediator] 생성
[2026-08-11 16:45:49.991707] [INFO] [graph_manager] 생성
[2026-08-11 16:45:50.018037] [INFO] [stop_server] 생성
[2026-08-11 16:45:50.018071] [INFO] [health_monitor] 생성
[2026-08-11 16:45:50.018090] [INFO] [path_server] 생성
[2026-08-11 16:45:50.018109] [INFO] [course_manager] 생성
[2026-08-11 16:45:50.018126] [INFO] [task::fsm] 생성
[2026-08-11 16:45:50.018127] [INFO] [task::fsm] idle
[2026-08-11 16:45:50.018129] [INFO] [course_manager] 코스 삭제
[2026-08-11 16:45:50.018129] [INFO] [path_server] 경로 삭제
[2026-08-11 16:45:50.018142] [INFO] [task_manager] 생성
[2026-08-11 16:45:50.018236] [INFO] [mediator] connectors 생성
[2026-08-11 16:45:50.018250] [INFO] [fms] 생성
[2026-08-11 16:45:50.018251] [INFO] [fms] 통신 드라이버 생성
[2026-08-11 16:45:50.018502] [INFO] [motions] 생성
[2026-08-11 16:45:50.018520] [INFO] [localizers] 생성
[2026-08-11 16:45:50.018607] [INFO] [localizers] 파라미터 : 

[2026-08-11 16:45:50.018628] [INFO] [safety_plc] 생성
[2026-08-11 16:45:50.018641] [INFO] [load_handler] 생성
[2026-08-11 16:45:50.018663] [INFO] [power_system] 생성
[2026-08-11 16:45:50.018773] [INFO] [power_system] 설정 정보 : remaining[40%, 10%, 5%]
[2026-08-11 16:45:50.019155] [INFO] [power_system] 알람 목록 : 
 • [100015, 100001] [INFO] 자동 충전 시작.
 • [100015, 100002] [INFO] 배터리 가득.
 • [100015, 400001] [CRIT] 배터리 남은 양 - 위험
 • [100015, 300001] [ERROR] 배터리 남은 양 - 에러
 • [100015, 200001] [WARN] 배터리 남은 양 - 주의
 • [100015, 100004] [INFO] 자동 충전 해제 완료.
 • [100015, 100003] [INFO] 자동 충전 해제 시작.
[2026-08-11 16:45:50.019165] [INFO] [mediator] any map 등록
[2026-08-11 16:45:50.019157] [INFO] [mediator] connector 의존성 주입
[2026-08-11 16:45:50.019172] [INFO] [mediator] any collector 등록
[2026-08-11 16:45:50.019175] [INFO] [mediator] any collector 목록 검사
[2026-08-11 16:45:50.019224] [INFO] [framework] after init 실행
[2026-08-11 16:45:50.019592] [INFO] [course_tracker] 생성
[2026-08-11 16:45:50.019615] [INFO] [course_tracker] 파라미터 : 
◈ node_bound[0.020m, 0.150m, 0.005m]
 • approach[0.150m, 0.050m/s, -0.005m, -0.200m, 0.100m]
 • align[(10.000°, 5.000°/s), 50.000°, 30.000°/s), 0.800°, -0.100°]
◈ motion param : 
 • reference_angle[0.000°, 45.000°]
 • threshold_angle[15.000°, 20.000°, 170.000°]
 • threshold_error[0.300°, 5.000°]
 • normal[0.150m/s, 8.000, 0.800m/s, 0.500]
 • angle[0.150m/s, 1.500, 0.800m/s, 2.100]
 • protection_overshoot[0.100m/s, 0.900, 0.500m/s, 0.900]
 • speed_rotation[15.000°/s]
[2026-08-11 16:45:50.019618] [INFO] [framework] 제어 쓰레드 시작
[2026-08-11 16:45:50.019671] [INFO] [path_server] 노드 초기화 성공 : 로봇 좌표[5.504m 6.998m -179.385°] 최단 거리 노드[102] 거리(0.004241m)
[2026-08-11 16:45:50.039648] [INFO] [path_server] 새로운 경로 설정 : path[-1 ➜ -1] time[0s] dist[0m] list[0] : 
[2026-08-11 16:45:50.099549] [INFO] [path_server] 새로운 경로 설정 : path[102 ➜ 1121] time[0s] dist[24m] list[17] : 102-1183-1184-1045-1040-1041-1042-1112-1113-1114-1115-1116-1117-1118-1119-1120-1121
[2026-08-11 16:45:50.099568] [INFO] [course_tracker] 방향 정렬 완료 
[2026-08-11 16:45:57.266235] [INFO] [path_server] 노드 업데이트 : [1183] ➜ [1184]
[2026-08-11 16:45:57.346106] [INFO] [path_server] 새로운 경로 설정 : path[1183 ➜ 1121] time[0s] dist[22.5m] list[16] : 1183-1184-1045-1040-1041-1042-1112-1113-1114-1115-1116-1117-1118-1119-1120-1121
[2026-08-11 16:46:00.879196] [INFO] [path_server] 노드 업데이트 : [1184] ➜ [1045]
[2026-08-11 16:46:00.939114] [INFO] [path_server] 새로운 경로 설정 : path[1184 ➜ 1121] time[0s] dist[21m] list[15] : 1184-1045-1040-1041-1042-1112-1113-1114-1115-1116-1117-1118-1119-1120-1121
[2026-08-11 16:46:02.016996] [INFO] [path_server] 노드 업데이트 : [1045] ➜ [1040]
[2026-08-11 16:46:02.076929] [INFO] [path_server] 새로운 경로 설정 : path[1045 ➜ 1121] time[0s] dist[19.5m] list[14] : 1045-1040-1041-1042-1112-1113-1114-1115-1116-1117-1118-1119-1120-1121
[2026-08-11 16:46:03.354481] [INFO] [path_server] 노드 업데이트 : [1040] ➜ [1041]
[2026-08-11 16:46:03.434422] [INFO] [path_server] 새로운 경로 설정 : path[1040 ➜ 1121] time[0s] dist[18m] list[13] : 1040-1041-1042-1112-1113-1114-1115-1116-1117-1118-1119-1120-1121
[2026-08-11 16:46:06.748529] [INFO] [path_server] 노드 업데이트 : [1041] ➜ [1042]
[2026-08-11 16:46:06.828558] [INFO] [path_server] 새로운 경로 설정 : path[1041 ➜ 1121] time[0s] dist[16.5m] list[12] : 1041-1042-1112-1113-1114-1115-1116-1117-1118-1119-1120-1121
[2026-08-11 16:46:07.866466] [INFO] [path_server] 노드 업데이트 : [1042] ➜ [1112]
[2026-08-11 16:46:07.926386] [INFO] [path_server] 새로운 경로 설정 : path[1042 ➜ 1121] time[0s] dist[15m] list[11] : 1042-1112-1113-1114-1115-1116-1117-1118-1119-1120-1121
[2026-08-11 16:46:09.203716] [INFO] [path_server] 노드 업데이트 : [1112] ➜ [1113]
[2026-08-11 16:46:09.283631] [INFO] [path_server] 새로운 경로 설정 : path[1112 ➜ 1121] time[0s] dist[13.5m] list[10] : 1112-1113-1114-1115-1116-1117-1118-1119-1120-1121
[2026-08-11 16:46:12.537313] [INFO] [path_server] 노드 업데이트 : [1113] ➜ [1114]
[2026-08-11 16:46:12.597247] [INFO] [path_server] 새로운 경로 설정 : path[1113 ➜ 1121] time[0s] dist[12m] list[9] : 1113-1114-1115-1116-1117-1118-1119-1120-1121
[2026-08-11 16:46:13.654954] [INFO] [path_server] 노드 업데이트 : [1114] ➜ [1115]
[2026-08-11 16:46:13.734847] [INFO] [path_server] 새로운 경로 설정 : path[1114 ➜ 1121] time[0s] dist[10.5m] list[8] : 1114-1115-1116-1117-1118-1119-1120-1121
[2026-08-11 16:46:14.493612] [INFO] [path_server] 노드 업데이트 : [1115] ➜ [1116]
[2026-08-11 16:46:14.573522] [INFO] [path_server] 새로운 경로 설정 : path[1115 ➜ 1121] time[0s] dist[9m] list[7] : 1115-1116-1117-1118-1119-1120-1121
[2026-08-11 16:46:15.232409] [INFO] [path_server] 노드 업데이트 : [1116] ➜ [1117]
[2026-08-11 16:46:15.292423] [INFO] [path_server] 새로운 경로 설정 : path[1116 ➜ 1121] time[0s] dist[7.5m] list[6] : 1116-1117-1118-1119-1120-1121
[2026-08-11 16:46:15.991020] [INFO] [path_server] 노드 업데이트 : [1117] ➜ [1118]
[2026-08-11 16:46:16.070842] [INFO] [path_server] 새로운 경로 설정 : path[1117 ➜ 1121] time[0s] dist[6m] list[5] : 1117-1118-1119-1120-1121
[2026-08-11 16:46:16.729572] [INFO] [path_server] 노드 업데이트 : [1118] ➜ [1119]
[2026-08-11 16:46:16.789502] [INFO] [path_server] 새로운 경로 설정 : path[1118 ➜ 1121] time[0s] dist[4.5m] list[4] : 1118-1119-1120-1121
[2026-08-11 16:46:17.488099] [INFO] [path_server] 노드 업데이트 : [1119] ➜ [1120]
[2026-08-11 16:46:17.567965] [INFO] [path_server] 새로운 경로 설정 : path[1119 ➜ 1121] time[0s] dist[3m] list[3] : 1119-1120-1121
[2026-08-11 16:46:18.326515] [INFO] [path_server] 노드 업데이트 : [1120] ➜ [1121]
[2026-08-11 16:46:18.386459] [INFO] [path_server] 새로운 경로 설정 : path[1120 ➜ 1121] time[0s] dist[1.5m] list[2] : 1120-1121
[2026-08-11 16:46:22.438975] [INFO] [path_server] 노드 업데이트 : [1121] ➜ [-1]
[2026-08-11 16:46:25.293699] [INFO] [course_tracker] 목적지에서 각도 정렬 : [4.000m -0.500m 0.000°]
[2026-08-11 16:46:25.333656] [INFO] [path_server] 노드 업데이트 : [1121] ➜ [-1]
[2026-08-11 16:46:25.353562] [INFO] [task::fsm] push_done
[2026-08-11 16:46:25.393524] [INFO] [task::fsm] idle
[2026-08-11 16:46:25.393531] [INFO] [path_server] 경로 삭제
[2026-08-11 16:46:25.393529] [INFO] [course_manager] 코스 삭제
[2026-08-11 16:46:30.503665] [INFO] [path_server] 새로운 경로 설정 : path[1121 ➜ 103] time[0s] dist[10.5m] list[8] : 1121-1122-1123-1179-1180-1181-1182-103
[2026-08-11 16:46:32.839465] [INFO] [path_server] 노드 업데이트 : [1122] ➜ [1123]
[2026-08-11 16:46:32.919376] [INFO] [path_server] 새로운 경로 설정 : path[1122 ➜ 103] time[0s] dist[9m] list[7] : 1122-1123-1179-1180-1181-1182-103
[2026-08-11 16:46:33.917594] [INFO] [path_server] 노드 업데이트 : [1123] ➜ [1179]
[2026-08-11 16:46:33.997495] [INFO] [path_server] 새로운 경로 설정 : path[1123 ➜ 103] time[0s] dist[7.5m] list[6] : 1123-1179-1180-1181-1182-103
[2026-08-11 16:46:37.191680] [INFO] [path_server] 노드 업데이트 : [1179] ➜ [1180]
[2026-08-11 16:46:37.271627] [INFO] [path_server] 새로운 경로 설정 : path[1179 ➜ 103] time[0s] dist[6m] list[5] : 1179-1180-1181-1182-103
[2026-08-11 16:46:38.449291] [INFO] [path_server] 노드 업데이트 : [1180] ➜ [1181]
[2026-08-11 16:46:38.529213] [INFO] [path_server] 새로운 경로 설정 : path[1180 ➜ 103] time[0s] dist[4.5m] list[4] : 1180-1181-1182-103
[2026-08-11 16:46:39.307699] [INFO] [path_server] 노드 업데이트 : [1181] ➜ [1182]
[2026-08-11 16:46:39.387605] [INFO] [path_server] 새로운 경로 설정 : path[1181 ➜ 103] time[0s] dist[3m] list[3] : 1181-1182-103
[2026-08-11 16:46:40.625194] [INFO] [path_server] 노드 업데이트 : [1182] ➜ [103]
[2026-08-11 16:46:40.705093] [INFO] [path_server] 새로운 경로 설정 : path[1182 ➜ 103] time[0s] dist[1.5m] list[2] : 1182-103
[2026-08-11 16:46:45.835957] [INFO] [path_server] 노드 업데이트 : [103] ➜ [-1]
[2026-08-11 16:46:46.175381] [INFO] [health_monitor] [등록][100015, 200001] : 배터리 남은 양 - 주의
[2026-08-11 16:46:48.730880] [INFO] [course_tracker] 목적지에서 각도 정렬 : [5.500m 5.500m 0.000°]
[2026-08-11 16:46:48.770833] [INFO] [path_server] 노드 업데이트 : [103] ➜ [-1]
[2026-08-11 16:46:48.790712] [INFO] [task::fsm] push_done
[2026-08-11 16:46:48.830706] [INFO] [task::fsm] charging
[2026-08-11 16:46:48.830714] [INFO] [power_system] 충전 프로세스 시작
[2026-08-11 16:46:48.830773] [INFO] [health_monitor] [등록][100015, 100001] : 자동 충전 시작.
[2026-08-11 16:46:53.844008] [INFO] [health_monitor] [삭제][100015, 100001] : 자동 충전 시작.
[2026-08-11 16:46:54.502744] [INFO] [health_monitor] [삭제][100015, 200001] : 배터리 남은 양 - 주의
[2026-08-11 16:47:06.500302] [INFO] [power_system] 충전 완료
[2026-08-11 16:47:06.500333] [INFO] [health_monitor] [등록][100015, 100002] : 배터리 가득.
[2026-08-11 16:47:06.500336] [INFO] [health_monitor] [등록][100015, 100003] : 자동 충전 해제 시작.
[2026-08-11 16:47:11.510866] [INFO] [health_monitor] [삭제][100015, 100002] : 배터리 가득.
[2026-08-11 16:47:11.510871] [INFO] [health_monitor] [삭제][100015, 100003] : 자동 충전 해제 시작.
[2026-08-11 16:47:11.530761] [INFO] [power_system] 충전 해제 완료
[2026-08-11 16:47:11.530774] [INFO] [health_monitor] [등록][100015, 100004] : 자동 충전 해제 완료.
[2026-08-11 16:47:11.550790] [INFO] [task::fsm] discharging
[2026-08-11 16:47:11.550799] [INFO] [power_system] 충전 해제 프로세스 시작
[2026-08-11 16:47:11.550813] [INFO] [health_monitor] [등록][100015, 100003] : 자동 충전 해제 시작.
[2026-08-11 16:47:11.570757] [INFO] [task::fsm] idle
[2026-08-11 16:47:11.570764] [INFO] [course_manager] 코스 삭제
[2026-08-11 16:47:11.570766] [INFO] [path_server] 경로 삭제
[2026-08-11 16:47:11.610642] [INFO] [task::fsm] idle
[2026-08-11 16:47:11.610648] [INFO] [course_manager] 코스 삭제
[2026-08-11 16:47:11.610650] [INFO] [path_server] 경로 삭제
[2026-08-11 16:47:16.541172] [INFO] [health_monitor] [삭제][100015, 100004] : 자동 충전 해제 완료.
[2026-08-11 16:47:16.561063] [INFO] [health_monitor] [삭제][100015, 100003] : 자동 충전 해제 시작.
[2026-08-11 16:47:42.772188] [INFO] [framework] 프로그램 시작
[2026-08-11 16:47:42.772191] [WARNING] [framework] 프로그램 시작
[2026-08-11 16:47:42.772193] [INFO] [framework] 설정 파일 위치 : ../configs/robot_12
[2026-08-11 16:47:42.772193] [CRITICAL] [framework] 프로그램 시작
[2026-08-11 16:49:24.404615] [INFO] [framework] 프로그램 시작
[2026-08-11 16:49:24.404618] [WARNING] [framework] 프로그램 시작
[2026-08-11 16:49:24.404622] [INFO] [framework] 설정 파일 위치 : ../configs/robot_12
[2026-08-11 16:49:24.404621] [CRITICAL] [framework] 프로그램 시작
[2026-08-11 16:49:24.404755] [INFO] [framework] ID[0, 12], 이름[차시비], 제어주기[20ms], 버젼[], 장소[우리집], 환경모드[simulation]
[2026-08-11 16:49:24.404775] [INFO] [mediator] 생성
[2026-08-11 16:49:24.404794] [INFO] [graph_manager] 생성
[2026-08-11 16:49:24.431974] [INFO] [stop_server] 생성
[2026-08-11 16:49:24.432010] [INFO] [health_monitor] 생성
[2026-08-11 16:49:24.432033] [INFO] [path_server] 생성
[2026-08-11 16:49:24.432047] [INFO] [course_manager] 생성
[2026-08-11 16:49:24.432061] [INFO] [task::fsm] 생성
[2026-08-11 16:49:24.432062] [INFO] [task::fsm] idle
[2026-08-11 16:49:24.432068] [INFO] [course_manager] 코스 삭제
[2026-08-11 16:49:24.432069] [INFO] [path_server] 경로 삭제
[2026-08-11 16:49:24.432081] [INFO] [task_manager] 생성
[2026-08-11 16:49:24.432181] [INFO] [mediator] connectors 생성
[2026-08-11 16:49:24.432195] [INFO] [fms] 생성
[2026-08-11 16:49:24.432196] [INFO] [fms] 통신 드라이버 생성
[2026-08-11 16:49:24.432459] [INFO] [motions] 생성
[2026-08-11 16:49:24.432479] [INFO] [localizers] 생성
[2026-08-11 16:49:24.432559] [INFO] [localizers] 파라미터 : 

[2026-08-11 16:49:24.432576] [INFO] [safety_plc] 생성
[2026-08-11 16:49:24.432588] [INFO] [load_handler] 생성
[2026-08-11 16:49:24.432603] [INFO] [power_system] 생성
[2026-08-11 16:49:24.432698] [INFO] [power_system] 설정 정보 : remaining[40%, 10%, 5%]
[2026-08-11 16:49:24.433101] [INFO] [power_system] 알람 목록 : 
 • [100015, 100001] [INFO] 자동 충전 시작.
 • [100015, 100002] [INFO] 배터리 가득.
 • [100015, 400001] [CRIT] 배터리 남은 양 - 위험
 • [100015, 300001] [ERROR] 배터리 남은 양 - 에러
 • [100015, 200001] [WARN] 배터리 남은 양 - 주의
 • [100015, 100004] [INFO] 자동 충전 해제 완료.
 • [100015, 100003] [INFO] 자동 충전 해제 시작.
[2026-08-11 16:49:24.433105] [INFO] [mediator] connector 의존성 주입
[2026-08-11 16:49:24.433113] [INFO] [mediator] any map 등록
[2026-08-11 16:49:24.433121] [INFO] [mediator] any collector 등록
[2026-08-11 16:49:24.433125] [INFO] [mediator] any collector 목록 검사
[2026-08-11 16:49:24.433169] [INFO] [framework] after init 실행
[2026-08-11 16:49:24.433520] [INFO] [course_tracker] 생성
[2026-08-11 16:49:24.433537] [INFO] [course_tracker] 파라미터 : 
◈ node_bound[0.020m, 0.150m, 0.005m]
 • approach[0.150m, 0.050m/s, -0.005m, -0.200m, 0.100m]
 • align[(10.000°, 5.000°/s), 50.000°, 30.000°/s), 0.800°, -0.100°]
◈ motion param : 
 • reference_angle[0.000°, 45.000°]
 • threshold_angle[15.000°, 20.000°, 170.000°]
 • threshold_error[0.300°, 5.000°]
 • normal[0.150m/s, 8.000, 0.800m/s, 0.500]
 • angle[0.150m/s, 1.500, 0.800m/s, 2.100]
 • protection_overshoot[0.100m/s, 0.900, 0.500m/s, 0.900]
 • speed_rotation[15.000°/s]
[2026-08-11 16:49:24.433539] [INFO] [framework] 제어 쓰레드 시작
[2026-08-11 16:49:24.433576] [INFO] [path_server] 노드 초기화 성공 : 로봇 좌표[5.503m 5.498m -179.406°] 최단 거리 노드[103] 거리(0.003576m)
[2026-08-11 16:49:24.533449] [INFO] [task::fsm] charging
[2026-08-11 16:49:24.533457] [INFO] [power_system] 충전 프로세스 시작
[2026-08-11 16:49:24.533480] [INFO] [health_monitor] [등록][100015, 100001] : 자동 충전 시작.
[2026-08-11 16:49:29.543448] [INFO] [health_monitor] [삭제][100015, 100001] : 자동 충전 시작.
[2026-08-11 16:49:46.498817] [INFO] [framework] 프로그램 시작
[2026-08-11 16:49:46.498823] [WARNING] [framework] 프로그램 시작
[2026-08-11 16:49:46.498826] [CRITICAL] [framework] 프로그램 시작
[2026-08-11 16:49:46.498828] [INFO] [framework] 설정 파일 위치 : ../configs/robot_12
[2026-08-11 16:49:58.399619] [INFO] [framework] 프로그램 시작
[2026-08-11 16:49:58.399629] [WARNING] [framework] 프로그램 시작
[2026-08-11 16:49:58.399633] [INFO] [framework] 설정 파일 위치 : ../configs/robot_12
[2026-08-11 16:49:58.399631] [CRITICAL] [framework] 프로그램 시작
[2026-08-11 16:49:58.399795] [INFO] [framework] ID[0, 12], 이름[차시비], 제어주기[20ms], 버젼[], 장소[우리집], 환경모드[simulation]
[2026-08-11 16:49:58.399828] [INFO] [mediator] 생성
[2026-08-11 16:49:58.399851] [INFO] [graph_manager] 생성
[2026-08-11 16:49:58.440593] [INFO] [stop_server] 생성
[2026-08-11 16:49:58.440622] [INFO] [health_monitor] 생성
[2026-08-11 16:49:58.440647] [INFO] [path_server] 생성
[2026-08-11 16:49:58.440666] [INFO] [course_manager] 생성
[2026-08-11 16:49:58.440685] [INFO] [task::fsm] 생성
[2026-08-11 16:49:58.440687] [INFO] [task::fsm] idle
[2026-08-11 16:49:58.440691] [INFO] [course_manager] 코스 삭제
[2026-08-11 16:49:58.440691] [INFO] [path_server] 경로 삭제
[2026-08-11 16:49:58.440712] [INFO] [task_manager] 생성
[2026-08-11 16:49:58.440882] [INFO] [mediator] connectors 생성
[2026-08-11 16:49:58.440906] [INFO] [fms] 생성
[2026-08-11 16:49:58.440908] [INFO] [fms] 통신 드라이버 생성
[2026-08-11 16:49:58.441233] [INFO] [motions] 생성
[2026-08-11 16:49:58.441251] [INFO] [localizers] 생성
[2026-08-11 16:49:58.441349] [INFO] [localizers] 파라미터 : 

[2026-08-11 16:49:58.441365] [INFO] [safety_plc] 생성
[2026-08-11 16:49:58.441382] [INFO] [load_handler] 생성
[2026-08-11 16:49:58.441394] [INFO] [power_system] 생성
[2026-08-11 16:49:58.441503] [INFO] [power_system] 설정 정보 : remaining[40%, 10%, 5%]
[2026-08-11 16:49:58.441940] [INFO] [power_system] 알람 목록 : 
 • [100015, 100001] [INFO] 자동 충전 시작.
 • [100015, 100002] [INFO] 배터리 가득.
 • [100015, 400001] [CRIT] 배터리 남은 양 - 위험
 • [100015, 300001] [ERROR] 배터리 남은 양 - 에러
 • [100015, 200001] [WARN] 배터리 남은 양 - 주의
 • [100015, 100004] [INFO] 자동 충전 해제 완료.
 • [100015, 100003] [INFO] 자동 충전 해제 시작.
[2026-08-11 16:49:58.441944] [INFO] [mediator] connector 의존성 주입
[2026-08-11 16:49:58.441953] [INFO] [mediator] any map 등록
[2026-08-11 16:49:58.441968] [INFO] [mediator] any collector 등록
[2026-08-11 16:49:58.441971] [INFO] [mediator] any collector 목록 검사
[2026-08-11 16:49:58.442023] [INFO] [framework] after init 실행
[2026-08-11 16:49:58.442360] [INFO] [course_tracker] 생성
[2026-08-11 16:49:58.442382] [INFO] [course_tracker] 파라미터 : 
◈ node_bound[0.020m, 0.150m, 0.005m]
 • approach[0.150m, 0.050m/s, -0.005m, -0.200m, 0.100m]
 • align[(10.000°, 5.000°/s), 50.000°, 30.000°/s), 0.800°, -0.100°]
◈ motion param : 
 • reference_angle[0.000°, 45.000°]
 • threshold_angle[15.000°, 20.000°, 170.000°]
 • threshold_error[0.300°, 5.000°]
 • normal[0.150m/s, 8.000, 0.800m/s, 0.500]
 • angle[0.150m/s, 1.500, 0.800m/s, 2.100]
 • protection_overshoot[0.100m/s, 0.900, 0.500m/s, 0.900]
 • speed_rotation[15.000°/s]
[2026-08-11 16:49:58.442385] [INFO] [framework] 제어 쓰레드 시작
[2026-08-11 16:49:58.442436] [INFO] [path_server] 노드 초기화 성공 : 로봇 좌표[5.503m 5.498m -179.406°] 최단 거리 노드[103] 거리(0.003576m)
[2026-08-11 16:50:00.400910] [INFO] [task::fsm] charging
[2026-08-11 16:50:00.400918] [INFO] [power_system] 충전 프로세스 시작
[2026-08-11 16:50:00.400952] [INFO] [health_monitor] [등록][100015, 100001] : 자동 충전 시작.
[2026-08-11 16:50:05.411196] [INFO] [health_monitor] [삭제][100015, 100001] : 자동 충전 시작.
[2026-08-11 16:50:11.220625] [INFO] [path_server] 새로운 경로 설정 : path[103 ➜ 1164] time[0s] dist[36m] list[25] : 103-1182-1183-1184-1045-1046-1047-1048-1001-1002-1003-1004-1005-1010-1017-1063-1064-1018-1158-1159-1160-1161-1162-1163-1164
[2026-08-11 16:50:11.220634] [INFO] [course_tracker] 방향 정렬 완료 
[2026-08-11 16:50:18.391362] [INFO] [path_server] 노드 업데이트 : [1182] ➜ [1183]
[2026-08-11 16:50:18.471239] [INFO] [path_server] 새로운 경로 설정 : path[1182 ➜ 1164] time[0s] dist[34.5m] list[24] : 1182-1183-1184-1045-1046-1047-1048-1001-1002-1003-1004-1005-1010-1017-1063-1064-1018-1158-1159-1160-1161-1162-1163-1164
[2026-08-11 16:50:22.025212] [INFO] [path_server] 노드 업데이트 : [1183] ➜ [1184]
[2026-08-11 16:50:22.105363] [INFO] [path_server] 새로운 경로 설정 : path[1183 ➜ 1164] time[0s] dist[33m] list[23] : 1183-1184-1045-1046-1047-1048-1001-1002-1003-1004-1005-1010-1017-1063-1064-1018-1158-1159-1160-1161-1162-1163-1164
[2026-08-11 16:50:23.143423] [INFO] [path_server] 노드 업데이트 : [1184] ➜ [1045]
[2026-08-11 16:50:23.223360] [INFO] [path_server] 새로운 경로 설정 : path[1184 ➜ 1164] time[0s] dist[31.5m] list[22] : 1184-1045-1046-1047-1048-1001-1002-1003-1004-1005-1010-1017-1063-1064-1018-1158-1159-1160-1161-1162-1163-1164
[2026-08-11 16:50:24.480889] [INFO] [path_server] 노드 업데이트 : [1045] ➜ [1046]
[2026-08-11 16:50:24.560759] [INFO] [path_server] 새로운 경로 설정 : path[1045 ➜ 1164] time[0s] dist[30m] list[21] : 1045-1046-1047-1048-1001-1002-1003-1004-1005-1010-1017-1063-1064-1018-1158-1159-1160-1161-1162-1163-1164
[2026-08-11 16:50:27.814691] [INFO] [path_server] 노드 업데이트 : [1046] ➜ [1047]
[2026-08-11 16:50:27.894642] [INFO] [path_server] 새로운 경로 설정 : path[1046 ➜ 1164] time[0s] dist[28.5m] list[20] : 1046-1047-1048-1001-1002-1003-1004-1005-1010-1017-1063-1064-1018-1158-1159-1160-1161-1162-1163-1164
[2026-08-11 16:50:28.952631] [INFO] [path_server] 노드 업데이트 : [1047] ➜ [1048]
[2026-08-11 16:50:29.032560] [INFO] [path_server] 새로운 경로 설정 : path[1047 ➜ 1164] time[0s] dist[27m] list[19] : 1047-1048-1001-1002-1003-1004-1005-1010-1017-1063-1064-1018-1158-1159-1160-1161-1162-1163-1164
[2026-08-11 16:50:29.771198] [INFO] [path_server] 노드 업데이트 : [1048] ➜ [1001]
[2026-08-11 16:50:29.831071] [INFO] [path_server] 새로운 경로 설정 : path[1048 ➜ 1164] time[0s] dist[25.5m] list[18] : 1048-1001-1002-1003-1004-1005-1010-1017-1063-1064-1018-1158-1159-1160-1161-1162-1163-1164
[2026-08-11 16:50:30.529668] [INFO] [path_server] 노드 업데이트 : [1001] ➜ [1002]
[2026-08-11 16:50:30.609544] [INFO] [path_server] 새로운 경로 설정 : path[1001 ➜ 1164] time[0s] dist[24m] list[17] : 1001-1002-1003-1004-1005-1010-1017-1063-1064-1018-1158-1159-1160-1161-1162-1163-1164
[2026-08-11 16:50:31.268226] [INFO] [path_server] 노드 업데이트 : [1002] ➜ [1003]
[2026-08-11 16:50:31.328141] [INFO] [path_server] 새로운 경로 설정 : path[1002 ➜ 1164] time[0s] dist[22.5m] list[16] : 1002-1003-1004-1005-1010-1017-1063-1064-1018-1158-1159-1160-1161-1162-1163-1164
[2026-08-11 16:50:32.026751] [INFO] [path_server] 노드 업데이트 : [1003] ➜ [1004]
[2026-08-11 16:50:32.106617] [INFO] [path_server] 새로운 경로 설정 : path[1003 ➜ 1164] time[0s] dist[21m] list[15] : 1003-1004-1005-1010-1017-1063-1064-1018-1158-1159-1160-1161-1162-1163-1164
[2026-08-11 16:50:32.785215] [INFO] [path_server] 노드 업데이트 : [1004] ➜ [1005]
[2026-08-11 16:50:32.865134] [INFO] [path_server] 새로운 경로 설정 : path[1004 ➜ 1164] time[0s] dist[19.5m] list[14] : 1004-1005-1010-1017-1063-1064-1018-1158-1159-1160-1161-1162-1163-1164
[2026-08-11 16:50:34.102693] [INFO] [path_server] 노드 업데이트 : [1005] ➜ [1010]
[2026-08-11 16:50:34.182654] [INFO] [path_server] 새로운 경로 설정 : path[1005 ➜ 1164] time[0s] dist[18m] list[13] : 1005-1010-1017-1063-1064-1018-1158-1159-1160-1161-1162-1163-1164
[2026-08-11 16:50:37.476716] [INFO] [path_server] 노드 업데이트 : [1010] ➜ [1017]
[2026-08-11 16:50:37.536635] [INFO] [path_server] 새로운 경로 설정 : path[1010 ➜ 1164] time[0s] dist[16.5m] list[12] : 1010-1017-1063-1064-1018-1158-1159-1160-1161-1162-1163-1164
[2026-08-11 16:50:38.594619] [INFO] [path_server] 노드 업데이트 : [1017] ➜ [1063]
[2026-08-11 16:50:38.674518] [INFO] [path_server] 새로운 경로 설정 : path[1017 ➜ 1164] time[0s] dist[15m] list[11] : 1017-1063-1064-1018-1158-1159-1160-1161-1162-1163-1164
[2026-08-11 16:50:39.412987] [INFO] [path_server] 노드 업데이트 : [1063] ➜ [1064]
[2026-08-11 16:50:39.492899] [INFO] [path_server] 새로운 경로 설정 : path[1063 ➜ 1164] time[0s] dist[13.5m] list[10] : 1063-1064-1018-1158-1159-1160-1161-1162-1163-1164
[2026-08-11 16:50:40.750424] [INFO] [path_server] 노드 업데이트 : [1064] ➜ [1018]
[2026-08-11 16:50:40.830332] [INFO] [path_server] 새로운 경로 설정 : path[1064 ➜ 1164] time[0s] dist[12m] list[9] : 1064-1018-1158-1159-1160-1161-1162-1163-1164
[2026-08-11 16:50:44.084120] [INFO] [path_server] 노드 업데이트 : [1018] ➜ [1158]
[2026-08-11 16:50:44.164032] [INFO] [path_server] 새로운 경로 설정 : path[1018 ➜ 1164] time[0s] dist[10.5m] list[8] : 1018-1158-1159-1160-1161-1162-1163-1164
[2026-08-11 16:50:45.221972] [INFO] [path_server] 노드 업데이트 : [1158] ➜ [1159]
[2026-08-11 16:50:45.301879] [INFO] [path_server] 새로운 경로 설정 : path[1158 ➜ 1164] time[0s] dist[9m] list[7] : 1158-1159-1160-1161-1162-1163-1164
[2026-08-11 16:50:46.040408] [INFO] [path_server] 노드 업데이트 : [1159] ➜ [1160]
[2026-08-11 16:50:46.100339] [INFO] [path_server] 새로운 경로 설정 : path[1159 ➜ 1164] time[0s] dist[7.5m] list[6] : 1159-1160-1161-1162-1163-1164
[2026-08-11 16:50:46.798964] [INFO] [path_server] 노드 업데이트 : [1160] ➜ [1161]
[2026-08-11 16:50:46.858993] [INFO] [path_server] 새로운 경로 설정 : path[1160 ➜ 1164] time[0s] dist[6m] list[5] : 1160-1161-1162-1163-1164
[2026-08-11 16:50:47.557601] [INFO] [path_server] 노드 업데이트 : [1161] ➜ [1162]
[2026-08-11 16:50:47.637446] [INFO] [path_server] 새로운 경로 설정 : path[1161 ➜ 1164] time[0s] dist[4.5m] list[4] : 1161-1162-1163-1164
[2026-08-11 16:50:48.296107] [INFO] [path_server] 노드 업데이트 : [1162] ➜ [1163]
[2026-08-11 16:50:48.356019] [INFO] [path_server] 새로운 경로 설정 : path[1162 ➜ 1164] time[0s] dist[3m] list[3] : 1162-1163-1164
[2026-08-11 16:50:49.054601] [INFO] [path_server] 노드 업데이트 : [1163] ➜ [1164]
[2026-08-11 16:50:49.134507] [INFO] [path_server] 새로운 경로 설정 : path[1163 ➜ 1164] time[0s] dist[1.5m] list[2] : 1163-1164
[2026-08-11 16:50:51.290417] [INFO] [path_server] 노드 업데이트 : [1164] ➜ [-1]
[2026-08-11 16:50:54.169760] [INFO] [course_tracker] 목적지에서 각도 정렬 : [7.000m 16.000m 0.000°]
[2026-08-11 16:50:54.209650] [INFO] [path_server] 노드 업데이트 : [1164] ➜ [-1]
[2026-08-11 16:50:54.229623] [INFO] [task::fsm] push_done
[2026-08-11 16:50:54.289528] [INFO] [task::fsm] idle
[2026-08-11 16:50:54.289537] [INFO] [course_manager] 코스 삭제
[2026-08-11 16:50:54.289540] [INFO] [path_server] 경로 삭제
[2026-08-11 16:50:59.380051] [INFO] [path_server] 새로운 경로 설정 : path[1164 ➜ 111] time[0s] dist[37.5m] list[26] : 1164-1165-1166-1109-1110-1111-1112-1113-1043-1044-1045-1046-1047-1048-1001-1002-1003-1004-1005-1006-1021-1022-1007-1167-1168-111
[2026-08-11 16:51:01.715948] [INFO] [path_server] 노드 업데이트 : [1165] ➜ [1166]
[2026-08-11 16:51:01.775873] [INFO] [path_server] 새로운 경로 설정 : path[1165 ➜ 111] time[0s] dist[36m] list[25] : 1165-1166-1109-1110-1111-1112-1113-1043-1044-1045-1046-1047-1048-1001-1002-1003-1004-1005-1006-1021-1022-1007-1167-1168-111
[2026-08-11 16:51:02.774026] [INFO] [path_server] 노드 업데이트 : [1166] ➜ [1109]
[2026-08-11 16:51:02.853925] [INFO] [path_server] 새로운 경로 설정 : path[1166 ➜ 111] time[0s] dist[34.5m] list[24] : 1166-1109-1110-1111-1112-1113-1043-1044-1045-1046-1047-1048-1001-1002-1003-1004-1005-1006-1021-1022-1007-1167-1168-111
[2026-08-11 16:51:03.632362] [INFO] [path_server] 노드 업데이트 : [1109] ➜ [1110]
[2026-08-11 16:51:03.692281] [INFO] [path_server] 새로운 경로 설정 : path[1109 ➜ 111] time[0s] dist[33m] list[23] : 1109-1110-1111-1112-1113-1043-1044-1045-1046-1047-1048-1001-1002-1003-1004-1005-1006-1021-1022-1007-1167-1168-111
[2026-08-11 16:51:07.285606] [INFO] [path_server] 노드 업데이트 : [1110] ➜ [1111]
[2026-08-11 16:51:07.365572] [INFO] [path_server] 새로운 경로 설정 : path[1110 ➜ 111] time[0s] dist[31.5m] list[22] : 1110-1111-1112-1113-1043-1044-1045-1046-1047-1048-1001-1002-1003-1004-1005-1006-1021-1022-1007-1167-1168-111
[2026-08-11 16:51:08.643119] [INFO] [path_server] 노드 업데이트 : [1111] ➜ [1112]
[2026-08-11 16:51:08.703008] [INFO] [path_server] 새로운 경로 설정 : path[1111 ➜ 111] time[0s] dist[30m] list[21] : 1111-1112-1113-1043-1044-1045-1046-1047-1048-1001-1002-1003-1004-1005-1006-1021-1022-1007-1167-1168-111
[2026-08-11 16:51:09.541372] [INFO] [path_server] 노드 업데이트 : [1112] ➜ [1113]
[2026-08-11 16:51:09.601269] [INFO] [path_server] 새로운 경로 설정 : path[1112 ➜ 111] time[0s] dist[28.5m] list[20] : 1112-1113-1043-1044-1045-1046-1047-1048-1001-1002-1003-1004-1005-1006-1021-1022-1007-1167-1168-111
[2026-08-11 16:51:10.858811] [INFO] [path_server] 노드 업데이트 : [1113] ➜ [1043]
[2026-08-11 16:51:10.918738] [INFO] [path_server] 새로운 경로 설정 : path[1113 ➜ 111] time[0s] dist[27m] list[19] : 1113-1043-1044-1045-1046-1047-1048-1001-1002-1003-1004-1005-1006-1021-1022-1007-1167-1168-111
[2026-08-11 16:51:14.192308] [INFO] [path_server] 노드 업데이트 : [1043] ➜ [1044]
[2026-08-11 16:51:14.272181] [INFO] [path_server] 새로운 경로 설정 : path[1043 ➜ 111] time[0s] dist[25.5m] list[18] : 1043-1044-1045-1046-1047-1048-1001-1002-1003-1004-1005-1006-1021-1022-1007-1167-1168-111
[2026-08-11 16:51:15.330091] [INFO] [path_server] 노드 업데이트 : [1044] ➜ [1045]
[2026-08-11 16:51:15.409970] [INFO] [path_server] 새로운 경로 설정 : path[1044 ➜ 111] time[0s] dist[24m] list[17] : 1044-1045-1046-1047-1048-1001-1002-1003-1004-1005-1006-1021-1022-1007-1167-1168-111
[2026-08-11 16:51:16.148414] [INFO] [path_server] 노드 업데이트 : [1045] ➜ [1046]
[2026-08-11 16:51:16.228463] [INFO] [path_server] 새로운 경로 설정 : path[1045 ➜ 111] time[0s] dist[22.5m] list[16] : 1045-1046-1047-1048-1001-1002-1003-1004-1005-1006-1021-1022-1007-1167-1168-111
[2026-08-11 16:51:16.906977] [INFO] [path_server] 노드 업데이트 : [1046] ➜ [1047]
[2026-08-11 16:51:16.986848] [INFO] [path_server] 새로운 경로 설정 : path[1046 ➜ 111] time[0s] dist[21m] list[15] : 1046-1047-1048-1001-1002-1003-1004-1005-1006-1021-1022-1007-1167-1168-111
[2026-08-11 16:51:17.665781] [INFO] [path_server] 노드 업데이트 : [1047] ➜ [1048]
[2026-08-11 16:51:17.725720] [INFO] [path_server] 새로운 경로 설정 : path[1047 ➜ 111] time[0s] dist[19.5m] list[14] : 1047-1048-1001-1002-1003-1004-1005-1006-1021-1022-1007-1167-1168-111
[2026-08-11 16:51:18.404311] [INFO] [path_server] 노드 업데이트 : [1048] ➜ [1001]
[2026-08-11 16:51:18.484312] [INFO] [path_server] 새로운 경로 설정 : path[1048 ➜ 111] time[0s] dist[18m] list[13] : 1048-1001-1002-1003-1004-1005-1006-1021-1022-1007-1167-1168-111
[2026-08-11 16:51:19.163013] [INFO] [path_server] 노드 업데이트 : [1001] ➜ [1002]
[2026-08-11 16:51:19.222983] [INFO] [path_server] 새로운 경로 설정 : path[1001 ➜ 111] time[0s] dist[16.5m] list[12] : 1001-1002-1003-1004-1005-1006-1021-1022-1007-1167-1168-111
[2026-08-11 16:51:19.901488] [INFO] [path_server] 노드 업데이트 : [1002] ➜ [1003]
[2026-08-11 16:51:19.981419] [INFO] [path_server] 새로운 경로 설정 : path[1002 ➜ 111] time[0s] dist[15m] list[11] : 1002-1003-1004-1005-1006-1021-1022-1007-1167-1168-111
[2026-08-11 16:51:20.660019] [INFO] [path_server] 노드 업데이트 : [1003] ➜ [1004]
[2026-08-11 16:51:20.719923] [INFO] [path_server] 새로운 경로 설정 : path[1003 ➜ 111] time[0s] dist[13.5m] list[10] : 1003-1004-1005-1006-1021-1022-1007-1167-1168-111
[2026-08-11 16:51:21.398760] [INFO] [path_server] 노드 업데이트 : [1004] ➜ [1005]
[2026-08-11 16:51:21.478717] [INFO] [path_server] 새로운 경로 설정 : path[1004 ➜ 111] time[0s] dist[12m] list[9] : 1004-1005-1006-1021-1022-1007-1167-1168-111
[2026-08-11 16:51:22.157359] [INFO] [path_server] 노드 업데이트 : [1005] ➜ [1006]
[2026-08-11 16:51:22.217309] [INFO] [path_server] 새로운 경로 설정 : path[1005 ➜ 111] time[0s] dist[10.5m] list[8] : 1005-1006-1021-1022-1007-1167-1168-111
[2026-08-11 16:51:22.915899] [INFO] [path_server] 노드 업데이트 : [1006] ➜ [1021]
[2026-08-11 16:51:22.995744] [INFO] [path_server] 새로운 경로 설정 : path[1006 ➜ 111] time[0s] dist[9m] list[7] : 1006-1021-1022-1007-1167-1168-111
[2026-08-11 16:51:23.654432] [INFO] [path_server] 노드 업데이트 : [1021] ➜ [1022]
[2026-08-11 16:51:23.714361] [INFO] [path_server] 새로운 경로 설정 : path[1021 ➜ 111] time[0s] dist[7.5m] list[6] : 1021-1022-1007-1167-1168-111
[2026-08-11 16:51:24.971872] [INFO] [path_server] 노드 업데이트 : [1022] ➜ [1007]
[2026-08-11 16:51:25.031772] [INFO] [path_server] 새로운 경로 설정 : path[1022 ➜ 111] time[0s] dist[6m] list[5] : 1022-1007-1167-1168-111
[2026-08-11 16:51:28.325240] [INFO] [path_server] 노드 업데이트 : [1007] ➜ [1167]
[2026-08-11 16:51:28.405130] [INFO] [path_server] 새로운 경로 설정 : path[1007 ➜ 111] time[0s] dist[4.5m] list[4] : 1007-1167-1168-111
[2026-08-11 16:51:29.462871] [INFO] [path_server] 노드 업데이트 : [1167] ➜ [1168]
[2026-08-11 16:51:29.542758] [INFO] [path_server] 새로운 경로 설정 : path[1167 ➜ 111] time[0s] dist[3m] list[3] : 1167-1168-111
[2026-08-11 16:51:30.880179] [INFO] [path_server] 노드 업데이트 : [1168] ➜ [111]
[2026-08-11 16:51:30.940081] [INFO] [path_server] 새로운 경로 설정 : path[1168 ➜ 111] time[0s] dist[1.5m] list[2] : 1168-111
[2026-08-11 16:51:36.389458] [INFO] [path_server] 노드 업데이트 : [111] ➜ [-1]
[2026-08-11 16:51:39.283761] [INFO] [course_tracker] 목적지에서 각도 정렬 : [22.000m 14.500m 0.000°]
[2026-08-11 16:51:39.323739] [INFO] [path_server] 노드 업데이트 : [111] ➜ [-1]
[2026-08-11 16:51:39.343619] [INFO] [task::fsm] push_done
[2026-08-11 16:51:39.383599] [INFO] [task::fsm] charging
[2026-08-11 16:51:39.383607] [INFO] [power_system] 충전 프로세스 시작
[2026-08-11 16:51:39.383632] [INFO] [health_monitor] [등록][100015, 100001] : 자동 충전 시작.
[2026-08-11 16:51:44.394378] [INFO] [health_monitor] [삭제][100015, 100001] : 자동 충전 시작.
[2026-08-11 16:51:54.994473] [INFO] [power_system] 충전 완료
[2026-08-11 16:51:54.994494] [INFO] [health_monitor] [등록][100015, 100003] : 자동 충전 해제 시작.
[2026-08-11 16:51:54.994491] [INFO] [health_monitor] [등록][100015, 100002] : 배터리 가득.
[2026-08-11 16:52:17.140220] [INFO] [framework] 프로그램 시작
[2026-08-11 16:52:17.140224] [WARNING] [framework] 프로그램 시작
[2026-08-11 16:52:17.140227] [CRITICAL] [framework] 프로그램 시작
[2026-08-11 16:52:17.140227] [INFO] [framework] 설정 파일 위치 : ../configs/robot_12
[2026-08-11 16:52:17.140329] [INFO] [framework] ID[0, 12], 이름[차시비], 제어주기[20ms], 버젼[], 장소[우리집], 환경모드[simulation]
[2026-08-11 16:52:17.140346] [INFO] [mediator] 생성
[2026-08-11 16:52:17.140369] [INFO] [graph_manager] 생성
[2026-08-11 16:52:17.169665] [INFO] [stop_server] 생성
[2026-08-11 16:52:17.169697] [INFO] [health_monitor] 생성
[2026-08-11 16:52:17.169721] [INFO] [path_server] 생성
[2026-08-11 16:52:17.169748] [INFO] [course_manager] 생성
[2026-08-11 16:52:17.169770] [INFO] [task::fsm] 생성
[2026-08-11 16:52:17.169771] [INFO] [task::fsm] idle
[2026-08-11 16:52:17.169773] [INFO] [course_manager] 코스 삭제
[2026-08-11 16:52:17.169775] [INFO] [path_server] 경로 삭제
[2026-08-11 16:52:17.169792] [INFO] [task_manager] 생성
[2026-08-11 16:52:17.169958] [INFO] [mediator] connectors 생성
[2026-08-11 16:52:17.169984] [INFO] [fms] 생성
[2026-08-11 16:52:17.169986] [INFO] [fms] 통신 드라이버 생성
[2026-08-11 16:52:17.170411] [INFO] [motions] 생성
[2026-08-11 16:52:17.170439] [INFO] [localizers] 생성
[2026-08-11 16:52:17.170576] [INFO] [localizers] 파라미터 : 

[2026-08-11 16:52:17.170602] [INFO] [safety_plc] 생성
[2026-08-11 16:52:17.170623] [INFO] [load_handler] 생성
[2026-08-11 16:52:17.170644] [INFO] [power_system] 생성
[2026-08-11 16:52:17.170810] [INFO] [power_system] 설정 정보 : remaining[40%, 10%, 5%]
[2026-08-11 16:52:17.171452] [INFO] [power_system] 알람 목록 : 
 • [100015, 100001] [INFO] 자동 충전 시작.
 • [100015, 100002] [INFO] 배터리 가득.
 • [100015, 400001] [CRIT] 배터리 남은 양 - 위험
 • [100015, 300001] [ERROR] 배터리 남은 양 - 에러
 • [100015, 200001] [WARN] 배터리 남은 양 - 주의
 • [100015, 100004] [INFO] 자동 충전 해제 완료.
 • [100015, 100003] [INFO] 자동 충전 해제 시작.
[2026-08-11 16:52:17.171457] [INFO] [mediator] connector 의존성 주입
[2026-08-11 16:52:17.171479] [INFO] [mediator] any map 등록
[2026-08-11 16:52:17.171493] [INFO] [mediator] any collector 등록
[2026-08-11 16:52:17.171497] [INFO] [mediator] any collector 목록 검사
[2026-08-11 16:52:17.171571] [INFO] [framework] after init 실행
[2026-08-11 16:52:17.171795] [INFO] [course_tracker] 생성
[2026-08-11 16:52:17.171809] [INFO] [course_tracker] 파라미터 : 
◈ node_bound[0.020m, 0.150m, 0.005m]
 • approach[0.150m, 0.050m/s, -0.005m, -0.200m, 0.100m]
 • align[(10.000°, 5.000°/s), 50.000°, 30.000°/s), 0.800°, -0.100°]
◈ motion param : 
 • reference_angle[0.000°, 45.000°]
 • threshold_angle[15.000°, 20.000°, 170.000°]
 • threshold_error[0.300°, 5.000°]
 • normal[0.150m/s, 8.000, 0.800m/s, 0.500]
 • angle[0.150m/s, 1.500, 0.800m/s, 2.100]
 • protection_overshoot[0.100m/s, 0.900, 0.500m/s, 0.900]
 • speed_rotation[15.000°/s]
[2026-08-11 16:52:17.171811] [INFO] [framework] 제어 쓰레드 시작
[2026-08-11 16:52:17.171844] [INFO] [path_server] 노드 초기화 성공 : 로봇 좌표[22.004m 14.498m -179.978°] 최단 거리 노드[111] 거리(0.004352m)
[2026-08-11 16:52:24.157912] [INFO] [task::fsm] charging
[2026-08-11 16:52:24.157921] [INFO] [power_system] 충전 프로세스 시작
[2026-08-11 16:52:24.157940] [INFO] [health_monitor] [등록][100015, 100001] : 자동 충전 시작.
[2026-08-11 16:52:29.167842] [INFO] [health_monitor] [삭제][100015, 100001] : 자동 충전 시작.
[2026-08-11 16:52:35.993737] [INFO] [power_system] 충전 완료
[2026-08-11 16:52:35.993761] [INFO] [health_monitor] [등록][100015, 100003] : 자동 충전 해제 시작.
[2026-08-11 16:52:35.993757] [INFO] [health_monitor] [등록][100015, 100002] : 배터리 가득.
[2026-08-11 16:52:41.003400] [INFO] [health_monitor] [삭제][100015, 100002] : 배터리 가득.
[2026-08-11 16:52:41.003408] [INFO] [health_monitor] [삭제][100015, 100003] : 자동 충전 해제 시작.
[2026-08-11 16:52:41.023395] [INFO] [power_system] 충전 해제 완료
[2026-08-11 16:52:41.023411] [INFO] [health_monitor] [등록][100015, 100004] : 자동 충전 해제 완료.
[2026-08-11 16:52:41.043346] [INFO] [task::fsm] discharging
[2026-08-11 16:52:41.043353] [INFO] [power_system] 충전 해제 프로세스 시작
[2026-08-11 16:52:41.043362] [INFO] [health_monitor] [등록][100015, 100003] : 자동 충전 해제 시작.
[2026-08-11 16:52:41.063258] [INFO] [task::fsm] idle
[2026-08-11 16:52:41.063262] [INFO] [course_manager] 코스 삭제
[2026-08-11 16:52:41.063264] [INFO] [path_server] 경로 삭제
[2026-08-11 16:52:41.103221] [INFO] [task::fsm] idle
[2026-08-11 16:52:41.103226] [INFO] [course_manager] 코스 삭제
[2026-08-11 16:52:41.103230] [INFO] [path_server] 경로 삭제
[2026-08-11 16:52:46.033314] [INFO] [health_monitor] [삭제][100015, 100004] : 자동 충전 해제 완료.
[2026-08-11 16:52:46.053397] [INFO] [health_monitor] [삭제][100015, 100003] : 자동 충전 해제 시작.
[2026-08-11 16:53:36.096153] [INFO] [task::fsm] charging
[2026-08-11 16:53:36.096163] [INFO] [power_system] 충전 프로세스 시작
[2026-08-11 16:53:36.096181] [INFO] [health_monitor] [등록][100015, 100001] : 자동 충전 시작.
[2026-08-11 16:53:41.106477] [INFO] [health_monitor] [삭제][100015, 100001] : 자동 충전 시작.
[2026-08-11 16:53:45.478140] [INFO] [power_system] 충전 완료
[2026-08-11 16:53:45.478159] [INFO] [health_monitor] [등록][100015, 100002] : 배터리 가득.
[2026-08-11 16:53:45.478164] [INFO] [health_monitor] [등록][100015, 100003] : 자동 충전 해제 시작.
[2026-08-11 16:53:50.488170] [INFO] [health_monitor] [삭제][100015, 100002] : 배터리 가득.
[2026-08-11 16:53:50.488179] [INFO] [health_monitor] [삭제][100015, 100003] : 자동 충전 해제 시작.
[2026-08-11 16:53:50.508419] [INFO] [power_system] 충전 해제 완료
[2026-08-11 16:53:50.508444] [INFO] [health_monitor] [등록][100015, 100004] : 자동 충전 해제 완료.
[2026-08-11 16:53:50.528329] [INFO] [task::fsm] discharging
[2026-08-11 16:53:50.528341] [INFO] [power_system] 충전 해제 프로세스 시작
[2026-08-11 16:53:50.528353] [INFO] [health_monitor] [등록][100015, 100003] : 자동 충전 해제 시작.
[2026-08-11 16:53:50.548350] [INFO] [task::fsm] idle
[2026-08-11 16:53:50.548359] [INFO] [path_server] 경로 삭제
[2026-08-11 16:53:50.548356] [INFO] [course_manager] 코스 삭제
[2026-08-11 16:53:50.568341] [INFO] [task::fsm] idle
[2026-08-11 16:53:50.568348] [INFO] [course_manager] 코스 삭제
[2026-08-11 16:53:50.568351] [INFO] [path_server] 경로 삭제
[2026-08-11 16:53:55.518028] [INFO] [health_monitor] [삭제][100015, 100004] : 자동 충전 해제 완료.
[2026-08-11 16:53:55.537976] [INFO] [health_monitor] [삭제][100015, 100003] : 자동 충전 해제 시작.
[2026-08-11 16:54:45.581906] [INFO] [task::fsm] charging
[2026-08-11 16:54:45.581917] [INFO] [power_system] 충전 프로세스 시작
[2026-08-11 16:54:45.581932] [INFO] [health_monitor] [등록][100015, 100001] : 자동 충전 시작.
[2026-08-11 16:54:50.591844] [INFO] [health_monitor] [삭제][100015, 100001] : 자동 충전 시작.
[2026-08-11 16:54:54.963145] [INFO] [power_system] 충전 완료
[2026-08-11 16:54:54.963162] [INFO] [health_monitor] [등록][100015, 100002] : 배터리 가득.
[2026-08-11 16:54:54.963166] [INFO] [health_monitor] [등록][100015, 100003] : 자동 충전 해제 시작.
[2026-08-11 16:54:59.972739] [INFO] [health_monitor] [삭제][100015, 100002] : 배터리 가득.
[2026-08-11 16:54:59.972748] [INFO] [health_monitor] [삭제][100015, 100003] : 자동 충전 해제 시작.
[2026-08-11 16:54:59.992706] [INFO] [power_system] 충전 해제 완료
[2026-08-11 16:54:59.992719] [INFO] [health_monitor] [등록][100015, 100004] : 자동 충전 해제 완료.
[2026-08-11 16:55:00.012608] [INFO] [task::fsm] discharging
[2026-08-11 16:55:00.012618] [INFO] [power_system] 충전 해제 프로세스 시작
[2026-08-11 16:55:00.012627] [INFO] [health_monitor] [등록][100015, 100003] : 자동 충전 해제 시작.
[2026-08-11 16:55:00.032605] [INFO] [task::fsm] idle
[2026-08-11 16:55:00.032612] [INFO] [course_manager] 코스 삭제
[2026-08-11 16:55:00.032614] [INFO] [path_server] 경로 삭제
[2026-08-11 16:55:00.052564] [INFO] [task::fsm] idle
[2026-08-11 16:55:00.052568] [INFO] [course_manager] 코스 삭제
[2026-08-11 16:55:00.052570] [INFO] [path_server] 경로 삭제
[2026-08-11 16:55:05.003149] [INFO] [health_monitor] [삭제][100015, 100004] : 자동 충전 해제 완료.
[2026-08-11 16:55:05.023056] [INFO] [health_monitor] [삭제][100015, 100003] : 자동 충전 해제 시작.
[2026-08-11 16:55:55.085311] [INFO] [task::fsm] charging
[2026-08-11 16:55:55.085322] [INFO] [power_system] 충전 프로세스 시작
[2026-08-11 16:55:55.085337] [INFO] [health_monitor] [등록][100015, 100001] : 자동 충전 시작.
[2026-08-11 16:56:00.095401] [INFO] [health_monitor] [삭제][100015, 100001] : 자동 충전 시작.
[2026-08-11 16:56:04.466484] [INFO] [power_system] 충전 완료
[2026-08-11 16:56:04.466502] [INFO] [health_monitor] [등록][100015, 100002] : 배터리 가득.
[2026-08-11 16:56:04.466517] [INFO] [health_monitor] [등록][100015, 100003] : 자동 충전 해제 시작.
[2026-08-11 16:56:09.476683] [INFO] [health_monitor] [삭제][100015, 100002] : 배터리 가득.
[2026-08-11 16:56:09.476691] [INFO] [health_monitor] [삭제][100015, 100003] : 자동 충전 해제 시작.
[2026-08-11 16:56:09.496688] [INFO] [power_system] 충전 해제 완료
[2026-08-11 16:56:09.496702] [INFO] [health_monitor] [등록][100015, 100004] : 자동 충전 해제 완료.
[2026-08-11 16:56:09.516639] [INFO] [task::fsm] discharging
[2026-08-11 16:56:09.516647] [INFO] [power_system] 충전 해제 프로세스 시작
[2026-08-11 16:56:09.516658] [INFO] [health_monitor] [등록][100015, 100003] : 자동 충전 해제 시작.
[2026-08-11 16:56:09.536546] [INFO] [task::fsm] idle
[2026-08-11 16:56:09.536552] [INFO] [path_server] 경로 삭제
[2026-08-11 16:56:09.536551] [INFO] [course_manager] 코스 삭제
[2026-08-11 16:56:09.576525] [INFO] [task::fsm] idle
[2026-08-11 16:56:09.576533] [INFO] [course_manager] 코스 삭제
[2026-08-11 16:56:09.576536] [INFO] [path_server] 경로 삭제
[2026-08-11 16:56:10.395130] [INFO] [path_server] 새로운 경로 설정 : path[111 ➜ 202] time[0s] dist[27m] list[19] : 111-1168-1169-1170-1171-1172-1091-1092-1093-1094-1095-1074-1075-1076-1018-1158-1159-1160-202
[2026-08-11 16:56:10.395143] [INFO] [course_tracker] 방향 정렬 완료 
[2026-08-11 16:56:14.506895] [INFO] [health_monitor] [삭제][100015, 100004] : 자동 충전 해제 완료.
[2026-08-11 16:56:14.526901] [INFO] [health_monitor] [삭제][100015, 100003] : 자동 충전 해제 시작.
[2026-08-11 16:56:15.085797] [INFO] [path_server] 노드 업데이트 : [1168] ➜ [1169]
[2026-08-11 16:56:15.145704] [INFO] [path_server] 새로운 경로 설정 : path[1168 ➜ 202] time[0s] dist[25.5m] list[18] : 1168-1169-1170-1171-1172-1091-1092-1093-1094-1095-1074-1075-1076-1018-1158-1159-1160-202
[2026-08-11 16:56:18.778830] [INFO] [path_server] 노드 업데이트 : [1169] ➜ [1170]
[2026-08-11 16:56:18.838767] [INFO] [path_server] 새로운 경로 설정 : path[1169 ➜ 202] time[0s] dist[24m] list[17] : 1169-1170-1171-1172-1091-1092-1093-1094-1095-1074-1075-1076-1018-1158-1159-1160-202
[2026-08-11 16:56:19.896678] [INFO] [path_server] 노드 업데이트 : [1170] ➜ [1171]
[2026-08-11 16:56:19.976578] [INFO] [path_server] 새로운 경로 설정 : path[1170 ➜ 202] time[0s] dist[22.5m] list[16] : 1170-1171-1172-1091-1092-1093-1094-1095-1074-1075-1076-1018-1158-1159-1160-202
[2026-08-11 16:56:20.715049] [INFO] [path_server] 노드 업데이트 : [1171] ➜ [1172]
[2026-08-11 16:56:20.794993] [INFO] [path_server] 새로운 경로 설정 : path[1171 ➜ 202] time[0s] dist[21m] list[15] : 1171-1172-1091-1092-1093-1094-1095-1074-1075-1076-1018-1158-1159-1160-202
[2026-08-11 16:56:21.453815] [INFO] [path_server] 노드 업데이트 : [1172] ➜ [1091]
[2026-08-11 16:56:21.533700] [INFO] [path_server] 새로운 경로 설정 : path[1172 ➜ 202] time[0s] dist[19.5m] list[14] : 1172-1091-1092-1093-1094-1095-1074-1075-1076-1018-1158-1159-1160-202
[2026-08-11 16:56:22.511689] [INFO] [path_server] 노드 업데이트 : [1091] ➜ [1092]
[2026-08-11 16:56:22.591603] [INFO] [path_server] 새로운 경로 설정 : path[1091 ➜ 202] time[0s] dist[18m] list[13] : 1091-1092-1093-1094-1095-1074-1075-1076-1018-1158-1159-1160-202
[2026-08-11 16:56:25.785433] [INFO] [path_server] 노드 업데이트 : [1092] ➜ [1093]
[2026-08-11 16:56:25.845379] [INFO] [path_server] 새로운 경로 설정 : path[1092 ➜ 202] time[0s] dist[16.5m] list[12] : 1092-1093-1094-1095-1074-1075-1076-1018-1158-1159-1160-202
[2026-08-11 16:56:27.023034] [INFO] [path_server] 노드 업데이트 : [1093] ➜ [1094]
[2026-08-11 16:56:27.102910] [INFO] [path_server] 새로운 경로 설정 : path[1093 ➜ 202] time[0s] dist[15m] list[11] : 1093-1094-1095-1074-1075-1076-1018-1158-1159-1160-202
[2026-08-11 16:56:27.901222] [INFO] [path_server] 노드 업데이트 : [1094] ➜ [1095]
[2026-08-11 16:56:27.981148] [INFO] [path_server] 새로운 경로 설정 : path[1094 ➜ 202] time[0s] dist[13.5m] list[10] : 1094-1095-1074-1075-1076-1018-1158-1159-1160-202
[2026-08-11 16:56:29.218639] [INFO] [path_server] 노드 업데이트 : [1095] ➜ [1074]
[2026-08-11 16:56:29.298466] [INFO] [path_server] 새로운 경로 설정 : path[1095 ➜ 202] time[0s] dist[12m] list[9] : 1095-1074-1075-1076-1018-1158-1159-1160-202
[2026-08-11 16:56:32.552307] [INFO] [path_server] 노드 업데이트 : [1074] ➜ [1075]
[2026-08-11 16:56:32.632259] [INFO] [path_server] 새로운 경로 설정 : path[1074 ➜ 202] time[0s] dist[10.5m] list[8] : 1074-1075-1076-1018-1158-1159-1160-202
[2026-08-11 16:56:33.690000] [INFO] [path_server] 노드 업데이트 : [1075] ➜ [1076]
[2026-08-11 16:56:33.769936] [INFO] [path_server] 새로운 경로 설정 : path[1075 ➜ 202] time[0s] dist[9m] list[7] : 1075-1076-1018-1158-1159-1160-202
[2026-08-11 16:56:34.508394] [INFO] [path_server] 노드 업데이트 : [1076] ➜ [1018]
[2026-08-11 16:56:34.568303] [INFO] [path_server] 새로운 경로 설정 : path[1076 ➜ 202] time[0s] dist[7.5m] list[6] : 1076-1018-1158-1159-1160-202
[2026-08-11 16:56:35.845688] [INFO] [path_server] 노드 업데이트 : [1018] ➜ [1158]
[2026-08-11 16:56:35.925590] [INFO] [path_server] 새로운 경로 설정 : path[1018 ➜ 202] time[0s] dist[6m] list[5] : 1018-1158-1159-1160-202
[2026-08-11 16:56:39.218693] [INFO] [path_server] 노드 업데이트 : [1158] ➜ [1159]
[2026-08-11 16:56:39.298532] [INFO] [path_server] 새로운 경로 설정 : path[1158 ➜ 202] time[0s] dist[4.5m] list[4] : 1158-1159-1160-202
[2026-08-11 16:56:40.356304] [INFO] [path_server] 노드 업데이트 : [1159] ➜ [1160]
[2026-08-11 16:56:40.416224] [INFO] [path_server] 새로운 경로 설정 : path[1159 ➜ 202] time[0s] dist[3m] list[3] : 1159-1160-202
[2026-08-11 16:56:41.693708] [INFO] [path_server] 노드 업데이트 : [1160] ➜ [202]
[2026-08-11 16:56:41.773622] [INFO] [path_server] 새로운 경로 설정 : path[1160 ➜ 202] time[0s] dist[1.5m] list[2] : 1160-202
[2026-08-11 16:56:46.943938] [INFO] [path_server] 노드 업데이트 : [202] ➜ [-1]
[2026-08-11 16:56:49.838090] [INFO] [course_tracker] 목적지에서 각도 정렬 : [13.000m 14.500m 0.000°]
[2026-08-11 16:56:49.878045] [INFO] [path_server] 노드 업데이트 : [202] ➜ [-1]
[2026-08-11 16:56:49.897957] [INFO] [task::fsm] push_done
[2026-08-11 16:56:49.937932] [INFO] [task::fsm] idle
[2026-08-11 16:56:49.937938] [INFO] [course_manager] 코스 삭제
[2026-08-11 16:56:49.937956] [INFO] [path_server] 경로 삭제
[2026-08-11 16:58:38.210882] [INFO] [health_monitor] [등록][100015, 200001] : 배터리 남은 양 - 주의
[2026-08-11 17:01:45.820633] [INFO] [path_server] 새로운 경로 설정 : path[202 ➜ 102] time[0s] dist[42m] list[29] : 202-1160-1161-1162-1163-1164-1165-1166-1109-1110-1111-1112-1113-1114-1115-1116-1117-1118-1119-1120-1121-1122-1123-1179-1180-1181-1182-1183-102
[2026-08-11 17:01:50.711370] [INFO] [path_server] 노드 업데이트 : [1160] ➜ [1161]
[2026-08-11 17:01:50.791261] [INFO] [path_server] 새로운 경로 설정 : path[1160 ➜ 102] time[0s] dist[40.5m] list[28] : 1160-1161-1162-1163-1164-1165-1166-1109-1110-1111-1112-1113-1114-1115-1116-1117-1118-1119-1120-1121-1122-1123-1179-1180-1181-1182-1183-102
[2026-08-11 17:01:54.343795] [INFO] [path_server] 노드 업데이트 : [1161] ➜ [1162]
[2026-08-11 17:01:54.423680] [INFO] [path_server] 새로운 경로 설정 : path[1161 ➜ 102] time[0s] dist[39m] list[27] : 1161-1162-1163-1164-1165-1166-1109-1110-1111-1112-1113-1114-1115-1116-1117-1118-1119-1120-1121-1122-1123-1179-1180-1181-1182-1183-102
[2026-08-11 17:01:55.461884] [INFO] [path_server] 노드 업데이트 : [1162] ➜ [1163]
[2026-08-11 17:01:55.542032] [INFO] [path_server] 새로운 경로 설정 : path[1162 ➜ 102] time[0s] dist[37.5m] list[26] : 1162-1163-1164-1165-1166-1109-1110-1111-1112-1113-1114-1115-1116-1117-1118-1119-1120-1121-1122-1123-1179-1180-1181-1182-1183-102
[2026-08-11 17:01:56.280880] [INFO] [path_server] 노드 업데이트 : [1163] ➜ [1164]
[2026-08-11 17:01:56.340887] [INFO] [path_server] 새로운 경로 설정 : path[1163 ➜ 102] time[0s] dist[36m] list[25] : 1163-1164-1165-1166-1109-1110-1111-1112-1113-1114-1115-1116-1117-1118-1119-1120-1121-1122-1123-1179-1180-1181-1182-1183-102
[2026-08-11 17:01:57.039796] [INFO] [path_server] 노드 업데이트 : [1164] ➜ [1165]
[2026-08-11 17:01:57.119691] [INFO] [path_server] 새로운 경로 설정 : path[1164 ➜ 102] time[0s] dist[34.5m] list[24] : 1164-1165-1166-1109-1110-1111-1112-1113-1114-1115-1116-1117-1118-1119-1120-1121-1122-1123-1179-1180-1181-1182-1183-102
[2026-08-11 17:01:57.798365] [INFO] [path_server] 노드 업데이트 : [1165] ➜ [1166]
[2026-08-11 17:01:57.878355] [INFO] [path_server] 새로운 경로 설정 : path[1165 ➜ 102] time[0s] dist[33m] list[23] : 1165-1166-1109-1110-1111-1112-1113-1114-1115-1116-1117-1118-1119-1120-1121-1122-1123-1179-1180-1181-1182-1183-102
[2026-08-11 17:01:58.537294] [INFO] [path_server] 노드 업데이트 : [1166] ➜ [1109]
[2026-08-11 17:01:58.617205] [INFO] [path_server] 새로운 경로 설정 : path[1166 ➜ 102] time[0s] dist[31.5m] list[22] : 1166-1109-1110-1111-1112-1113-1114-1115-1116-1117-1118-1119-1120-1121-1122-1123-1179-1180-1181-1182-1183-102
[2026-08-11 17:01:59.395872] [INFO] [path_server] 노드 업데이트 : [1109] ➜ [1110]
[2026-08-11 17:01:59.455820] [INFO] [path_server] 새로운 경로 설정 : path[1109 ➜ 102] time[0s] dist[30m] list[21] : 1109-1110-1111-1112-1113-1114-1115-1116-1117-1118-1119-1120-1121-1122-1123-1179-1180-1181-1182-1183-102
[2026-08-11 17:02:03.048864] [INFO] [path_server] 노드 업데이트 : [1110] ➜ [1111]
[2026-08-11 17:02:03.108804] [INFO] [path_server] 새로운 경로 설정 : path[1110 ➜ 102] time[0s] dist[28.5m] list[20] : 1110-1111-1112-1113-1114-1115-1116-1117-1118-1119-1120-1121-1122-1123-1179-1180-1181-1182-1183-102
[2026-08-11 17:02:04.406210] [INFO] [path_server] 노드 업데이트 : [1111] ➜ [1112]
[2026-08-11 17:02:04.486063] [INFO] [path_server] 새로운 경로 설정 : path[1111 ➜ 102] time[0s] dist[27m] list[19] : 1111-1112-1113-1114-1115-1116-1117-1118-1119-1120-1121-1122-1123-1179-1180-1181-1182-1183-102
[2026-08-11 17:02:05.304346] [INFO] [path_server] 노드 업데이트 : [1112] ➜ [1113]
[2026-08-11 17:02:05.384237] [INFO] [path_server] 새로운 경로 설정 : path[1112 ➜ 102] time[0s] dist[25.5m] list[18] : 1112-1113-1114-1115-1116-1117-1118-1119-1120-1121-1122-1123-1179-1180-1181-1182-1183-102
[2026-08-11 17:02:06.042810] [INFO] [path_server] 노드 업데이트 : [1113] ➜ [1114]
[2026-08-11 17:02:06.102743] [INFO] [path_server] 새로운 경로 설정 : path[1113 ➜ 102] time[0s] dist[24m] list[17] : 1113-1114-1115-1116-1117-1118-1119-1120-1121-1122-1123-1179-1180-1181-1182-1183-102
[2026-08-11 17:02:06.801341] [INFO] [path_server] 노드 업데이트 : [1114] ➜ [1115]
[2026-08-11 17:02:06.881227] [INFO] [path_server] 새로운 경로 설정 : path[1114 ➜ 102] time[0s] dist[22.5m] list[16] : 1114-1115-1116-1117-1118-1119-1120-1121-1122-1123-1179-1180-1181-1182-1183-102
[2026-08-11 17:02:07.559902] [INFO] [path_server] 노드 업데이트 : [1115] ➜ [1116]
[2026-08-11 17:02:07.639844] [INFO] [path_server] 새로운 경로 설정 : path[1115 ➜ 102] time[0s] dist[21m] list[15] : 1115-1116-1117-1118-1119-1120-1121-1122-1123-1179-1180-1181-1182-1183-102
[2026-08-11 17:02:08.298487] [INFO] [path_server] 노드 업데이트 : [1116] ➜ [1117]
[2026-08-11 17:02:08.378382] [INFO] [path_server] 새로운 경로 설정 : path[1116 ➜ 102] time[0s] dist[19.5m] list[14] : 1116-1117-1118-1119-1120-1121-1122-1123-1179-1180-1181-1182-1183-102
[2026-08-11 17:02:09.057133] [INFO] [path_server] 노드 업데이트 : [1117] ➜ [1118]
[2026-08-11 17:02:09.137063] [INFO] [path_server] 새로운 경로 설정 : path[1117 ➜ 102] time[0s] dist[18m] list[13] : 1117-1118-1119-1120-1121-1122-1123-1179-1180-1181-1182-1183-102
[2026-08-11 17:02:09.795789] [INFO] [path_server] 노드 업데이트 : [1118] ➜ [1119]
[2026-08-11 17:02:09.895650] [INFO] [path_server] 새로운 경로 설정 : path[1118 ➜ 102] time[0s] dist[16.5m] list[12] : 1118-1119-1120-1121-1122-1123-1179-1180-1181-1182-1183-102
[2026-08-11 17:02:10.554453] [INFO] [path_server] 노드 업데이트 : [1119] ➜ [1120]
[2026-08-11 17:02:10.634375] [INFO] [path_server] 새로운 경로 설정 : path[1119 ➜ 102] time[0s] dist[15m] list[11] : 1119-1120-1121-1122-1123-1179-1180-1181-1182-1183-102
[2026-08-11 17:02:11.392817] [INFO] [path_server] 노드 업데이트 : [1120] ➜ [1121]
[2026-08-11 17:02:11.472676] [INFO] [path_server] 새로운 경로 설정 : path[1120 ➜ 102] time[0s] dist[13.5m] list[10] : 1120-1121-1122-1123-1179-1180-1181-1182-1183-102
[2026-08-11 17:02:15.045902] [INFO] [path_server] 노드 업데이트 : [1121] ➜ [1122]
[2026-08-11 17:02:15.125777] [INFO] [path_server] 새로운 경로 설정 : path[1121 ➜ 102] time[0s] dist[12m] list[9] : 1121-1122-1123-1179-1180-1181-1182-1183-102
[2026-08-11 17:02:16.403117] [INFO] [path_server] 노드 업데이트 : [1122] ➜ [1123]
[2026-08-11 17:02:16.483037] [INFO] [path_server] 새로운 경로 설정 : path[1122 ➜ 102] time[0s] dist[10.5m] list[8] : 1122-1123-1179-1180-1181-1182-1183-102
[2026-08-11 17:02:17.461014] [INFO] [path_server] 노드 업데이트 : [1123] ➜ [1179]
[2026-08-11 17:02:17.520913] [INFO] [path_server] 새로운 경로 설정 : path[1123 ➜ 102] time[0s] dist[9m] list[7] : 1123-1179-1180-1181-1182-1183-102
[2026-08-11 17:02:20.774609] [INFO] [path_server] 노드 업데이트 : [1179] ➜ [1180]
[2026-08-11 17:02:20.854518] [INFO] [path_server] 새로운 경로 설정 : path[1179 ➜ 102] time[0s] dist[7.5m] list[6] : 1179-1180-1181-1182-1183-102
[2026-08-11 17:02:22.012153] [INFO] [path_server] 노드 업데이트 : [1180] ➜ [1181]
[2026-08-11 17:02:22.092042] [INFO] [path_server] 새로운 경로 설정 : path[1180 ➜ 102] time[0s] dist[6m] list[5] : 1180-1181-1182-1183-102
[2026-08-11 17:02:22.890480] [INFO] [path_server] 노드 업데이트 : [1181] ➜ [1182]
[2026-08-11 17:02:22.950408] [INFO] [path_server] 새로운 경로 설정 : path[1181 ➜ 102] time[0s] dist[4.5m] list[4] : 1181-1182-1183-102
[2026-08-11 17:02:23.649255] [INFO] [path_server] 노드 업데이트 : [1182] ➜ [1183]
[2026-08-11 17:02:23.729121] [INFO] [path_server] 새로운 경로 설정 : path[1182 ➜ 102] time[0s] dist[3m] list[3] : 1182-1183-102
[2026-08-11 17:02:24.946765] [INFO] [path_server] 노드 업데이트 : [1183] ➜ [102]
[2026-08-11 17:02:25.026684] [INFO] [path_server] 새로운 경로 설정 : path[1183 ➜ 102] time[0s] dist[1.5m] list[2] : 1183-102
[2026-08-11 17:02:30.156143] [INFO] [path_server] 노드 업데이트 : [102] ➜ [-1]
[2026-08-11 17:02:33.050465] [INFO] [course_tracker] 목적지에서 각도 정렬 : [5.500m 7.000m 0.000°]
[2026-08-11 17:02:33.090320] [INFO] [path_server] 노드 업데이트 : [102] ➜ [-1]
[2026-08-11 17:02:33.110320] [INFO] [task::fsm] push_done
[2026-08-11 17:02:33.170207] [INFO] [task::fsm] charging
[2026-08-11 17:02:33.170236] [INFO] [health_monitor] [등록][100015, 100001] : 자동 충전 시작.
[2026-08-11 17:02:33.170219] [INFO] [power_system] 충전 프로세스 시작
[2026-08-11 17:02:38.180143] [INFO] [health_monitor] [삭제][100015, 100001] : 자동 충전 시작.
[2026-08-11 17:02:44.208013] [INFO] [health_monitor] [삭제][100015, 200001] : 배터리 남은 양 - 주의
[2026-08-11 17:02:56.204439] [INFO] [power_system] 충전 완료
[2026-08-11 17:02:56.204463] [INFO] [health_monitor] [등록][100015, 100003] : 자동 충전 해제 시작.
[2026-08-11 17:02:56.204458] [INFO] [health_monitor] [등록][100015, 100002] : 배터리 가득.
[2026-08-11 17:03:34.369619] [INFO] [framework] 프로그램 시작
[2026-08-11 17:03:34.369624] [WARNING] [framework] 프로그램 시작
[2026-08-11 17:03:34.369625] [CRITICAL] [framework] 프로그램 시작
[2026-08-11 17:03:34.369626] [INFO] [framework] 설정 파일 위치 : ../configs/robot_12
[2026-08-11 17:03:34.369791] [INFO] [framework] ID[0, 12], 이름[차시비], 제어주기[20ms], 버젼[], 장소[우리집], 환경모드[simulation]
[2026-08-11 17:03:34.369821] [INFO] [mediator] 생성
[2026-08-11 17:03:34.369847] [INFO] [graph_manager] 생성
[2026-08-11 17:03:34.395797] [INFO] [stop_server] 생성
[2026-08-11 17:03:34.395829] [INFO] [health_monitor] 생성
[2026-08-11 17:03:34.395848] [INFO] [path_server] 생성
[2026-08-11 17:03:34.395862] [INFO] [course_manager] 생성
[2026-08-11 17:03:34.395877] [INFO] [task::fsm] 생성
[2026-08-11 17:03:34.395878] [INFO] [task::fsm] idle
[2026-08-11 17:03:34.395880] [INFO] [course_manager] 코스 삭제
[2026-08-11 17:03:34.395880] [INFO] [path_server] 경로 삭제
[2026-08-11 17:03:34.395893] [INFO] [task_manager] 생성
[2026-08-11 17:03:34.396017] [INFO] [mediator] connectors 생성
[2026-08-11 17:03:34.396035] [INFO] [fms] 생성
[2026-08-11 17:03:34.396036] [INFO] [fms] 통신 드라이버 생성
[2026-08-11 17:03:34.396351] [INFO] [motions] 생성
[2026-08-11 17:03:34.396368] [INFO] [localizers] 생성
[2026-08-11 17:03:34.396454] [INFO] [localizers] 파라미터 : 

[2026-08-11 17:03:34.396473] [INFO] [safety_plc] 생성
[2026-08-11 17:03:34.396485] [INFO] [load_handler] 생성
[2026-08-11 17:03:34.396497] [INFO] [power_system] 생성
[2026-08-11 17:03:34.396600] [INFO] [power_system] 설정 정보 : remaining[40%, 10%, 5%]
[2026-08-11 17:03:34.397002] [INFO] [power_system] 알람 목록 : 
 • [100015, 100001] [INFO] 자동 충전 시작.
 • [100015, 100002] [INFO] 배터리 가득.
 • [100015, 400001] [CRIT] 배터리 남은 양 - 위험
 • [100015, 300001] [ERROR] 배터리 남은 양 - 에러
 • [100015, 200001] [WARN] 배터리 남은 양 - 주의
 • [100015, 100004] [INFO] 자동 충전 해제 완료.
 • [100015, 100003] [INFO] 자동 충전 해제 시작.
[2026-08-11 17:03:34.397005] [INFO] [mediator] connector 의존성 주입
[2026-08-11 17:03:34.397015] [INFO] [mediator] any map 등록
[2026-08-11 17:03:34.397023] [INFO] [mediator] any collector 등록
[2026-08-11 17:03:34.397025] [INFO] [mediator] any collector 목록 검사
[2026-08-11 17:03:34.397066] [INFO] [framework] after init 실행
[2026-08-11 17:03:34.397293] [INFO] [course_tracker] 생성
[2026-08-11 17:03:34.397307] [INFO] [course_tracker] 파라미터 : 
◈ node_bound[0.020m, 0.150m, 0.005m]
 • approach[0.150m, 0.050m/s, -0.005m, -0.200m, 0.100m]
 • align[(10.000°, 5.000°/s), 50.000°, 30.000°/s), 0.800°, -0.100°]
◈ motion param : 
 • reference_angle[0.000°, 45.000°]
 • threshold_angle[15.000°, 20.000°, 170.000°]
 • threshold_error[0.300°, 5.000°]
 • normal[0.150m/s, 8.000, 0.800m/s, 0.500]
 • angle[0.150m/s, 1.500, 0.800m/s, 2.100]
 • protection_overshoot[0.100m/s, 0.900, 0.500m/s, 0.900]
 • speed_rotation[15.000°/s]
[2026-08-11 17:03:34.397310] [INFO] [framework] 제어 쓰레드 시작
[2026-08-11 17:03:34.397340] [INFO] [path_server] 노드 초기화 성공 : 로봇 좌표[5.504m 6.998m -179.352°] 최단 거리 노드[102] 거리(0.004179m)
[2026-08-11 17:03:35.655008] [INFO] [task::fsm] charging
[2026-08-11 17:03:35.655014] [INFO] [power_system] 충전 프로세스 시작
[2026-08-11 17:03:35.655034] [INFO] [health_monitor] [등록][100015, 100001] : 자동 충전 시작.
[2026-08-11 17:03:40.665393] [INFO] [health_monitor] [삭제][100015, 100001] : 자동 충전 시작.
[2026-08-11 17:03:47.113701] [INFO] [power_system] 충전 완료
[2026-08-11 17:03:47.113718] [INFO] [health_monitor] [등록][100015, 100003] : 자동 충전 해제 시작.
[2026-08-11 17:03:47.113716] [INFO] [health_monitor] [등록][100015, 100002] : 배터리 가득.
[2026-08-11 17:03:52.123657] [INFO] [health_monitor] [삭제][100015, 100002] : 배터리 가득.
[2026-08-11 17:03:52.123665] [INFO] [health_monitor] [삭제][100015, 100003] : 자동 충전 해제 시작.
[2026-08-11 17:03:52.143666] [INFO] [power_system] 충전 해제 완료
[2026-08-11 17:03:52.143681] [INFO] [health_monitor] [등록][100015, 100004] : 자동 충전 해제 완료.
[2026-08-11 17:03:52.163605] [INFO] [task::fsm] discharging
[2026-08-11 17:03:52.163610] [INFO] [power_system] 충전 해제 프로세스 시작
[2026-08-11 17:03:52.163620] [INFO] [health_monitor] [등록][100015, 100003] : 자동 충전 해제 시작.
[2026-08-11 17:03:52.183522] [INFO] [task::fsm] idle
[2026-08-11 17:03:52.183530] [INFO] [path_server] 경로 삭제
[2026-08-11 17:03:52.183527] [INFO] [course_manager] 코스 삭제
[2026-08-11 17:03:52.223495] [INFO] [task::fsm] idle
[2026-08-11 17:03:52.223501] [INFO] [path_server] 경로 삭제
[2026-08-11 17:03:52.223500] [INFO] [course_manager] 코스 삭제
[2026-08-11 17:03:57.153788] [INFO] [health_monitor] [삭제][100015, 100004] : 자동 충전 해제 완료.
[2026-08-11 17:03:57.173747] [INFO] [health_monitor] [삭제][100015, 100003] : 자동 충전 해제 시작.
[2026-08-11 17:04:47.217351] [INFO] [power_system] 충전 프로세스 시작
[2026-08-11 17:04:47.217370] [INFO] [health_monitor] [등록][100015, 100001] : 자동 충전 시작.
[2026-08-11 17:04:47.217343] [INFO] [task::fsm] charging
[2026-08-11 17:04:52.227107] [INFO] [health_monitor] [삭제][100015, 100001] : 자동 충전 시작.
[2026-08-11 17:04:56.598464] [INFO] [power_system] 충전 완료
[2026-08-11 17:04:56.598480] [INFO] [health_monitor] [등록][100015, 100002] : 배터리 가득.
[2026-08-11 17:04:56.598483] [INFO] [health_monitor] [등록][100015, 100003] : 자동 충전 해제 시작.
[2026-08-11 17:05:01.608581] [INFO] [health_monitor] [삭제][100015, 100002] : 배터리 가득.
[2026-08-11 17:05:01.608589] [INFO] [health_monitor] [삭제][100015, 100003] : 자동 충전 해제 시작.
[2026-08-11 17:05:01.628522] [INFO] [power_system] 충전 해제 완료
[2026-08-11 17:05:01.628537] [INFO] [health_monitor] [등록][100015, 100004] : 자동 충전 해제 완료.
[2026-08-11 17:05:01.648437] [INFO] [task::fsm] discharging
[2026-08-11 17:05:01.648445] [INFO] [power_system] 충전 해제 프로세스 시작
[2026-08-11 17:05:01.648456] [INFO] [health_monitor] [등록][100015, 100003] : 자동 충전 해제 시작.
[2026-08-11 17:05:01.668467] [INFO] [task::fsm] idle
[2026-08-11 17:05:01.668476] [INFO] [path_server] 경로 삭제
[2026-08-11 17:05:01.668473] [INFO] [course_manager] 코스 삭제
[2026-08-11 17:05:01.688401] [INFO] [task::fsm] idle
[2026-08-11 17:05:01.688405] [INFO] [course_manager] 코스 삭제
[2026-08-11 17:05:01.688406] [INFO] [path_server] 경로 삭제
[2026-08-11 17:05:06.638877] [INFO] [health_monitor] [삭제][100015, 100004] : 자동 충전 해제 완료.
[2026-08-11 17:05:06.658815] [INFO] [health_monitor] [삭제][100015, 100003] : 자동 충전 해제 시작.
[2026-08-11 17:05:56.739117] [INFO] [task::fsm] charging
[2026-08-11 17:05:56.739146] [INFO] [health_monitor] [등록][100015, 100001] : 자동 충전 시작.
[2026-08-11 17:05:56.739127] [INFO] [power_system] 충전 프로세스 시작
[2026-08-11 17:06:01.749566] [INFO] [health_monitor] [삭제][100015, 100001] : 자동 충전 시작.
[2026-08-11 17:06:06.120712] [INFO] [power_system] 충전 완료
[2026-08-11 17:06:06.120744] [INFO] [health_monitor] [등록][100015, 100003] : 자동 충전 해제 시작.
[2026-08-11 17:06:06.120740] [INFO] [health_monitor] [등록][100015, 100002] : 배터리 가득.
[2026-08-11 17:06:11.130684] [INFO] [health_monitor] [삭제][100015, 100002] : 배터리 가득.
[2026-08-11 17:06:11.130695] [INFO] [health_monitor] [삭제][100015, 100003] : 자동 충전 해제 시작.
[2026-08-11 17:06:11.150698] [INFO] [power_system] 충전 해제 완료
[2026-08-11 17:06:11.150707] [INFO] [health_monitor] [등록][100015, 100004] : 자동 충전 해제 완료.
[2026-08-11 17:06:11.170645] [INFO] [task::fsm] discharging
[2026-08-11 17:06:11.170657] [INFO] [power_system] 충전 해제 프로세스 시작
[2026-08-11 17:06:11.170662] [INFO] [health_monitor] [등록][100015, 100003] : 자동 충전 해제 시작.
[2026-08-11 17:06:11.190547] [INFO] [task::fsm] idle
[2026-08-11 17:06:11.190552] [INFO] [course_manager] 코스 삭제
[2026-08-11 17:06:11.190553] [INFO] [path_server] 경로 삭제
[2026-08-11 17:06:11.230521] [INFO] [task::fsm] idle
[2026-08-11 17:06:11.230525] [INFO] [course_manager] 코스 삭제
[2026-08-11 17:06:11.230527] [INFO] [path_server] 경로 삭제
[2026-08-11 17:06:16.160564] [INFO] [health_monitor] [삭제][100015, 100004] : 자동 충전 해제 완료.
[2026-08-11 17:06:16.180514] [INFO] [health_monitor] [삭제][100015, 100003] : 자동 충전 해제 시작.
[2026-08-11 17:07:06.259450] [INFO] [task::fsm] charging
[2026-08-11 17:07:06.259458] [INFO] [power_system] 충전 프로세스 시작
[2026-08-11 17:07:06.259473] [INFO] [health_monitor] [등록][100015, 100001] : 자동 충전 시작.
[2026-08-11 17:07:11.269281] [INFO] [health_monitor] [삭제][100015, 100001] : 자동 충전 시작.
[2026-08-11 17:07:15.640652] [INFO] [power_system] 충전 완료
[2026-08-11 17:07:15.640668] [INFO] [health_monitor] [등록][100015, 100002] : 배터리 가득.
[2026-08-11 17:07:15.640671] [INFO] [health_monitor] [등록][100015, 100003] : 자동 충전 해제 시작.
[2026-08-11 17:07:20.650222] [INFO] [health_monitor] [삭제][100015, 100002] : 배터리 가득.
[2026-08-11 17:07:20.650229] [INFO] [health_monitor] [삭제][100015, 100003] : 자동 충전 해제 시작.
[2026-08-11 17:07:20.670230] [INFO] [power_system] 충전 해제 완료
[2026-08-11 17:07:20.670245] [INFO] [health_monitor] [등록][100015, 100004] : 자동 충전 해제 완료.
[2026-08-11 17:07:20.690184] [INFO] [task::fsm] discharging
[2026-08-11 17:07:20.690192] [INFO] [power_system] 충전 해제 프로세스 시작
[2026-08-11 17:07:20.690201] [INFO] [health_monitor] [등록][100015, 100003] : 자동 충전 해제 시작.
[2026-08-11 17:07:20.710090] [INFO] [task::fsm] idle
[2026-08-11 17:07:20.710094] [INFO] [course_manager] 코스 삭제
[2026-08-11 17:07:20.710097] [INFO] [path_server] 경로 삭제
[2026-08-11 17:07:20.750073] [INFO] [task::fsm] idle
[2026-08-11 17:07:20.750079] [INFO] [course_manager] 코스 삭제
[2026-08-11 17:07:20.750081] [INFO] [path_server] 경로 삭제
[2026-08-11 17:07:25.680225] [INFO] [health_monitor] [삭제][100015, 100004] : 자동 충전 해제 완료.
[2026-08-11 17:07:25.700175] [INFO] [health_monitor] [삭제][100015, 100003] : 자동 충전 해제 시작.
[2026-08-11 17:08:15.779438] [INFO] [task::fsm] charging
[2026-08-11 17:08:15.779456] [INFO] [health_monitor] [등록][100015, 100001] : 자동 충전 시작.
[2026-08-11 17:08:15.779444] [INFO] [power_system] 충전 프로세스 시작
[2026-08-11 17:08:20.789603] [INFO] [health_monitor] [삭제][100015, 100001] : 자동 충전 시작.
[2026-08-11 17:08:25.160951] [INFO] [power_system] 충전 완료
[2026-08-11 17:08:25.160977] [INFO] [health_monitor] [등록][100015, 100003] : 자동 충전 해제 시작.
[2026-08-11 17:08:25.160973] [INFO] [health_monitor] [등록][100015, 100002] : 배터리 가득.
[2026-08-11 17:08:30.171292] [INFO] [health_monitor] [삭제][100015, 100002] : 배터리 가득.
[2026-08-11 17:08:30.171300] [INFO] [health_monitor] [삭제][100015, 100003] : 자동 충전 해제 시작.
[2026-08-11 17:08:30.191308] [INFO] [power_system] 충전 해제 완료
[2026-08-11 17:08:30.191323] [INFO] [health_monitor] [등록][100015, 100004] : 자동 충전 해제 완료.
[2026-08-11 17:08:30.211256] [INFO] [task::fsm] discharging
[2026-08-11 17:08:30.211266] [INFO] [power_system] 충전 해제 프로세스 시작
[2026-08-11 17:08:30.211277] [INFO] [health_monitor] [등록][100015, 100003] : 자동 충전 해제 시작.
[2026-08-11 17:08:30.231163] [INFO] [task::fsm] idle
[2026-08-11 17:08:30.231173] [INFO] [path_server] 경로 삭제
[2026-08-11 17:08:30.231171] [INFO] [course_manager] 코스 삭제
[2026-08-11 17:08:30.271122] [INFO] [task::fsm] idle
[2026-08-11 17:08:30.271127] [INFO] [course_manager] 코스 삭제
[2026-08-11 17:08:30.271129] [INFO] [path_server] 경로 삭제
[2026-08-11 17:08:35.201349] [INFO] [health_monitor] [삭제][100015, 100004] : 자동 충전 해제 완료.
[2026-08-11 17:08:35.221350] [INFO] [health_monitor] [삭제][100015, 100003] : 자동 충전 해제 시작.
[2026-08-11 17:09:25.263706] [INFO] [task::fsm] charging
[2026-08-11 17:09:25.263733] [INFO] [health_monitor] [등록][100015, 100001] : 자동 충전 시작.
[2026-08-11 17:09:25.263714] [INFO] [power_system] 충전 프로세스 시작
[2026-08-11 17:09:30.276406] [INFO] [health_monitor] [삭제][100015, 100001] : 자동 충전 시작.
[2026-08-11 17:09:34.647519] [INFO] [power_system] 충전 완료
[2026-08-11 17:09:34.647540] [INFO] [health_monitor] [등록][100015, 100002] : 배터리 가득.
[2026-08-11 17:09:34.647543] [INFO] [health_monitor] [등록][100015, 100003] : 자동 충전 해제 시작.
[2026-08-11 17:09:39.657483] [INFO] [health_monitor] [삭제][100015, 100002] : 배터리 가득.
[2026-08-11 17:09:39.657491] [INFO] [health_monitor] [삭제][100015, 100003] : 자동 충전 해제 시작.
[2026-08-11 17:09:39.677480] [INFO] [power_system] 충전 해제 완료
[2026-08-11 17:09:39.677495] [INFO] [health_monitor] [등록][100015, 100004] : 자동 충전 해제 완료.
[2026-08-11 17:09:39.697427] [INFO] [task::fsm] discharging
[2026-08-11 17:09:39.697432] [INFO] [power_system] 충전 해제 프로세스 시작
[2026-08-11 17:09:39.697440] [INFO] [health_monitor] [등록][100015, 100003] : 자동 충전 해제 시작.
[2026-08-11 17:09:39.717338] [INFO] [task::fsm] idle
[2026-08-11 17:09:39.717345] [INFO] [path_server] 경로 삭제
[2026-08-11 17:09:39.717343] [INFO] [course_manager] 코스 삭제
[2026-08-11 17:09:39.757315] [INFO] [task::fsm] idle
[2026-08-11 17:09:39.757320] [INFO] [course_manager] 코스 삭제
[2026-08-11 17:09:39.757321] [INFO] [path_server] 경로 삭제
[2026-08-11 17:09:44.687690] [INFO] [health_monitor] [삭제][100015, 100004] : 자동 충전 해제 완료.
[2026-08-11 17:09:44.707689] [INFO] [health_monitor] [삭제][100015, 100003] : 자동 충전 해제 시작.
[2026-08-11 17:10:34.768871] [INFO] [task::fsm] charging
[2026-08-11 17:10:34.768880] [INFO] [power_system] 충전 프로세스 시작
[2026-08-11 17:10:34.768896] [INFO] [health_monitor] [등록][100015, 100001] : 자동 충전 시작.
[2026-08-11 17:10:39.778566] [INFO] [health_monitor] [삭제][100015, 100001] : 자동 충전 시작.
[2026-08-11 17:10:44.149671] [INFO] [power_system] 충전 완료
[2026-08-11 17:10:44.149689] [INFO] [health_monitor] [등록][100015, 100002] : 배터리 가득.
[2026-08-11 17:10:44.149693] [INFO] [health_monitor] [등록][100015, 100003] : 자동 충전 해제 시작.
[2026-08-11 17:10:48.241553] [INFO] [path_server] 새로운 경로 설정 : path[102 ➜ 203] time[0s] dist[18m] list[13] : 102-1183-1184-1045-1040-1041-1042-1112-1113-1114-1115-1116-203
[2026-08-11 17:10:48.241567] [INFO] [course_tracker] 방향 정렬 완료 
[2026-08-11 17:10:49.159669] [INFO] [health_monitor] [삭제][100015, 100002] : 배터리 가득.
[2026-08-11 17:10:49.159676] [INFO] [health_monitor] [삭제][100015, 100003] : 자동 충전 해제 시작.
[2026-08-11 17:10:55.407275] [INFO] [path_server] 노드 업데이트 : [1183] ➜ [1184]
[2026-08-11 17:10:55.487182] [INFO] [path_server] 새로운 경로 설정 : path[1183 ➜ 203] time[0s] dist[16.5m] list[12] : 1183-1184-1045-1040-1041-1042-1112-1113-1114-1115-1116-203
[2026-08-11 17:10:59.020778] [INFO] [path_server] 노드 업데이트 : [1184] ➜ [1045]
[2026-08-11 17:10:59.100660] [INFO] [path_server] 새로운 경로 설정 : path[1184 ➜ 203] time[0s] dist[15m] list[11] : 1184-1045-1040-1041-1042-1112-1113-1114-1115-1116-203
[2026-08-11 17:11:00.158786] [INFO] [path_server] 노드 업데이트 : [1045] ➜ [1040]
[2026-08-11 17:11:00.218700] [INFO] [path_server] 새로운 경로 설정 : path[1045 ➜ 203] time[0s] dist[13.5m] list[10] : 1045-1040-1041-1042-1112-1113-1114-1115-1116-203
[2026-08-11 17:11:01.496185] [INFO] [path_server] 노드 업데이트 : [1040] ➜ [1041]
[2026-08-11 17:11:01.576110] [INFO] [path_server] 새로운 경로 설정 : path[1040 ➜ 203] time[0s] dist[12m] list[9] : 1040-1041-1042-1112-1113-1114-1115-1116-203
[2026-08-11 17:11:04.889476] [INFO] [path_server] 노드 업데이트 : [1041] ➜ [1042]
[2026-08-11 17:11:04.949359] [INFO] [path_server] 새로운 경로 설정 : path[1041 ➜ 203] time[0s] dist[10.5m] list[8] : 1041-1042-1112-1113-1114-1115-1116-203
[2026-08-11 17:11:06.725860] [INFO] [path_server] 노드 업데이트 : [1042] ➜ [1112]
[2026-08-11 17:11:06.805729] [INFO] [path_server] 새로운 경로 설정 : path[1042 ➜ 203] time[0s] dist[9m] list[7] : 1042-1112-1113-1114-1115-1116-203
[2026-08-11 17:11:09.041429] [INFO] [path_server] 노드 업데이트 : [1112] ➜ [1113]
[2026-08-11 17:11:09.121366] [INFO] [path_server] 새로운 경로 설정 : path[1112 ➜ 203] time[0s] dist[7.5m] list[6] : 1112-1113-1114-1115-1116-203
[2026-08-11 17:11:12.394951] [INFO] [path_server] 노드 업데이트 : [1113] ➜ [1114]
[2026-08-11 17:11:12.474862] [INFO] [path_server] 새로운 경로 설정 : path[1113 ➜ 203] time[0s] dist[6m] list[5] : 1113-1114-1115-1116-203
[2026-08-11 17:11:13.512836] [INFO] [path_server] 노드 업데이트 : [1114] ➜ [1115]
[2026-08-11 17:11:13.572750] [INFO] [path_server] 새로운 경로 설정 : path[1114 ➜ 203] time[0s] dist[4.5m] list[4] : 1114-1115-1116-203
[2026-08-11 17:11:14.351916] [INFO] [path_server] 노드 업데이트 : [1115] ➜ [1116]
[2026-08-11 17:11:14.411806] [INFO] [path_server] 새로운 경로 설정 : path[1115 ➜ 203] time[0s] dist[3m] list[3] : 1115-1116-203
[2026-08-11 17:11:15.649553] [INFO] [path_server] 노드 업데이트 : [1116] ➜ [203]
[2026-08-11 17:11:15.709474] [INFO] [path_server] 새로운 경로 설정 : path[1116 ➜ 203] time[0s] dist[1.5m] list[2] : 1116-203
[2026-08-11 17:11:20.879503] [INFO] [path_server] 노드 업데이트 : [203] ➜ [-1]
[2026-08-11 17:11:23.773962] [INFO] [course_tracker] 목적지에서 각도 정렬 : [1.000m 5.500m 0.000°]
[2026-08-11 17:11:23.813891] [INFO] [path_server] 노드 업데이트 : [203] ➜ [-1]
[2026-08-11 17:11:23.833836] [INFO] [task::fsm] push_done
[2026-08-11 17:11:25.750402] [INFO] [task::fsm] idle
[2026-08-11 17:11:25.750409] [INFO] [course_manager] 코스 삭제
[2026-08-11 17:11:25.750412] [INFO] [path_server] 경로 삭제
