[2026-08-11 16:38:01.989764] [INFO] [task::fsm] 생성
[2026-08-11 16:38:01.989765] [INFO] [task::fsm] idle
[2026-08-11 16:40:31.659042] [INFO] [task::fsm] 생성
[2026-08-11 16:40:31.659043] [INFO] [task::fsm] idle
[2026-08-11 16:42:03.860731] [INFO] [task::fsm] charging
[2026-08-11 16:42:49.958908] [INFO] [task::fsm] discharging
[2026-08-11 16:42:49.978861] [INFO] [task::fsm] idle
[2026-08-11 16:42:59.122880] [INFO] [task::fsm] idle
[2026-08-11 16:44:18.140057] [INFO] [task::fsm] push_done
[2026-08-11 16:44:18.180032] [INFO] [task::fsm] charging
[2026-08-11 16:44:39.242420] [INFO] [task::fsm] discharging
[2026-08-11 16:44:39.262333] [INFO] [task::fsm] idle
[2026-08-11 16:44:39.322261] [INFO] [task::fsm] idle
[2026-08-11 16:45:50.008768] [INFO] [task::fsm] 생성
[2026-08-11 16:45:50.008769] [INFO] [task::fsm] idle
[2026-08-11 16:45:50.030422] [INFO] [task::fsm] idle
[2026-08-11 16:45:50.130268] [INFO] [task::fsm] charging
[2026-08-11 16:46:49.678029] [INFO] [task::fsm] push_done
[2026-08-11 16:46:49.737916] [INFO] [task::fsm] idle
[2026-08-11 16:47:39.064602] [INFO] [task::fsm] push_done
[2026-08-11 16:47:39.124499] [INFO] [task::fsm] charging
[2026-08-11 16:49:24.421473] [INFO] [task::fsm] 생성
[2026-08-11 16:49:24.421475] [INFO] [task::fsm] idle
[2026-08-11 16:49:24.523055] [INFO] [task::fsm] charging
[2026-08-11 16:49:58.416187] [INFO] [task::fsm] 생성
[2026-08-11 16:49:58.416188] [INFO] [task::fsm] idle
[2026-08-11 16:50:00.414586] [INFO] [task::fsm] charging
[2026-08-11 16:51:27.035494] [INFO] [task::fsm] push_done
[2026-08-11 16:51:27.075460] [INFO] [task::fsm] idle
[2026-08-11 16:52:17.161834] [INFO] [task::fsm] 생성
[2026-08-11 16:52:17.161835] [INFO] [task::fsm] idle
[2026-08-11 16:53:24.080229] [INFO] [task::fsm] push_done
[2026-08-11 16:53:24.140095] [INFO] [task::fsm] charging
[2026-08-11 16:54:17.196022] [INFO] [task::fsm] push_done
[2026-08-11 16:54:17.235987] [INFO] [task::fsm] idle
[2026-08-11 16:55:05.621664] [INFO] [task::fsm] push_done
[2026-08-11 16:55:05.661644] [INFO] [task::fsm] charging
[2026-08-11 16:55:37.560096] [INFO] [task::fsm] discharging
[2026-08-11 16:55:37.580103] [INFO] [task::fsm] idle
[2026-08-11 16:55:37.600052] [INFO] [task::fsm] idle
[2026-08-11 16:56:23.848940] [INFO] [task::fsm] push_done
[2026-08-11 16:56:23.908794] [INFO] [task::fsm] idle
[2026-08-11 16:59:55.715877] [INFO] [task::fsm] push_done
[2026-08-11 16:59:55.755802] [INFO] [task::fsm] charging
[2026-08-11 17:00:31.305612] [INFO] [task::fsm] discharging
[2026-08-11 17:00:31.325541] [INFO] [task::fsm] idle
[2026-08-11 17:00:31.365495] [INFO] [task::fsm] idle
[2026-08-11 17:01:20.032089] [INFO] [task::fsm] push_done
[2026-08-11 17:01:20.091959] [INFO] [task::fsm] idle
[2026-08-11 17:03:34.398757] [INFO] [task::fsm] 생성
[2026-08-11 17:03:34.398759] [INFO] [task::fsm] idle
[2026-08-11 17:05:58.200148] [INFO] [task::fsm] push_done
[2026-08-11 17:05:58.260024] [INFO] [task::fsm] charging
[2026-08-11 17:06:44.349496] [INFO] [task::fsm] discharging
[2026-08-11 17:06:44.369409] [INFO] [task::fsm] idle
[2026-08-11 17:06:44.409375] [INFO] [task::fsm] idle
[2026-08-11 17:07:41.554118] [INFO] [task::fsm] push_done
[2026-08-11 17:07:41.613988] [INFO] [task::fsm] idle
[2026-08-11 17:10:42.979919] [INFO] [task::fsm] push_done
[2026-08-11 17:10:43.039771] [INFO] [task::fsm] idle
[2026-08-11 17:12:21.128619] [INFO] [task::fsm] push_done
[2026-08-11 17:12:21.188501] [INFO] [task::fsm] charging
[2026-08-11 17:24:37.844252] [INFO] [task::fsm] 생성
[2026-08-11 17:24:37.844253] [INFO] [task::fsm] idle
[2026-08-11 17:27:18.528574] [INFO] [task::fsm] 생성
[2026-08-11 17:27:18.528575] [INFO] [task::fsm] idle
[2026-08-11 17:27:18.649874] [INFO] [task::fsm] charging
[2026-08-11 17:27:55.470022] [INFO] [task::fsm] 생성
[2026-08-11 17:27:55.470024] [INFO] [task::fsm] idle
[2026-08-11 17:27:55.591764] [INFO] [task::fsm] charging
[2026-08-11 17:29:23.953401] [INFO] [task::fsm] go_from_done
[2026-08-11 17:29:24.013268] [INFO] [task::fsm] loading
[2026-08-11 17:29:26.049346] [INFO] [task::fsm] loading_done
[2026-08-11 17:30:47.385303] [INFO] [task::fsm] go_to_done
[2026-08-11 17:30:47.445177] [INFO] [task::fsm] unloading
[2026-08-11 17:30:49.480985] [INFO] [task::fsm] unloading_done
[2026-08-11 17:30:49.540799] [INFO] [task::fsm] idle
[2026-08-11 17:32:03.677756] [INFO] [task::fsm] push_done
[2026-08-11 17:32:03.737612] [INFO] [task::fsm] charging
[2026-08-11 17:32:41.384702] [INFO] [task::fsm] discharging
[2026-08-11 17:32:41.404786] [INFO] [task::fsm] idle
[2026-08-11 17:32:41.424760] [INFO] [task::fsm] idle
[2026-08-11 17:34:46.317817] [INFO] [task::fsm] 생성
[2026-08-11 17:34:46.317819] [INFO] [task::fsm] idle
[2026-08-11 17:34:49.874459] [INFO] [task::fsm] charging
[2026-08-11 17:35:34.545766] [INFO] [task::fsm] discharging
[2026-08-11 17:35:34.565676] [INFO] [task::fsm] idle
[2026-08-11 17:35:34.605634] [INFO] [task::fsm] idle
[2026-08-11 17:37:29.604432] [INFO] [task::fsm] charging
[2026-08-11 17:37:48.031972] [INFO] [task::fsm] discharging
[2026-08-11 17:37:48.051907] [INFO] [task::fsm] idle
[2026-08-11 17:37:48.091810] [INFO] [task::fsm] idle
[2026-08-11 17:39:43.103932] [INFO] [task::fsm] charging
[2026-08-11 17:40:01.530371] [INFO] [task::fsm] discharging
[2026-08-11 17:40:01.550294] [INFO] [task::fsm] idle
[2026-08-11 17:40:01.590268] [INFO] [task::fsm] idle
[2026-08-11 17:40:32.818701] [INFO] [task::fsm] 생성
[2026-08-11 17:40:32.818704] [INFO] [task::fsm] idle
[2026-08-11 17:40:32.940262] [INFO] [task::fsm] charging
[2026-08-11 17:41:17.375383] [INFO] [task::fsm] discharging
[2026-08-11 17:41:17.395343] [INFO] [task::fsm] idle
[2026-08-11 17:41:17.435264] [INFO] [task::fsm] idle
[2026-08-11 17:44:21.706651] [INFO] [task::fsm] 생성
[2026-08-11 17:44:21.706680] [INFO] [task::fsm] idle
[2026-08-11 17:44:21.808931] [INFO] [task::fsm] charging
[2026-08-11 17:45:06.247870] [INFO] [task::fsm] discharging
[2026-08-11 17:45:06.267758] [INFO] [task::fsm] idle
[2026-08-11 17:45:06.307747] [INFO] [task::fsm] idle
[2026-08-11 17:45:51.343692] [INFO] [task::fsm] 생성
[2026-08-11 17:45:51.343693] [INFO] [task::fsm] idle
[2026-08-11 17:45:51.465245] [INFO] [task::fsm] charging
[2026-08-11 17:46:35.900477] [INFO] [task::fsm] discharging
[2026-08-11 17:46:35.920434] [INFO] [task::fsm] idle
[2026-08-11 17:46:35.960340] [INFO] [task::fsm] idle
[2026-08-11 17:50:10.552319] [INFO] [task::fsm] 생성
[2026-08-11 17:50:10.552322] [INFO] [task::fsm] idle
[2026-08-11 17:50:10.654635] [INFO] [task::fsm] charging
[2026-08-11 17:50:55.089539] [INFO] [task::fsm] discharging
[2026-08-11 17:50:55.109453] [INFO] [task::fsm] idle
[2026-08-11 17:50:55.149421] [INFO] [task::fsm] idle
[2026-08-11 17:52:50.161809] [INFO] [task::fsm] charging
[2026-08-11 17:53:08.586561] [INFO] [task::fsm] discharging
[2026-08-11 17:53:08.606485] [INFO] [task::fsm] idle
[2026-08-11 17:53:08.646455] [INFO] [task::fsm] idle
[2026-08-11 17:53:43.378329] [INFO] [task::fsm] push_done
[2026-08-11 17:53:43.438216] [INFO] [task::fsm] idle
[2026-08-11 17:56:03.102508] [INFO] [task::fsm] push_done
[2026-08-11 17:56:03.142474] [INFO] [task::fsm] charging
[2026-08-11 17:56:30.907295] [INFO] [task::fsm] discharging
[2026-08-11 17:56:30.927276] [INFO] [task::fsm] idle
[2026-08-11 17:56:30.967184] [INFO] [task::fsm] idle
