[2026-08-11 16:38:01.964652] [INFO] [mediator] 생성
[2026-08-11 16:38:01.989915] [INFO] [mediator] connectors 생성
[2026-08-11 16:38:01.991069] [INFO] [mediator] connector 의존성 주입
[2026-08-11 16:38:01.991077] [INFO] [mediator] any map 등록
[2026-08-11 16:38:01.991086] [INFO] [mediator] any collector 등록
[2026-08-11 16:38:01.991090] [INFO] [mediator] any collector 목록 검사
[2026-08-11 16:40:31.635863] [INFO] [mediator] 생성
[2026-08-11 16:40:31.659162] [INFO] [mediator] connectors 생성
[2026-08-11 16:40:31.660107] [INFO] [mediator] connector 의존성 주입
[2026-08-11 16:40:31.660117] [INFO] [mediator] any map 등록
[2026-08-11 16:40:31.660124] [INFO] [mediator] any collector 등록
[2026-08-11 16:40:31.660127] [INFO] [mediator] any collector 목록 검사
[2026-08-11 16:45:49.983483] [INFO] [mediator] 생성
[2026-08-11 16:45:50.008895] [INFO] [mediator] connectors 생성
[2026-08-11 16:45:50.009918] [INFO] [mediator] connector 의존성 주입
[2026-08-11 16:45:50.009926] [INFO] [mediator] any map 등록
[2026-08-11 16:45:50.009933] [INFO] [mediator] any collector 등록
[2026-08-11 16:45:50.009937] [INFO] [mediator] any collector 목록 검사
[2026-08-11 16:49:24.396421] [INFO] [mediator] 생성
[2026-08-11 16:49:24.421611] [INFO] [mediator] connectors 생성
[2026-08-11 16:49:24.422774] [INFO] [mediator] connector 의존성 주입
[2026-08-11 16:49:24.422782] [INFO] [mediator] any map 등록
[2026-08-11 16:49:24.422790] [INFO] [mediator] any collector 등록
[2026-08-11 16:49:24.422793] [INFO] [mediator] any collector 목록 검사
[2026-08-11 16:49:58.390977] [INFO] [mediator] 생성
[2026-08-11 16:49:58.416320] [INFO] [mediator] connectors 생성
[2026-08-11 16:49:58.417335] [INFO] [mediator] any map 등록
[2026-08-11 16:49:58.417343] [INFO] [mediator] any collector 등록
[2026-08-11 16:49:58.417333] [INFO] [mediator] connector 의존성 주입
[2026-08-11 16:49:58.417345] [INFO] [mediator] any collector 목록 검사
[2026-08-11 16:52:17.133822] [INFO] [mediator] 생성
[2026-08-11 16:52:17.161990] [INFO] [mediator] connectors 생성
[2026-08-11 16:52:17.163263] [INFO] [mediator] connector 의존성 주입
[2026-08-11 16:52:17.163275] [INFO] [mediator] any map 등록
[2026-08-11 16:52:17.163286] [INFO] [mediator] any collector 등록
[2026-08-11 16:52:17.163290] [INFO] [mediator] any collector 목록 검사
[2026-08-11 17:03:34.361898] [INFO] [mediator] 생성
[2026-08-11 17:03:34.398890] [INFO] [mediator] connectors 생성
[2026-08-11 17:03:34.399936] [INFO] [mediator] connector 의존성 주입
[2026-08-11 17:03:34.399944] [INFO] [mediator] any map 등록
[2026-08-11 17:03:34.399950] [INFO] [mediator] any collector 등록
[2026-08-11 17:03:34.399953] [INFO] [mediator] any collector 목록 검사
[2026-08-11 17:24:37.814870] [INFO] [mediator] 생성
[2026-08-11 17:24:37.844382] [INFO] [mediator] connectors 생성
[2026-08-11 17:24:37.845411] [INFO] [mediator] connector 의존성 주입
[2026-08-11 17:24:37.845420] [INFO] [mediator] any map 등록
[2026-08-11 17:24:37.845428] [INFO] [mediator] any collector 등록
[2026-08-11 17:24:37.845431] [INFO] [mediator] any collector 목록 검사
[2026-08-11 17:27:18.498548] [INFO] [mediator] 생성
[2026-08-11 17:27:18.528699] [INFO] [mediator] connectors 생성
[2026-08-11 17:27:18.529680] [INFO] [mediator] connector 의존성 주입
[2026-08-11 17:27:18.529689] [INFO] [mediator] any map 등록
[2026-08-11 17:27:18.529696] [INFO] [mediator] any collector 등록
[2026-08-11 17:27:18.529699] [INFO] [mediator] any collector 목록 검사
[2026-08-11 17:27:55.415611] [INFO] [mediator] 생성
[2026-08-11 17:27:55.470195] [INFO] [mediator] connectors 생성
[2026-08-11 17:27:55.471343] [INFO] [mediator] connector 의존성 주입
[2026-08-11 17:27:55.471350] [INFO] [mediator] any map 등록
[2026-08-11 17:27:55.471357] [INFO] [mediator] any collector 등록
[2026-08-11 17:27:55.471359] [INFO] [mediator] any collector 목록 검사
[2026-08-11 17:34:46.269423] [INFO] [mediator] 생성
[2026-08-11 17:34:46.318037] [INFO] [mediator] connectors 생성
[2026-08-11 17:34:46.319562] [INFO] [mediator] connector 의존성 주입
[2026-08-11 17:34:46.319566] [INFO] [mediator] any map 등록
[2026-08-11 17:34:46.319573] [INFO] [mediator] any collector 등록
[2026-08-11 17:34:46.319576] [INFO] [mediator] any collector 목록 검사
[2026-08-11 17:40:32.788966] [INFO] [mediator] 생성
[2026-08-11 17:40:32.818830] [INFO] [mediator] connectors 생성
[2026-08-11 17:40:32.819844] [INFO] [mediator] any map 등록
[2026-08-11 17:40:32.819839] [INFO] [mediator] connector 의존성 주입
[2026-08-11 17:40:32.819853] [INFO] [mediator] any collector 목록 검사
[2026-08-11 17:40:32.819850] [INFO] [mediator] any collector 등록
[2026-08-11 17:44:21.655910] [INFO] [mediator] 생성
[2026-08-11 17:44:21.706911] [INFO] [mediator] connectors 생성
[2026-08-11 17:44:21.708527] [INFO] [mediator] any map 등록
[2026-08-11 17:44:21.708533] [INFO] [mediator] any collector 등록
[2026-08-11 17:44:21.708524] [INFO] [mediator] connector 의존성 주입
[2026-08-11 17:44:21.708536] [INFO] [mediator] any collector 목록 검사
[2026-08-11 17:45:51.302932] [INFO] [mediator] 생성
[2026-08-11 17:45:51.343833] [INFO] [mediator] connectors 생성
[2026-08-11 17:45:51.344845] [INFO] [mediator] any map 등록
[2026-08-11 17:45:51.344837] [INFO] [mediator] connector 의존성 주입
[2026-08-11 17:45:51.344855] [INFO] [mediator] any collector 목록 검사
[2026-08-11 17:45:51.344853] [INFO] [mediator] any collector 등록
[2026-08-11 17:50:10.514682] [INFO] [mediator] 생성
[2026-08-11 17:50:10.552504] [INFO] [mediator] connectors 생성
[2026-08-11 17:50:10.554107] [INFO] [mediator] any map 등록
[2026-08-11 17:50:10.554104] [INFO] [mediator] connector 의존성 주입
[2026-08-11 17:50:10.554115] [INFO] [mediator] any collector 등록
[2026-08-11 17:50:10.554119] [INFO] [mediator] any collector 목록 검사
