[2026-08-11 16:38:01.963733] [INFO] [mediator] 생성
[2026-08-11 16:38:02.009696] [INFO] [mediator] connectors 생성
[2026-08-11 16:38:02.010650] [INFO] [mediator] connector 의존성 주입
[2026-08-11 16:38:02.010659] [INFO] [mediator] any map 등록
[2026-08-11 16:38:02.010664] [INFO] [mediator] any collector 등록
[2026-08-11 16:38:02.010667] [INFO] [mediator] any collector 목록 검사
[2026-08-11 16:45:49.983237] [INFO] [mediator] 생성
[2026-08-11 16:45:50.026001] [INFO] [mediator] connectors 생성
[2026-08-11 16:45:50.027471] [INFO] [mediator] connector 의존성 주입
[2026-08-11 16:45:50.027485] [INFO] [mediator] any map 등록
[2026-08-11 16:45:50.027499] [INFO] [mediator] any collector 등록
[2026-08-11 16:45:50.027502] [INFO] [mediator] any collector 목록 검사
[2026-08-11 16:49:24.397385] [INFO] [mediator] 생성
[2026-08-11 16:49:24.433494] [INFO] [mediator] connectors 생성
[2026-08-11 16:49:24.434519] [INFO] [mediator] connector 의존성 주입
[2026-08-11 16:49:24.434528] [INFO] [mediator] any map 등록
[2026-08-11 16:49:24.434535] [INFO] [mediator] any collector 등록
[2026-08-11 16:49:24.434538] [INFO] [mediator] any collector 목록 검사
[2026-08-11 16:49:58.390769] [INFO] [mediator] 생성
[2026-08-11 16:49:58.415834] [INFO] [mediator] connectors 생성
[2026-08-11 16:49:58.416930] [INFO] [mediator] any map 등록
[2026-08-11 16:49:58.416927] [INFO] [mediator] connector 의존성 주입
[2026-08-11 16:49:58.416937] [INFO] [mediator] any collector 등록
[2026-08-11 16:49:58.416940] [INFO] [mediator] any collector 목록 검사
[2026-08-11 16:52:17.132829] [INFO] [mediator] 생성
[2026-08-11 16:52:17.177199] [INFO] [mediator] connectors 생성
[2026-08-11 16:52:17.178614] [INFO] [mediator] any map 등록
[2026-08-11 16:52:17.178620] [INFO] [mediator] any collector 등록
[2026-08-11 16:52:17.178611] [INFO] [mediator] connector 의존성 주입
[2026-08-11 16:52:17.178623] [INFO] [mediator] any collector 목록 검사
[2026-08-11 17:03:34.360341] [INFO] [mediator] 생성
[2026-08-11 17:03:34.403799] [INFO] [mediator] connectors 생성
[2026-08-11 17:03:34.405103] [INFO] [mediator] connector 의존성 주입
[2026-08-11 17:03:34.405106] [INFO] [mediator] any map 등록
[2026-08-11 17:03:34.405112] [INFO] [mediator] any collector 등록
[2026-08-11 17:03:34.405116] [INFO] [mediator] any collector 목록 검사
[2026-08-11 17:24:37.816364] [INFO] [mediator] 생성
[2026-08-11 17:24:37.850092] [INFO] [mediator] connectors 생성
[2026-08-11 17:24:37.851555] [INFO] [mediator] any map 등록
[2026-08-11 17:24:37.851552] [INFO] [mediator] connector 의존성 주입
[2026-08-11 17:24:37.851561] [INFO] [mediator] any collector 등록
[2026-08-11 17:24:37.851564] [INFO] [mediator] any collector 목록 검사
[2026-08-11 17:27:18.497067] [INFO] [mediator] 생성
[2026-08-11 17:27:18.536421] [INFO] [mediator] connectors 생성
[2026-08-11 17:27:18.537360] [INFO] [mediator] connector 의존성 주입
[2026-08-11 17:27:18.537366] [INFO] [mediator] any map 등록
[2026-08-11 17:27:18.537372] [INFO] [mediator] any collector 등록
[2026-08-11 17:27:18.537374] [INFO] [mediator] any collector 목록 검사
[2026-08-11 17:27:55.415386] [INFO] [mediator] 생성
[2026-08-11 17:27:55.456075] [INFO] [mediator] connectors 생성
[2026-08-11 17:27:55.457017] [INFO] [mediator] connector 의존성 주입
[2026-08-11 17:27:55.457026] [INFO] [mediator] any map 등록
[2026-08-11 17:27:55.457033] [INFO] [mediator] any collector 등록
[2026-08-11 17:27:55.457035] [INFO] [mediator] any collector 목록 검사
[2026-08-11 17:34:46.268395] [INFO] [mediator] 생성
[2026-08-11 17:34:46.298481] [INFO] [mediator] connectors 생성
[2026-08-11 17:34:46.299476] [INFO] [mediator] connector 의존성 주입
[2026-08-11 17:34:46.299485] [INFO] [mediator] any map 등록
[2026-08-11 17:34:46.299492] [INFO] [mediator] any collector 등록
[2026-08-11 17:34:46.299496] [INFO] [mediator] any collector 목록 검사
[2026-08-11 17:40:32.789244] [INFO] [mediator] 생성
[2026-08-11 17:40:32.837534] [INFO] [mediator] connectors 생성
[2026-08-11 17:40:32.838497] [INFO] [mediator] connector 의존성 주입
[2026-08-11 17:40:32.838504] [INFO] [mediator] any map 등록
[2026-08-11 17:40:32.838511] [INFO] [mediator] any collector 등록
[2026-08-11 17:40:32.838514] [INFO] [mediator] any collector 목록 검사
[2026-08-11 17:44:21.652153] [INFO] [mediator] 생성
[2026-08-11 17:44:21.681260] [INFO] [mediator] connectors 생성
[2026-08-11 17:44:21.682327] [INFO] [mediator] connector 의존성 주입
[2026-08-11 17:44:21.682331] [INFO] [mediator] any map 등록
[2026-08-11 17:44:21.682340] [INFO] [mediator] any collector 등록
[2026-08-11 17:44:21.682344] [INFO] [mediator] any collector 목록 검사
[2026-08-11 17:45:27.763876] [INFO] [mediator] 생성
[2026-08-11 17:45:27.793642] [INFO] [mediator] connectors 생성
[2026-08-11 17:45:27.794736] [INFO] [mediator] connector 의존성 주입
[2026-08-11 17:45:27.794753] [INFO] [mediator] any map 등록
[2026-08-11 17:45:27.794762] [INFO] [mediator] any collector 등록
[2026-08-11 17:45:27.794765] [INFO] [mediator] any collector 목록 검사
[2026-08-11 17:45:51.301733] [INFO] [mediator] 생성
[2026-08-11 17:45:51.352397] [INFO] [mediator] connectors 생성
[2026-08-11 17:45:51.353873] [INFO] [mediator] connector 의존성 주입
[2026-08-11 17:45:51.353885] [INFO] [mediator] any map 등록
[2026-08-11 17:45:51.354286] [INFO] [mediator] any collector 등록
[2026-08-11 17:45:51.354289] [INFO] [mediator] any collector 목록 검사
[2026-08-11 17:50:10.516078] [INFO] [mediator] 생성
[2026-08-11 17:50:10.558404] [INFO] [mediator] connectors 생성
[2026-08-11 17:50:10.559508] [INFO] [mediator] connector 의존성 주입
[2026-08-11 17:50:10.559516] [INFO] [mediator] any collector 등록
[2026-08-11 17:50:10.559518] [INFO] [mediator] any collector 목록 검사
[2026-08-11 17:50:10.559511] [INFO] [mediator] any map 등록
