[2026-08-11 16:38:01.999634] [INFO] [power_system] 생성
[2026-08-11 16:38:01.999733] [INFO] [power_system] 설정 정보 : remaining[40%, 10%, 5%]
[2026-08-11 16:38:02.000104] [INFO] [power_system] 알람 목록 : 
 • [100015, 100001] [INFO] 자동 충전 시작.
 • [100015, 100002] [INFO] 배터리 가득.
 • [100015, 400001] [CRIT] 배터리 남은 양 - 위험
 • [100015, 300001] [ERROR] 배터리 남은 양 - 에러
 • [100015, 200001] [WARN] 배터리 남은 양 - 주의
 • [100015, 100004] [INFO] 자동 충전 해제 완료.
 • [100015, 100003] [INFO] 자동 충전 해제 시작.
[2026-08-11 16:45:50.007405] [INFO] [power_system] 생성
[2026-08-11 16:45:50.007519] [INFO] [power_system] 설정 정보 : remaining[40%, 10%, 5%]
[2026-08-11 16:45:50.007959] [INFO] [power_system] 알람 목록 : 
 • [100015, 100001] [INFO] 자동 충전 시작.
 • [100015, 100002] [INFO] 배터리 가득.
 • [100015, 400001] [CRIT] 배터리 남은 양 - 위험
 • [100015, 300001] [ERROR] 배터리 남은 양 - 에러
 • [100015, 200001] [WARN] 배터리 남은 양 - 주의
 • [100015, 100004] [INFO] 자동 충전 해제 완료.
 • [100015, 100003] [INFO] 자동 충전 해제 시작.
[2026-08-11 16:46:32.627806] [INFO] [power_system] 충전 프로세스 시작
[2026-08-11 16:47:13.670417] [INFO] [power_system] 충전 완료
[2026-08-11 16:47:18.700586] [INFO] [power_system] 충전 해제 완료
[2026-08-11 16:47:18.720480] [INFO] [power_system] 충전 해제 프로세스 시작
[2026-08-11 16:47:42.790033] [INFO] [power_system] 생성
[2026-08-11 16:47:42.790140] [INFO] [power_system] 설정 정보 : remaining[40%, 10%, 5%]
[2026-08-11 16:47:42.790581] [INFO] [power_system] 알람 목록 : 
 • [100015, 100001] [INFO] 자동 충전 시작.
 • [100015, 100002] [INFO] 배터리 가득.
 • [100015, 400001] [CRIT] 배터리 남은 양 - 위험
 • [100015, 300001] [ERROR] 배터리 남은 양 - 에러
 • [100015, 200001] [WARN] 배터리 남은 양 - 주의
 • [100015, 100004] [INFO] 자동 충전 해제 완료.
 • [100015, 100003] [INFO] 자동 충전 해제 시작.
[2026-08-11 16:47:42.890897] [INFO] [power_system] 충전 프로세스 시작
[2026-08-11 16:48:11.480649] [INFO] [power_system] 충전 프로세스 시작
[2026-08-11 16:48:28.390002] [INFO] [power_system] 충전 완료
[2026-08-11 16:48:33.420779] [INFO] [power_system] 충전 해제 완료
[2026-08-11 16:48:33.440677] [INFO] [power_system] 충전 해제 프로세스 시작
[2026-08-11 16:49:24.420956] [INFO] [power_system] 생성
[2026-08-11 16:49:24.421066] [INFO] [power_system] 설정 정보 : remaining[40%, 10%, 5%]
[2026-08-11 16:49:24.421459] [INFO] [power_system] 알람 목록 : 
 • [100015, 100001] [INFO] 자동 충전 시작.
 • [100015, 100002] [INFO] 배터리 가득.
 • [100015, 400001] [CRIT] 배터리 남은 양 - 위험
 • [100015, 300001] [ERROR] 배터리 남은 양 - 에러
 • [100015, 200001] [WARN] 배터리 남은 양 - 주의
 • [100015, 100004] [INFO] 자동 충전 해제 완료.
 • [100015, 100003] [INFO] 자동 충전 해제 시작.
[2026-08-11 16:49:46.532129] [INFO] [power_system] 생성
[2026-08-11 16:49:46.532225] [INFO] [power_system] 설정 정보 : remaining[40%, 10%, 5%]
[2026-08-11 16:49:46.532599] [INFO] [power_system] 알람 목록 : 
 • [100015, 100001] [INFO] 자동 충전 시작.
 • [100015, 100002] [INFO] 배터리 가득.
 • [100015, 400001] [CRIT] 배터리 남은 양 - 위험
 • [100015, 300001] [ERROR] 배터리 남은 양 - 에러
 • [100015, 200001] [WARN] 배터리 남은 양 - 주의
 • [100015, 100004] [INFO] 자동 충전 해제 완료.
 • [100015, 100003] [INFO] 자동 충전 해제 시작.
[2026-08-11 16:49:46.633348] [INFO] [power_system] 충전 프로세스 시작
[2026-08-11 16:52:17.173974] [INFO] [power_system] 생성
[2026-08-11 16:52:17.174126] [INFO] [power_system] 설정 정보 : remaining[40%, 10%, 5%]
[2026-08-11 16:52:17.174772] [INFO] [power_system] 알람 목록 : 
 • [100015, 100001] [INFO] 자동 충전 시작.
 • [100015, 100002] [INFO] 배터리 가득.
 • [100015, 400001] [CRIT] 배터리 남은 양 - 위험
 • [100015, 300001] [ERROR] 배터리 남은 양 - 에러
 • [100015, 200001] [WARN] 배터리 남은 양 - 주의
 • [100015, 100004] [INFO] 자동 충전 해제 완료.
 • [100015, 100003] [INFO] 자동 충전 해제 시작.
[2026-08-11 16:52:24.142173] [INFO] [power_system] 충전 프로세스 시작
[2026-08-11 16:53:04.783106] [INFO] [power_system] 충전 완료
[2026-08-11 16:53:09.813337] [INFO] [power_system] 충전 해제 완료
[2026-08-11 16:53:09.833261] [INFO] [power_system] 충전 해제 프로세스 시작
[2026-08-11 16:55:19.384948] [INFO] [power_system] 충전 프로세스 시작
[2026-08-11 16:55:50.045444] [INFO] [power_system] 충전 완료
[2026-08-11 16:55:55.076316] [INFO] [power_system] 충전 해제 완료
[2026-08-11 16:55:55.096240] [INFO] [power_system] 충전 해제 프로세스 시작
[2026-08-11 16:56:50.149786] [INFO] [power_system] 충전 프로세스 시작
[2026-08-11 16:57:03.861514] [INFO] [power_system] 충전 완료
[2026-08-11 16:57:08.892309] [INFO] [power_system] 충전 해제 완료
[2026-08-11 16:57:08.912336] [INFO] [power_system] 충전 해제 프로세스 시작
[2026-08-11 16:58:03.963584] [INFO] [power_system] 충전 프로세스 시작
[2026-08-11 16:58:17.676052] [INFO] [power_system] 충전 완료
[2026-08-11 16:58:22.706022] [INFO] [power_system] 충전 해제 완료
[2026-08-11 16:58:22.726009] [INFO] [power_system] 충전 해제 프로세스 시작
[2026-08-11 16:59:17.797187] [INFO] [power_system] 충전 프로세스 시작
[2026-08-11 16:59:31.530383] [INFO] [power_system] 충전 완료
[2026-08-11 16:59:36.560456] [INFO] [power_system] 충전 해제 완료
[2026-08-11 16:59:36.580436] [INFO] [power_system] 충전 해제 프로세스 시작
[2026-08-11 17:00:31.633155] [INFO] [power_system] 충전 프로세스 시작
[2026-08-11 17:00:45.345591] [INFO] [power_system] 충전 완료
[2026-08-11 17:00:50.375761] [INFO] [power_system] 충전 해제 완료
[2026-08-11 17:00:50.395798] [INFO] [power_system] 충전 해제 프로세스 시작
[2026-08-11 17:01:45.466698] [INFO] [power_system] 충전 프로세스 시작
[2026-08-11 17:01:59.199734] [INFO] [power_system] 충전 완료
[2026-08-11 17:02:04.230148] [INFO] [power_system] 충전 해제 완료
[2026-08-11 17:02:04.250113] [INFO] [power_system] 충전 해제 프로세스 시작
[2026-08-11 17:03:34.397370] [INFO] [power_system] 생성
[2026-08-11 17:03:34.397521] [INFO] [power_system] 설정 정보 : remaining[40%, 10%, 5%]
[2026-08-11 17:03:34.398153] [INFO] [power_system] 알람 목록 : 
 • [100015, 100001] [INFO] 자동 충전 시작.
 • [100015, 100002] [INFO] 배터리 가득.
 • [100015, 400001] [CRIT] 배터리 남은 양 - 위험
 • [100015, 300001] [ERROR] 배터리 남은 양 - 에러
 • [100015, 200001] [WARN] 배터리 남은 양 - 주의
 • [100015, 100004] [INFO] 자동 충전 해제 완료.
 • [100015, 100003] [INFO] 자동 충전 해제 시작.
[2026-08-11 17:03:35.656424] [INFO] [power_system] 충전 프로세스 시작
[2026-08-11 17:04:15.539261] [INFO] [power_system] 충전 완료
[2026-08-11 17:04:20.569233] [INFO] [power_system] 충전 해제 완료
[2026-08-11 17:04:20.589160] [INFO] [power_system] 충전 해제 프로세스 시작
[2026-08-11 17:05:15.660586] [INFO] [power_system] 충전 프로세스 시작
[2026-08-11 17:05:29.393762] [INFO] [power_system] 충전 완료
[2026-08-11 17:05:34.423457] [INFO] [power_system] 충전 해제 완료
[2026-08-11 17:05:34.443483] [INFO] [power_system] 충전 해제 프로세스 시작
[2026-08-11 17:06:29.512982] [INFO] [power_system] 충전 프로세스 시작
[2026-08-11 17:06:43.245734] [INFO] [power_system] 충전 완료
[2026-08-11 17:06:48.275831] [INFO] [power_system] 충전 해제 완료
[2026-08-11 17:06:48.295808] [INFO] [power_system] 충전 해제 프로세스 시작
[2026-08-11 17:07:43.384651] [INFO] [power_system] 충전 프로세스 시작
[2026-08-11 17:07:57.117202] [INFO] [power_system] 충전 완료
[2026-08-11 17:08:02.147313] [INFO] [power_system] 충전 해제 완료
[2026-08-11 17:08:02.167268] [INFO] [power_system] 충전 해제 프로세스 시작
[2026-08-11 17:10:05.290399] [INFO] [power_system] 충전 프로세스 시작
[2026-08-11 17:10:37.107806] [INFO] [power_system] 충전 완료
[2026-08-11 17:12:18.153102] [INFO] [power_system] 충전 프로세스 시작
