[2026-08-11 16:38:01.997521] [INFO] [task::fsm] 생성
[2026-08-11 16:38:01.997523] [INFO] [task::fsm] idle
[2026-08-11 16:40:31.665087] [INFO] [task::fsm] 생성
[2026-08-11 16:40:31.665088] [INFO] [task::fsm] idle
[2026-08-11 16:42:03.856322] [INFO] [task::fsm] charging
[2026-08-11 16:42:38.916074] [INFO] [task::fsm] discharging
[2026-08-11 16:42:38.936035] [INFO] [task::fsm] idle
[2026-08-11 16:42:59.124393] [INFO] [task::fsm] idle
[2026-08-11 16:43:49.716466] [INFO] [task::fsm] push_done
[2026-08-11 16:43:49.776347] [INFO] [task::fsm] idle
[2026-08-11 16:44:37.750670] [INFO] [task::fsm] push_done
[2026-08-11 16:44:37.810518] [INFO] [task::fsm] charging
[2026-08-11 16:45:12.769604] [INFO] [task::fsm] discharging
[2026-08-11 16:45:12.789599] [INFO] [task::fsm] idle
[2026-08-11 16:45:12.809565] [INFO] [task::fsm] idle
[2026-08-11 16:45:50.022492] [INFO] [task::fsm] 생성
[2026-08-11 16:45:50.022493] [INFO] [task::fsm] idle
[2026-08-11 16:45:50.044608] [INFO] [task::fsm] idle
[2026-08-11 16:45:50.124456] [INFO] [task::fsm] charging
[2026-08-11 16:46:12.904197] [INFO] [task::fsm] discharging
[2026-08-11 16:46:12.924137] [INFO] [task::fsm] idle
[2026-08-11 16:46:12.964081] [INFO] [task::fsm] idle
[2026-08-11 16:47:07.961549] [INFO] [task::fsm] charging
[2026-08-11 16:47:26.724465] [INFO] [task::fsm] discharging
[2026-08-11 16:47:26.744480] [INFO] [task::fsm] idle
[2026-08-11 16:47:26.764427] [INFO] [task::fsm] idle
[2026-08-11 16:49:24.426512] [INFO] [task::fsm] 생성
[2026-08-11 16:49:24.426513] [INFO] [task::fsm] idle
[2026-08-11 16:49:24.527805] [INFO] [task::fsm] charging
[2026-08-11 16:49:58.433096] [INFO] [task::fsm] 생성
[2026-08-11 16:49:58.433097] [INFO] [task::fsm] idle
[2026-08-11 16:50:00.411081] [INFO] [task::fsm] charging
[2026-08-11 16:50:23.429387] [INFO] [task::fsm] discharging
[2026-08-11 16:50:23.449370] [INFO] [task::fsm] idle
[2026-08-11 16:50:23.489285] [INFO] [task::fsm] idle
[2026-08-11 16:51:05.430620] [INFO] [task::fsm] push_done
[2026-08-11 16:51:05.490522] [INFO] [task::fsm] idle
[2026-08-11 16:51:43.317165] [INFO] [task::fsm] push_done
[2026-08-11 16:51:43.377039] [INFO] [task::fsm] charging
[2026-08-11 16:52:17.168403] [INFO] [task::fsm] 생성
[2026-08-11 16:52:17.168404] [INFO] [task::fsm] idle
[2026-08-11 16:52:24.156514] [INFO] [task::fsm] charging
[2026-08-11 16:52:47.850611] [INFO] [task::fsm] discharging
[2026-08-11 16:52:47.870562] [INFO] [task::fsm] idle
[2026-08-11 16:52:47.910491] [INFO] [task::fsm] idle
[2026-08-11 16:53:42.904501] [INFO] [task::fsm] charging
[2026-08-11 16:54:13.606446] [INFO] [task::fsm] push_done
[2026-08-11 16:54:13.666340] [INFO] [task::fsm] idle
[2026-08-11 16:54:59.260355] [INFO] [task::fsm] push_done
[2026-08-11 16:54:59.320248] [INFO] [task::fsm] charging
[2026-08-11 16:55:32.216319] [INFO] [task::fsm] discharging
[2026-08-11 16:55:32.236292] [INFO] [task::fsm] idle
[2026-08-11 16:55:32.276199] [INFO] [task::fsm] idle
[2026-08-11 16:56:27.267933] [INFO] [task::fsm] charging
[2026-08-11 16:56:46.030868] [INFO] [task::fsm] discharging
[2026-08-11 16:56:46.050867] [INFO] [task::fsm] idle
[2026-08-11 16:56:46.070805] [INFO] [task::fsm] idle
[2026-08-11 16:57:41.104322] [INFO] [task::fsm] charging
[2026-08-11 16:57:59.886559] [INFO] [task::fsm] discharging
[2026-08-11 16:57:59.906516] [INFO] [task::fsm] idle
[2026-08-11 16:57:59.946432] [INFO] [task::fsm] idle
[2026-08-11 16:58:54.957463] [INFO] [task::fsm] charging
[2026-08-11 16:59:55.019860] [INFO] [task::fsm] push_done
[2026-08-11 16:59:55.079777] [INFO] [task::fsm] idle
[2026-08-11 17:01:06.957863] [INFO] [task::fsm] push_done
[2026-08-11 17:01:07.017704] [INFO] [task::fsm] charging
[2026-08-11 17:01:42.506602] [INFO] [task::fsm] discharging
[2026-08-11 17:01:42.526570] [INFO] [task::fsm] idle
[2026-08-11 17:01:42.566481] [INFO] [task::fsm] idle
[2026-08-11 17:02:37.575867] [INFO] [task::fsm] charging
[2026-08-11 17:02:56.358487] [INFO] [task::fsm] discharging
[2026-08-11 17:02:56.378399] [INFO] [task::fsm] idle
[2026-08-11 17:02:56.418360] [INFO] [task::fsm] idle
[2026-08-11 17:03:34.410487] [INFO] [task::fsm] 생성
[2026-08-11 17:03:34.410489] [INFO] [task::fsm] idle
[2026-08-11 17:03:35.670365] [INFO] [task::fsm] charging
[2026-08-11 17:03:58.604540] [INFO] [task::fsm] discharging
[2026-08-11 17:03:58.624467] [INFO] [task::fsm] idle
[2026-08-11 17:03:58.664461] [INFO] [task::fsm] idle
[2026-08-11 17:04:53.657273] [INFO] [task::fsm] charging
[2026-08-11 17:05:12.420181] [INFO] [task::fsm] discharging
[2026-08-11 17:05:12.440134] [INFO] [task::fsm] idle
[2026-08-11 17:05:12.480045] [INFO] [task::fsm] idle
[2026-08-11 17:06:07.490117] [INFO] [task::fsm] charging
[2026-08-11 17:06:26.272642] [INFO] [task::fsm] discharging
[2026-08-11 17:06:26.292550] [INFO] [task::fsm] idle
[2026-08-11 17:06:26.332530] [INFO] [task::fsm] idle
[2026-08-11 17:07:21.361667] [INFO] [task::fsm] charging
[2026-08-11 17:08:13.797012] [INFO] [task::fsm] push_done
[2026-08-11 17:08:13.856887] [INFO] [task::fsm] idle
[2026-08-11 17:09:23.899372] [INFO] [task::fsm] push_done
[2026-08-11 17:09:23.939345] [INFO] [task::fsm] charging
[2026-08-11 17:09:56.656773] [INFO] [task::fsm] discharging
[2026-08-11 17:09:56.676680] [INFO] [task::fsm] idle
[2026-08-11 17:09:56.716668] [INFO] [task::fsm] idle
[2026-08-11 17:10:51.708573] [INFO] [task::fsm] charging
[2026-08-11 17:11:10.471905] [INFO] [task::fsm] discharging
[2026-08-11 17:11:10.491858] [INFO] [task::fsm] idle
[2026-08-11 17:11:10.531778] [INFO] [task::fsm] idle
[2026-08-11 17:11:25.743260] [INFO] [task::fsm] idle
[2026-08-11 17:12:05.544234] [INFO] [task::fsm] charging
[2026-08-11 17:12:24.327958] [INFO] [task::fsm] discharging
[2026-08-11 17:12:24.347878] [INFO] [task::fsm] idle
[2026-08-11 17:12:24.387799] [INFO] [task::fsm] idle
[2026-08-11 17:24:37.849711] [INFO] [task::fsm] 생성
[2026-08-11 17:24:37.849713] [INFO] [task::fsm] idle
[2026-08-11 17:27:18.533538] [INFO] [task::fsm] 생성
[2026-08-11 17:27:18.533539] [INFO] [task::fsm] idle
[2026-08-11 17:27:18.634959] [INFO] [task::fsm] charging
[2026-08-11 17:27:55.448473] [INFO] [task::fsm] 생성
[2026-08-11 17:27:55.448474] [INFO] [task::fsm] idle
[2026-08-11 17:27:55.549772] [INFO] [task::fsm] charging
[2026-08-11 17:28:18.327582] [INFO] [task::fsm] discharging
[2026-08-11 17:28:18.347532] [INFO] [task::fsm] idle
[2026-08-11 17:28:18.387487] [INFO] [task::fsm] idle
[2026-08-11 17:29:40.249655] [INFO] [task::fsm] go_from_done
[2026-08-11 17:29:40.289814] [INFO] [task::fsm] loading
[2026-08-11 17:29:42.325741] [INFO] [task::fsm] loading_done
[2026-08-11 17:31:03.868262] [INFO] [task::fsm] go_to_done
[2026-08-11 17:31:03.928160] [INFO] [task::fsm] unloading
[2026-08-11 17:31:05.964342] [INFO] [task::fsm] unloading_done
[2026-08-11 17:31:06.024229] [INFO] [task::fsm] idle
[2026-08-11 17:32:26.448805] [INFO] [task::fsm] push_done
[2026-08-11 17:32:26.508689] [INFO] [task::fsm] charging
[2026-08-11 17:33:12.599158] [INFO] [task::fsm] discharging
[2026-08-11 17:33:12.619116] [INFO] [task::fsm] idle
[2026-08-11 17:33:12.659025] [INFO] [task::fsm] idle
[2026-08-11 17:34:07.651359] [INFO] [task::fsm] charging
[2026-08-11 17:40:32.843184] [INFO] [task::fsm] 생성
[2026-08-11 17:40:32.843186] [INFO] [task::fsm] idle
[2026-08-11 17:40:32.964653] [INFO] [task::fsm] charging
[2026-08-11 17:41:36.101302] [INFO] [task::fsm] push_done
[2026-08-11 17:41:36.161161] [INFO] [task::fsm] charging
[2026-08-11 17:41:56.623067] [INFO] [task::fsm] discharging
[2026-08-11 17:41:56.643011] [INFO] [task::fsm] idle
[2026-08-11 17:41:56.682953] [INFO] [task::fsm] idle
[2026-08-11 17:44:21.690913] [INFO] [task::fsm] 생성
[2026-08-11 17:44:21.690914] [INFO] [task::fsm] idle
[2026-08-11 17:44:21.812491] [INFO] [task::fsm] charging
[2026-08-11 17:44:44.592162] [INFO] [task::fsm] discharging
[2026-08-11 17:44:44.612119] [INFO] [task::fsm] idle
[2026-08-11 17:44:44.652055] [INFO] [task::fsm] idle
[2026-08-11 17:45:51.336356] [INFO] [task::fsm] 생성
[2026-08-11 17:45:51.336357] [INFO] [task::fsm] idle
[2026-08-11 17:45:51.458009] [INFO] [task::fsm] charging
[2026-08-11 17:46:14.240410] [INFO] [task::fsm] discharging
[2026-08-11 17:46:14.260390] [INFO] [task::fsm] idle
[2026-08-11 17:46:14.300323] [INFO] [task::fsm] idle
[2026-08-11 17:50:10.570227] [INFO] [task::fsm] 생성
[2026-08-11 17:50:10.570229] [INFO] [task::fsm] idle
[2026-08-11 17:50:10.691875] [INFO] [task::fsm] charging
[2026-08-11 17:50:33.468423] [INFO] [task::fsm] discharging
[2026-08-11 17:50:33.488384] [INFO] [task::fsm] idle
[2026-08-11 17:50:33.528328] [INFO] [task::fsm] idle
[2026-08-11 17:51:28.539823] [INFO] [task::fsm] charging
[2026-08-11 17:51:47.322206] [INFO] [task::fsm] discharging
[2026-08-11 17:51:47.342125] [INFO] [task::fsm] idle
[2026-08-11 17:51:47.382087] [INFO] [task::fsm] idle
[2026-08-11 17:52:42.378405] [INFO] [task::fsm] charging
[2026-08-11 17:53:01.140507] [INFO] [task::fsm] discharging
[2026-08-11 17:53:01.160452] [INFO] [task::fsm] idle
[2026-08-11 17:53:01.200367] [INFO] [task::fsm] idle
[2026-08-11 17:53:56.214368] [INFO] [task::fsm] charging
[2026-08-11 17:54:45.180341] [INFO] [task::fsm] push_done
[2026-08-11 17:54:45.240225] [INFO] [task::fsm] idle
[2026-08-11 17:57:03.178754] [INFO] [task::fsm] push_done
[2026-08-11 17:57:03.238610] [INFO] [task::fsm] charging
