[2026-08-11 16:38:02.009577] [INFO] [task::fsm] 생성
[2026-08-11 16:38:02.009578] [INFO] [task::fsm] idle
[2026-08-11 16:45:50.025749] [INFO] [task::fsm] 생성
[2026-08-11 16:45:50.025750] [INFO] [task::fsm] idle
[2026-08-11 16:45:50.127844] [INFO] [task::fsm] charging
[2026-08-11 16:46:34.903557] [INFO] [task::fsm] discharging
[2026-08-11 16:46:34.923506] [INFO] [task::fsm] idle
[2026-08-11 16:46:34.963439] [INFO] [task::fsm] idle
[2026-08-11 16:47:29.985708] [INFO] [task::fsm] charging
[2026-08-11 16:49:24.433358] [INFO] [task::fsm] 생성
[2026-08-11 16:49:24.433359] [INFO] [task::fsm] idle
[2026-08-11 16:49:24.534784] [INFO] [task::fsm] charging
[2026-08-11 16:49:58.415652] [INFO] [task::fsm] 생성
[2026-08-11 16:49:58.415653] [INFO] [task::fsm] idle
[2026-08-11 16:50:00.414078] [INFO] [task::fsm] charging
[2026-08-11 16:50:47.446773] [INFO] [task::fsm] push_done
[2026-08-11 16:50:47.486749] [INFO] [task::fsm] idle
[2026-08-11 16:51:32.729599] [INFO] [task::fsm] push_done
[2026-08-11 16:51:32.809477] [INFO] [task::fsm] charging
[2026-08-11 16:52:17.177025] [INFO] [task::fsm] 생성
[2026-08-11 16:52:17.177026] [INFO] [task::fsm] idle
[2026-08-11 16:52:24.147049] [INFO] [task::fsm] charging
[2026-08-11 16:53:09.438584] [INFO] [task::fsm] discharging
[2026-08-11 16:53:09.458588] [INFO] [task::fsm] idle
[2026-08-11 16:53:09.478560] [INFO] [task::fsm] idle
[2026-08-11 16:54:28.665243] [INFO] [task::fsm] push_done
[2026-08-11 16:54:28.725252] [INFO] [task::fsm] idle
[2026-08-11 16:54:56.013511] [INFO] [task::fsm] push_done
[2026-08-11 16:54:56.073405] [INFO] [task::fsm] charging
[2026-08-11 16:55:25.993311] [INFO] [task::fsm] discharging
[2026-08-11 16:55:26.013317] [INFO] [task::fsm] idle
[2026-08-11 16:55:26.033244] [INFO] [task::fsm] idle
[2026-08-11 16:56:21.049312] [INFO] [task::fsm] charging
[2026-08-11 16:56:39.811770] [INFO] [task::fsm] discharging
[2026-08-11 16:56:39.831673] [INFO] [task::fsm] idle
[2026-08-11 16:56:39.871634] [INFO] [task::fsm] idle
[2026-08-11 16:57:34.902564] [INFO] [task::fsm] charging
[2026-08-11 16:57:53.684524] [INFO] [task::fsm] discharging
[2026-08-11 16:57:53.704486] [INFO] [task::fsm] idle
[2026-08-11 16:57:53.744390] [INFO] [task::fsm] idle
[2026-08-11 16:58:48.758022] [INFO] [task::fsm] charging
[2026-08-11 16:59:07.541693] [INFO] [task::fsm] discharging
[2026-08-11 16:59:07.561608] [INFO] [task::fsm] idle
[2026-08-11 16:59:07.601596] [INFO] [task::fsm] idle
[2026-08-11 17:00:02.632447] [INFO] [task::fsm] charging
[2026-08-11 17:00:21.416182] [INFO] [task::fsm] discharging
[2026-08-11 17:00:21.436150] [INFO] [task::fsm] idle
[2026-08-11 17:00:21.476062] [INFO] [task::fsm] idle
[2026-08-11 17:01:16.488471] [INFO] [task::fsm] charging
[2026-08-11 17:01:35.271980] [INFO] [task::fsm] discharging
[2026-08-11 17:01:35.291869] [INFO] [task::fsm] idle
[2026-08-11 17:01:35.331796] [INFO] [task::fsm] idle
[2026-08-11 17:02:30.342917] [INFO] [task::fsm] charging
[2026-08-11 17:02:49.124540] [INFO] [task::fsm] discharging
[2026-08-11 17:02:49.144550] [INFO] [task::fsm] idle
[2026-08-11 17:02:49.164496] [INFO] [task::fsm] idle
[2026-08-11 17:03:34.403622] [INFO] [task::fsm] 생성
[2026-08-11 17:03:34.403624] [INFO] [task::fsm] idle
[2026-08-11 17:03:35.663422] [INFO] [task::fsm] charging
[2026-08-11 17:04:20.597254] [INFO] [task::fsm] discharging
[2026-08-11 17:04:20.617264] [INFO] [task::fsm] idle
[2026-08-11 17:04:20.637239] [INFO] [task::fsm] idle
[2026-08-11 17:05:15.648786] [INFO] [task::fsm] charging
[2026-08-11 17:05:34.414342] [INFO] [task::fsm] discharging
[2026-08-11 17:05:34.434313] [INFO] [task::fsm] idle
[2026-08-11 17:05:34.474237] [INFO] [task::fsm] idle
[2026-08-11 17:06:29.466212] [INFO] [task::fsm] charging
[2026-08-11 17:06:48.228141] [INFO] [task::fsm] discharging
[2026-08-11 17:06:48.248161] [INFO] [task::fsm] idle
[2026-08-11 17:06:48.268104] [INFO] [task::fsm] idle
[2026-08-11 17:07:43.280327] [INFO] [task::fsm] charging
[2026-08-11 17:08:02.043946] [INFO] [task::fsm] discharging
[2026-08-11 17:08:02.063867] [INFO] [task::fsm] idle
[2026-08-11 17:08:02.103803] [INFO] [task::fsm] idle
[2026-08-11 17:08:57.097620] [INFO] [task::fsm] charging
[2026-08-11 17:09:15.861311] [INFO] [task::fsm] discharging
[2026-08-11 17:09:15.881345] [INFO] [task::fsm] idle
[2026-08-11 17:09:15.901305] [INFO] [task::fsm] idle
[2026-08-11 17:10:10.933020] [INFO] [task::fsm] charging
[2026-08-11 17:10:29.715248] [INFO] [task::fsm] discharging
[2026-08-11 17:10:29.735212] [INFO] [task::fsm] idle
[2026-08-11 17:10:29.775147] [INFO] [task::fsm] idle
[2026-08-11 17:11:25.747047] [INFO] [task::fsm] idle
[2026-08-11 17:11:25.806898] [INFO] [task::fsm] charging
[2026-08-11 17:11:44.710415] [INFO] [task::fsm] discharging
[2026-08-11 17:11:44.730430] [INFO] [task::fsm] idle
[2026-08-11 17:11:44.750415] [INFO] [task::fsm] idle
[2026-08-11 17:12:38.744479] [INFO] [task::fsm] push_done
[2026-08-11 17:12:38.804360] [INFO] [task::fsm] idle
