[2026-08-11 16:38:01.959704] [INFO] [framework] 프로그램 시작
[2026-08-11 16:38:01.959710] [WARNING] [framework] 프로그램 시작
[2026-08-11 16:38:01.959711] [CRITICAL] [framework] 프로그램 시작
[2026-08-11 16:38:01.959711] [INFO] [framework] 설정 파일 위치 : ../configs/robot_1
[2026-08-11 16:38:01.959881] [INFO] [framework] ID[0, 1], 이름[김첫째], 제어주기[20ms], 버젼[], 장소[우리집], 환경모드[simulation]
[2026-08-11 16:38:02.003958] [INFO] [framework] after init 실행
[2026-08-11 16:38:02.004401] [INFO] [framework] 제어 쓰레드 시작
[2026-08-11 16:40:31.632071] [INFO] [framework] 프로그램 시작
[2026-08-11 16:40:31.632079] [CRITICAL] [framework] 프로그램 시작
[2026-08-11 16:40:31.632077] [WARNING] [framework] 프로그램 시작
[2026-08-11 16:40:31.632079] [INFO] [framework] 설정 파일 위치 : ../configs/robot_1
[2026-08-11 16:40:31.632247] [INFO] [framework] ID[0, 1], 이름[김첫째], 제어주기[20ms], 버젼[], 장소[우리집], 환경모드[simulation]
[2026-08-11 16:40:31.675177] [INFO] [framework] after init 실행
[2026-08-11 16:40:31.675602] [INFO] [framework] 제어 쓰레드 시작
[2026-08-11 16:45:49.978929] [INFO] [framework] 프로그램 시작
[2026-08-11 16:45:49.978937] [CRITICAL] [framework] 프로그램 시작
[2026-08-11 16:45:49.978935] [WARNING] [framework] 프로그램 시작
[2026-08-11 16:45:49.978938] [INFO] [framework] 설정 파일 위치 : ../configs/robot_1
[2026-08-11 16:45:49.979119] [INFO] [framework] ID[0, 1], 이름[김첫째], 제어주기[20ms], 버젼[], 장소[우리집], 환경모드[simulation]
[2026-08-11 16:45:50.023608] [INFO] [framework] after init 실행
[2026-08-11 16:45:50.024002] [INFO] [framework] 제어 쓰레드 시작
[2026-08-11 16:47:42.759995] [INFO] [framework] 프로그램 시작
[2026-08-11 16:47:42.759999] [WARNING] [framework] 프로그램 시작
[2026-08-11 16:47:42.760002] [INFO] [framework] 설정 파일 위치 : ../configs/robot_1
[2026-08-11 16:47:42.760001] [CRITICAL] [framework] 프로그램 시작
[2026-08-11 16:47:42.760142] [INFO] [framework] ID[0, 1], 이름[김첫째], 제어주기[20ms], 버젼[], 장소[우리집], 환경모드[simulation]
[2026-08-11 16:47:42.787518] [INFO] [framework] after init 실행
[2026-08-11 16:47:42.787806] [INFO] [framework] 제어 쓰레드 시작
[2026-08-11 16:49:24.392715] [INFO] [framework] 프로그램 시작
[2026-08-11 16:49:24.392729] [CRITICAL] [framework] 프로그램 시작
[2026-08-11 16:49:24.392721] [WARNING] [framework] 프로그램 시작
[2026-08-11 16:49:24.392730] [INFO] [framework] 설정 파일 위치 : ../configs/robot_1
[2026-08-11 16:49:24.392905] [INFO] [framework] ID[0, 1], 이름[김첫째], 제어주기[20ms], 버젼[], 장소[우리집], 환경모드[simulation]
[2026-08-11 16:49:24.437664] [INFO] [framework] after init 실행
[2026-08-11 16:49:24.438056] [INFO] [framework] 제어 쓰레드 시작
[2026-08-11 16:49:46.485253] [INFO] [framework] 프로그램 시작
[2026-08-11 16:49:46.485258] [WARNING] [framework] 프로그램 시작
[2026-08-11 16:49:46.485262] [INFO] [framework] 설정 파일 위치 : ../configs/robot_1
[2026-08-11 16:49:46.485262] [CRITICAL] [framework] 프로그램 시작
[2026-08-11 16:49:46.485428] [INFO] [framework] ID[0, 1], 이름[김첫째], 제어주기[20ms], 버젼[], 장소[우리집], 환경모드[simulation]
[2026-08-11 16:49:46.530842] [INFO] [framework] after init 실행
[2026-08-11 16:49:46.531102] [INFO] [framework] 제어 쓰레드 시작
[2026-08-11 16:49:58.385865] [INFO] [framework] 프로그램 시작
[2026-08-11 16:49:58.385874] [CRITICAL] [framework] 프로그램 시작
[2026-08-11 16:49:58.385871] [WARNING] [framework] 프로그램 시작
[2026-08-11 16:52:17.126411] [INFO] [framework] 프로그램 시작
[2026-08-11 16:52:17.126416] [CRITICAL] [framework] 프로그램 시작
[2026-08-11 16:52:17.126415] [WARNING] [framework] 프로그램 시작
[2026-08-11 16:52:17.126530] [INFO] [framework] ID[0, 1], 이름[김첫째], 제어주기[20ms], 버젼[], 장소[우리집], 환경모드[simulation]
[2026-08-11 16:52:17.126416] [INFO] [framework] 설정 파일 위치 : ../configs/robot_1
[2026-08-11 16:52:17.152768] [INFO] [framework] after init 실행
[2026-08-11 16:52:17.153038] [INFO] [framework] 제어 쓰레드 시작
[2026-08-11 17:03:34.355552] [INFO] [framework] 프로그램 시작
[2026-08-11 17:03:34.355561] [CRITICAL] [framework] 프로그램 시작
[2026-08-11 17:03:34.355559] [WARNING] [framework] 프로그램 시작
[2026-08-11 17:03:34.355748] [INFO] [framework] ID[0, 1], 이름[김첫째], 제어주기[20ms], 버젼[], 장소[우리집], 환경모드[simulation]
[2026-08-11 17:03:34.355562] [INFO] [framework] 설정 파일 위치 : ../configs/robot_1
[2026-08-11 17:03:34.396911] [INFO] [framework] after init 실행
[2026-08-11 17:03:34.397186] [INFO] [framework] 제어 쓰레드 시작
