[2026-08-11 16:38:01.964496] [INFO] [framework] 프로그램 시작
[2026-08-11 16:38:01.964499] [WARNING] [framework] 프로그램 시작
[2026-08-11 16:38:01.964500] [CRITICAL] [framework] 프로그램 시작
[2026-08-11 16:38:01.964501] [INFO] [framework] 설정 파일 위치 : ../configs/robot_6
[2026-08-11 16:38:01.964604] [INFO] [framework] ID[0, 6], 이름[양식스], 제어주기[20ms], 버젼[], 장소[우리집], 환경모드[simulation]
[2026-08-11 16:38:01.991135] [INFO] [framework] after init 실행
[2026-08-11 16:38:01.991413] [INFO] [framework] 제어 쓰레드 시작
[2026-08-11 16:40:31.635753] [INFO] [framework] 프로그램 시작
[2026-08-11 16:40:31.635758] [CRITICAL] [framework] 프로그램 시작
[2026-08-11 16:40:31.635757] [WARNING] [framework] 프로그램 시작
[2026-08-11 16:40:31.635759] [INFO] [framework] 설정 파일 위치 : ../configs/robot_6
[2026-08-11 16:40:31.635849] [INFO] [framework] ID[0, 6], 이름[양식스], 제어주기[20ms], 버젼[], 장소[우리집], 환경모드[simulation]
[2026-08-11 16:40:31.660168] [INFO] [framework] after init 실행
[2026-08-11 16:40:31.660511] [INFO] [framework] 제어 쓰레드 시작
[2026-08-11 16:45:49.983346] [INFO] [framework] 프로그램 시작
[2026-08-11 16:45:49.983349] [WARNING] [framework] 프로그램 시작
[2026-08-11 16:45:49.983351] [INFO] [framework] 설정 파일 위치 : ../configs/robot_6
[2026-08-11 16:45:49.983350] [CRITICAL] [framework] 프로그램 시작
[2026-08-11 16:45:49.983462] [INFO] [framework] ID[0, 6], 이름[양식스], 제어주기[20ms], 버젼[], 장소[우리집], 환경모드[simulation]
[2026-08-11 16:45:50.009984] [INFO] [framework] after init 실행
[2026-08-11 16:45:50.010384] [INFO] [framework] 제어 쓰레드 시작
[2026-08-11 16:47:42.766634] [INFO] [framework] 프로그램 시작
[2026-08-11 16:47:42.766639] [WARNING] [framework] 프로그램 시작
[2026-08-11 16:47:42.766641] [INFO] [framework] 설정 파일 위치 : ../configs/robot_6
[2026-08-11 16:47:42.766640] [CRITICAL] [framework] 프로그램 시작
[2026-08-11 16:49:24.396263] [INFO] [framework] 프로그램 시작
[2026-08-11 16:49:24.396267] [WARNING] [framework] 프로그램 시작
[2026-08-11 16:49:24.396269] [INFO] [framework] 설정 파일 위치 : ../configs/robot_6
[2026-08-11 16:49:24.396269] [CRITICAL] [framework] 프로그램 시작
[2026-08-11 16:49:24.396397] [INFO] [framework] ID[0, 6], 이름[양식스], 제어주기[20ms], 버젼[], 장소[우리집], 환경모드[simulation]
[2026-08-11 16:49:24.422850] [INFO] [framework] after init 실행
[2026-08-11 16:49:24.423186] [INFO] [framework] 제어 쓰레드 시작
[2026-08-11 16:49:46.488996] [INFO] [framework] 프로그램 시작
[2026-08-11 16:49:46.489002] [WARNING] [framework] 프로그램 시작
[2026-08-11 16:49:46.489004] [CRITICAL] [framework] 프로그램 시작
[2026-08-11 16:49:58.390849] [INFO] [framework] 프로그램 시작
[2026-08-11 16:49:58.390852] [WARNING] [framework] 프로그램 시작
[2026-08-11 16:49:58.390854] [INFO] [framework] 설정 파일 위치 : ../configs/robot_6
[2026-08-11 16:49:58.390853] [CRITICAL] [framework] 프로그램 시작
[2026-08-11 16:49:58.390960] [INFO] [framework] ID[0, 6], 이름[양식스], 제어주기[20ms], 버젼[], 장소[우리집], 환경모드[simulation]
[2026-08-11 16:49:58.417404] [INFO] [framework] after init 실행
[2026-08-11 16:49:58.417653] [INFO] [framework] 제어 쓰레드 시작
[2026-08-11 16:52:17.133671] [INFO] [framework] 프로그램 시작
[2026-08-11 16:52:17.133676] [CRITICAL] [framework] 프로그램 시작
[2026-08-11 16:52:17.133677] [INFO] [framework] 설정 파일 위치 : ../configs/robot_6
[2026-08-11 16:52:17.133674] [WARNING] [framework] 프로그램 시작
[2026-08-11 16:52:17.133802] [INFO] [framework] ID[0, 6], 이름[양식스], 제어주기[20ms], 버젼[], 장소[우리집], 환경모드[simulation]
[2026-08-11 16:52:17.163347] [INFO] [framework] after init 실행
[2026-08-11 16:52:17.163657] [INFO] [framework] 제어 쓰레드 시작
[2026-08-11 17:03:34.361694] [INFO] [framework] 프로그램 시작
[2026-08-11 17:03:34.361699] [WARNING] [framework] 프로그램 시작
[2026-08-11 17:03:34.361702] [INFO] [framework] 설정 파일 위치 : ../configs/robot_6
[2026-08-11 17:03:34.361702] [CRITICAL] [framework] 프로그램 시작
[2026-08-11 17:03:34.361864] [INFO] [framework] ID[0, 6], 이름[양식스], 제어주기[20ms], 버젼[], 장소[우리집], 환경모드[simulation]
[2026-08-11 17:03:34.400004] [INFO] [framework] after init 실행
[2026-08-11 17:03:34.400425] [INFO] [framework] 제어 쓰레드 시작
