[2026-08-11 16:38:01.961882] [INFO] [framework] 프로그램 시작
[2026-08-11 16:38:01.961889] [WARNING] [framework] 프로그램 시작
[2026-08-11 16:38:01.961893] [INFO] [framework] 설정 파일 위치 : ../configs/robot_3
[2026-08-11 16:38:01.961892] [CRITICAL] [framework] 프로그램 시작
[2026-08-11 16:38:01.962053] [INFO] [framework] ID[0, 3], 이름[박쓰리], 제어주기[20ms], 버젼[], 장소[우리집], 환경모드[simulation]
[2026-08-11 16:38:02.000170] [INFO] [framework] after init 실행
[2026-08-11 16:38:02.000634] [INFO] [framework] 제어 쓰레드 시작
[2026-08-11 16:40:31.632680] [INFO] [framework] 프로그램 시작
[2026-08-11 16:40:31.632685] [WARNING] [framework] 프로그램 시작
[2026-08-11 16:40:31.632687] [INFO] [framework] 설정 파일 위치 : ../configs/robot_3
[2026-08-11 16:40:31.632686] [CRITICAL] [framework] 프로그램 시작
[2026-08-11 16:45:49.980665] [INFO] [framework] 프로그램 시작
[2026-08-11 16:45:49.980674] [CRITICAL] [framework] 프로그램 시작
[2026-08-11 16:45:49.980675] [INFO] [framework] 설정 파일 위치 : ../configs/robot_3
[2026-08-11 16:45:49.980670] [WARNING] [framework] 프로그램 시작
[2026-08-11 16:45:49.980932] [INFO] [framework] ID[0, 3], 이름[박쓰리], 제어주기[20ms], 버젼[], 장소[우리집], 환경모드[simulation]
[2026-08-11 16:45:50.008044] [INFO] [framework] after init 실행
[2026-08-11 16:45:50.008465] [INFO] [framework] 제어 쓰레드 시작
[2026-08-11 16:47:42.762600] [INFO] [framework] 프로그램 시작
[2026-08-11 16:47:42.762604] [WARNING] [framework] 프로그램 시작
[2026-08-11 16:47:42.762606] [CRITICAL] [framework] 프로그램 시작
[2026-08-11 16:47:42.762606] [INFO] [framework] 설정 파일 위치 : ../configs/robot_3
[2026-08-11 16:47:42.762713] [INFO] [framework] ID[0, 3], 이름[박쓰리], 제어주기[20ms], 버젼[], 장소[우리집], 환경모드[simulation]
[2026-08-11 16:47:42.790654] [INFO] [framework] after init 실행
[2026-08-11 16:47:42.791012] [INFO] [framework] 제어 쓰레드 시작
[2026-08-11 16:49:24.394133] [INFO] [framework] 프로그램 시작
[2026-08-11 16:49:24.394137] [WARNING] [framework] 프로그램 시작
[2026-08-11 16:49:24.394140] [INFO] [framework] 설정 파일 위치 : ../configs/robot_3
[2026-08-11 16:49:24.394139] [CRITICAL] [framework] 프로그램 시작
[2026-08-11 16:49:24.394257] [INFO] [framework] ID[0, 3], 이름[박쓰리], 제어주기[20ms], 버젼[], 장소[우리집], 환경모드[simulation]
[2026-08-11 16:49:24.421539] [INFO] [framework] after init 실행
[2026-08-11 16:49:24.421973] [INFO] [framework] 제어 쓰레드 시작
[2026-08-11 16:49:46.487343] [INFO] [framework] 프로그램 시작
[2026-08-11 16:49:46.487348] [WARNING] [framework] 프로그램 시작
[2026-08-11 16:49:46.487353] [INFO] [framework] 설정 파일 위치 : ../configs/robot_3
[2026-08-11 16:49:46.487353] [CRITICAL] [framework] 프로그램 시작
[2026-08-11 16:49:46.487498] [INFO] [framework] ID[0, 3], 이름[박쓰리], 제어주기[20ms], 버젼[], 장소[우리집], 환경모드[simulation]
[2026-08-11 16:49:46.532671] [INFO] [framework] after init 실행
[2026-08-11 16:49:46.533126] [INFO] [framework] 제어 쓰레드 시작
[2026-08-11 16:49:58.387790] [INFO] [framework] 프로그램 시작
[2026-08-11 16:49:58.387799] [CRITICAL] [framework] 프로그램 시작
[2026-08-11 16:49:58.387796] [WARNING] [framework] 프로그램 시작
[2026-08-11 16:52:17.130001] [INFO] [framework] 프로그램 시작
[2026-08-11 16:52:17.130008] [WARNING] [framework] 프로그램 시작
[2026-08-11 16:52:17.130011] [INFO] [framework] 설정 파일 위치 : ../configs/robot_3
[2026-08-11 16:52:17.130011] [CRITICAL] [framework] 프로그램 시작
[2026-08-11 16:52:17.130157] [INFO] [framework] ID[0, 3], 이름[박쓰리], 제어주기[20ms], 버젼[], 장소[우리집], 환경모드[simulation]
[2026-08-11 16:52:17.174904] [INFO] [framework] after init 실행
[2026-08-11 16:52:17.175284] [INFO] [framework] 제어 쓰레드 시작
[2026-08-11 17:03:34.357084] [INFO] [framework] 프로그램 시작
[2026-08-11 17:03:34.357090] [WARNING] [framework] 프로그램 시작
[2026-08-11 17:03:34.357092] [CRITICAL] [framework] 프로그램 시작
[2026-08-11 17:03:34.357092] [INFO] [framework] 설정 파일 위치 : ../configs/robot_3
[2026-08-11 17:03:34.357214] [INFO] [framework] ID[0, 3], 이름[박쓰리], 제어주기[20ms], 버젼[], 장소[우리집], 환경모드[simulation]
[2026-08-11 17:03:34.398256] [INFO] [framework] after init 실행
[2026-08-11 17:03:34.398670] [INFO] [framework] 제어 쓰레드 시작
[2026-08-11 17:24:37.813048] [INFO] [framework] 프로그램 시작
[2026-08-11 17:24:37.813053] [WARNING] [framework] 프로그램 시작
[2026-08-11 17:24:37.813059] [INFO] [framework] 설정 파일 위치 : ../configs/robot_3
[2026-08-11 17:24:37.813058] [CRITICAL] [framework] 프로그램 시작
[2026-08-11 17:24:37.813223] [INFO] [framework] ID[0, 3], 이름[박쓰리], 제어주기[20ms], 버젼[], 장소[우리집], 환경모드[simulation]
[2026-08-11 17:24:37.861434] [INFO] [framework] after init 실행
[2026-08-11 17:24:37.861873] [INFO] [framework] 제어 쓰레드 시작
[2026-08-11 17:26:43.231453] [INFO] [framework] 프로그램 시작
[2026-08-11 17:26:43.231458] [WARNING] [framework] 프로그램 시작
[2026-08-11 17:26:43.231462] [INFO] [framework] 설정 파일 위치 : ../configs/robot_3
[2026-08-11 17:26:43.231461] [CRITICAL] [framework] 프로그램 시작
[2026-08-11 17:27:18.493939] [INFO] [framework] 프로그램 시작
[2026-08-11 17:27:18.493945] [CRITICAL] [framework] 프로그램 시작
[2026-08-11 17:27:18.493944] [WARNING] [framework] 프로그램 시작
[2026-08-11 17:27:18.493946] [INFO] [framework] 설정 파일 위치 : ../configs/robot_3
[2026-08-11 17:27:18.494093] [INFO] [framework] ID[0, 3], 이름[박쓰리], 제어주기[20ms], 버젼[], 장소[우리집], 환경모드[simulation]
[2026-08-11 17:27:18.545501] [INFO] [framework] after init 실행
[2026-08-11 17:27:18.545881] [INFO] [framework] 제어 쓰레드 시작
[2026-08-11 17:27:37.747494] [INFO] [framework] 프로그램 시작
[2026-08-11 17:27:37.747497] [WARNING] [framework] 프로그램 시작
[2026-08-11 17:27:37.747501] [INFO] [framework] 설정 파일 위치 : ../configs/robot_3
[2026-08-11 17:27:37.747500] [CRITICAL] [framework] 프로그램 시작
[2026-08-11 17:27:55.412502] [INFO] [framework] 프로그램 시작
[2026-08-11 17:27:55.412508] [CRITICAL] [framework] 프로그램 시작
[2026-08-11 17:27:55.412507] [WARNING] [framework] 프로그램 시작
[2026-08-11 17:27:55.412509] [INFO] [framework] 설정 파일 위치 : ../configs/robot_3
[2026-08-11 17:27:55.412660] [INFO] [framework] ID[0, 3], 이름[박쓰리], 제어주기[20ms], 버젼[], 장소[우리집], 환경모드[simulation]
[2026-08-11 17:27:55.464515] [INFO] [framework] after init 실행
[2026-08-11 17:27:55.464946] [INFO] [framework] 제어 쓰레드 시작
[2026-08-11 17:34:34.361155] [INFO] [framework] 프로그램 시작
[2026-08-11 17:34:34.361162] [CRITICAL] [framework] 프로그램 시작
[2026-08-11 17:34:34.361160] [WARNING] [framework] 프로그램 시작
[2026-08-11 17:34:46.265686] [INFO] [framework] 프로그램 시작
[2026-08-11 17:34:46.265693] [CRITICAL] [framework] 프로그램 시작
[2026-08-11 17:34:46.265692] [WARNING] [framework] 프로그램 시작
[2026-08-11 17:34:46.265693] [INFO] [framework] 설정 파일 위치 : ../configs/robot_3
[2026-08-11 17:34:46.265853] [INFO] [framework] ID[0, 3], 이름[박쓰리], 제어주기[20ms], 버젼[], 장소[우리집], 환경모드[simulation]
[2026-08-11 17:34:46.319198] [INFO] [framework] after init 실행
[2026-08-11 17:34:46.319603] [INFO] [framework] 제어 쓰레드 시작
[2026-08-11 17:40:32.786550] [INFO] [framework] 프로그램 시작
[2026-08-11 17:40:32.786555] [WARNING] [framework] 프로그램 시작
[2026-08-11 17:40:32.786556] [CRITICAL] [framework] 프로그램 시작
[2026-08-11 17:40:32.786556] [INFO] [framework] 설정 파일 위치 : ../configs/robot_3
[2026-08-11 17:40:32.786665] [INFO] [framework] ID[0, 3], 이름[박쓰리], 제어주기[20ms], 버젼[], 장소[우리집], 환경모드[simulation]
[2026-08-11 17:40:32.817218] [INFO] [framework] after init 실행
[2026-08-11 17:40:32.817484] [INFO] [framework] 제어 쓰레드 시작
[2026-08-11 17:43:43.836203] [INFO] [framework] 프로그램 시작
[2026-08-11 17:43:43.836207] [WARNING] [framework] 프로그램 시작
[2026-08-11 17:43:43.836211] [INFO] [framework] 설정 파일 위치 : ../configs/robot_3
[2026-08-11 17:43:43.836210] [CRITICAL] [framework] 프로그램 시작
[2026-08-11 17:43:43.836344] [INFO] [framework] ID[0, 3], 이름[박쓰리], 제어주기[20ms], 버젼[], 장소[우리집], 환경모드[simulation]
[2026-08-11 17:43:43.868594] [INFO] [framework] after init 실행
[2026-08-11 17:43:43.868886] [INFO] [framework] 제어 쓰레드 시작
[2026-08-11 17:44:21.651864] [INFO] [framework] 프로그램 시작
[2026-08-11 17:44:21.651871] [WARNING] [framework] 프로그램 시작
[2026-08-11 17:44:21.651875] [INFO] [framework] 설정 파일 위치 : ../configs/robot_3
[2026-08-11 17:44:21.651874] [CRITICAL] [framework] 프로그램 시작
[2026-08-11 17:44:21.652032] [INFO] [framework] ID[0, 3], 이름[박쓰리], 제어주기[20ms], 버젼[], 장소[우리집], 환경모드[simulation]
[2026-08-11 17:44:21.705569] [INFO] [framework] after init 실행
[2026-08-11 17:44:21.705961] [INFO] [framework] 제어 쓰레드 시작
[2026-08-11 17:45:27.759113] [INFO] [framework] 프로그램 시작
[2026-08-11 17:45:27.759117] [WARNING] [framework] 프로그램 시작
[2026-08-11 17:45:27.759119] [CRITICAL] [framework] 프로그램 시작
[2026-08-11 17:45:27.759120] [INFO] [framework] 설정 파일 위치 : ../configs/robot_3
[2026-08-11 17:45:27.759220] [INFO] [framework] ID[0, 3], 이름[박쓰리], 제어주기[20ms], 버젼[], 장소[우리집], 환경모드[simulation]
[2026-08-11 17:45:27.791394] [INFO] [framework] after init 실행
[2026-08-11 17:45:27.791853] [INFO] [framework] 제어 쓰레드 시작
[2026-08-11 17:45:51.298601] [INFO] [framework] 프로그램 시작
[2026-08-11 17:45:51.298608] [CRITICAL] [framework] 프로그램 시작
[2026-08-11 17:45:51.298606] [WARNING] [framework] 프로그램 시작
[2026-08-11 17:45:51.298608] [INFO] [framework] 설정 파일 위치 : ../configs/robot_3
[2026-08-11 17:45:51.298720] [INFO] [framework] ID[0, 3], 이름[박쓰리], 제어주기[20ms], 버젼[], 장소[우리집], 환경모드[simulation]
[2026-08-11 17:45:51.329914] [INFO] [framework] after init 실행
[2026-08-11 17:45:51.330181] [INFO] [framework] 제어 쓰레드 시작
[2026-08-11 17:50:10.511069] [INFO] [framework] 프로그램 시작
[2026-08-11 17:50:10.511073] [WARNING] [framework] 프로그램 시작
[2026-08-11 17:50:10.511075] [INFO] [framework] 설정 파일 위치 : ../configs/robot_3
[2026-08-11 17:50:10.511074] [CRITICAL] [framework] 프로그램 시작
[2026-08-11 17:50:10.511172] [INFO] [framework] ID[0, 3], 이름[박쓰리], 제어주기[20ms], 버젼[], 장소[우리집], 환경모드[simulation]
[2026-08-11 17:50:10.544515] [INFO] [framework] after init 실행
[2026-08-11 17:50:10.544975] [INFO] [framework] 제어 쓰레드 시작
