[2026-08-11 16:38:02.013737] [INFO] [task::fsm] 생성
[2026-08-11 16:38:02.013738] [INFO] [task::fsm] idle
[2026-08-11 16:45:50.018126] [INFO] [task::fsm] 생성
[2026-08-11 16:45:50.018127] [INFO] [task::fsm] idle
[2026-08-11 16:46:25.353562] [INFO] [task::fsm] push_done
[2026-08-11 16:46:25.393524] [INFO] [task::fsm] idle
[2026-08-11 16:46:48.790712] [INFO] [task::fsm] push_done
[2026-08-11 16:46:48.830706] [INFO] [task::fsm] charging
[2026-08-11 16:47:11.550790] [INFO] [task::fsm] discharging
[2026-08-11 16:47:11.570757] [INFO] [task::fsm] idle
[2026-08-11 16:47:11.610642] [INFO] [task::fsm] idle
[2026-08-11 16:49:24.432061] [INFO] [task::fsm] 생성
[2026-08-11 16:49:24.432062] [INFO] [task::fsm] idle
[2026-08-11 16:49:24.533449] [INFO] [task::fsm] charging
[2026-08-11 16:49:58.440685] [INFO] [task::fsm] 생성
[2026-08-11 16:49:58.440687] [INFO] [task::fsm] idle
[2026-08-11 16:50:00.400910] [INFO] [task::fsm] charging
[2026-08-11 16:50:54.229623] [INFO] [task::fsm] push_done
[2026-08-11 16:50:54.289528] [INFO] [task::fsm] idle
[2026-08-11 16:51:39.343619] [INFO] [task::fsm] push_done
[2026-08-11 16:51:39.383599] [INFO] [task::fsm] charging
[2026-08-11 16:52:17.169770] [INFO] [task::fsm] 생성
[2026-08-11 16:52:17.169771] [INFO] [task::fsm] idle
[2026-08-11 16:52:24.157912] [INFO] [task::fsm] charging
[2026-08-11 16:52:41.043346] [INFO] [task::fsm] discharging
[2026-08-11 16:52:41.063258] [INFO] [task::fsm] idle
[2026-08-11 16:52:41.103221] [INFO] [task::fsm] idle
[2026-08-11 16:53:36.096153] [INFO] [task::fsm] charging
[2026-08-11 16:53:50.528329] [INFO] [task::fsm] discharging
[2026-08-11 16:53:50.548350] [INFO] [task::fsm] idle
[2026-08-11 16:53:50.568341] [INFO] [task::fsm] idle
[2026-08-11 16:54:45.581906] [INFO] [task::fsm] charging
[2026-08-11 16:55:00.012608] [INFO] [task::fsm] discharging
[2026-08-11 16:55:00.032605] [INFO] [task::fsm] idle
[2026-08-11 16:55:00.052564] [INFO] [task::fsm] idle
[2026-08-11 16:55:55.085311] [INFO] [task::fsm] charging
[2026-08-11 16:56:09.516639] [INFO] [task::fsm] discharging
[2026-08-11 16:56:09.536546] [INFO] [task::fsm] idle
[2026-08-11 16:56:09.576525] [INFO] [task::fsm] idle
[2026-08-11 16:56:49.897957] [INFO] [task::fsm] push_done
[2026-08-11 16:56:49.937932] [INFO] [task::fsm] idle
[2026-08-11 17:02:33.110320] [INFO] [task::fsm] push_done
[2026-08-11 17:02:33.170207] [INFO] [task::fsm] charging
[2026-08-11 17:03:34.395877] [INFO] [task::fsm] 생성
[2026-08-11 17:03:34.395878] [INFO] [task::fsm] idle
[2026-08-11 17:03:35.655008] [INFO] [task::fsm] charging
[2026-08-11 17:03:52.163605] [INFO] [task::fsm] discharging
[2026-08-11 17:03:52.183522] [INFO] [task::fsm] idle
[2026-08-11 17:03:52.223495] [INFO] [task::fsm] idle
[2026-08-11 17:04:47.217343] [INFO] [task::fsm] charging
[2026-08-11 17:05:01.648437] [INFO] [task::fsm] discharging
[2026-08-11 17:05:01.668467] [INFO] [task::fsm] idle
[2026-08-11 17:05:01.688401] [INFO] [task::fsm] idle
[2026-08-11 17:05:56.739117] [INFO] [task::fsm] charging
[2026-08-11 17:06:11.170645] [INFO] [task::fsm] discharging
[2026-08-11 17:06:11.190547] [INFO] [task::fsm] idle
[2026-08-11 17:06:11.230521] [INFO] [task::fsm] idle
[2026-08-11 17:07:06.259450] [INFO] [task::fsm] charging
[2026-08-11 17:07:20.690184] [INFO] [task::fsm] discharging
[2026-08-11 17:07:20.710090] [INFO] [task::fsm] idle
[2026-08-11 17:07:20.750073] [INFO] [task::fsm] idle
[2026-08-11 17:08:15.779438] [INFO] [task::fsm] charging
[2026-08-11 17:08:30.211256] [INFO] [task::fsm] discharging
[2026-08-11 17:08:30.231163] [INFO] [task::fsm] idle
[2026-08-11 17:08:30.271122] [INFO] [task::fsm] idle
[2026-08-11 17:09:25.263706] [INFO] [task::fsm] charging
[2026-08-11 17:09:39.697427] [INFO] [task::fsm] discharging
[2026-08-11 17:09:39.717338] [INFO] [task::fsm] idle
[2026-08-11 17:09:39.757315] [INFO] [task::fsm] idle
[2026-08-11 17:10:34.768871] [INFO] [task::fsm] charging
[2026-08-11 17:11:23.833836] [INFO] [task::fsm] push_done
[2026-08-11 17:11:25.750402] [INFO] [task::fsm] idle
[2026-08-11 17:24:37.855931] [INFO] [task::fsm] 생성
[2026-08-11 17:24:37.855932] [INFO] [task::fsm] idle
[2026-08-11 17:27:18.548366] [INFO] [task::fsm] 생성
[2026-08-11 17:27:18.548367] [INFO] [task::fsm] idle
[2026-08-11 17:27:18.570412] [INFO] [task::fsm] charging
[2026-08-11 17:27:55.464493] [INFO] [task::fsm] 생성
[2026-08-11 17:27:55.464495] [INFO] [task::fsm] idle
[2026-08-11 17:27:55.585906] [INFO] [task::fsm] charging
[2026-08-11 17:28:12.015590] [INFO] [task::fsm] discharging
[2026-08-11 17:28:12.035610] [INFO] [task::fsm] idle
[2026-08-11 17:28:12.055561] [INFO] [task::fsm] idle
[2026-08-11 17:30:00.447699] [INFO] [task::fsm] go_from_done
[2026-08-11 17:30:00.507573] [INFO] [task::fsm] loading
[2026-08-11 17:30:02.543895] [INFO] [task::fsm] loading_done
[2026-08-11 17:30:33.744041] [INFO] [task::fsm] go_to_done
[2026-08-11 17:30:33.803913] [INFO] [task::fsm] unloading
[2026-08-11 17:30:35.839693] [INFO] [task::fsm] unloading_done
[2026-08-11 17:30:35.899568] [INFO] [task::fsm] idle
[2026-08-11 17:30:49.353296] [INFO] [task::fsm] push_done
[2026-08-11 17:30:49.413175] [INFO] [task::fsm] charging
[2026-08-11 17:31:46.143999] [INFO] [task::fsm] push_done
[2026-08-11 17:31:46.203876] [INFO] [task::fsm] idle
[2026-08-11 17:33:09.817746] [INFO] [task::fsm] push_done
[2026-08-11 17:33:09.877623] [INFO] [task::fsm] idle
[2026-08-11 17:34:46.314417] [INFO] [task::fsm] 생성
[2026-08-11 17:34:46.314418] [INFO] [task::fsm] idle
[2026-08-11 17:40:32.835647] [INFO] [task::fsm] 생성
[2026-08-11 17:40:32.835647] [INFO] [task::fsm] idle
[2026-08-11 17:40:32.937170] [INFO] [task::fsm] charging
[2026-08-11 17:41:09.615927] [INFO] [task::fsm] push_done
[2026-08-11 17:41:09.676167] [INFO] [task::fsm] idle
[2026-08-11 17:42:21.596652] [INFO] [task::fsm] push_done
[2026-08-11 17:42:21.656571] [INFO] [task::fsm] charging
[2026-08-11 17:42:48.965632] [INFO] [task::fsm] discharging
[2026-08-11 17:42:48.985602] [INFO] [task::fsm] idle
[2026-08-11 17:43:43.890373] [INFO] [task::fsm] 생성
[2026-08-11 17:43:43.890374] [INFO] [task::fsm] idle
[2026-08-11 17:43:46.268582] [INFO] [task::fsm] charging
[2026-08-11 17:44:02.864555] [INFO] [task::fsm] discharging
[2026-08-11 17:44:02.884454] [INFO] [task::fsm] idle
[2026-08-11 17:44:02.924440] [INFO] [task::fsm] idle
[2026-08-11 17:44:21.690145] [INFO] [task::fsm] 생성
[2026-08-11 17:44:21.690146] [INFO] [task::fsm] idle
[2026-08-11 17:44:21.731585] [INFO] [task::fsm] idle
[2026-08-11 17:44:21.791502] [INFO] [task::fsm] charging
[2026-08-11 17:44:38.219347] [INFO] [task::fsm] discharging
[2026-08-11 17:44:38.239363] [INFO] [task::fsm] idle
[2026-08-11 17:44:38.259340] [INFO] [task::fsm] idle
[2026-08-11 17:45:51.334759] [INFO] [task::fsm] 생성
[2026-08-11 17:45:51.334760] [INFO] [task::fsm] idle
[2026-08-11 17:45:51.436175] [INFO] [task::fsm] charging
[2026-08-11 17:46:07.864523] [INFO] [task::fsm] discharging
[2026-08-11 17:46:07.884522] [INFO] [task::fsm] idle
[2026-08-11 17:46:07.904471] [INFO] [task::fsm] idle
[2026-08-11 17:50:10.561790] [INFO] [task::fsm] 생성
[2026-08-11 17:50:10.561792] [INFO] [task::fsm] idle
[2026-08-11 17:50:10.663307] [INFO] [task::fsm] charging
[2026-08-11 17:50:27.092352] [INFO] [task::fsm] discharging
[2026-08-11 17:50:27.112373] [INFO] [task::fsm] idle
[2026-08-11 17:50:27.132326] [INFO] [task::fsm] idle
[2026-08-11 17:51:22.146484] [INFO] [task::fsm] charging
[2026-08-11 17:51:36.577332] [INFO] [task::fsm] discharging
[2026-08-11 17:51:36.597281] [INFO] [task::fsm] idle
[2026-08-11 17:51:36.637206] [INFO] [task::fsm] idle
[2026-08-11 17:52:11.788186] [INFO] [task::fsm] push_done
[2026-08-11 17:52:11.828158] [INFO] [task::fsm] idle
