[2026-08-11 16:38:01.970637] [INFO] [mediator] 생성
[2026-08-11 16:38:02.003386] [INFO] [mediator] connectors 생성
[2026-08-11 16:38:02.004458] [INFO] [mediator] connector 의존성 주입
[2026-08-11 16:38:02.004465] [INFO] [mediator] any map 등록
[2026-08-11 16:38:02.004470] [INFO] [mediator] any collector 등록
[2026-08-11 16:38:02.004473] [INFO] [mediator] any collector 목록 검사
[2026-08-11 16:45:49.988271] [INFO] [mediator] 생성
[2026-08-11 16:45:50.013325] [INFO] [mediator] connectors 생성
[2026-08-11 16:45:50.014285] [INFO] [mediator] any map 등록
[2026-08-11 16:45:50.014282] [INFO] [mediator] connector 의존성 주입
[2026-08-11 16:45:50.014293] [INFO] [mediator] any collector 등록
[2026-08-11 16:45:50.014297] [INFO] [mediator] any collector 목록 검사
[2026-08-11 16:49:24.400665] [INFO] [mediator] 생성
[2026-08-11 16:49:24.443706] [INFO] [mediator] connectors 생성
[2026-08-11 16:49:24.444760] [INFO] [mediator] any map 등록
[2026-08-11 16:49:24.444758] [INFO] [mediator] connector 의존성 주입
[2026-08-11 16:49:24.444766] [INFO] [mediator] any collector 등록
[2026-08-11 16:49:24.444767] [INFO] [mediator] any collector 목록 검사
[2026-08-11 16:49:46.492380] [INFO] [mediator] 생성
[2026-08-11 16:49:46.519476] [INFO] [mediator] connectors 생성
[2026-08-11 16:49:46.520685] [INFO] [mediator] any map 등록
[2026-08-11 16:49:46.520682] [INFO] [mediator] connector 의존성 주입
[2026-08-11 16:49:46.520693] [INFO] [mediator] any collector 등록
[2026-08-11 16:49:46.520697] [INFO] [mediator] any collector 목록 검사
[2026-08-11 16:49:58.394257] [INFO] [mediator] 생성
[2026-08-11 16:49:58.420416] [INFO] [mediator] connectors 생성
[2026-08-11 16:49:58.421370] [INFO] [mediator] connector 의존성 주입
[2026-08-11 16:49:58.421378] [INFO] [mediator] any map 등록
[2026-08-11 16:49:58.421385] [INFO] [mediator] any collector 등록
[2026-08-11 16:49:58.421388] [INFO] [mediator] any collector 목록 검사
[2026-08-11 16:52:17.137462] [INFO] [mediator] 생성
[2026-08-11 16:52:17.165101] [INFO] [mediator] connectors 생성
[2026-08-11 16:52:17.166081] [INFO] [mediator] connector 의존성 주입
[2026-08-11 16:52:17.166090] [INFO] [mediator] any map 등록
[2026-08-11 16:52:17.166097] [INFO] [mediator] any collector 등록
[2026-08-11 16:52:17.166100] [INFO] [mediator] any collector 목록 검사
[2026-08-11 17:03:34.365578] [INFO] [mediator] 생성
[2026-08-11 17:03:34.389576] [INFO] [mediator] connectors 생성
[2026-08-11 17:03:34.390563] [INFO] [mediator] connector 의존성 주입
[2026-08-11 17:03:34.390573] [INFO] [mediator] any map 등록
[2026-08-11 17:03:34.390579] [INFO] [mediator] any collector 등록
[2026-08-11 17:03:34.390582] [INFO] [mediator] any collector 목록 검사
[2026-08-11 17:24:37.819658] [INFO] [mediator] 생성
[2026-08-11 17:24:37.865664] [INFO] [mediator] connectors 생성
[2026-08-11 17:24:37.866507] [INFO] [mediator] connector 의존성 주입
[2026-08-11 17:24:37.866515] [INFO] [mediator] any map 등록
[2026-08-11 17:24:37.866520] [INFO] [mediator] any collector 등록
[2026-08-11 17:24:37.866522] [INFO] [mediator] any collector 목록 검사
[2026-08-11 17:27:18.502482] [INFO] [mediator] 생성
[2026-08-11 17:27:18.541780] [INFO] [mediator] connectors 생성
[2026-08-11 17:27:18.542876] [INFO] [mediator] any map 등록
[2026-08-11 17:27:18.542873] [INFO] [mediator] connector 의존성 주입
[2026-08-11 17:27:18.542886] [INFO] [mediator] any collector 등록
[2026-08-11 17:27:18.542889] [INFO] [mediator] any collector 목록 검사
[2026-08-11 17:27:55.419566] [INFO] [mediator] 생성
[2026-08-11 17:27:55.459046] [INFO] [mediator] connectors 생성
[2026-08-11 17:27:55.459940] [INFO] [mediator] any map 등록
[2026-08-11 17:27:55.459945] [INFO] [mediator] any collector 등록
[2026-08-11 17:27:55.459932] [INFO] [mediator] connector 의존성 주입
[2026-08-11 17:27:55.459947] [INFO] [mediator] any collector 목록 검사
[2026-08-11 17:34:46.272508] [INFO] [mediator] 생성
[2026-08-11 17:34:46.316252] [INFO] [mediator] connectors 생성
[2026-08-11 17:34:46.317472] [INFO] [mediator] connector 의존성 주입
[2026-08-11 17:34:46.317482] [INFO] [mediator] any map 등록
[2026-08-11 17:34:46.317492] [INFO] [mediator] any collector 등록
[2026-08-11 17:34:46.317495] [INFO] [mediator] any collector 목록 검사
[2026-08-11 17:40:32.794063] [INFO] [mediator] 생성
[2026-08-11 17:40:32.826963] [INFO] [mediator] connectors 생성
[2026-08-11 17:40:32.828037] [INFO] [mediator] connector 의존성 주입
[2026-08-11 17:40:32.828047] [INFO] [mediator] any map 등록
[2026-08-11 17:40:32.828055] [INFO] [mediator] any collector 등록
[2026-08-11 17:40:32.828058] [INFO] [mediator] any collector 목록 검사
[2026-08-11 17:44:21.656560] [INFO] [mediator] 생성
[2026-08-11 17:44:21.689163] [INFO] [mediator] connectors 생성
[2026-08-11 17:44:21.690191] [INFO] [mediator] connector 의존성 주입
[2026-08-11 17:44:21.690203] [INFO] [mediator] any map 등록
[2026-08-11 17:44:21.690211] [INFO] [mediator] any collector 등록
[2026-08-11 17:44:21.690214] [INFO] [mediator] any collector 목록 검사
[2026-08-11 17:45:27.766502] [INFO] [mediator] 생성
[2026-08-11 17:45:27.796165] [INFO] [mediator] connectors 생성
[2026-08-11 17:45:27.797146] [INFO] [mediator] connector 의존성 주입
[2026-08-11 17:45:27.797155] [INFO] [mediator] any map 등록
[2026-08-11 17:45:27.797162] [INFO] [mediator] any collector 등록
[2026-08-11 17:45:27.797166] [INFO] [mediator] any collector 목록 검사
[2026-08-11 17:45:51.305043] [INFO] [mediator] 생성
[2026-08-11 17:45:51.346512] [INFO] [mediator] connectors 생성
[2026-08-11 17:45:51.347528] [INFO] [mediator] connector 의존성 주입
[2026-08-11 17:45:51.347535] [INFO] [mediator] any map 등록
[2026-08-11 17:45:51.347541] [INFO] [mediator] any collector 등록
[2026-08-11 17:45:51.347543] [INFO] [mediator] any collector 목록 검사
[2026-08-11 17:50:10.518669] [INFO] [mediator] 생성
[2026-08-11 17:50:10.565811] [INFO] [mediator] connectors 생성
[2026-08-11 17:50:10.566660] [INFO] [mediator] connector 의존성 주입
[2026-08-11 17:50:10.566667] [INFO] [mediator] any map 등록
[2026-08-11 17:50:10.566672] [INFO] [mediator] any collector 등록
[2026-08-11 17:50:10.566675] [INFO] [mediator] any collector 목록 검사
