[2026-08-11 16:38:01.969038] [INFO] [mediator] 생성
[2026-08-11 16:38:01.994229] [INFO] [mediator] connectors 생성
[2026-08-11 16:38:01.995269] [INFO] [mediator] connector 의존성 주입
[2026-08-11 16:38:01.995278] [INFO] [mediator] any map 등록
[2026-08-11 16:38:01.995287] [INFO] [mediator] any collector 등록
[2026-08-11 16:38:01.995290] [INFO] [mediator] any collector 목록 검사
[2026-08-11 16:45:49.988142] [INFO] [mediator] 생성
[2026-08-11 16:45:50.013918] [INFO] [mediator] connectors 생성
[2026-08-11 16:45:50.014954] [INFO] [mediator] connector 의존성 주입
[2026-08-11 16:45:50.014962] [INFO] [mediator] any map 등록
[2026-08-11 16:45:50.014970] [INFO] [mediator] any collector 등록
[2026-08-11 16:45:50.014974] [INFO] [mediator] any collector 목록 검사
[2026-08-11 16:49:24.400219] [INFO] [mediator] 생성
[2026-08-11 16:49:24.425304] [INFO] [mediator] connectors 생성
[2026-08-11 16:49:24.426245] [INFO] [mediator] connector 의존성 주입
[2026-08-11 16:49:24.426252] [INFO] [mediator] any map 등록
[2026-08-11 16:49:24.426259] [INFO] [mediator] any collector 등록
[2026-08-11 16:49:24.426263] [INFO] [mediator] any collector 목록 검사
[2026-08-11 16:49:58.397564] [INFO] [mediator] 생성
[2026-08-11 16:49:58.428013] [INFO] [mediator] connectors 생성
[2026-08-11 16:49:58.428932] [INFO] [mediator] connector 의존성 주입
[2026-08-11 16:49:58.428935] [INFO] [mediator] any map 등록
[2026-08-11 16:49:58.428943] [INFO] [mediator] any collector 등록
[2026-08-11 16:49:58.428947] [INFO] [mediator] any collector 목록 검사
[2026-08-11 16:52:17.139546] [INFO] [mediator] 생성
[2026-08-11 16:52:17.169409] [INFO] [mediator] connectors 생성
[2026-08-11 16:52:17.170291] [INFO] [mediator] connector 의존성 주입
[2026-08-11 16:52:17.170300] [INFO] [mediator] any map 등록
[2026-08-11 16:52:17.170306] [INFO] [mediator] any collector 등록
[2026-08-11 16:52:17.170309] [INFO] [mediator] any collector 목록 검사
[2026-08-11 17:03:34.366578] [INFO] [mediator] 생성
[2026-08-11 17:03:34.391785] [INFO] [mediator] connectors 생성
[2026-08-11 17:03:34.392678] [INFO] [mediator] connector 의존성 주입
[2026-08-11 17:03:34.392681] [INFO] [mediator] any map 등록
[2026-08-11 17:03:34.392687] [INFO] [mediator] any collector 등록
[2026-08-11 17:03:34.392690] [INFO] [mediator] any collector 목록 검사
