[2026-08-11 16:38:02.006730] [INFO] [power_system] 생성
[2026-08-11 16:38:02.006885] [INFO] [power_system] 설정 정보 : remaining[40%, 10%, 5%]
[2026-08-11 16:38:02.008082] [INFO] [power_system] 알람 목록 : 
 • [100015, 100001] [INFO] 자동 충전 시작.
 • [100015, 100002] [INFO] 배터리 가득.
 • [100015, 400001] [CRIT] 배터리 남은 양 - 위험
 • [100015, 300001] [ERROR] 배터리 남은 양 - 에러
 • [100015, 200001] [WARN] 배터리 남은 양 - 주의
 • [100015, 100004] [INFO] 자동 충전 해제 완료.
 • [100015, 100003] [INFO] 자동 충전 해제 시작.
[2026-08-11 16:45:50.026352] [INFO] [power_system] 생성
[2026-08-11 16:45:50.026507] [INFO] [power_system] 설정 정보 : remaining[40%, 10%, 5%]
[2026-08-11 16:45:50.027129] [INFO] [power_system] 알람 목록 : 
 • [100015, 100001] [INFO] 자동 충전 시작.
 • [100015, 100002] [INFO] 배터리 가득.
 • [100015, 400001] [CRIT] 배터리 남은 양 - 위험
 • [100015, 300001] [ERROR] 배터리 남은 양 - 에러
 • [100015, 200001] [WARN] 배터리 남은 양 - 주의
 • [100015, 100004] [INFO] 자동 충전 해제 완료.
 • [100015, 100003] [INFO] 자동 충전 해제 시작.
[2026-08-11 16:45:50.127565] [INFO] [power_system] 충전 프로세스 시작
[2026-08-11 16:46:29.857341] [INFO] [power_system] 충전 완료
[2026-08-11 16:46:34.887631] [INFO] [power_system] 충전 해제 완료
[2026-08-11 16:46:34.907645] [INFO] [power_system] 충전 해제 프로세스 시작
[2026-08-11 16:47:29.966738] [INFO] [power_system] 충전 프로세스 시작
[2026-08-11 16:49:24.440524] [INFO] [power_system] 생성
[2026-08-11 16:49:24.440713] [INFO] [power_system] 설정 정보 : remaining[40%, 10%, 5%]
[2026-08-11 16:49:24.441353] [INFO] [power_system] 알람 목록 : 
 • [100015, 100001] [INFO] 자동 충전 시작.
 • [100015, 100002] [INFO] 배터리 가득.
 • [100015, 400001] [CRIT] 배터리 남은 양 - 위험
 • [100015, 300001] [ERROR] 배터리 남은 양 - 에러
 • [100015, 200001] [WARN] 배터리 남은 양 - 주의
 • [100015, 100004] [INFO] 자동 충전 해제 완료.
 • [100015, 100003] [INFO] 자동 충전 해제 시작.
[2026-08-11 16:49:24.561740] [INFO] [power_system] 충전 프로세스 시작
[2026-08-11 16:49:58.415059] [INFO] [power_system] 생성
[2026-08-11 16:49:58.415171] [INFO] [power_system] 설정 정보 : remaining[40%, 10%, 5%]
[2026-08-11 16:49:58.415588] [INFO] [power_system] 알람 목록 : 
 • [100015, 100001] [INFO] 자동 충전 시작.
 • [100015, 100002] [INFO] 배터리 가득.
 • [100015, 400001] [CRIT] 배터리 남은 양 - 위험
 • [100015, 300001] [ERROR] 배터리 남은 양 - 에러
 • [100015, 200001] [WARN] 배터리 남은 양 - 주의
 • [100015, 100004] [INFO] 자동 충전 해제 완료.
 • [100015, 100003] [INFO] 자동 충전 해제 시작.
[2026-08-11 16:50:00.412897] [INFO] [power_system] 충전 프로세스 시작
[2026-08-11 16:51:14.276293] [INFO] [power_system] 충전 프로세스 시작
[2026-08-11 16:51:54.517185] [INFO] [power_system] 충전 완료
[2026-08-11 16:52:17.176888] [INFO] [power_system] 생성
[2026-08-11 16:52:17.177019] [INFO] [power_system] 설정 정보 : remaining[40%, 10%, 5%]
[2026-08-11 16:52:17.177427] [INFO] [power_system] 알람 목록 : 
 • [100015, 100001] [INFO] 자동 충전 시작.
 • [100015, 100002] [INFO] 배터리 가득.
 • [100015, 400001] [CRIT] 배터리 남은 양 - 위험
 • [100015, 300001] [ERROR] 배터리 남은 양 - 에러
 • [100015, 200001] [WARN] 배터리 남은 양 - 주의
 • [100015, 100004] [INFO] 자동 충전 해제 완료.
 • [100015, 100003] [INFO] 자동 충전 해제 시작.
[2026-08-11 16:52:24.145581] [INFO] [power_system] 충전 프로세스 시작
[2026-08-11 16:53:04.390205] [INFO] [power_system] 충전 완료
[2026-08-11 16:53:09.420368] [INFO] [power_system] 충전 해제 완료
[2026-08-11 16:53:09.440290] [INFO] [power_system] 충전 해제 프로세스 시작
[2026-08-11 16:54:04.512287] [INFO] [power_system] 충전 프로세스 시작
[2026-08-11 16:56:32.386362] [INFO] [power_system] 충전 프로세스 시작
[2026-08-11 16:57:12.626329] [INFO] [power_system] 충전 완료
[2026-08-11 16:57:17.656340] [INFO] [power_system] 충전 해제 완료
[2026-08-11 16:57:17.676268] [INFO] [power_system] 충전 해제 프로세스 시작
[2026-08-11 16:58:12.746041] [INFO] [power_system] 충전 프로세스 시작
[2026-08-11 16:58:26.478108] [INFO] [power_system] 충전 완료
[2026-08-11 16:58:31.508097] [INFO] [power_system] 충전 해제 완료
[2026-08-11 16:58:31.528069] [INFO] [power_system] 충전 해제 프로세스 시작
[2026-08-11 17:00:35.071555] [INFO] [power_system] 충전 프로세스 시작
[2026-08-11 17:01:05.612636] [INFO] [power_system] 충전 완료
[2026-08-11 17:03:34.402761] [INFO] [power_system] 생성
[2026-08-11 17:03:34.402921] [INFO] [power_system] 설정 정보 : remaining[40%, 10%, 5%]
[2026-08-11 17:03:34.403554] [INFO] [power_system] 알람 목록 : 
 • [100015, 100001] [INFO] 자동 충전 시작.
 • [100015, 100002] [INFO] 배터리 가득.
 • [100015, 400001] [CRIT] 배터리 남은 양 - 위험
 • [100015, 300001] [ERROR] 배터리 남은 양 - 에러
 • [100015, 200001] [WARN] 배터리 남은 양 - 주의
 • [100015, 100004] [INFO] 자동 충전 해제 완료.
 • [100015, 100003] [INFO] 자동 충전 해제 시작.
[2026-08-11 17:04:32.869367] [INFO] [power_system] 충전 프로세스 시작
[2026-08-11 17:05:13.113917] [INFO] [power_system] 충전 완료
[2026-08-11 17:05:18.144142] [INFO] [power_system] 충전 해제 완료
[2026-08-11 17:05:18.164107] [INFO] [power_system] 충전 해제 프로세스 시작
[2026-08-11 17:06:13.215401] [INFO] [power_system] 충전 프로세스 시작
[2026-08-11 17:06:26.927605] [INFO] [power_system] 충전 완료
[2026-08-11 17:06:31.957721] [INFO] [power_system] 충전 해제 완료
[2026-08-11 17:06:31.977733] [INFO] [power_system] 충전 해제 프로세스 시작
[2026-08-11 17:08:29.384301] [INFO] [power_system] 충전 프로세스 시작
[2026-08-11 17:08:59.504605] [INFO] [power_system] 충전 완료
