[2026-08-11 16:38:02.013671] [INFO] [path_server] 생성
[2026-08-11 16:38:02.013739] [INFO] [path_server] 경로 삭제
[2026-08-11 16:38:02.015458] [INFO] [path_server] 노드 초기화 성공 : 로봇 좌표[5.503m 2.498m -179.501°] 최단 거리 노드[105] 거리(0.003768m)
[2026-08-11 16:45:50.018090] [INFO] [path_server] 생성
[2026-08-11 16:45:50.018129] [INFO] [path_server] 경로 삭제
[2026-08-11 16:45:50.019671] [INFO] [path_server] 노드 초기화 성공 : 로봇 좌표[5.504m 6.998m -179.385°] 최단 거리 노드[102] 거리(0.004241m)
[2026-08-11 16:45:50.039648] [INFO] [path_server] 새로운 경로 설정 : path[-1 ➜ -1] time[0s] dist[0m] list[0] : 
[2026-08-11 16:45:50.099549] [INFO] [path_server] 새로운 경로 설정 : path[102 ➜ 1121] time[0s] dist[24m] list[17] : 102-1183-1184-1045-1040-1041-1042-1112-1113-1114-1115-1116-1117-1118-1119-1120-1121
[2026-08-11 16:45:57.266235] [INFO] [path_server] 노드 업데이트 : [1183] ➜ [1184]
[2026-08-11 16:45:57.346106] [INFO] [path_server] 새로운 경로 설정 : path[1183 ➜ 1121] time[0s] dist[22.5m] list[16] : 1183-1184-1045-1040-1041-1042-1112-1113-1114-1115-1116-1117-1118-1119-1120-1121
[2026-08-11 16:46:00.879196] [INFO] [path_server] 노드 업데이트 : [1184] ➜ [1045]
[2026-08-11 16:46:00.939114] [INFO] [path_server] 새로운 경로 설정 : path[1184 ➜ 1121] time[0s] dist[21m] list[15] : 1184-1045-1040-1041-1042-1112-1113-1114-1115-1116-1117-1118-1119-1120-1121
[2026-08-11 16:46:02.016996] [INFO] [path_server] 노드 업데이트 : [1045] ➜ [1040]
[2026-08-11 16:46:02.076929] [INFO] [path_server] 새로운 경로 설정 : path[1045 ➜ 1121] time[0s] dist[19.5m] list[14] : 1045-1040-1041-1042-1112-1113-1114-1115-1116-1117-1118-1119-1120-1121
[2026-08-11 16:46:03.354481] [INFO] [path_server] 노드 업데이트 : [1040] ➜ [1041]
[2026-08-11 16:46:03.434422] [INFO] [path_server] 새로운 경로 설정 : path[1040 ➜ 1121] time[0s] dist[18m] list[13] : 1040-1041-1042-1112-1113-1114-1115-1116-1117-1118-1119-1120-1121
[2026-08-11 16:46:06.748529] [INFO] [path_server] 노드 업데이트 : [1041] ➜ [1042]
[2026-08-11 16:46:06.828558] [INFO] [path_server] 새로운 경로 설정 : path[1041 ➜ 1121] time[0s] dist[16.5m] list[12] : 1041-1042-1112-1113-1114-1115-1116-1117-1118-1119-1120-1121
[2026-08-11 16:46:07.866466] [INFO] [path_server] 노드 업데이트 : [1042] ➜ [1112]
[2026-08-11 16:46:07.926386] [INFO] [path_server] 새로운 경로 설정 : path[1042 ➜ 1121] time[0s] dist[15m] list[11] : 1042-1112-1113-1114-1115-1116-1117-1118-1119-1120-1121
[2026-08-11 16:46:09.203716] [INFO] [path_server] 노드 업데이트 : [1112] ➜ [1113]
[2026-08-11 16:46:09.283631] [INFO] [path_server] 새로운 경로 설정 : path[1112 ➜ 1121] time[0s] dist[13.5m] list[10] : 1112-1113-1114-1115-1116-1117-1118-1119-1120-1121
[2026-08-11 16:46:12.537313] [INFO] [path_server] 노드 업데이트 : [1113] ➜ [1114]
[2026-08-11 16:46:12.597247] [INFO] [path_server] 새로운 경로 설정 : path[1113 ➜ 1121] time[0s] dist[12m] list[9] : 1113-1114-1115-1116-1117-1118-1119-1120-1121
[2026-08-11 16:46:13.654954] [INFO] [path_server] 노드 업데이트 : [1114] ➜ [1115]
[2026-08-11 16:46:13.734847] [INFO] [path_server] 새로운 경로 설정 : path[1114 ➜ 1121] time[0s] dist[10.5m] list[8] : 1114-1115-1116-1117-1118-1119-1120-1121
[2026-08-11 16:46:14.493612] [INFO] [path_server] 노드 업데이트 : [1115] ➜ [1116]
[2026-08-11 16:46:14.573522] [INFO] [path_server] 새로운 경로 설정 : path[1115 ➜ 1121] time[0s] dist[9m] list[7] : 1115-1116-1117-1118-1119-1120-1121
[2026-08-11 16:46:15.232409] [INFO] [path_server] 노드 업데이트 : [1116] ➜ [1117]
[2026-08-11 16:46:15.292423] [INFO] [path_server] 새로운 경로 설정 : path[1116 ➜ 1121] time[0s] dist[7.5m] list[6] : 1116-1117-1118-1119-1120-1121
[2026-08-11 16:46:15.991020] [INFO] [path_server] 노드 업데이트 : [1117] ➜ [1118]
[2026-08-11 16:46:16.070842] [INFO] [path_server] 새로운 경로 설정 : path[1117 ➜ 1121] time[0s] dist[6m] list[5] : 1117-1118-1119-1120-1121
[2026-08-11 16:46:16.729572] [INFO] [path_server] 노드 업데이트 : [1118] ➜ [1119]
[2026-08-11 16:46:16.789502] [INFO] [path_server] 새로운 경로 설정 : path[1118 ➜ 1121] time[0s] dist[4.5m] list[4] : 1118-1119-1120-1121
[2026-08-11 16:46:17.488099] [INFO] [path_server] 노드 업데이트 : [1119] ➜ [1120]
[2026-08-11 16:46:17.567965] [INFO] [path_server] 새로운 경로 설정 : path[1119 ➜ 1121] time[0s] dist[3m] list[3] : 1119-1120-1121
[2026-08-11 16:46:18.326515] [INFO] [path_server] 노드 업데이트 : [1120] ➜ [1121]
[2026-08-11 16:46:18.386459] [INFO] [path_server] 새로운 경로 설정 : path[1120 ➜ 1121] time[0s] dist[1.5m] list[2] : 1120-1121
[2026-08-11 16:46:22.438975] [INFO] [path_server] 노드 업데이트 : [1121] ➜ [-1]
[2026-08-11 16:46:25.333656] [INFO] [path_server] 노드 업데이트 : [1121] ➜ [-1]
[2026-08-11 16:46:25.393531] [INFO] [path_server] 경로 삭제
[2026-08-11 16:46:30.503665] [INFO] [path_server] 새로운 경로 설정 : path[1121 ➜ 103] time[0s] dist[10.5m] list[8] : 1121-1122-1123-1179-1180-1181-1182-103
[2026-08-11 16:46:32.839465] [INFO] [path_server] 노드 업데이트 : [1122] ➜ [1123]
[2026-08-11 16:46:32.919376] [INFO] [path_server] 새로운 경로 설정 : path[1122 ➜ 103] time[0s] dist[9m] list[7] : 1122-1123-1179-1180-1181-1182-103
[2026-08-11 16:46:33.917594] [INFO] [path_server] 노드 업데이트 : [1123] ➜ [1179]
[2026-08-11 16:46:33.997495] [INFO] [path_server] 새로운 경로 설정 : path[1123 ➜ 103] time[0s] dist[7.5m] list[6] : 1123-1179-1180-1181-1182-103
[2026-08-11 16:46:37.191680] [INFO] [path_server] 노드 업데이트 : [1179] ➜ [1180]
[2026-08-11 16:46:37.271627] [INFO] [path_server] 새로운 경로 설정 : path[1179 ➜ 103] time[0s] dist[6m] list[5] : 1179-1180-1181-1182-103
[2026-08-11 16:46:38.449291] [INFO] [path_server] 노드 업데이트 : [1180] ➜ [1181]
[2026-08-11 16:46:38.529213] [INFO] [path_server] 새로운 경로 설정 : path[1180 ➜ 103] time[0s] dist[4.5m] list[4] : 1180-1181-1182-103
[2026-08-11 16:46:39.307699] [INFO] [path_server] 노드 업데이트 : [1181] ➜ [1182]
[2026-08-11 16:46:39.387605] [INFO] [path_server] 새로운 경로 설정 : path[1181 ➜ 103] time[0s] dist[3m] list[3] : 1181-1182-103
[2026-08-11 16:46:40.625194] [INFO] [path_server] 노드 업데이트 : [1182] ➜ [103]
[2026-08-11 16:46:40.705093] [INFO] [path_server] 새로운 경로 설정 : path[1182 ➜ 103] time[0s] dist[1.5m] list[2] : 1182-103
[2026-08-11 16:46:45.835957] [INFO] [path_server] 노드 업데이트 : [103] ➜ [-1]
[2026-08-11 16:46:48.770833] [INFO] [path_server] 노드 업데이트 : [103] ➜ [-1]
[2026-08-11 16:47:11.570766] [INFO] [path_server] 경로 삭제
[2026-08-11 16:47:11.610650] [INFO] [path_server] 경로 삭제
[2026-08-11 16:49:24.432033] [INFO] [path_server] 생성
[2026-08-11 16:49:24.432069] [INFO] [path_server] 경로 삭제
[2026-08-11 16:49:24.433576] [INFO] [path_server] 노드 초기화 성공 : 로봇 좌표[5.503m 5.498m -179.406°] 최단 거리 노드[103] 거리(0.003576m)
[2026-08-11 16:49:58.440647] [INFO] [path_server] 생성
[2026-08-11 16:49:58.440691] [INFO] [path_server] 경로 삭제
[2026-08-11 16:49:58.442436] [INFO] [path_server] 노드 초기화 성공 : 로봇 좌표[5.503m 5.498m -179.406°] 최단 거리 노드[103] 거리(0.003576m)
[2026-08-11 16:50:11.220625] [INFO] [path_server] 새로운 경로 설정 : path[103 ➜ 1164] time[0s] dist[36m] list[25] : 103-1182-1183-1184-1045-1046-1047-1048-1001-1002-1003-1004-1005-1010-1017-1063-1064-1018-1158-1159-1160-1161-1162-1163-1164
[2026-08-11 16:50:18.391362] [INFO] [path_server] 노드 업데이트 : [1182] ➜ [1183]
[2026-08-11 16:50:18.471239] [INFO] [path_server] 새로운 경로 설정 : path[1182 ➜ 1164] time[0s] dist[34.5m] list[24] : 1182-1183-1184-1045-1046-1047-1048-1001-1002-1003-1004-1005-1010-1017-1063-1064-1018-1158-1159-1160-1161-1162-1163-1164
[2026-08-11 16:50:22.025212] [INFO] [path_server] 노드 업데이트 : [1183] ➜ [1184]
[2026-08-11 16:50:22.105363] [INFO] [path_server] 새로운 경로 설정 : path[1183 ➜ 1164] time[0s] dist[33m] list[23] : 1183-1184-1045-1046-1047-1048-1001-1002-1003-1004-1005-1010-1017-1063-1064-1018-1158-1159-1160-1161-1162-1163-1164
[2026-08-11 16:50:23.143423] [INFO] [path_server] 노드 업데이트 : [1184] ➜ [1045]
[2026-08-11 16:50:23.223360] [INFO] [path_server] 새로운 경로 설정 : path[1184 ➜ 1164] time[0s] dist[31.5m] list[22] : 1184-1045-1046-1047-1048-1001-1002-1003-1004-1005-1010-1017-1063-1064-1018-1158-1159-1160-1161-1162-1163-1164
[2026-08-11 16:50:24.480889] [INFO] [path_server] 노드 업데이트 : [1045] ➜ [1046]
[2026-08-11 16:50:24.560759] [INFO] [path_server] 새로운 경로 설정 : path[1045 ➜ 1164] time[0s] dist[30m] list[21] : 1045-1046-1047-1048-1001-1002-1003-1004-1005-1010-1017-1063-1064-1018-1158-1159-1160-1161-1162-1163-1164
[2026-08-11 16:50:27.814691] [INFO] [path_server] 노드 업데이트 : [1046] ➜ [1047]
[2026-08-11 16:50:27.894642] [INFO] [path_server] 새로운 경로 설정 : path[1046 ➜ 1164] time[0s] dist[28.5m] list[20] : 1046-1047-1048-1001-1002-1003-1004-1005-1010-1017-1063-1064-1018-1158-1159-1160-1161-1162-1163-1164
[2026-08-11 16:50:28.952631] [INFO] [path_server] 노드 업데이트 : [1047] ➜ [1048]
[2026-08-11 16:50:29.032560] [INFO] [path_server] 새로운 경로 설정 : path[1047 ➜ 1164] time[0s] dist[27m] list[19] : 1047-1048-1001-1002-1003-1004-1005-1010-1017-1063-1064-1018-1158-1159-1160-1161-1162-1163-1164
[2026-08-11 16:50:29.771198] [INFO] [path_server] 노드 업데이트 : [1048] ➜ [1001]
[2026-08-11 16:50:29.831071] [INFO] [path_server] 새로운 경로 설정 : path[1048 ➜ 1164] time[0s] dist[25.5m] list[18] : 1048-1001-1002-1003-1004-1005-1010-1017-1063-1064-1018-1158-1159-1160-1161-1162-1163-1164
[2026-08-11 16:50:30.529668] [INFO] [path_server] 노드 업데이트 : [1001] ➜ [1002]
[2026-08-11 16:50:30.609544] [INFO] [path_server] 새로운 경로 설정 : path[1001 ➜ 1164] time[0s] dist[24m] list[17] : 1001-1002-1003-1004-1005-1010-1017-1063-1064-1018-1158-1159-1160-1161-1162-1163-1164
[2026-08-11 16:50:31.268226] [INFO] [path_server] 노드 업데이트 : [1002] ➜ [1003]
[2026-08-11 16:50:31.328141] [INFO] [path_server] 새로운 경로 설정 : path[1002 ➜ 1164] time[0s] dist[22.5m] list[16] : 1002-1003-1004-1005-1010-1017-1063-1064-1018-1158-1159-1160-1161-1162-1163-1164
[2026-08-11 16:50:32.026751] [INFO] [path_server] 노드 업데이트 : [1003] ➜ [1004]
[2026-08-11 16:50:32.106617] [INFO] [path_server] 새로운 경로 설정 : path[1003 ➜ 1164] time[0s] dist[21m] list[15] : 1003-1004-1005-1010-1017-1063-1064-1018-1158-1159-1160-1161-1162-1163-1164
[2026-08-11 16:50:32.785215] [INFO] [path_server] 노드 업데이트 : [1004] ➜ [1005]
[2026-08-11 16:50:32.865134] [INFO] [path_server] 새로운 경로 설정 : path[1004 ➜ 1164] time[0s] dist[19.5m] list[14] : 1004-1005-1010-1017-1063-1064-1018-1158-1159-1160-1161-1162-1163-1164
[2026-08-11 16:50:34.102693] [INFO] [path_server] 노드 업데이트 : [1005] ➜ [1010]
[2026-08-11 16:50:34.182654] [INFO] [path_server] 새로운 경로 설정 : path[1005 ➜ 1164] time[0s] dist[18m] list[13] : 1005-1010-1017-1063-1064-1018-1158-1159-1160-1161-1162-1163-1164
[2026-08-11 16:50:37.476716] [INFO] [path_server] 노드 업데이트 : [1010] ➜ [1017]
[2026-08-11 16:50:37.536635] [INFO] [path_server] 새로운 경로 설정 : path[1010 ➜ 1164] time[0s] dist[16.5m] list[12] : 1010-1017-1063-1064-1018-1158-1159-1160-1161-1162-1163-1164
[2026-08-11 16:50:38.594619] [INFO] [path_server] 노드 업데이트 : [1017] ➜ [1063]
[2026-08-11 16:50:38.674518] [INFO] [path_server] 새로운 경로 설정 : path[1017 ➜ 1164] time[0s] dist[15m] list[11] : 1017-1063-1064-1018-1158-1159-1160-1161-1162-1163-1164
[2026-08-11 16:50:39.412987] [INFO] [path_server] 노드 업데이트 : [1063] ➜ [1064]
[2026-08-11 16:50:39.492899] [INFO] [path_server] 새로운 경로 설정 : path[1063 ➜ 1164] time[0s] dist[13.5m] list[10] : 1063-1064-1018-1158-1159-1160-1161-1162-1163-1164
[2026-08-11 16:50:40.750424] [INFO] [path_server] 노드 업데이트 : [1064] ➜ [1018]
[2026-08-11 16:50:40.830332] [INFO] [path_server] 새로운 경로 설정 : path[1064 ➜ 1164] time[0s] dist[12m] list[9] : 1064-1018-1158-1159-1160-1161-1162-1163-1164
[2026-08-11 16:50:44.084120] [INFO] [path_server] 노드 업데이트 : [1018] ➜ [1158]
[2026-08-11 16:50:44.164032] [INFO] [path_server] 새로운 경로 설정 : path[1018 ➜ 1164] time[0s] dist[10.5m] list[8] : 1018-1158-1159-1160-1161-1162-1163-1164
[2026-08-11 16:50:45.221972] [INFO] [path_server] 노드 업데이트 : [1158] ➜ [1159]
[2026-08-11 16:50:45.301879] [INFO] [path_server] 새로운 경로 설정 : path[1158 ➜ 1164] time[0s] dist[9m] list[7] : 1158-1159-1160-1161-1162-1163-1164
[2026-08-11 16:50:46.040408] [INFO] [path_server] 노드 업데이트 : [1159] ➜ [1160]
[2026-08-11 16:50:46.100339] [INFO] [path_server] 새로운 경로 설정 : path[1159 ➜ 1164] time[0s] dist[7.5m] list[6] : 1159-1160-1161-1162-1163-1164
[2026-08-11 16:50:46.798964] [INFO] [path_server] 노드 업데이트 : [1160] ➜ [1161]
[2026-08-11 16:50:46.858993] [INFO] [path_server] 새로운 경로 설정 : path[1160 ➜ 1164] time[0s] dist[6m] list[5] : 1160-1161-1162-1163-1164
[2026-08-11 16:50:47.557601] [INFO] [path_server] 노드 업데이트 : [1161] ➜ [1162]
[2026-08-11 16:50:47.637446] [INFO] [path_server] 새로운 경로 설정 : path[1161 ➜ 1164] time[0s] dist[4.5m] list[4] : 1161-1162-1163-1164
[2026-08-11 16:50:48.296107] [INFO] [path_server] 노드 업데이트 : [1162] ➜ [1163]
[2026-08-11 16:50:48.356019] [INFO] [path_server] 새로운 경로 설정 : path[1162 ➜ 1164] time[0s] dist[3m] list[3] : 1162-1163-1164
[2026-08-11 16:50:49.054601] [INFO] [path_server] 노드 업데이트 : [1163] ➜ [1164]
[2026-08-11 16:50:49.134507] [INFO] [path_server] 새로운 경로 설정 : path[1163 ➜ 1164] time[0s] dist[1.5m] list[2] : 1163-1164
[2026-08-11 16:50:51.290417] [INFO] [path_server] 노드 업데이트 : [1164] ➜ [-1]
[2026-08-11 16:50:54.209650] [INFO] [path_server] 노드 업데이트 : [1164] ➜ [-1]
[2026-08-11 16:50:54.289540] [INFO] [path_server] 경로 삭제
[2026-08-11 16:50:59.380051] [INFO] [path_server] 새로운 경로 설정 : path[1164 ➜ 111] time[0s] dist[37.5m] list[26] : 1164-1165-1166-1109-1110-1111-1112-1113-1043-1044-1045-1046-1047-1048-1001-1002-1003-1004-1005-1006-1021-1022-1007-1167-1168-111
[2026-08-11 16:51:01.715948] [INFO] [path_server] 노드 업데이트 : [1165] ➜ [1166]
[2026-08-11 16:51:01.775873] [INFO] [path_server] 새로운 경로 설정 : path[1165 ➜ 111] time[0s] dist[36m] list[25] : 1165-1166-1109-1110-1111-1112-1113-1043-1044-1045-1046-1047-1048-1001-1002-1003-1004-1005-1006-1021-1022-1007-1167-1168-111
[2026-08-11 16:51:02.774026] [INFO] [path_server] 노드 업데이트 : [1166] ➜ [1109]
[2026-08-11 16:51:02.853925] [INFO] [path_server] 새로운 경로 설정 : path[1166 ➜ 111] time[0s] dist[34.5m] list[24] : 1166-1109-1110-1111-1112-1113-1043-1044-1045-1046-1047-1048-1001-1002-1003-1004-1005-1006-1021-1022-1007-1167-1168-111
[2026-08-11 16:51:03.632362] [INFO] [path_server] 노드 업데이트 : [1109] ➜ [1110]
[2026-08-11 16:51:03.692281] [INFO] [path_server] 새로운 경로 설정 : path[1109 ➜ 111] time[0s] dist[33m] list[23] : 1109-1110-1111-1112-1113-1043-1044-1045-1046-1047-1048-1001-1002-1003-1004-1005-1006-1021-1022-1007-1167-1168-111
[2026-08-11 16:51:07.285606] [INFO] [path_server] 노드 업데이트 : [1110] ➜ [1111]
[2026-08-11 16:51:07.365572] [INFO] [path_server] 새로운 경로 설정 : path[1110 ➜ 111] time[0s] dist[31.5m] list[22] : 1110-1111-1112-1113-1043-1044-1045-1046-1047-1048-1001-1002-1003-1004-1005-1006-1021-1022-1007-1167-1168-111
[2026-08-11 16:51:08.643119] [INFO] [path_server] 노드 업데이트 : [1111] ➜ [1112]
[2026-08-11 16:51:08.703008] [INFO] [path_server] 새로운 경로 설정 : path[1111 ➜ 111] time[0s] dist[30m] list[21] : 1111-1112-1113-1043-1044-1045-1046-1047-1048-1001-1002-1003-1004-1005-1006-1021-1022-1007-1167-1168-111
[2026-08-11 16:51:09.541372] [INFO] [path_server] 노드 업데이트 : [1112] ➜ [1113]
[2026-08-11 16:51:09.601269] [INFO] [path_server] 새로운 경로 설정 : path[1112 ➜ 111] time[0s] dist[28.5m] list[20] : 1112-1113-1043-1044-1045-1046-1047-1048-1001-1002-1003-1004-1005-1006-1021-1022-1007-1167-1168-111
[2026-08-11 16:51:10.858811] [INFO] [path_server] 노드 업데이트 : [1113] ➜ [1043]
[2026-08-11 16:51:10.918738] [INFO] [path_server] 새로운 경로 설정 : path[1113 ➜ 111] time[0s] dist[27m] list[19] : 1113-1043-1044-1045-1046-1047-1048-1001-1002-1003-1004-1005-1006-1021-1022-1007-1167-1168-111
[2026-08-11 16:51:14.192308] [INFO] [path_server] 노드 업데이트 : [1043] ➜ [1044]
[2026-08-11 16:51:14.272181] [INFO] [path_server] 새로운 경로 설정 : path[1043 ➜ 111] time[0s] dist[25.5m] list[18] : 1043-1044-1045-1046-1047-1048-1001-1002-1003-1004-1005-1006-1021-1022-1007-1167-1168-111
[2026-08-11 16:51:15.330091] [INFO] [path_server] 노드 업데이트 : [1044] ➜ [1045]
[2026-08-11 16:51:15.409970] [INFO] [path_server] 새로운 경로 설정 : path[1044 ➜ 111] time[0s] dist[24m] list[17] : 1044-1045-1046-1047-1048-1001-1002-1003-1004-1005-1006-1021-1022-1007-1167-1168-111
[2026-08-11 16:51:16.148414] [INFO] [path_server] 노드 업데이트 : [1045] ➜ [1046]
[2026-08-11 16:51:16.228463] [INFO] [path_server] 새로운 경로 설정 : path[1045 ➜ 111] time[0s] dist[22.5m] list[16] : 1045-1046-1047-1048-1001-1002-1003-1004-1005-1006-1021-1022-1007-1167-1168-111
[2026-08-11 16:51:16.906977] [INFO] [path_server] 노드 업데이트 : [1046] ➜ [1047]
[2026-08-11 16:51:16.986848] [INFO] [path_server] 새로운 경로 설정 : path[1046 ➜ 111] time[0s] dist[21m] list[15] : 1046-1047-1048-1001-1002-1003-1004-1005-1006-1021-1022-1007-1167-1168-111
[2026-08-11 16:51:17.665781] [INFO] [path_server] 노드 업데이트 : [1047] ➜ [1048]
[2026-08-11 16:51:17.725720] [INFO] [path_server] 새로운 경로 설정 : path[1047 ➜ 111] time[0s] dist[19.5m] list[14] : 1047-1048-1001-1002-1003-1004-1005-1006-1021-1022-1007-1167-1168-111
[2026-08-11 16:51:18.404311] [INFO] [path_server] 노드 업데이트 : [1048] ➜ [1001]
[2026-08-11 16:51:18.484312] [INFO] [path_server] 새로운 경로 설정 : path[1048 ➜ 111] time[0s] dist[18m] list[13] : 1048-1001-1002-1003-1004-1005-1006-1021-1022-1007-1167-1168-111
[2026-08-11 16:51:19.163013] [INFO] [path_server] 노드 업데이트 : [1001] ➜ [1002]
[2026-08-11 16:51:19.222983] [INFO] [path_server] 새로운 경로 설정 : path[1001 ➜ 111] time[0s] dist[16.5m] list[12] : 1001-1002-1003-1004-1005-1006-1021-1022-1007-1167-1168-111
[2026-08-11 16:51:19.901488] [INFO] [path_server] 노드 업데이트 : [1002] ➜ [1003]
[2026-08-11 16:51:19.981419] [INFO] [path_server] 새로운 경로 설정 : path[1002 ➜ 111] time[0s] dist[15m] list[11] : 1002-1003-1004-1005-1006-1021-1022-1007-1167-1168-111
[2026-08-11 16:51:20.660019] [INFO] [path_server] 노드 업데이트 : [1003] ➜ [1004]
[2026-08-11 16:51:20.719923] [INFO] [path_server] 새로운 경로 설정 : path[1003 ➜ 111] time[0s] dist[13.5m] list[10] : 1003-1004-1005-1006-1021-1022-1007-1167-1168-111
[2026-08-11 16:51:21.398760] [INFO] [path_server] 노드 업데이트 : [1004] ➜ [1005]
[2026-08-11 16:51:21.478717] [INFO] [path_server] 새로운 경로 설정 : path[1004 ➜ 111] time[0s] dist[12m] list[9] : 1004-1005-1006-1021-1022-1007-1167-1168-111
[2026-08-11 16:51:22.157359] [INFO] [path_server] 노드 업데이트 : [1005] ➜ [1006]
[2026-08-11 16:51:22.217309] [INFO] [path_server] 새로운 경로 설정 : path[1005 ➜ 111] time[0s] dist[10.5m] list[8] : 1005-1006-1021-1022-1007-1167-1168-111
[2026-08-11 16:51:22.915899] [INFO] [path_server] 노드 업데이트 : [1006] ➜ [1021]
[2026-08-11 16:51:22.995744] [INFO] [path_server] 새로운 경로 설정 : path[1006 ➜ 111] time[0s] dist[9m] list[7] : 1006-1021-1022-1007-1167-1168-111
[2026-08-11 16:51:23.654432] [INFO] [path_server] 노드 업데이트 : [1021] ➜ [1022]
[2026-08-11 16:51:23.714361] [INFO] [path_server] 새로운 경로 설정 : path[1021 ➜ 111] time[0s] dist[7.5m] list[6] : 1021-1022-1007-1167-1168-111
[2026-08-11 16:51:24.971872] [INFO] [path_server] 노드 업데이트 : [1022] ➜ [1007]
[2026-08-11 16:51:25.031772] [INFO] [path_server] 새로운 경로 설정 : path[1022 ➜ 111] time[0s] dist[6m] list[5] : 1022-1007-1167-1168-111
[2026-08-11 16:51:28.325240] [INFO] [path_server] 노드 업데이트 : [1007] ➜ [1167]
[2026-08-11 16:51:28.405130] [INFO] [path_server] 새로운 경로 설정 : path[1007 ➜ 111] time[0s] dist[4.5m] list[4] : 1007-1167-1168-111
[2026-08-11 16:51:29.462871] [INFO] [path_server] 노드 업데이트 : [1167] ➜ [1168]
[2026-08-11 16:51:29.542758] [INFO] [path_server] 새로운 경로 설정 : path[1167 ➜ 111] time[0s] dist[3m] list[3] : 1167-1168-111
[2026-08-11 16:51:30.880179] [INFO] [path_server] 노드 업데이트 : [1168] ➜ [111]
[2026-08-11 16:51:30.940081] [INFO] [path_server] 새로운 경로 설정 : path[1168 ➜ 111] time[0s] dist[1.5m] list[2] : 1168-111
[2026-08-11 16:51:36.389458] [INFO] [path_server] 노드 업데이트 : [111] ➜ [-1]
[2026-08-11 16:51:39.323739] [INFO] [path_server] 노드 업데이트 : [111] ➜ [-1]
[2026-08-11 16:52:17.169721] [INFO] [path_server] 생성
[2026-08-11 16:52:17.169775] [INFO] [path_server] 경로 삭제
[2026-08-11 16:52:17.171844] [INFO] [path_server] 노드 초기화 성공 : 로봇 좌표[22.004m 14.498m -179.978°] 최단 거리 노드[111] 거리(0.004352m)
[2026-08-11 16:52:41.063264] [INFO] [path_server] 경로 삭제
[2026-08-11 16:52:41.103230] [INFO] [path_server] 경로 삭제
[2026-08-11 16:53:50.548359] [INFO] [path_server] 경로 삭제
[2026-08-11 16:53:50.568351] [INFO] [path_server] 경로 삭제
[2026-08-11 16:55:00.032614] [INFO] [path_server] 경로 삭제
[2026-08-11 16:55:00.052570] [INFO] [path_server] 경로 삭제
[2026-08-11 16:56:09.536552] [INFO] [path_server] 경로 삭제
[2026-08-11 16:56:09.576536] [INFO] [path_server] 경로 삭제
[2026-08-11 16:56:10.395130] [INFO] [path_server] 새로운 경로 설정 : path[111 ➜ 202] time[0s] dist[27m] list[19] : 111-1168-1169-1170-1171-1172-1091-1092-1093-1094-1095-1074-1075-1076-1018-1158-1159-1160-202
[2026-08-11 16:56:15.085797] [INFO] [path_server] 노드 업데이트 : [1168] ➜ [1169]
[2026-08-11 16:56:15.145704] [INFO] [path_server] 새로운 경로 설정 : path[1168 ➜ 202] time[0s] dist[25.5m] list[18] : 1168-1169-1170-1171-1172-1091-1092-1093-1094-1095-1074-1075-1076-1018-1158-1159-1160-202
[2026-08-11 16:56:18.778830] [INFO] [path_server] 노드 업데이트 : [1169] ➜ [1170]
[2026-08-11 16:56:18.838767] [INFO] [path_server] 새로운 경로 설정 : path[1169 ➜ 202] time[0s] dist[24m] list[17] : 1169-1170-1171-1172-1091-1092-1093-1094-1095-1074-1075-1076-1018-1158-1159-1160-202
[2026-08-11 16:56:19.896678] [INFO] [path_server] 노드 업데이트 : [1170] ➜ [1171]
[2026-08-11 16:56:19.976578] [INFO] [path_server] 새로운 경로 설정 : path[1170 ➜ 202] time[0s] dist[22.5m] list[16] : 1170-1171-1172-1091-1092-1093-1094-1095-1074-1075-1076-1018-1158-1159-1160-202
[2026-08-11 16:56:20.715049] [INFO] [path_server] 노드 업데이트 : [1171] ➜ [1172]
[2026-08-11 16:56:20.794993] [INFO] [path_server] 새로운 경로 설정 : path[1171 ➜ 202] time[0s] dist[21m] list[15] : 1171-1172-1091-1092-1093-1094-1095-1074-1075-1076-1018-1158-1159-1160-202
[2026-08-11 16:56:21.453815] [INFO] [path_server] 노드 업데이트 : [1172] ➜ [1091]
[2026-08-11 16:56:21.533700] [INFO] [path_server] 새로운 경로 설정 : path[1172 ➜ 202] time[0s] dist[19.5m] list[14] : 1172-1091-1092-1093-1094-1095-1074-1075-1076-1018-1158-1159-1160-202
[2026-08-11 16:56:22.511689] [INFO] [path_server] 노드 업데이트 : [1091] ➜ [1092]
[2026-08-11 16:56:22.591603] [INFO] [path_server] 새로운 경로 설정 : path[1091 ➜ 202] time[0s] dist[18m] list[13] : 1091-1092-1093-1094-1095-1074-1075-1076-1018-1158-1159-1160-202
[2026-08-11 16:56:25.785433] [INFO] [path_server] 노드 업데이트 : [1092] ➜ [1093]
[2026-08-11 16:56:25.845379] [INFO] [path_server] 새로운 경로 설정 : path[1092 ➜ 202] time[0s] dist[16.5m] list[12] : 1092-1093-1094-1095-1074-1075-1076-1018-1158-1159-1160-202
[2026-08-11 16:56:27.023034] [INFO] [path_server] 노드 업데이트 : [1093] ➜ [1094]
[2026-08-11 16:56:27.102910] [INFO] [path_server] 새로운 경로 설정 : path[1093 ➜ 202] time[0s] dist[15m] list[11] : 1093-1094-1095-1074-1075-1076-1018-1158-1159-1160-202
[2026-08-11 16:56:27.901222] [INFO] [path_server] 노드 업데이트 : [1094] ➜ [1095]
[2026-08-11 16:56:27.981148] [INFO] [path_server] 새로운 경로 설정 : path[1094 ➜ 202] time[0s] dist[13.5m] list[10] : 1094-1095-1074-1075-1076-1018-1158-1159-1160-202
[2026-08-11 16:56:29.218639] [INFO] [path_server] 노드 업데이트 : [1095] ➜ [1074]
[2026-08-11 16:56:29.298466] [INFO] [path_server] 새로운 경로 설정 : path[1095 ➜ 202] time[0s] dist[12m] list[9] : 1095-1074-1075-1076-1018-1158-1159-1160-202
[2026-08-11 16:56:32.552307] [INFO] [path_server] 노드 업데이트 : [1074] ➜ [1075]
[2026-08-11 16:56:32.632259] [INFO] [path_server] 새로운 경로 설정 : path[1074 ➜ 202] time[0s] dist[10.5m] list[8] : 1074-1075-1076-1018-1158-1159-1160-202
[2026-08-11 16:56:33.690000] [INFO] [path_server] 노드 업데이트 : [1075] ➜ [1076]
[2026-08-11 16:56:33.769936] [INFO] [path_server] 새로운 경로 설정 : path[1075 ➜ 202] time[0s] dist[9m] list[7] : 1075-1076-1018-1158-1159-1160-202
[2026-08-11 16:56:34.508394] [INFO] [path_server] 노드 업데이트 : [1076] ➜ [1018]
[2026-08-11 16:56:34.568303] [INFO] [path_server] 새로운 경로 설정 : path[1076 ➜ 202] time[0s] dist[7.5m] list[6] : 1076-1018-1158-1159-1160-202
[2026-08-11 16:56:35.845688] [INFO] [path_server] 노드 업데이트 : [1018] ➜ [1158]
[2026-08-11 16:56:35.925590] [INFO] [path_server] 새로운 경로 설정 : path[1018 ➜ 202] time[0s] dist[6m] list[5] : 1018-1158-1159-1160-202
[2026-08-11 16:56:39.218693] [INFO] [path_server] 노드 업데이트 : [1158] ➜ [1159]
[2026-08-11 16:56:39.298532] [INFO] [path_server] 새로운 경로 설정 : path[1158 ➜ 202] time[0s] dist[4.5m] list[4] : 1158-1159-1160-202
[2026-08-11 16:56:40.356304] [INFO] [path_server] 노드 업데이트 : [1159] ➜ [1160]
[2026-08-11 16:56:40.416224] [INFO] [path_server] 새로운 경로 설정 : path[1159 ➜ 202] time[0s] dist[3m] list[3] : 1159-1160-202
[2026-08-11 16:56:41.693708] [INFO] [path_server] 노드 업데이트 : [1160] ➜ [202]
[2026-08-11 16:56:41.773622] [INFO] [path_server] 새로운 경로 설정 : path[1160 ➜ 202] time[0s] dist[1.5m] list[2] : 1160-202
[2026-08-11 16:56:46.943938] [INFO] [path_server] 노드 업데이트 : [202] ➜ [-1]
[2026-08-11 16:56:49.878045] [INFO] [path_server] 노드 업데이트 : [202] ➜ [-1]
[2026-08-11 16:56:49.937956] [INFO] [path_server] 경로 삭제
[2026-08-11 17:01:45.820633] [INFO] [path_server] 새로운 경로 설정 : path[202 ➜ 102] time[0s] dist[42m] list[29] : 202-1160-1161-1162-1163-1164-1165-1166-1109-1110-1111-1112-1113-1114-1115-1116-1117-1118-1119-1120-1121-1122-1123-1179-1180-1181-1182-1183-102
[2026-08-11 17:01:50.711370] [INFO] [path_server] 노드 업데이트 : [1160] ➜ [1161]
[2026-08-11 17:01:50.791261] [INFO] [path_server] 새로운 경로 설정 : path[1160 ➜ 102] time[0s] dist[40.5m] list[28] : 1160-1161-1162-1163-1164-1165-1166-1109-1110-1111-1112-1113-1114-1115-1116-1117-1118-1119-1120-1121-1122-1123-1179-1180-1181-1182-1183-102
[2026-08-11 17:01:54.343795] [INFO] [path_server] 노드 업데이트 : [1161] ➜ [1162]
[2026-08-11 17:01:54.423680] [INFO] [path_server] 새로운 경로 설정 : path[1161 ➜ 102] time[0s] dist[39m] list[27] : 1161-1162-1163-1164-1165-1166-1109-1110-1111-1112-1113-1114-1115-1116-1117-1118-1119-1120-1121-1122-1123-1179-1180-1181-1182-1183-102
[2026-08-11 17:01:55.461884] [INFO] [path_server] 노드 업데이트 : [1162] ➜ [1163]
[2026-08-11 17:01:55.542032] [INFO] [path_server] 새로운 경로 설정 : path[1162 ➜ 102] time[0s] dist[37.5m] list[26] : 1162-1163-1164-1165-1166-1109-1110-1111-1112-1113-1114-1115-1116-1117-1118-1119-1120-1121-1122-1123-1179-1180-1181-1182-1183-102
[2026-08-11 17:01:56.280880] [INFO] [path_server] 노드 업데이트 : [1163] ➜ [1164]
[2026-08-11 17:01:56.340887] [INFO] [path_server] 새로운 경로 설정 : path[1163 ➜ 102] time[0s] dist[36m] list[25] : 1163-1164-1165-1166-1109-1110-1111-1112-1113-1114-1115-1116-1117-1118-1119-1120-1121-1122-1123-1179-1180-1181-1182-1183-102
[2026-08-11 17:01:57.039796] [INFO] [path_server] 노드 업데이트 : [1164] ➜ [1165]
[2026-08-11 17:01:57.119691] [INFO] [path_server] 새로운 경로 설정 : path[1164 ➜ 102] time[0s] dist[34.5m] list[24] : 1164-1165-1166-1109-1110-1111-1112-1113-1114-1115-1116-1117-1118-1119-1120-1121-1122-1123-1179-1180-1181-1182-1183-102
[2026-08-11 17:01:57.798365] [INFO] [path_server] 노드 업데이트 : [1165] ➜ [1166]
[2026-08-11 17:01:57.878355] [INFO] [path_server] 새로운 경로 설정 : path[1165 ➜ 102] time[0s] dist[33m] list[23] : 1165-1166-1109-1110-1111-1112-1113-1114-1115-1116-1117-1118-1119-1120-1121-1122-1123-1179-1180-1181-1182-1183-102
[2026-08-11 17:01:58.537294] [INFO] [path_server] 노드 업데이트 : [1166] ➜ [1109]
[2026-08-11 17:01:58.617205] [INFO] [path_server] 새로운 경로 설정 : path[1166 ➜ 102] time[0s] dist[31.5m] list[22] : 1166-1109-1110-1111-1112-1113-1114-1115-1116-1117-1118-1119-1120-1121-1122-1123-1179-1180-1181-1182-1183-102
[2026-08-11 17:01:59.395872] [INFO] [path_server] 노드 업데이트 : [1109] ➜ [1110]
[2026-08-11 17:01:59.455820] [INFO] [path_server] 새로운 경로 설정 : path[1109 ➜ 102] time[0s] dist[30m] list[21] : 1109-1110-1111-1112-1113-1114-1115-1116-1117-1118-1119-1120-1121-1122-1123-1179-1180-1181-1182-1183-102
[2026-08-11 17:02:03.048864] [INFO] [path_server] 노드 업데이트 : [1110] ➜ [1111]
[2026-08-11 17:02:03.108804] [INFO] [path_server] 새로운 경로 설정 : path[1110 ➜ 102] time[0s] dist[28.5m] list[20] : 1110-1111-1112-1113-1114-1115-1116-1117-1118-1119-1120-1121-1122-1123-1179-1180-1181-1182-1183-102
[2026-08-11 17:02:04.406210] [INFO] [path_server] 노드 업데이트 : [1111] ➜ [1112]
[2026-08-11 17:02:04.486063] [INFO] [path_server] 새로운 경로 설정 : path[1111 ➜ 102] time[0s] dist[27m] list[19] : 1111-1112-1113-1114-1115-1116-1117-1118-1119-1120-1121-1122-1123-1179-1180-1181-1182-1183-102
[2026-08-11 17:02:05.304346] [INFO] [path_server] 노드 업데이트 : [1112] ➜ [1113]
[2026-08-11 17:02:05.384237] [INFO] [path_server] 새로운 경로 설정 : path[1112 ➜ 102] time[0s] dist[25.5m] list[18] : 1112-1113-1114-1115-1116-1117-1118-1119-1120-1121-1122-1123-1179-1180-1181-1182-1183-102
[2026-08-11 17:02:06.042810] [INFO] [path_server] 노드 업데이트 : [1113] ➜ [1114]
[2026-08-11 17:02:06.102743] [INFO] [path_server] 새로운 경로 설정 : path[1113 ➜ 102] time[0s] dist[24m] list[17] : 1113-1114-1115-1116-1117-1118-1119-1120-1121-1122-1123-1179-1180-1181-1182-1183-102
[2026-08-11 17:02:06.801341] [INFO] [path_server] 노드 업데이트 : [1114] ➜ [1115]
[2026-08-11 17:02:06.881227] [INFO] [path_server] 새로운 경로 설정 : path[1114 ➜ 102] time[0s] dist[22.5m] list[16] : 1114-1115-1116-1117-1118-1119-1120-1121-1122-1123-1179-1180-1181-1182-1183-102
[2026-08-11 17:02:07.559902] [INFO] [path_server] 노드 업데이트 : [1115] ➜ [1116]
[2026-08-11 17:02:07.639844] [INFO] [path_server] 새로운 경로 설정 : path[1115 ➜ 102] time[0s] dist[21m] list[15] : 1115-1116-1117-1118-1119-1120-1121-1122-1123-1179-1180-1181-1182-1183-102
[2026-08-11 17:02:08.298487] [INFO] [path_server] 노드 업데이트 : [1116] ➜ [1117]
[2026-08-11 17:02:08.378382] [INFO] [path_server] 새로운 경로 설정 : path[1116 ➜ 102] time[0s] dist[19.5m] list[14] : 1116-1117-1118-1119-1120-1121-1122-1123-1179-1180-1181-1182-1183-102
[2026-08-11 17:02:09.057133] [INFO] [path_server] 노드 업데이트 : [1117] ➜ [1118]
[2026-08-11 17:02:09.137063] [INFO] [path_server] 새로운 경로 설정 : path[1117 ➜ 102] time[0s] dist[18m] list[13] : 1117-1118-1119-1120-1121-1122-1123-1179-1180-1181-1182-1183-102
[2026-08-11 17:02:09.795789] [INFO] [path_server] 노드 업데이트 : [1118] ➜ [1119]
[2026-08-11 17:02:09.895650] [INFO] [path_server] 새로운 경로 설정 : path[1118 ➜ 102] time[0s] dist[16.5m] list[12] : 1118-1119-1120-1121-1122-1123-1179-1180-1181-1182-1183-102
[2026-08-11 17:02:10.554453] [INFO] [path_server] 노드 업데이트 : [1119] ➜ [1120]
[2026-08-11 17:02:10.634375] [INFO] [path_server] 새로운 경로 설정 : path[1119 ➜ 102] time[0s] dist[15m] list[11] : 1119-1120-1121-1122-1123-1179-1180-1181-1182-1183-102
[2026-08-11 17:02:11.392817] [INFO] [path_server] 노드 업데이트 : [1120] ➜ [1121]
[2026-08-11 17:02:11.472676] [INFO] [path_server] 새로운 경로 설정 : path[1120 ➜ 102] time[0s] dist[13.5m] list[10] : 1120-1121-1122-1123-1179-1180-1181-1182-1183-102
[2026-08-11 17:02:15.045902] [INFO] [path_server] 노드 업데이트 : [1121] ➜ [1122]
[2026-08-11 17:02:15.125777] [INFO] [path_server] 새로운 경로 설정 : path[1121 ➜ 102] time[0s] dist[12m] list[9] : 1121-1122-1123-1179-1180-1181-1182-1183-102
[2026-08-11 17:02:16.403117] [INFO] [path_server] 노드 업데이트 : [1122] ➜ [1123]
[2026-08-11 17:02:16.483037] [INFO] [path_server] 새로운 경로 설정 : path[1122 ➜ 102] time[0s] dist[10.5m] list[8] : 1122-1123-1179-1180-1181-1182-1183-102
[2026-08-11 17:02:17.461014] [INFO] [path_server] 노드 업데이트 : [1123] ➜ [1179]
[2026-08-11 17:02:17.520913] [INFO] [path_server] 새로운 경로 설정 : path[1123 ➜ 102] time[0s] dist[9m] list[7] : 1123-1179-1180-1181-1182-1183-102
[2026-08-11 17:02:20.774609] [INFO] [path_server] 노드 업데이트 : [1179] ➜ [1180]
[2026-08-11 17:02:20.854518] [INFO] [path_server] 새로운 경로 설정 : path[1179 ➜ 102] time[0s] dist[7.5m] list[6] : 1179-1180-1181-1182-1183-102
[2026-08-11 17:02:22.012153] [INFO] [path_server] 노드 업데이트 : [1180] ➜ [1181]
[2026-08-11 17:02:22.092042] [INFO] [path_server] 새로운 경로 설정 : path[1180 ➜ 102] time[0s] dist[6m] list[5] : 1180-1181-1182-1183-102
[2026-08-11 17:02:22.890480] [INFO] [path_server] 노드 업데이트 : [1181] ➜ [1182]
[2026-08-11 17:02:22.950408] [INFO] [path_server] 새로운 경로 설정 : path[1181 ➜ 102] time[0s] dist[4.5m] list[4] : 1181-1182-1183-102
[2026-08-11 17:02:23.649255] [INFO] [path_server] 노드 업데이트 : [1182] ➜ [1183]
[2026-08-11 17:02:23.729121] [INFO] [path_server] 새로운 경로 설정 : path[1182 ➜ 102] time[0s] dist[3m] list[3] : 1182-1183-102
[2026-08-11 17:02:24.946765] [INFO] [path_server] 노드 업데이트 : [1183] ➜ [102]
[2026-08-11 17:02:25.026684] [INFO] [path_server] 새로운 경로 설정 : path[1183 ➜ 102] time[0s] dist[1.5m] list[2] : 1183-102
[2026-08-11 17:02:30.156143] [INFO] [path_server] 노드 업데이트 : [102] ➜ [-1]
[2026-08-11 17:02:33.090320] [INFO] [path_server] 노드 업데이트 : [102] ➜ [-1]
[2026-08-11 17:03:34.395848] [INFO] [path_server] 생성
[2026-08-11 17:03:34.395880] [INFO] [path_server] 경로 삭제
[2026-08-11 17:03:34.397340] [INFO] [path_server] 노드 초기화 성공 : 로봇 좌표[5.504m 6.998m -179.352°] 최단 거리 노드[102] 거리(0.004179m)
[2026-08-11 17:03:52.183530] [INFO] [path_server] 경로 삭제
[2026-08-11 17:03:52.223501] [INFO] [path_server] 경로 삭제
[2026-08-11 17:05:01.668476] [INFO] [path_server] 경로 삭제
[2026-08-11 17:05:01.688406] [INFO] [path_server] 경로 삭제
[2026-08-11 17:06:11.190553] [INFO] [path_server] 경로 삭제
[2026-08-11 17:06:11.230527] [INFO] [path_server] 경로 삭제
[2026-08-11 17:07:20.710097] [INFO] [path_server] 경로 삭제
[2026-08-11 17:07:20.750081] [INFO] [path_server] 경로 삭제
[2026-08-11 17:08:30.231173] [INFO] [path_server] 경로 삭제
[2026-08-11 17:08:30.271129] [INFO] [path_server] 경로 삭제
[2026-08-11 17:09:39.717345] [INFO] [path_server] 경로 삭제
[2026-08-11 17:09:39.757321] [INFO] [path_server] 경로 삭제
[2026-08-11 17:10:48.241553] [INFO] [path_server] 새로운 경로 설정 : path[102 ➜ 203] time[0s] dist[18m] list[13] : 102-1183-1184-1045-1040-1041-1042-1112-1113-1114-1115-1116-203
[2026-08-11 17:10:55.407275] [INFO] [path_server] 노드 업데이트 : [1183] ➜ [1184]
[2026-08-11 17:10:55.487182] [INFO] [path_server] 새로운 경로 설정 : path[1183 ➜ 203] time[0s] dist[16.5m] list[12] : 1183-1184-1045-1040-1041-1042-1112-1113-1114-1115-1116-203
[2026-08-11 17:10:59.020778] [INFO] [path_server] 노드 업데이트 : [1184] ➜ [1045]
[2026-08-11 17:10:59.100660] [INFO] [path_server] 새로운 경로 설정 : path[1184 ➜ 203] time[0s] dist[15m] list[11] : 1184-1045-1040-1041-1042-1112-1113-1114-1115-1116-203
[2026-08-11 17:11:00.158786] [INFO] [path_server] 노드 업데이트 : [1045] ➜ [1040]
[2026-08-11 17:11:00.218700] [INFO] [path_server] 새로운 경로 설정 : path[1045 ➜ 203] time[0s] dist[13.5m] list[10] : 1045-1040-1041-1042-1112-1113-1114-1115-1116-203
[2026-08-11 17:11:01.496185] [INFO] [path_server] 노드 업데이트 : [1040] ➜ [1041]
[2026-08-11 17:11:01.576110] [INFO] [path_server] 새로운 경로 설정 : path[1040 ➜ 203] time[0s] dist[12m] list[9] : 1040-1041-1042-1112-1113-1114-1115-1116-203
[2026-08-11 17:11:04.889476] [INFO] [path_server] 노드 업데이트 : [1041] ➜ [1042]
[2026-08-11 17:11:04.949359] [INFO] [path_server] 새로운 경로 설정 : path[1041 ➜ 203] time[0s] dist[10.5m] list[8] : 1041-1042-1112-1113-1114-1115-1116-203
[2026-08-11 17:11:06.725860] [INFO] [path_server] 노드 업데이트 : [1042] ➜ [1112]
[2026-08-11 17:11:06.805729] [INFO] [path_server] 새로운 경로 설정 : path[1042 ➜ 203] time[0s] dist[9m] list[7] : 1042-1112-1113-1114-1115-1116-203
[2026-08-11 17:11:09.041429] [INFO] [path_server] 노드 업데이트 : [1112] ➜ [1113]
[2026-08-11 17:11:09.121366] [INFO] [path_server] 새로운 경로 설정 : path[1112 ➜ 203] time[0s] dist[7.5m] list[6] : 1112-1113-1114-1115-1116-203
[2026-08-11 17:11:12.394951] [INFO] [path_server] 노드 업데이트 : [1113] ➜ [1114]
[2026-08-11 17:11:12.474862] [INFO] [path_server] 새로운 경로 설정 : path[1113 ➜ 203] time[0s] dist[6m] list[5] : 1113-1114-1115-1116-203
[2026-08-11 17:11:13.512836] [INFO] [path_server] 노드 업데이트 : [1114] ➜ [1115]
[2026-08-11 17:11:13.572750] [INFO] [path_server] 새로운 경로 설정 : path[1114 ➜ 203] time[0s] dist[4.5m] list[4] : 1114-1115-1116-203
[2026-08-11 17:11:14.351916] [INFO] [path_server] 노드 업데이트 : [1115] ➜ [1116]
[2026-08-11 17:11:14.411806] [INFO] [path_server] 새로운 경로 설정 : path[1115 ➜ 203] time[0s] dist[3m] list[3] : 1115-1116-203
[2026-08-11 17:11:15.649553] [INFO] [path_server] 노드 업데이트 : [1116] ➜ [203]
[2026-08-11 17:11:15.709474] [INFO] [path_server] 새로운 경로 설정 : path[1116 ➜ 203] time[0s] dist[1.5m] list[2] : 1116-203
[2026-08-11 17:11:20.879503] [INFO] [path_server] 노드 업데이트 : [203] ➜ [-1]
[2026-08-11 17:11:23.813891] [INFO] [path_server] 노드 업데이트 : [203] ➜ [-1]
[2026-08-11 17:11:25.750412] [INFO] [path_server] 경로 삭제
