[2026-08-11 16:38:02.003087] [INFO] [power_system] 생성
[2026-08-11 16:38:02.003243] [INFO] [power_system] 설정 정보 : remaining[40%, 10%, 5%]
[2026-08-11 16:38:02.003871] [INFO] [power_system] 알람 목록 : 
 • [100015, 100001] [INFO] 자동 충전 시작.
 • [100015, 100002] [INFO] 배터리 가득.
 • [100015, 400001] [CRIT] 배터리 남은 양 - 위험
 • [100015, 300001] [ERROR] 배터리 남은 양 - 에러
 • [100015, 200001] [WARN] 배터리 남은 양 - 주의
 • [100015, 100004] [INFO] 자동 충전 해제 완료.
 • [100015, 100003] [INFO] 자동 충전 해제 시작.
[2026-08-11 16:40:31.674304] [INFO] [power_system] 생성
[2026-08-11 16:40:31.674460] [INFO] [power_system] 설정 정보 : remaining[40%, 10%, 5%]
[2026-08-11 16:40:31.675079] [INFO] [power_system] 알람 목록 : 
 • [100015, 100001] [INFO] 자동 충전 시작.
 • [100015, 100002] [INFO] 배터리 가득.
 • [100015, 400001] [CRIT] 배터리 남은 양 - 위험
 • [100015, 300001] [ERROR] 배터리 남은 양 - 에러
 • [100015, 200001] [WARN] 배터리 남은 양 - 주의
 • [100015, 100004] [INFO] 자동 충전 해제 완료.
 • [100015, 100003] [INFO] 자동 충전 해제 시작.
[2026-08-11 16:42:03.856914] [INFO] [power_system] 충전 프로세스 시작
[2026-08-11 16:42:21.384255] [INFO] [power_system] 충전 완료
[2026-08-11 16:42:26.416346] [INFO] [power_system] 충전 해제 완료
[2026-08-11 16:42:26.436429] [INFO] [power_system] 충전 해제 프로세스 시작
[2026-08-11 16:44:17.639848] [INFO] [power_system] 충전 프로세스 시작
[2026-08-11 16:44:35.308834] [INFO] [power_system] 충전 완료
[2026-08-11 16:44:40.339854] [INFO] [power_system] 충전 해제 완료
[2026-08-11 16:44:40.359831] [INFO] [power_system] 충전 해제 프로세스 시작
[2026-08-11 16:45:50.023127] [INFO] [power_system] 생성
[2026-08-11 16:45:50.023212] [INFO] [power_system] 설정 정보 : remaining[40%, 10%, 5%]
[2026-08-11 16:45:50.023556] [INFO] [power_system] 알람 목록 : 
 • [100015, 100001] [INFO] 자동 충전 시작.
 • [100015, 100002] [INFO] 배터리 가득.
 • [100015, 400001] [CRIT] 배터리 남은 양 - 위험
 • [100015, 300001] [ERROR] 배터리 남은 양 - 에러
 • [100015, 200001] [WARN] 배터리 남은 양 - 주의
 • [100015, 100004] [INFO] 자동 충전 해제 완료.
 • [100015, 100003] [INFO] 자동 충전 해제 시작.
[2026-08-11 16:47:17.542056] [INFO] [power_system] 충전 프로세스 시작
[2026-08-11 16:47:38.461221] [INFO] [power_system] 충전 완료
[2026-08-11 16:47:42.786848] [INFO] [power_system] 생성
[2026-08-11 16:47:42.787006] [INFO] [power_system] 설정 정보 : remaining[40%, 10%, 5%]
[2026-08-11 16:47:42.787429] [INFO] [power_system] 알람 목록 : 
 • [100015, 100001] [INFO] 자동 충전 시작.
 • [100015, 100002] [INFO] 배터리 가득.
 • [100015, 400001] [CRIT] 배터리 남은 양 - 위험
 • [100015, 300001] [ERROR] 배터리 남은 양 - 에러
 • [100015, 200001] [WARN] 배터리 남은 양 - 주의
 • [100015, 100004] [INFO] 자동 충전 해제 완료.
 • [100015, 100003] [INFO] 자동 충전 해제 시작.
[2026-08-11 16:47:42.807834] [INFO] [power_system] 충전 프로세스 시작
[2026-08-11 16:47:54.188630] [INFO] [power_system] 충전 완료
[2026-08-11 16:47:59.219578] [INFO] [power_system] 충전 해제 완료
[2026-08-11 16:47:59.239537] [INFO] [power_system] 충전 해제 프로세스 시작
[2026-08-11 16:49:24.436789] [INFO] [power_system] 생성
[2026-08-11 16:49:24.436945] [INFO] [power_system] 설정 정보 : remaining[40%, 10%, 5%]
[2026-08-11 16:49:24.437566] [INFO] [power_system] 알람 목록 : 
 • [100015, 100001] [INFO] 자동 충전 시작.
 • [100015, 100002] [INFO] 배터리 가득.
 • [100015, 400001] [CRIT] 배터리 남은 양 - 위험
 • [100015, 300001] [ERROR] 배터리 남은 양 - 에러
 • [100015, 200001] [WARN] 배터리 남은 양 - 주의
 • [100015, 100004] [INFO] 자동 충전 해제 완료.
 • [100015, 100003] [INFO] 자동 충전 해제 시작.
[2026-08-11 16:49:46.529933] [INFO] [power_system] 생성
[2026-08-11 16:49:46.530092] [INFO] [power_system] 설정 정보 : remaining[40%, 10%, 5%]
[2026-08-11 16:49:46.530746] [INFO] [power_system] 알람 목록 : 
 • [100015, 100001] [INFO] 자동 충전 시작.
 • [100015, 100002] [INFO] 배터리 가득.
 • [100015, 400001] [CRIT] 배터리 남은 양 - 위험
 • [100015, 300001] [ERROR] 배터리 남은 양 - 에러
 • [100015, 200001] [WARN] 배터리 남은 양 - 주의
 • [100015, 100004] [INFO] 자동 충전 해제 완료.
 • [100015, 100003] [INFO] 자동 충전 해제 시작.
[2026-08-11 16:52:17.152013] [INFO] [power_system] 생성
[2026-08-11 16:52:17.152129] [INFO] [power_system] 설정 정보 : remaining[40%, 10%, 5%]
[2026-08-11 16:52:17.152693] [INFO] [power_system] 알람 목록 : 
 • [100015, 100001] [INFO] 자동 충전 시작.
 • [100015, 100002] [INFO] 배터리 가득.
 • [100015, 400001] [CRIT] 배터리 남은 양 - 위험
 • [100015, 300001] [ERROR] 배터리 남은 양 - 에러
 • [100015, 200001] [WARN] 배터리 남은 양 - 주의
 • [100015, 100004] [INFO] 자동 충전 해제 완료.
 • [100015, 100003] [INFO] 자동 충전 해제 시작.
[2026-08-11 16:54:15.140346] [INFO] [power_system] 충전 프로세스 시작
[2026-08-11 16:54:40.811108] [INFO] [power_system] 충전 완료
[2026-08-11 16:54:45.840937] [INFO] [power_system] 충전 해제 완료
[2026-08-11 16:54:45.860943] [INFO] [power_system] 충전 해제 프로세스 시작
[2026-08-11 16:56:58.120928] [INFO] [power_system] 충전 프로세스 시작
[2026-08-11 16:57:18.280250] [INFO] [power_system] 충전 완료
[2026-08-11 16:57:23.310168] [INFO] [power_system] 충전 해제 완료
[2026-08-11 16:57:23.330184] [INFO] [power_system] 충전 해제 프로세스 시작
[2026-08-11 16:59:18.393241] [INFO] [power_system] 충전 프로세스 시작
[2026-08-11 16:59:31.773248] [INFO] [power_system] 충전 완료
[2026-08-11 16:59:36.803378] [INFO] [power_system] 충전 해제 완료
[2026-08-11 16:59:36.823398] [INFO] [power_system] 충전 해제 프로세스 시작
[2026-08-11 17:01:18.764247] [INFO] [power_system] 충전 프로세스 시작
[2026-08-11 17:01:37.047501] [INFO] [power_system] 충전 완료
[2026-08-11 17:03:34.396353] [INFO] [power_system] 생성
[2026-08-11 17:03:34.396456] [INFO] [power_system] 설정 정보 : remaining[40%, 10%, 5%]
[2026-08-11 17:03:34.396854] [INFO] [power_system] 알람 목록 : 
 • [100015, 100001] [INFO] 자동 충전 시작.
 • [100015, 100002] [INFO] 배터리 가득.
 • [100015, 400001] [CRIT] 배터리 남은 양 - 위험
 • [100015, 300001] [ERROR] 배터리 남은 양 - 에러
 • [100015, 200001] [WARN] 배터리 남은 양 - 주의
 • [100015, 100004] [INFO] 자동 충전 해제 완료.
 • [100015, 100003] [INFO] 자동 충전 해제 시작.
[2026-08-11 17:05:08.215113] [INFO] [power_system] 충전 프로세스 시작
[2026-08-11 17:05:29.357007] [INFO] [power_system] 충전 완료
[2026-08-11 17:05:34.386557] [INFO] [power_system] 충전 해제 완료
[2026-08-11 17:05:34.406525] [INFO] [power_system] 충전 해제 프로세스 시작
[2026-08-11 17:07:29.480696] [INFO] [power_system] 충전 프로세스 시작
[2026-08-11 17:07:42.854277] [INFO] [power_system] 충전 완료
[2026-08-11 17:07:47.884360] [INFO] [power_system] 충전 해제 완료
[2026-08-11 17:07:47.904372] [INFO] [power_system] 충전 해제 프로세스 시작
[2026-08-11 17:09:42.960709] [INFO] [power_system] 충전 프로세스 시작
[2026-08-11 17:09:56.334259] [INFO] [power_system] 충전 완료
[2026-08-11 17:10:01.364806] [INFO] [power_system] 충전 해제 완료
[2026-08-11 17:10:01.384719] [INFO] [power_system] 충전 해제 프로세스 시작
[2026-08-11 17:11:56.439034] [INFO] [power_system] 충전 프로세스 시작
[2026-08-11 17:12:09.812375] [INFO] [power_system] 충전 완료
[2026-08-11 17:12:14.842224] [INFO] [power_system] 충전 해제 완료
[2026-08-11 17:12:14.862163] [INFO] [power_system] 충전 해제 프로세스 시작
