[2026-08-11 16:38:01.994784] [INFO] [power_system] 생성
[2026-08-11 16:38:01.994886] [INFO] [power_system] 설정 정보 : remaining[40%, 10%, 5%]
[2026-08-11 16:38:01.995266] [INFO] [power_system] 알람 목록 : 
 • [100015, 100001] [INFO] 자동 충전 시작.
 • [100015, 100002] [INFO] 배터리 가득.
 • [100015, 400001] [CRIT] 배터리 남은 양 - 위험
 • [100015, 300001] [ERROR] 배터리 남은 양 - 에러
 • [100015, 200001] [WARN] 배터리 남은 양 - 주의
 • [100015, 100004] [INFO] 자동 충전 해제 완료.
 • [100015, 100003] [INFO] 자동 충전 해제 시작.
[2026-08-11 16:45:50.014376] [INFO] [power_system] 생성
[2026-08-11 16:45:50.014480] [INFO] [power_system] 설정 정보 : remaining[40%, 10%, 5%]
[2026-08-11 16:45:50.014950] [INFO] [power_system] 알람 목록 : 
 • [100015, 100001] [INFO] 자동 충전 시작.
 • [100015, 100002] [INFO] 배터리 가득.
 • [100015, 400001] [CRIT] 배터리 남은 양 - 위험
 • [100015, 300001] [ERROR] 배터리 남은 양 - 에러
 • [100015, 200001] [WARN] 배터리 남은 양 - 주의
 • [100015, 100004] [INFO] 자동 충전 해제 완료.
 • [100015, 100003] [INFO] 자동 충전 해제 시작.
[2026-08-11 16:45:50.135117] [INFO] [power_system] 충전 프로세스 시작
[2026-08-11 16:46:07.860743] [INFO] [power_system] 충전 완료
[2026-08-11 16:49:24.425753] [INFO] [power_system] 생성
[2026-08-11 16:49:24.425854] [INFO] [power_system] 설정 정보 : remaining[40%, 10%, 5%]
[2026-08-11 16:49:24.426242] [INFO] [power_system] 알람 목록 : 
 • [100015, 100001] [INFO] 자동 충전 시작.
 • [100015, 100002] [INFO] 배터리 가득.
 • [100015, 400001] [CRIT] 배터리 남은 양 - 위험
 • [100015, 300001] [ERROR] 배터리 남은 양 - 에러
 • [100015, 200001] [WARN] 배터리 남은 양 - 주의
 • [100015, 100004] [INFO] 자동 충전 해제 완료.
 • [100015, 100003] [INFO] 자동 충전 해제 시작.
[2026-08-11 16:49:58.428428] [INFO] [power_system] 생성
[2026-08-11 16:49:58.428531] [INFO] [power_system] 설정 정보 : remaining[40%, 10%, 5%]
[2026-08-11 16:49:58.428928] [INFO] [power_system] 알람 목록 : 
 • [100015, 100001] [INFO] 자동 충전 시작.
 • [100015, 100002] [INFO] 배터리 가득.
 • [100015, 400001] [CRIT] 배터리 남은 양 - 위험
 • [100015, 300001] [ERROR] 배터리 남은 양 - 에러
 • [100015, 200001] [WARN] 배터리 남은 양 - 주의
 • [100015, 100004] [INFO] 자동 충전 해제 완료.
 • [100015, 100003] [INFO] 자동 충전 해제 시작.
[2026-08-11 16:50:42.008916] [INFO] [power_system] 충전 프로세스 시작
[2026-08-11 16:51:08.778753] [INFO] [power_system] 충전 완료
[2026-08-11 16:51:13.809791] [INFO] [power_system] 충전 해제 완료
[2026-08-11 16:51:13.829660] [INFO] [power_system] 충전 해제 프로세스 시작
[2026-08-11 16:52:17.169813] [INFO] [power_system] 생성
[2026-08-11 16:52:17.169907] [INFO] [power_system] 설정 정보 : remaining[40%, 10%, 5%]
[2026-08-11 16:52:17.170289] [INFO] [power_system] 알람 목록 : 
 • [100015, 100001] [INFO] 자동 충전 시작.
 • [100015, 100002] [INFO] 배터리 가득.
 • [100015, 400001] [CRIT] 배터리 남은 양 - 위험
 • [100015, 300001] [ERROR] 배터리 남은 양 - 에러
 • [100015, 200001] [WARN] 배터리 남은 양 - 주의
 • [100015, 100004] [INFO] 자동 충전 해제 완료.
 • [100015, 100003] [INFO] 자동 충전 해제 시작.
[2026-08-11 16:52:24.156886] [INFO] [power_system] 충전 프로세스 시작
[2026-08-11 16:52:42.799681] [INFO] [power_system] 충전 완료
[2026-08-11 16:52:47.829654] [INFO] [power_system] 충전 해제 완료
[2026-08-11 16:52:47.849642] [INFO] [power_system] 충전 해제 프로세스 시작
[2026-08-11 16:53:42.901955] [INFO] [power_system] 충전 프로세스 시작
[2026-08-11 16:54:56.906899] [INFO] [power_system] 충전 프로세스 시작
[2026-08-11 16:55:26.228844] [INFO] [power_system] 충전 완료
[2026-08-11 16:55:31.258919] [INFO] [power_system] 충전 해제 완료
[2026-08-11 16:55:31.278879] [INFO] [power_system] 충전 해제 프로세스 시작
[2026-08-11 16:56:26.330703] [INFO] [power_system] 충전 프로세스 시작
[2026-08-11 16:56:40.042843] [INFO] [power_system] 충전 완료
[2026-08-11 17:01:23.795710] [INFO] [power_system] 충전 프로세스 시작
[2026-08-11 17:02:04.832459] [INFO] [power_system] 충전 완료
[2026-08-11 17:02:09.862333] [INFO] [power_system] 충전 해제 완료
[2026-08-11 17:02:09.882296] [INFO] [power_system] 충전 해제 프로세스 시작
[2026-08-11 17:03:34.392213] [INFO] [power_system] 생성
[2026-08-11 17:03:34.392308] [INFO] [power_system] 설정 정보 : remaining[40%, 10%, 5%]
[2026-08-11 17:03:34.392675] [INFO] [power_system] 알람 목록 : 
 • [100015, 100001] [INFO] 자동 충전 시작.
 • [100015, 100002] [INFO] 배터리 가득.
 • [100015, 400001] [CRIT] 배터리 남은 양 - 위험
 • [100015, 300001] [ERROR] 배터리 남은 양 - 에러
 • [100015, 200001] [WARN] 배터리 남은 양 - 주의
 • [100015, 100004] [INFO] 자동 충전 해제 완료.
 • [100015, 100003] [INFO] 자동 충전 해제 시작.
[2026-08-11 17:03:35.652951] [INFO] [power_system] 충전 프로세스 시작
[2026-08-11 17:03:53.538551] [INFO] [power_system] 충전 완료
[2026-08-11 17:03:58.568359] [INFO] [power_system] 충전 해제 완료
[2026-08-11 17:03:58.588375] [INFO] [power_system] 충전 해제 프로세스 시작
[2026-08-11 17:04:53.661577] [INFO] [power_system] 충전 프로세스 시작
[2026-08-11 17:05:07.394234] [INFO] [power_system] 충전 완료
[2026-08-11 17:05:12.424978] [INFO] [power_system] 충전 해제 완료
[2026-08-11 17:05:12.444933] [INFO] [power_system] 충전 해제 프로세스 시작
[2026-08-11 17:06:07.497702] [INFO] [power_system] 충전 프로세스 시작
[2026-08-11 17:06:21.211797] [INFO] [power_system] 충전 완료
[2026-08-11 17:06:26.242527] [INFO] [power_system] 충전 해제 완료
[2026-08-11 17:06:26.262418] [INFO] [power_system] 충전 해제 프로세스 시작
[2026-08-11 17:07:21.333897] [INFO] [power_system] 충전 프로세스 시작
[2026-08-11 17:07:35.066729] [INFO] [power_system] 충전 완료
[2026-08-11 17:07:40.096832] [INFO] [power_system] 충전 해제 완료
[2026-08-11 17:07:40.116832] [INFO] [power_system] 충전 해제 프로세스 시작
[2026-08-11 17:12:26.902528] [INFO] [power_system] 충전 프로세스 시작
[2026-08-11 17:24:37.860162] [INFO] [power_system] 생성
[2026-08-11 17:24:37.860254] [INFO] [power_system] 설정 정보 : remaining[40%, 10%, 5%]
[2026-08-11 17:24:37.860637] [INFO] [power_system] 알람 목록 : 
 • [100015, 100001] [INFO] 자동 충전 시작.
 • [100015, 100002] [INFO] 배터리 가득.
 • [100015, 400001] [CRIT] 배터리 남은 양 - 위험
 • [100015, 300001] [ERROR] 배터리 남은 양 - 에러
 • [100015, 200001] [WARN] 배터리 남은 양 - 주의
 • [100015, 100004] [INFO] 자동 충전 해제 완료.
 • [100015, 100003] [INFO] 자동 충전 해제 시작.
[2026-08-11 17:27:18.552596] [INFO] [power_system] 생성
[2026-08-11 17:27:18.552744] [INFO] [power_system] 설정 정보 : remaining[40%, 10%, 5%]
[2026-08-11 17:27:18.553330] [INFO] [power_system] 알람 목록 : 
 • [100015, 100001] [INFO] 자동 충전 시작.
 • [100015, 100002] [INFO] 배터리 가득.
 • [100015, 400001] [CRIT] 배터리 남은 양 - 위험
 • [100015, 300001] [ERROR] 배터리 남은 양 - 에러
 • [100015, 200001] [WARN] 배터리 남은 양 - 주의
 • [100015, 100004] [INFO] 자동 충전 해제 완료.
 • [100015, 100003] [INFO] 자동 충전 해제 시작.
[2026-08-11 17:27:18.673704] [INFO] [power_system] 충전 프로세스 시작
[2026-08-11 17:27:55.450490] [INFO] [power_system] 생성
[2026-08-11 17:27:55.450587] [INFO] [power_system] 설정 정보 : remaining[40%, 10%, 5%]
[2026-08-11 17:27:55.450976] [INFO] [power_system] 알람 목록 : 
 • [100015, 100001] [INFO] 자동 충전 시작.
 • [100015, 100002] [INFO] 배터리 가득.
 • [100015, 400001] [CRIT] 배터리 남은 양 - 위험
 • [100015, 300001] [ERROR] 배터리 남은 양 - 에러
 • [100015, 200001] [WARN] 배터리 남은 양 - 주의
 • [100015, 100004] [INFO] 자동 충전 해제 완료.
 • [100015, 100003] [INFO] 자동 충전 해제 시작.
[2026-08-11 17:27:55.551166] [INFO] [power_system] 충전 프로세스 시작
[2026-08-11 17:28:13.276426] [INFO] [power_system] 충전 완료
[2026-08-11 17:28:18.306605] [INFO] [power_system] 충전 해제 완료
[2026-08-11 17:28:18.326634] [INFO] [power_system] 충전 해제 프로세스 시작
[2026-08-11 17:34:46.305082] [INFO] [power_system] 생성
[2026-08-11 17:34:46.305193] [INFO] [power_system] 설정 정보 : remaining[40%, 10%, 5%]
[2026-08-11 17:34:46.305610] [INFO] [power_system] 알람 목록 : 
 • [100015, 100001] [INFO] 자동 충전 시작.
 • [100015, 100002] [INFO] 배터리 가득.
 • [100015, 400001] [CRIT] 배터리 남은 양 - 위험
 • [100015, 300001] [ERROR] 배터리 남은 양 - 에러
 • [100015, 200001] [WARN] 배터리 남은 양 - 주의
 • [100015, 100004] [INFO] 자동 충전 해제 완료.
 • [100015, 100003] [INFO] 자동 충전 해제 시작.
[2026-08-11 17:34:49.880409] [INFO] [power_system] 충전 프로세스 시작
[2026-08-11 17:35:08.065222] [INFO] [power_system] 충전 완료
[2026-08-11 17:35:13.095052] [INFO] [power_system] 충전 해제 완료
[2026-08-11 17:35:13.114971] [INFO] [power_system] 충전 해제 프로세스 시작
[2026-08-11 17:36:08.173662] [INFO] [power_system] 충전 프로세스 시작
[2026-08-11 17:36:21.887990] [INFO] [power_system] 충전 완료
[2026-08-11 17:36:26.919381] [INFO] [power_system] 충전 해제 완료
[2026-08-11 17:36:26.939419] [INFO] [power_system] 충전 해제 프로세스 시작
[2026-08-11 17:37:22.022708] [INFO] [power_system] 충전 프로세스 시작
[2026-08-11 17:37:35.757867] [INFO] [power_system] 충전 완료
[2026-08-11 17:37:40.787704] [INFO] [power_system] 충전 해제 완료
[2026-08-11 17:37:40.807719] [INFO] [power_system] 충전 해제 프로세스 시작
[2026-08-11 17:38:35.887172] [INFO] [power_system] 충전 프로세스 시작
[2026-08-11 17:38:49.620100] [INFO] [power_system] 충전 완료
[2026-08-11 17:38:54.650408] [INFO] [power_system] 충전 해제 완료
[2026-08-11 17:38:54.670385] [INFO] [power_system] 충전 해제 프로세스 시작
[2026-08-11 17:39:49.723399] [INFO] [power_system] 충전 프로세스 시작
[2026-08-11 17:40:03.436969] [INFO] [power_system] 충전 완료
[2026-08-11 17:40:32.828198] [INFO] [power_system] 생성
[2026-08-11 17:40:32.828367] [INFO] [power_system] 설정 정보 : remaining[40%, 10%, 5%]
[2026-08-11 17:40:32.828944] [INFO] [power_system] 알람 목록 : 
 • [100015, 100001] [INFO] 자동 충전 시작.
 • [100015, 100002] [INFO] 배터리 가득.
 • [100015, 400001] [CRIT] 배터리 남은 양 - 위험
 • [100015, 300001] [ERROR] 배터리 남은 양 - 에러
 • [100015, 200001] [WARN] 배터리 남은 양 - 주의
 • [100015, 100004] [INFO] 자동 충전 해제 완료.
 • [100015, 100003] [INFO] 자동 충전 해제 시작.
[2026-08-11 17:40:32.929359] [INFO] [power_system] 충전 프로세스 시작
[2026-08-11 17:40:50.655175] [INFO] [power_system] 충전 완료
[2026-08-11 17:40:55.685257] [INFO] [power_system] 충전 해제 완료
[2026-08-11 17:40:55.705297] [INFO] [power_system] 충전 해제 프로세스 시작
[2026-08-11 17:43:43.873699] [INFO] [power_system] 생성
[2026-08-11 17:43:43.873832] [INFO] [power_system] 설정 정보 : remaining[40%, 10%, 5%]
[2026-08-11 17:43:43.874348] [INFO] [power_system] 알람 목록 : 
 • [100015, 100001] [INFO] 자동 충전 시작.
 • [100015, 100002] [INFO] 배터리 가득.
 • [100015, 400001] [CRIT] 배터리 남은 양 - 위험
 • [100015, 300001] [ERROR] 배터리 남은 양 - 에러
 • [100015, 200001] [WARN] 배터리 남은 양 - 주의
 • [100015, 100004] [INFO] 자동 충전 해제 완료.
 • [100015, 100003] [INFO] 자동 충전 해제 시작.
[2026-08-11 17:44:21.689645] [INFO] [power_system] 생성
[2026-08-11 17:44:21.689759] [INFO] [power_system] 설정 정보 : remaining[40%, 10%, 5%]
[2026-08-11 17:44:21.690190] [INFO] [power_system] 알람 목록 : 
 • [100015, 100001] [INFO] 자동 충전 시작.
 • [100015, 100002] [INFO] 배터리 가득.
 • [100015, 400001] [CRIT] 배터리 남은 양 - 위험
 • [100015, 300001] [ERROR] 배터리 남은 양 - 에러
 • [100015, 200001] [WARN] 배터리 남은 양 - 주의
 • [100015, 100004] [INFO] 자동 충전 해제 완료.
 • [100015, 100003] [INFO] 자동 충전 해제 시작.
[2026-08-11 17:45:27.803613] [INFO] [power_system] 생성
[2026-08-11 17:45:27.803755] [INFO] [power_system] 설정 정보 : remaining[40%, 10%, 5%]
[2026-08-11 17:45:27.804198] [INFO] [power_system] 알람 목록 : 
 • [100015, 100001] [INFO] 자동 충전 시작.
 • [100015, 100002] [INFO] 배터리 가득.
 • [100015, 400001] [CRIT] 배터리 남은 양 - 위험
 • [100015, 300001] [ERROR] 배터리 남은 양 - 에러
 • [100015, 200001] [WARN] 배터리 남은 양 - 주의
 • [100015, 100004] [INFO] 자동 충전 해제 완료.
 • [100015, 100003] [INFO] 자동 충전 해제 시작.
[2026-08-11 17:45:51.336465] [INFO] [power_system] 생성
[2026-08-11 17:45:51.336568] [INFO] [power_system] 설정 정보 : remaining[40%, 10%, 5%]
[2026-08-11 17:45:51.336991] [INFO] [power_system] 알람 목록 : 
 • [100015, 100001] [INFO] 자동 충전 시작.
 • [100015, 100002] [INFO] 배터리 가득.
 • [100015, 400001] [CRIT] 배터리 남은 양 - 위험
 • [100015, 300001] [ERROR] 배터리 남은 양 - 에러
 • [100015, 200001] [WARN] 배터리 남은 양 - 주의
 • [100015, 100004] [INFO] 자동 충전 해제 완료.
 • [100015, 100003] [INFO] 자동 충전 해제 시작.
[2026-08-11 17:45:51.457365] [INFO] [power_system] 충전 프로세스 시작
[2026-08-11 17:50:10.546351] [INFO] [power_system] 생성
[2026-08-11 17:50:10.546449] [INFO] [power_system] 설정 정보 : remaining[40%, 10%, 5%]
[2026-08-11 17:50:10.546864] [INFO] [power_system] 알람 목록 : 
 • [100015, 100001] [INFO] 자동 충전 시작.
 • [100015, 100002] [INFO] 배터리 가득.
 • [100015, 400001] [CRIT] 배터리 남은 양 - 위험
 • [100015, 300001] [ERROR] 배터리 남은 양 - 에러
 • [100015, 200001] [WARN] 배터리 남은 양 - 주의
 • [100015, 100004] [INFO] 자동 충전 해제 완료.
 • [100015, 100003] [INFO] 자동 충전 해제 시작.
[2026-08-11 17:54:05.201336] [INFO] [power_system] 충전 프로세스 시작
[2026-08-11 17:54:46.242111] [INFO] [power_system] 충전 완료
[2026-08-11 17:54:51.272131] [INFO] [power_system] 충전 해제 완료
[2026-08-11 17:54:51.292140] [INFO] [power_system] 충전 해제 프로세스 시작
[2026-08-11 17:55:46.368323] [INFO] [power_system] 충전 프로세스 시작
[2026-08-11 17:56:00.101360] [INFO] [power_system] 충전 완료
[2026-08-11 17:56:05.132203] [INFO] [power_system] 충전 해제 완료
[2026-08-11 17:56:05.152117] [INFO] [power_system] 충전 해제 프로세스 시작
[2026-08-11 17:57:00.207230] [INFO] [power_system] 충전 프로세스 시작
[2026-08-11 17:57:13.923077] [INFO] [power_system] 충전 완료
[2026-08-11 17:57:18.962831] [INFO] [power_system] 충전 해제 완료
[2026-08-11 17:57:18.982783] [INFO] [power_system] 충전 해제 프로세스 시작
