[2026-08-11 16:38:02.010200] [INFO] [power_system] 생성
[2026-08-11 16:38:02.010290] [INFO] [power_system] 설정 정보 : remaining[40%, 10%, 5%]
[2026-08-11 16:38:02.010647] [INFO] [power_system] 알람 목록 : 
 • [100015, 100001] [INFO] 자동 충전 시작.
 • [100015, 100002] [INFO] 배터리 가득.
 • [100015, 400001] [CRIT] 배터리 남은 양 - 위험
 • [100015, 300001] [ERROR] 배터리 남은 양 - 에러
 • [100015, 200001] [WARN] 배터리 남은 양 - 주의
 • [100015, 100004] [INFO] 자동 충전 해제 완료.
 • [100015, 100003] [INFO] 자동 충전 해제 시작.
[2026-08-11 16:45:50.026668] [INFO] [power_system] 생성
[2026-08-11 16:45:50.026833] [INFO] [power_system] 설정 정보 : remaining[40%, 10%, 5%]
[2026-08-11 16:45:50.027463] [INFO] [power_system] 알람 목록 : 
 • [100015, 100001] [INFO] 자동 충전 시작.
 • [100015, 100002] [INFO] 배터리 가득.
 • [100015, 400001] [CRIT] 배터리 남은 양 - 위험
 • [100015, 300001] [ERROR] 배터리 남은 양 - 에러
 • [100015, 200001] [WARN] 배터리 남은 양 - 주의
 • [100015, 100004] [INFO] 자동 충전 해제 완료.
 • [100015, 100003] [INFO] 자동 충전 해제 시작.
[2026-08-11 16:45:50.127852] [INFO] [power_system] 충전 프로세스 시작
[2026-08-11 16:46:29.853039] [INFO] [power_system] 충전 완료
[2026-08-11 16:46:34.883555] [INFO] [power_system] 충전 해제 완료
[2026-08-11 16:46:34.903563] [INFO] [power_system] 충전 해제 프로세스 시작
[2026-08-11 16:47:29.985718] [INFO] [power_system] 충전 프로세스 시작
[2026-08-11 16:49:24.434000] [INFO] [power_system] 생성
[2026-08-11 16:49:24.434109] [INFO] [power_system] 설정 정보 : remaining[40%, 10%, 5%]
[2026-08-11 16:49:24.434516] [INFO] [power_system] 알람 목록 : 
 • [100015, 100001] [INFO] 자동 충전 시작.
 • [100015, 100002] [INFO] 배터리 가득.
 • [100015, 400001] [CRIT] 배터리 남은 양 - 위험
 • [100015, 300001] [ERROR] 배터리 남은 양 - 에러
 • [100015, 200001] [WARN] 배터리 남은 양 - 주의
 • [100015, 100004] [INFO] 자동 충전 해제 완료.
 • [100015, 100003] [INFO] 자동 충전 해제 시작.
[2026-08-11 16:49:24.534792] [INFO] [power_system] 충전 프로세스 시작
[2026-08-11 16:49:58.416406] [INFO] [power_system] 생성
[2026-08-11 16:49:58.416507] [INFO] [power_system] 설정 정보 : remaining[40%, 10%, 5%]
[2026-08-11 16:49:58.416924] [INFO] [power_system] 알람 목록 : 
 • [100015, 100001] [INFO] 자동 충전 시작.
 • [100015, 100002] [INFO] 배터리 가득.
 • [100015, 400001] [CRIT] 배터리 남은 양 - 위험
 • [100015, 300001] [ERROR] 배터리 남은 양 - 에러
 • [100015, 200001] [WARN] 배터리 남은 양 - 주의
 • [100015, 100004] [INFO] 자동 충전 해제 완료.
 • [100015, 100003] [INFO] 자동 충전 해제 시작.
[2026-08-11 16:50:00.414086] [INFO] [power_system] 충전 프로세스 시작
[2026-08-11 16:51:32.809485] [INFO] [power_system] 충전 프로세스 시작
[2026-08-11 16:52:17.177840] [INFO] [power_system] 생성
[2026-08-11 16:52:17.177992] [INFO] [power_system] 설정 정보 : remaining[40%, 10%, 5%]
[2026-08-11 16:52:17.178606] [INFO] [power_system] 알람 목록 : 
 • [100015, 100001] [INFO] 자동 충전 시작.
 • [100015, 100002] [INFO] 배터리 가득.
 • [100015, 400001] [CRIT] 배터리 남은 양 - 위험
 • [100015, 300001] [ERROR] 배터리 남은 양 - 에러
 • [100015, 200001] [WARN] 배터리 남은 양 - 주의
 • [100015, 100004] [INFO] 자동 충전 해제 완료.
 • [100015, 100003] [INFO] 자동 충전 해제 시작.
[2026-08-11 16:52:24.147058] [INFO] [power_system] 충전 프로세스 시작
[2026-08-11 16:53:04.388524] [INFO] [power_system] 충전 완료
[2026-08-11 16:53:09.418668] [INFO] [power_system] 충전 해제 완료
[2026-08-11 16:53:09.438592] [INFO] [power_system] 충전 해제 프로세스 시작
[2026-08-11 16:54:56.073414] [INFO] [power_system] 충전 프로세스 시작
[2026-08-11 16:55:20.943389] [INFO] [power_system] 충전 완료
[2026-08-11 16:55:25.973395] [INFO] [power_system] 충전 해제 완료
[2026-08-11 16:55:25.993320] [INFO] [power_system] 충전 해제 프로세스 시작
[2026-08-11 16:56:21.049321] [INFO] [power_system] 충전 프로세스 시작
[2026-08-11 16:56:34.761945] [INFO] [power_system] 충전 완료
[2026-08-11 16:56:39.791811] [INFO] [power_system] 충전 해제 완료
[2026-08-11 16:56:39.811777] [INFO] [power_system] 충전 해제 프로세스 시작
[2026-08-11 16:57:34.902573] [INFO] [power_system] 충전 프로세스 시작
[2026-08-11 16:57:48.634437] [INFO] [power_system] 충전 완료
[2026-08-11 16:57:53.664516] [INFO] [power_system] 충전 해제 완료
[2026-08-11 16:57:53.684533] [INFO] [power_system] 충전 해제 프로세스 시작
[2026-08-11 16:58:48.758029] [INFO] [power_system] 충전 프로세스 시작
[2026-08-11 16:59:02.491368] [INFO] [power_system] 충전 완료
[2026-08-11 16:59:07.521757] [INFO] [power_system] 충전 해제 완료
[2026-08-11 16:59:07.541702] [INFO] [power_system] 충전 해제 프로세스 시작
[2026-08-11 17:00:02.632459] [INFO] [power_system] 충전 프로세스 시작
[2026-08-11 17:00:16.365844] [INFO] [power_system] 충전 완료
[2026-08-11 17:00:21.396185] [INFO] [power_system] 충전 해제 완료
[2026-08-11 17:00:21.416191] [INFO] [power_system] 충전 해제 프로세스 시작
[2026-08-11 17:01:16.488488] [INFO] [power_system] 충전 프로세스 시작
[2026-08-11 17:01:30.221617] [INFO] [power_system] 충전 완료
[2026-08-11 17:01:35.252004] [INFO] [power_system] 충전 해제 완료
[2026-08-11 17:01:35.271990] [INFO] [power_system] 충전 해제 프로세스 시작
[2026-08-11 17:02:30.342925] [INFO] [power_system] 충전 프로세스 시작
[2026-08-11 17:02:44.074881] [INFO] [power_system] 충전 완료
[2026-08-11 17:02:49.104637] [INFO] [power_system] 충전 해제 완료
[2026-08-11 17:02:49.124546] [INFO] [power_system] 충전 해제 프로세스 시작
[2026-08-11 17:03:34.404438] [INFO] [power_system] 생성
[2026-08-11 17:03:34.404587] [INFO] [power_system] 설정 정보 : remaining[40%, 10%, 5%]
[2026-08-11 17:03:34.405097] [INFO] [power_system] 알람 목록 : 
 • [100015, 100001] [INFO] 자동 충전 시작.
 • [100015, 100002] [INFO] 배터리 가득.
 • [100015, 400001] [CRIT] 배터리 남은 양 - 위험
 • [100015, 300001] [ERROR] 배터리 남은 양 - 에러
 • [100015, 200001] [WARN] 배터리 남은 양 - 주의
 • [100015, 100004] [INFO] 자동 충전 해제 완료.
 • [100015, 100003] [INFO] 자동 충전 해제 시작.
[2026-08-11 17:03:35.663430] [INFO] [power_system] 충전 프로세스 시작
[2026-08-11 17:04:15.546440] [INFO] [power_system] 충전 완료
[2026-08-11 17:04:20.577335] [INFO] [power_system] 충전 해제 완료
[2026-08-11 17:04:20.597263] [INFO] [power_system] 충전 해제 프로세스 시작
[2026-08-11 17:05:15.648792] [INFO] [power_system] 충전 프로세스 시작
[2026-08-11 17:05:29.364410] [INFO] [power_system] 충전 완료
[2026-08-11 17:05:34.394354] [INFO] [power_system] 충전 해제 완료
[2026-08-11 17:05:34.414348] [INFO] [power_system] 충전 해제 프로세스 시작
[2026-08-11 17:06:29.466218] [INFO] [power_system] 충전 프로세스 시작
[2026-08-11 17:06:43.178569] [INFO] [power_system] 충전 완료
[2026-08-11 17:06:48.208216] [INFO] [power_system] 충전 해제 완료
[2026-08-11 17:06:48.228150] [INFO] [power_system] 충전 해제 프로세스 시작
[2026-08-11 17:07:43.280339] [INFO] [power_system] 충전 프로세스 시작
[2026-08-11 17:07:56.993427] [INFO] [power_system] 충전 완료
[2026-08-11 17:08:02.023990] [INFO] [power_system] 충전 해제 완료
[2026-08-11 17:08:02.043955] [INFO] [power_system] 충전 해제 프로세스 시작
[2026-08-11 17:08:57.097626] [INFO] [power_system] 충전 프로세스 시작
[2026-08-11 17:09:10.810996] [INFO] [power_system] 충전 완료
[2026-08-11 17:09:15.841404] [INFO] [power_system] 충전 해제 완료
[2026-08-11 17:09:15.861318] [INFO] [power_system] 충전 해제 프로세스 시작
[2026-08-11 17:10:10.933030] [INFO] [power_system] 충전 프로세스 시작
[2026-08-11 17:10:24.665568] [INFO] [power_system] 충전 완료
[2026-08-11 17:10:29.695242] [INFO] [power_system] 충전 해제 완료
[2026-08-11 17:10:29.715256] [INFO] [power_system] 충전 해제 프로세스 시작
[2026-08-11 17:11:25.806904] [INFO] [power_system] 충전 프로세스 시작
[2026-08-11 17:11:39.660815] [INFO] [power_system] 충전 완료
[2026-08-11 17:11:44.690506] [INFO] [power_system] 충전 해제 완료
[2026-08-11 17:11:44.710422] [INFO] [power_system] 충전 해제 프로세스 시작
