[2026-08-11 16:38:01.990607] [INFO] [path_server] 생성
[2026-08-11 16:38:01.990685] [INFO] [path_server] 경로 삭제
[2026-08-11 16:38:01.992283] [INFO] [path_server] 노드 초기화 성공 : 로봇 좌표[23.498m 6.997m 90.604°] 최단 거리 노드[205] 거리(0.003717m)
[2026-08-11 16:45:50.029212] [INFO] [path_server] 생성
[2026-08-11 16:45:50.029265] [INFO] [path_server] 경로 삭제
[2026-08-11 16:45:50.031474] [INFO] [path_server] 노드 초기화 성공 : 로봇 좌표[23.498m 6.997m 90.604°] 최단 거리 노드[205] 거리(0.003717m)
[2026-08-11 16:46:25.165034] [INFO] [path_server] 새로운 경로 설정 : path[205 ➜ 104] time[0s] dist[72m] list[49] : 205-1202-1203-1204-1205-1206-1207-1208-1145-1146-1147-1148-1077-1029-1030-1031-1032-1033-1034-1007-1008-1009-1010-1011-1012-1035-1036-1037-1038-1039-1040-1041-1042-1112-1113-1114-1115-1116-1117-1118-1119-1120-1121-1122-1123-1179-1180-1181-104
[2026-08-11 16:46:30.075064] [INFO] [path_server] 노드 업데이트 : [1202] ➜ [1203]
[2026-08-11 16:46:30.154945] [INFO] [path_server] 새로운 경로 설정 : path[1202 ➜ 104] time[0s] dist[70.5m] list[48] : 1202-1203-1204-1205-1206-1207-1208-1145-1146-1147-1148-1077-1029-1030-1031-1032-1033-1034-1007-1008-1009-1010-1011-1012-1035-1036-1037-1038-1039-1040-1041-1042-1112-1113-1114-1115-1116-1117-1118-1119-1120-1121-1122-1123-1179-1180-1181-104
[2026-08-11 16:46:33.688004] [INFO] [path_server] 노드 업데이트 : [1203] ➜ [1204]
[2026-08-11 16:46:33.768003] [INFO] [path_server] 새로운 경로 설정 : path[1203 ➜ 104] time[0s] dist[69m] list[47] : 1203-1204-1205-1206-1207-1208-1145-1146-1147-1148-1077-1029-1030-1031-1032-1033-1034-1007-1008-1009-1010-1011-1012-1035-1036-1037-1038-1039-1040-1041-1042-1112-1113-1114-1115-1116-1117-1118-1119-1120-1121-1122-1123-1179-1180-1181-104
[2026-08-11 16:46:34.826160] [INFO] [path_server] 노드 업데이트 : [1204] ➜ [1205]
[2026-08-11 16:46:34.906119] [INFO] [path_server] 새로운 경로 설정 : path[1204 ➜ 104] time[0s] dist[67.5m] list[46] : 1204-1205-1206-1207-1208-1145-1146-1147-1148-1077-1029-1030-1031-1032-1033-1034-1007-1008-1009-1010-1011-1012-1035-1036-1037-1038-1039-1040-1041-1042-1112-1113-1114-1115-1116-1117-1118-1119-1120-1121-1122-1123-1179-1180-1181-104
[2026-08-11 16:46:35.644571] [INFO] [path_server] 노드 업데이트 : [1205] ➜ [1206]
[2026-08-11 16:46:35.704542] [INFO] [path_server] 새로운 경로 설정 : path[1205 ➜ 104] time[0s] dist[66m] list[45] : 1205-1206-1207-1208-1145-1146-1147-1148-1077-1029-1030-1031-1032-1033-1034-1007-1008-1009-1010-1011-1012-1035-1036-1037-1038-1039-1040-1041-1042-1112-1113-1114-1115-1116-1117-1118-1119-1120-1121-1122-1123-1179-1180-1181-104
[2026-08-11 16:46:36.403199] [INFO] [path_server] 노드 업데이트 : [1206] ➜ [1207]
[2026-08-11 16:46:36.483175] [INFO] [path_server] 새로운 경로 설정 : path[1206 ➜ 104] time[0s] dist[64.51m] list[44] : 1206-1207-1208-1145-1146-1147-1148-1077-1029-1030-1031-1032-1033-1034-1007-1008-1009-1010-1011-1012-1035-1036-1037-1038-1039-1040-1041-1042-1112-1113-1114-1115-1116-1117-1118-1119-1120-1121-1122-1123-1179-1180-1181-104
[2026-08-11 16:46:37.161748] [INFO] [path_server] 노드 업데이트 : [1207] ➜ [1208]
[2026-08-11 16:46:37.241693] [INFO] [path_server] 새로운 경로 설정 : path[1207 ➜ 104] time[0s] dist[63m] list[43] : 1207-1208-1145-1146-1147-1148-1077-1029-1030-1031-1032-1033-1034-1007-1008-1009-1010-1011-1012-1035-1036-1037-1038-1039-1040-1041-1042-1112-1113-1114-1115-1116-1117-1118-1119-1120-1121-1122-1123-1179-1180-1181-104
[2026-08-11 16:46:37.900393] [INFO] [path_server] 노드 업데이트 : [1208] ➜ [1145]
[2026-08-11 16:46:37.980300] [INFO] [path_server] 새로운 경로 설정 : path[1208 ➜ 104] time[0s] dist[61.5m] list[42] : 1208-1145-1146-1147-1148-1077-1029-1030-1031-1032-1033-1034-1007-1008-1009-1010-1011-1012-1035-1036-1037-1038-1039-1040-1041-1042-1112-1113-1114-1115-1116-1117-1118-1119-1120-1121-1122-1123-1179-1180-1181-104
[2026-08-11 16:46:39.218014] [INFO] [path_server] 노드 업데이트 : [1145] ➜ [1146]
[2026-08-11 16:46:39.297960] [INFO] [path_server] 새로운 경로 설정 : path[1145 ➜ 104] time[0s] dist[60m] list[41] : 1145-1146-1147-1148-1077-1029-1030-1031-1032-1033-1034-1007-1008-1009-1010-1011-1012-1035-1036-1037-1038-1039-1040-1041-1042-1112-1113-1114-1115-1116-1117-1118-1119-1120-1121-1122-1123-1179-1180-1181-104
[2026-08-11 16:46:42.572424] [INFO] [path_server] 노드 업데이트 : [1146] ➜ [1147]
[2026-08-11 16:46:42.652312] [INFO] [path_server] 새로운 경로 설정 : path[1146 ➜ 104] time[0s] dist[58.5m] list[40] : 1146-1147-1148-1077-1029-1030-1031-1032-1033-1034-1007-1008-1009-1010-1011-1012-1035-1036-1037-1038-1039-1040-1041-1042-1112-1113-1114-1115-1116-1117-1118-1119-1120-1121-1122-1123-1179-1180-1181-104
[2026-08-11 16:46:43.710263] [INFO] [path_server] 노드 업데이트 : [1147] ➜ [1148]
[2026-08-11 16:46:43.790177] [INFO] [path_server] 새로운 경로 설정 : path[1147 ➜ 104] time[0s] dist[57m] list[39] : 1147-1148-1077-1029-1030-1031-1032-1033-1034-1007-1008-1009-1010-1011-1012-1035-1036-1037-1038-1039-1040-1041-1042-1112-1113-1114-1115-1116-1117-1118-1119-1120-1121-1122-1123-1179-1180-1181-104
[2026-08-11 16:46:44.528758] [INFO] [path_server] 노드 업데이트 : [1148] ➜ [1077]
[2026-08-11 16:46:44.608721] [INFO] [path_server] 새로운 경로 설정 : path[1148 ➜ 104] time[0s] dist[55.5m] list[38] : 1148-1077-1029-1030-1031-1032-1033-1034-1007-1008-1009-1010-1011-1012-1035-1036-1037-1038-1039-1040-1041-1042-1112-1113-1114-1115-1116-1117-1118-1119-1120-1121-1122-1123-1179-1180-1181-104
[2026-08-11 16:46:45.866153] [INFO] [path_server] 노드 업데이트 : [1077] ➜ [1029]
[2026-08-11 16:46:45.965994] [INFO] [path_server] 새로운 경로 설정 : path[1077 ➜ 104] time[0s] dist[54m] list[37] : 1077-1029-1030-1031-1032-1033-1034-1007-1008-1009-1010-1011-1012-1035-1036-1037-1038-1039-1040-1041-1042-1112-1113-1114-1115-1116-1117-1118-1119-1120-1121-1122-1123-1179-1180-1181-104
[2026-08-11 16:46:49.199756] [INFO] [path_server] 노드 업데이트 : [1029] ➜ [1030]
[2026-08-11 16:46:49.279635] [INFO] [path_server] 새로운 경로 설정 : path[1029 ➜ 104] time[0s] dist[52.5m] list[36] : 1029-1030-1031-1032-1033-1034-1007-1008-1009-1010-1011-1012-1035-1036-1037-1038-1039-1040-1041-1042-1112-1113-1114-1115-1116-1117-1118-1119-1120-1121-1122-1123-1179-1180-1181-104
[2026-08-11 16:46:50.337542] [INFO] [path_server] 노드 업데이트 : [1030] ➜ [1031]
[2026-08-11 16:46:50.417443] [INFO] [path_server] 새로운 경로 설정 : path[1030 ➜ 104] time[0s] dist[51m] list[35] : 1030-1031-1032-1033-1034-1007-1008-1009-1010-1011-1012-1035-1036-1037-1038-1039-1040-1041-1042-1112-1113-1114-1115-1116-1117-1118-1119-1120-1121-1122-1123-1179-1180-1181-104
[2026-08-11 16:46:51.155930] [INFO] [path_server] 노드 업데이트 : [1031] ➜ [1032]
[2026-08-11 16:46:51.235933] [INFO] [path_server] 새로운 경로 설정 : path[1031 ➜ 104] time[0s] dist[49.5m] list[34] : 1031-1032-1033-1034-1007-1008-1009-1010-1011-1012-1035-1036-1037-1038-1039-1040-1041-1042-1112-1113-1114-1115-1116-1117-1118-1119-1120-1121-1122-1123-1179-1180-1181-104
[2026-08-11 16:46:51.914490] [INFO] [path_server] 노드 업데이트 : [1032] ➜ [1033]
[2026-08-11 16:46:51.974443] [INFO] [path_server] 새로운 경로 설정 : path[1032 ➜ 104] time[0s] dist[48m] list[33] : 1032-1033-1034-1007-1008-1009-1010-1011-1012-1035-1036-1037-1038-1039-1040-1041-1042-1112-1113-1114-1115-1116-1117-1118-1119-1120-1121-1122-1123-1179-1180-1181-104
[2026-08-11 16:46:52.673053] [INFO] [path_server] 노드 업데이트 : [1033] ➜ [1034]
[2026-08-11 16:46:52.752901] [INFO] [path_server] 새로운 경로 설정 : path[1033 ➜ 104] time[0s] dist[46.5m] list[32] : 1033-1034-1007-1008-1009-1010-1011-1012-1035-1036-1037-1038-1039-1040-1041-1042-1112-1113-1114-1115-1116-1117-1118-1119-1120-1121-1122-1123-1179-1180-1181-104
[2026-08-11 16:46:53.411565] [INFO] [path_server] 노드 업데이트 : [1034] ➜ [1007]
[2026-08-11 16:46:53.471484] [INFO] [path_server] 새로운 경로 설정 : path[1034 ➜ 104] time[0s] dist[45m] list[31] : 1034-1007-1008-1009-1010-1011-1012-1035-1036-1037-1038-1039-1040-1041-1042-1112-1113-1114-1115-1116-1117-1118-1119-1120-1121-1122-1123-1179-1180-1181-104
[2026-08-11 16:46:54.170027] [INFO] [path_server] 노드 업데이트 : [1007] ➜ [1008]
[2026-08-11 16:46:54.249867] [INFO] [path_server] 새로운 경로 설정 : path[1007 ➜ 104] time[0s] dist[43.5m] list[30] : 1007-1008-1009-1010-1011-1012-1035-1036-1037-1038-1039-1040-1041-1042-1112-1113-1114-1115-1116-1117-1118-1119-1120-1121-1122-1123-1179-1180-1181-104
[2026-08-11 16:46:54.908563] [INFO] [path_server] 노드 업데이트 : [1008] ➜ [1009]
[2026-08-11 16:46:54.968483] [INFO] [path_server] 새로운 경로 설정 : path[1008 ➜ 104] time[0s] dist[42m] list[29] : 1008-1009-1010-1011-1012-1035-1036-1037-1038-1039-1040-1041-1042-1112-1113-1114-1115-1116-1117-1118-1119-1120-1121-1122-1123-1179-1180-1181-104
[2026-08-11 16:46:55.667184] [INFO] [path_server] 노드 업데이트 : [1009] ➜ [1010]
[2026-08-11 16:46:55.747054] [INFO] [path_server] 새로운 경로 설정 : path[1009 ➜ 104] time[0s] dist[40.5m] list[28] : 1009-1010-1011-1012-1035-1036-1037-1038-1039-1040-1041-1042-1112-1113-1114-1115-1116-1117-1118-1119-1120-1121-1122-1123-1179-1180-1181-104
[2026-08-11 16:46:56.405972] [INFO] [path_server] 노드 업데이트 : [1010] ➜ [1011]
[2026-08-11 16:46:56.465858] [INFO] [path_server] 새로운 경로 설정 : path[1010 ➜ 104] time[0s] dist[39m] list[27] : 1010-1011-1012-1035-1036-1037-1038-1039-1040-1041-1042-1112-1113-1114-1115-1116-1117-1118-1119-1120-1121-1122-1123-1179-1180-1181-104
[2026-08-11 16:46:57.164445] [INFO] [path_server] 노드 업데이트 : [1011] ➜ [1012]
[2026-08-11 16:46:57.244318] [INFO] [path_server] 새로운 경로 설정 : path[1011 ➜ 104] time[0s] dist[37.5m] list[26] : 1011-1012-1035-1036-1037-1038-1039-1040-1041-1042-1112-1113-1114-1115-1116-1117-1118-1119-1120-1121-1122-1123-1179-1180-1181-104
[2026-08-11 16:46:57.922840] [INFO] [path_server] 노드 업데이트 : [1012] ➜ [1035]
[2026-08-11 16:46:58.002742] [INFO] [path_server] 새로운 경로 설정 : path[1012 ➜ 104] time[0s] dist[36m] list[25] : 1012-1035-1036-1037-1038-1039-1040-1041-1042-1112-1113-1114-1115-1116-1117-1118-1119-1120-1121-1122-1123-1179-1180-1181-104
[2026-08-11 16:46:58.661335] [INFO] [path_server] 노드 업데이트 : [1035] ➜ [1036]
[2026-08-11 16:46:58.761175] [INFO] [path_server] 새로운 경로 설정 : path[1035 ➜ 104] time[0s] dist[34.5m] list[24] : 1035-1036-1037-1038-1039-1040-1041-1042-1112-1113-1114-1115-1116-1117-1118-1119-1120-1121-1122-1123-1179-1180-1181-104
[2026-08-11 16:46:59.419760] [INFO] [path_server] 노드 업데이트 : [1036] ➜ [1037]
[2026-08-11 16:46:59.499795] [INFO] [path_server] 새로운 경로 설정 : path[1036 ➜ 104] time[0s] dist[33m] list[23] : 1036-1037-1038-1039-1040-1041-1042-1112-1113-1114-1115-1116-1117-1118-1119-1120-1121-1122-1123-1179-1180-1181-104
[2026-08-11 16:47:00.158392] [INFO] [path_server] 노드 업데이트 : [1037] ➜ [1038]
[2026-08-11 16:47:00.218281] [INFO] [path_server] 새로운 경로 설정 : path[1037 ➜ 104] time[0s] dist[31.5m] list[22] : 1037-1038-1039-1040-1041-1042-1112-1113-1114-1115-1116-1117-1118-1119-1120-1121-1122-1123-1179-1180-1181-104
[2026-08-11 16:47:00.917067] [INFO] [path_server] 노드 업데이트 : [1038] ➜ [1039]
[2026-08-11 16:47:00.996940] [INFO] [path_server] 새로운 경로 설정 : path[1038 ➜ 104] time[0s] dist[30m] list[21] : 1038-1039-1040-1041-1042-1112-1113-1114-1115-1116-1117-1118-1119-1120-1121-1122-1123-1179-1180-1181-104
[2026-08-11 16:47:01.656160] [INFO] [path_server] 노드 업데이트 : [1039] ➜ [1040]
[2026-08-11 16:47:01.716102] [INFO] [path_server] 새로운 경로 설정 : path[1039 ➜ 104] time[0s] dist[28.5m] list[20] : 1039-1040-1041-1042-1112-1113-1114-1115-1116-1117-1118-1119-1120-1121-1122-1123-1179-1180-1181-104
[2026-08-11 16:47:02.414836] [INFO] [path_server] 노드 업데이트 : [1040] ➜ [1041]
[2026-08-11 16:47:02.494688] [INFO] [path_server] 새로운 경로 설정 : path[1040 ➜ 104] time[0s] dist[27m] list[19] : 1040-1041-1042-1112-1113-1114-1115-1116-1117-1118-1119-1120-1121-1122-1123-1179-1180-1181-104
[2026-08-11 16:47:03.173357] [INFO] [path_server] 노드 업데이트 : [1041] ➜ [1042]
[2026-08-11 16:47:03.253299] [INFO] [path_server] 새로운 경로 설정 : path[1041 ➜ 104] time[0s] dist[25.5m] list[18] : 1041-1042-1112-1113-1114-1115-1116-1117-1118-1119-1120-1121-1122-1123-1179-1180-1181-104
[2026-08-11 16:47:03.911958] [INFO] [path_server] 노드 업데이트 : [1042] ➜ [1112]
[2026-08-11 16:47:03.991855] [INFO] [path_server] 새로운 경로 설정 : path[1042 ➜ 104] time[0s] dist[24m] list[17] : 1042-1112-1113-1114-1115-1116-1117-1118-1119-1120-1121-1122-1123-1179-1180-1181-104
[2026-08-11 16:47:05.229467] [INFO] [path_server] 노드 업데이트 : [1112] ➜ [1113]
[2026-08-11 16:47:05.309334] [INFO] [path_server] 새로운 경로 설정 : path[1112 ➜ 104] time[0s] dist[22.5m] list[16] : 1112-1113-1114-1115-1116-1117-1118-1119-1120-1121-1122-1123-1179-1180-1181-104
[2026-08-11 16:47:08.583509] [INFO] [path_server] 노드 업데이트 : [1113] ➜ [1114]
[2026-08-11 16:47:08.663387] [INFO] [path_server] 새로운 경로 설정 : path[1113 ➜ 104] time[0s] dist[21m] list[15] : 1113-1114-1115-1116-1117-1118-1119-1120-1121-1122-1123-1179-1180-1181-104
[2026-08-11 16:47:09.721334] [INFO] [path_server] 노드 업데이트 : [1114] ➜ [1115]
[2026-08-11 16:47:09.801201] [INFO] [path_server] 새로운 경로 설정 : path[1114 ➜ 104] time[0s] dist[19.5m] list[14] : 1114-1115-1116-1117-1118-1119-1120-1121-1122-1123-1179-1180-1181-104
[2026-08-11 16:47:10.539732] [INFO] [path_server] 노드 업데이트 : [1115] ➜ [1116]
[2026-08-11 16:47:10.619624] [INFO] [path_server] 새로운 경로 설정 : path[1115 ➜ 104] time[0s] dist[18m] list[13] : 1115-1116-1117-1118-1119-1120-1121-1122-1123-1179-1180-1181-104
[2026-08-11 16:47:11.298320] [INFO] [path_server] 노드 업데이트 : [1116] ➜ [1117]
[2026-08-11 16:47:11.358223] [INFO] [path_server] 새로운 경로 설정 : path[1116 ➜ 104] time[0s] dist[16.5m] list[12] : 1116-1117-1118-1119-1120-1121-1122-1123-1179-1180-1181-104
[2026-08-11 16:47:12.056993] [INFO] [path_server] 노드 업데이트 : [1117] ➜ [1118]
[2026-08-11 16:47:12.156634] [INFO] [path_server] 새로운 경로 설정 : path[1117 ➜ 104] time[0s] dist[15m] list[11] : 1117-1118-1119-1120-1121-1122-1123-1179-1180-1181-104
[2026-08-11 16:47:12.795284] [INFO] [path_server] 노드 업데이트 : [1118] ➜ [1119]
[2026-08-11 16:47:12.875290] [INFO] [path_server] 새로운 경로 설정 : path[1118 ➜ 104] time[0s] dist[13.5m] list[10] : 1118-1119-1120-1121-1122-1123-1179-1180-1181-104
[2026-08-11 16:47:13.554035] [INFO] [path_server] 노드 업데이트 : [1119] ➜ [1120]
[2026-08-11 16:47:13.613907] [INFO] [path_server] 새로운 경로 설정 : path[1119 ➜ 104] time[0s] dist[12m] list[9] : 1119-1120-1121-1122-1123-1179-1180-1181-104
[2026-08-11 16:47:14.392311] [INFO] [path_server] 노드 업데이트 : [1120] ➜ [1121]
[2026-08-11 16:47:14.452239] [INFO] [path_server] 새로운 경로 설정 : path[1120 ➜ 104] time[0s] dist[10.5m] list[8] : 1120-1121-1122-1123-1179-1180-1181-104
[2026-08-11 16:47:18.045274] [INFO] [path_server] 노드 업데이트 : [1121] ➜ [1122]
[2026-08-11 16:47:18.105185] [INFO] [path_server] 새로운 경로 설정 : path[1121 ➜ 104] time[0s] dist[9m] list[7] : 1121-1122-1123-1179-1180-1181-104
[2026-08-11 16:47:19.402720] [INFO] [path_server] 노드 업데이트 : [1122] ➜ [1123]
[2026-08-11 16:47:19.482580] [INFO] [path_server] 새로운 경로 설정 : path[1122 ➜ 104] time[0s] dist[7.5m] list[6] : 1122-1123-1179-1180-1181-104
[2026-08-11 16:47:20.460573] [INFO] [path_server] 노드 업데이트 : [1123] ➜ [1179]
[2026-08-11 16:47:20.540493] [INFO] [path_server] 새로운 경로 설정 : path[1123 ➜ 104] time[0s] dist[6m] list[5] : 1123-1179-1180-1181-104
[2026-08-11 16:47:23.774107] [INFO] [path_server] 노드 업데이트 : [1179] ➜ [1180]
[2026-08-11 16:47:23.853952] [INFO] [path_server] 새로운 경로 설정 : path[1179 ➜ 104] time[0s] dist[4.5m] list[4] : 1179-1180-1181-104
[2026-08-11 16:47:25.011618] [INFO] [path_server] 노드 업데이트 : [1180] ➜ [1181]
[2026-08-11 16:47:25.091428] [INFO] [path_server] 새로운 경로 설정 : path[1180 ➜ 104] time[0s] dist[3m] list[3] : 1180-1181-104
[2026-08-11 16:47:26.348985] [INFO] [path_server] 노드 업데이트 : [1181] ➜ [104]
[2026-08-11 16:47:26.408845] [INFO] [path_server] 새로운 경로 설정 : path[1181 ➜ 104] time[0s] dist[1.5m] list[2] : 1181-104
[2026-08-11 16:47:31.540255] [INFO] [path_server] 노드 업데이트 : [104] ➜ [-1]
[2026-08-11 16:47:34.474694] [INFO] [path_server] 노드 업데이트 : [104] ➜ [-1]
[2026-08-11 16:49:24.422758] [INFO] [path_server] 생성
[2026-08-11 16:49:24.422795] [INFO] [path_server] 경로 삭제
[2026-08-11 16:49:24.424452] [INFO] [path_server] 노드 초기화 성공 : 로봇 좌표[5.504m 3.998m -179.406°] 최단 거리 노드[104] 거리(0.004069m)
[2026-08-11 16:49:58.418904] [INFO] [path_server] 생성
[2026-08-11 16:49:58.418945] [INFO] [path_server] 경로 삭제
[2026-08-11 16:49:58.420451] [INFO] [path_server] 노드 초기화 성공 : 로봇 좌표[5.504m 3.998m -179.406°] 최단 거리 노드[104] 거리(0.004069m)
[2026-08-11 16:50:21.437671] [INFO] [path_server] 새로운 경로 설정 : path[104 ➜ 1012] time[0s] dist[24m] list[17] : 104-1181-1182-1183-1184-1045-1046-1047-1048-1001-1002-1003-1004-1005-1010-1011-1012
[2026-08-11 16:50:28.604016] [INFO] [path_server] 노드 업데이트 : [1181] ➜ [1182]
[2026-08-11 16:50:28.663974] [INFO] [path_server] 새로운 경로 설정 : path[1181 ➜ 1012] time[0s] dist[22.5m] list[16] : 1181-1182-1183-1184-1045-1046-1047-1048-1001-1002-1003-1004-1005-1010-1011-1012
[2026-08-11 16:50:32.217320] [INFO] [path_server] 노드 업데이트 : [1182] ➜ [1183]
[2026-08-11 16:50:32.297273] [INFO] [path_server] 새로운 경로 설정 : path[1182 ➜ 1012] time[0s] dist[21m] list[15] : 1182-1183-1184-1045-1046-1047-1048-1001-1002-1003-1004-1005-1010-1011-1012
[2026-08-11 16:50:33.355075] [INFO] [path_server] 노드 업데이트 : [1183] ➜ [1184]
[2026-08-11 16:50:33.434975] [INFO] [path_server] 새로운 경로 설정 : path[1183 ➜ 1012] time[0s] dist[19.5m] list[14] : 1183-1184-1045-1046-1047-1048-1001-1002-1003-1004-1005-1010-1011-1012
[2026-08-11 16:50:34.173491] [INFO] [path_server] 노드 업데이트 : [1184] ➜ [1045]
[2026-08-11 16:50:34.233416] [INFO] [path_server] 새로운 경로 설정 : path[1184 ➜ 1012] time[0s] dist[18m] list[13] : 1184-1045-1046-1047-1048-1001-1002-1003-1004-1005-1010-1011-1012
[2026-08-11 16:50:35.510820] [INFO] [path_server] 노드 업데이트 : [1045] ➜ [1046]
[2026-08-11 16:50:35.590765] [INFO] [path_server] 새로운 경로 설정 : path[1045 ➜ 1012] time[0s] dist[16.5m] list[12] : 1045-1046-1047-1048-1001-1002-1003-1004-1005-1010-1011-1012
[2026-08-11 16:50:38.844919] [INFO] [path_server] 노드 업데이트 : [1046] ➜ [1047]
[2026-08-11 16:50:38.924867] [INFO] [path_server] 새로운 경로 설정 : path[1046 ➜ 1012] time[0s] dist[15m] list[11] : 1046-1047-1048-1001-1002-1003-1004-1005-1010-1011-1012
[2026-08-11 16:50:39.982646] [INFO] [path_server] 노드 업데이트 : [1047] ➜ [1048]
[2026-08-11 16:50:40.062604] [INFO] [path_server] 새로운 경로 설정 : path[1047 ➜ 1012] time[0s] dist[13.5m] list[10] : 1047-1048-1001-1002-1003-1004-1005-1010-1011-1012
[2026-08-11 16:50:40.801228] [INFO] [path_server] 노드 업데이트 : [1048] ➜ [1001]
[2026-08-11 16:50:40.861140] [INFO] [path_server] 새로운 경로 설정 : path[1048 ➜ 1012] time[0s] dist[12m] list[9] : 1048-1001-1002-1003-1004-1005-1010-1011-1012
[2026-08-11 16:50:41.560220] [INFO] [path_server] 노드 업데이트 : [1001] ➜ [1002]
[2026-08-11 16:50:41.640382] [INFO] [path_server] 새로운 경로 설정 : path[1001 ➜ 1012] time[0s] dist[10.5m] list[8] : 1001-1002-1003-1004-1005-1010-1011-1012
[2026-08-11 16:50:42.319103] [INFO] [path_server] 노드 업데이트 : [1002] ➜ [1003]
[2026-08-11 16:50:42.399116] [INFO] [path_server] 새로운 경로 설정 : path[1002 ➜ 1012] time[0s] dist[9m] list[7] : 1002-1003-1004-1005-1010-1011-1012
[2026-08-11 16:50:43.058017] [INFO] [path_server] 노드 업데이트 : [1003] ➜ [1004]
[2026-08-11 16:50:43.137889] [INFO] [path_server] 새로운 경로 설정 : path[1003 ➜ 1012] time[0s] dist[7.5m] list[6] : 1003-1004-1005-1010-1011-1012
[2026-08-11 16:50:43.816811] [INFO] [path_server] 노드 업데이트 : [1004] ➜ [1005]
[2026-08-11 16:50:43.896741] [INFO] [path_server] 새로운 경로 설정 : path[1004 ➜ 1012] time[0s] dist[6m] list[5] : 1004-1005-1010-1011-1012
[2026-08-11 16:50:45.134598] [INFO] [path_server] 노드 업데이트 : [1005] ➜ [1010]
[2026-08-11 16:50:45.214551] [INFO] [path_server] 새로운 경로 설정 : path[1005 ➜ 1012] time[0s] dist[4.5m] list[4] : 1005-1010-1011-1012
[2026-08-11 16:50:48.208926] [INFO] [path_server] 노드 업데이트 : [1010] ➜ [1011]
[2026-08-11 16:50:48.288775] [INFO] [path_server] 새로운 경로 설정 : path[1010 ➜ 1012] time[0s] dist[3m] list[3] : 1010-1011-1012
[2026-08-11 16:50:51.582401] [INFO] [path_server] 노드 업데이트 : [1011] ➜ [1012]
[2026-08-11 16:50:51.662312] [INFO] [path_server] 새로운 경로 설정 : path[1011 ➜ 1012] time[0s] dist[1.5m] list[2] : 1011-1012
[2026-08-11 16:50:53.778320] [INFO] [path_server] 노드 업데이트 : [1012] ➜ [-1]
[2026-08-11 16:50:57.590838] [INFO] [path_server] 노드 업데이트 : [1012] ➜ [-1]
[2026-08-11 16:50:57.670680] [INFO] [path_server] 경로 삭제
[2026-08-11 16:51:02.781501] [INFO] [path_server] 새로운 경로 설정 : path[1012 ➜ 110] time[0s] dist[22.5m] list[16] : 1012-1035-1036-1001-1002-1003-1004-1005-1006-1021-1022-1007-1167-1168-1169-110
[2026-08-11 16:51:05.117596] [INFO] [path_server] 노드 업데이트 : [1035] ➜ [1036]
[2026-08-11 16:51:05.197480] [INFO] [path_server] 새로운 경로 설정 : path[1035 ➜ 110] time[0s] dist[21m] list[15] : 1035-1036-1001-1002-1003-1004-1005-1006-1021-1022-1007-1167-1168-1169-110
[2026-08-11 16:51:06.475026] [INFO] [path_server] 노드 업데이트 : [1036] ➜ [1001]
[2026-08-11 16:51:06.554932] [INFO] [path_server] 새로운 경로 설정 : path[1036 ➜ 110] time[0s] dist[19.5m] list[14] : 1036-1001-1002-1003-1004-1005-1006-1021-1022-1007-1167-1168-1169-110
[2026-08-11 16:51:09.549625] [INFO] [path_server] 노드 업데이트 : [1001] ➜ [1002]
[2026-08-11 16:51:09.629473] [INFO] [path_server] 새로운 경로 설정 : path[1001 ➜ 110] time[0s] dist[18m] list[13] : 1001-1002-1003-1004-1005-1006-1021-1022-1007-1167-1168-1169-110
[2026-08-11 16:51:12.922779] [INFO] [path_server] 노드 업데이트 : [1002] ➜ [1003]
[2026-08-11 16:51:12.982681] [INFO] [path_server] 새로운 경로 설정 : path[1002 ➜ 110] time[0s] dist[16.5m] list[12] : 1002-1003-1004-1005-1006-1021-1022-1007-1167-1168-1169-110
[2026-08-11 16:51:14.040617] [INFO] [path_server] 노드 업데이트 : [1003] ➜ [1004]
[2026-08-11 16:51:14.140485] [INFO] [path_server] 새로운 경로 설정 : path[1003 ➜ 110] time[0s] dist[15m] list[11] : 1003-1004-1005-1006-1021-1022-1007-1167-1168-1169-110
[2026-08-11 16:51:14.879148] [INFO] [path_server] 노드 업데이트 : [1004] ➜ [1005]
[2026-08-11 16:51:14.978940] [INFO] [path_server] 새로운 경로 설정 : path[1004 ➜ 110] time[0s] dist[13.5m] list[10] : 1004-1005-1006-1021-1022-1007-1167-1168-1169-110
[2026-08-11 16:51:15.617694] [INFO] [path_server] 노드 업데이트 : [1005] ➜ [1006]
[2026-08-11 16:51:15.697627] [INFO] [path_server] 새로운 경로 설정 : path[1005 ➜ 110] time[0s] dist[12m] list[9] : 1005-1006-1021-1022-1007-1167-1168-1169-110
[2026-08-11 16:51:16.376413] [INFO] [path_server] 노드 업데이트 : [1006] ➜ [1021]
[2026-08-11 16:51:16.436320] [INFO] [path_server] 새로운 경로 설정 : path[1006 ➜ 110] time[0s] dist[10.5m] list[8] : 1006-1021-1022-1007-1167-1168-1169-110
[2026-08-11 16:51:17.115126] [INFO] [path_server] 노드 업데이트 : [1021] ➜ [1022]
[2026-08-11 16:51:17.195044] [INFO] [path_server] 새로운 경로 설정 : path[1021 ➜ 110] time[0s] dist[9.00003m] list[7] : 1021-1022-1007-1167-1168-1169-110
[2026-08-11 16:51:18.452675] [INFO] [path_server] 노드 업데이트 : [1022] ➜ [1007]
[2026-08-11 16:51:18.532550] [INFO] [path_server] 새로운 경로 설정 : path[1022 ➜ 110] time[0s] dist[7.50003m] list[6] : 1022-1007-1167-1168-1169-110
[2026-08-11 16:51:21.806198] [INFO] [path_server] 노드 업데이트 : [1007] ➜ [1167]
[2026-08-11 16:51:21.886064] [INFO] [path_server] 새로운 경로 설정 : path[1007 ➜ 110] time[0s] dist[6.00003m] list[5] : 1007-1167-1168-1169-110
[2026-08-11 16:51:22.943960] [INFO] [path_server] 노드 업데이트 : [1167] ➜ [1168]
[2026-08-11 16:51:23.023801] [INFO] [path_server] 새로운 경로 설정 : path[1167 ➜ 110] time[0s] dist[4.50003m] list[4] : 1167-1168-1169-110
[2026-08-11 16:51:23.762244] [INFO] [path_server] 노드 업데이트 : [1168] ➜ [1169]
[2026-08-11 16:51:23.842151] [INFO] [path_server] 새로운 경로 설정 : path[1168 ➜ 110] time[0s] dist[3.00003m] list[3] : 1168-1169-110
[2026-08-11 16:51:25.179560] [INFO] [path_server] 노드 업데이트 : [1169] ➜ [110]
[2026-08-11 16:51:25.239458] [INFO] [path_server] 새로운 경로 설정 : path[1169 ➜ 110] time[0s] dist[1.50003m] list[2] : 1169-110
[2026-08-11 16:51:30.711568] [INFO] [path_server] 노드 업데이트 : [110] ➜ [-1]
[2026-08-11 16:51:33.653868] [INFO] [path_server] 노드 업데이트 : [110] ➜ [-1]
[2026-08-11 16:52:17.169359] [INFO] [path_server] 생성
[2026-08-11 16:52:17.169394] [INFO] [path_server] 경로 삭제
[2026-08-11 16:52:17.170881] [INFO] [path_server] 노드 초기화 성공 : 로봇 좌표[22.003m 15.988m -179.523°] 최단 거리 노드[110] 거리(0.003741m)
[2026-08-11 16:52:29.146691] [INFO] [path_server] 새로운 경로 설정 : path[110 ➜ 201] time[0s] dist[27m] list[19] : 110-1169-1170-1171-1172-1091-1092-1093-1094-1095-1074-1075-1076-1018-1158-1159-1160-1161-201
[2026-08-11 16:52:33.837567] [INFO] [path_server] 노드 업데이트 : [1169] ➜ [1170]
[2026-08-11 16:52:33.917496] [INFO] [path_server] 새로운 경로 설정 : path[1169 ➜ 201] time[0s] dist[25.5m] list[18] : 1169-1170-1171-1172-1091-1092-1093-1094-1095-1074-1075-1076-1018-1158-1159-1160-1161-201
[2026-08-11 16:52:37.530237] [INFO] [path_server] 노드 업데이트 : [1170] ➜ [1171]
[2026-08-11 16:52:37.610169] [INFO] [path_server] 새로운 경로 설정 : path[1170 ➜ 201] time[0s] dist[24m] list[17] : 1170-1171-1172-1091-1092-1093-1094-1095-1074-1075-1076-1018-1158-1159-1160-1161-201
[2026-08-11 16:52:38.647961] [INFO] [path_server] 노드 업데이트 : [1171] ➜ [1172]
[2026-08-11 16:52:38.707851] [INFO] [path_server] 새로운 경로 설정 : path[1171 ➜ 201] time[0s] dist[22.5m] list[16] : 1171-1172-1091-1092-1093-1094-1095-1074-1075-1076-1018-1158-1159-1160-1161-201
[2026-08-11 16:52:39.466262] [INFO] [path_server] 노드 업데이트 : [1172] ➜ [1091]
[2026-08-11 16:52:39.546140] [INFO] [path_server] 새로운 경로 설정 : path[1172 ➜ 201] time[0s] dist[21m] list[15] : 1172-1091-1092-1093-1094-1095-1074-1075-1076-1018-1158-1159-1160-1161-201
[2026-08-11 16:52:40.504066] [INFO] [path_server] 노드 업데이트 : [1091] ➜ [1092]
[2026-08-11 16:52:40.563995] [INFO] [path_server] 새로운 경로 설정 : path[1091 ➜ 201] time[0s] dist[19.5m] list[14] : 1091-1092-1093-1094-1095-1074-1075-1076-1018-1158-1159-1160-1161-201
[2026-08-11 16:52:43.777358] [INFO] [path_server] 노드 업데이트 : [1092] ➜ [1093]
[2026-08-11 16:52:43.857226] [INFO] [path_server] 새로운 경로 설정 : path[1092 ➜ 201] time[0s] dist[18m] list[13] : 1092-1093-1094-1095-1074-1075-1076-1018-1158-1159-1160-1161-201
[2026-08-11 16:52:45.014805] [INFO] [path_server] 노드 업데이트 : [1093] ➜ [1094]
[2026-08-11 16:52:45.094735] [INFO] [path_server] 새로운 경로 설정 : path[1093 ➜ 201] time[0s] dist[16.5m] list[12] : 1093-1094-1095-1074-1075-1076-1018-1158-1159-1160-1161-201
[2026-08-11 16:52:45.893090] [INFO] [path_server] 노드 업데이트 : [1094] ➜ [1095]
[2026-08-11 16:52:45.953004] [INFO] [path_server] 새로운 경로 설정 : path[1094 ➜ 201] time[0s] dist[15m] list[11] : 1094-1095-1074-1075-1076-1018-1158-1159-1160-1161-201
[2026-08-11 16:52:47.210443] [INFO] [path_server] 노드 업데이트 : [1095] ➜ [1074]
[2026-08-11 16:52:47.290336] [INFO] [path_server] 새로운 경로 설정 : path[1095 ➜ 201] time[0s] dist[13.5m] list[10] : 1095-1074-1075-1076-1018-1158-1159-1160-1161-201
[2026-08-11 16:52:50.544051] [INFO] [path_server] 노드 업데이트 : [1074] ➜ [1075]
[2026-08-11 16:52:50.603979] [INFO] [path_server] 새로운 경로 설정 : path[1074 ➜ 201] time[0s] dist[12m] list[9] : 1074-1075-1076-1018-1158-1159-1160-1161-201
[2026-08-11 16:52:51.681789] [INFO] [path_server] 노드 업데이트 : [1075] ➜ [1076]
[2026-08-11 16:52:51.741688] [INFO] [path_server] 새로운 경로 설정 : path[1075 ➜ 201] time[0s] dist[10.5m] list[8] : 1075-1076-1018-1158-1159-1160-1161-201
[2026-08-11 16:52:52.500164] [INFO] [path_server] 노드 업데이트 : [1076] ➜ [1018]
[2026-08-11 16:52:52.580053] [INFO] [path_server] 새로운 경로 설정 : path[1076 ➜ 201] time[0s] dist[9m] list[7] : 1076-1018-1158-1159-1160-1161-201
[2026-08-11 16:52:53.837553] [INFO] [path_server] 노드 업데이트 : [1018] ➜ [1158]
[2026-08-11 16:52:53.897457] [INFO] [path_server] 새로운 경로 설정 : path[1018 ➜ 201] time[0s] dist[7.5m] list[6] : 1018-1158-1159-1160-1161-201
[2026-08-11 16:52:57.211190] [INFO] [path_server] 노드 업데이트 : [1158] ➜ [1159]
[2026-08-11 16:52:57.291119] [INFO] [path_server] 새로운 경로 설정 : path[1158 ➜ 201] time[0s] dist[6m] list[5] : 1158-1159-1160-1161-201
[2026-08-11 16:52:58.328876] [INFO] [path_server] 노드 업데이트 : [1159] ➜ [1160]
[2026-08-11 16:52:58.388798] [INFO] [path_server] 새로운 경로 설정 : path[1159 ➜ 201] time[0s] dist[4.5m] list[4] : 1159-1160-1161-201
[2026-08-11 16:52:59.167232] [INFO] [path_server] 노드 업데이트 : [1160] ➜ [1161]
[2026-08-11 16:52:59.247140] [INFO] [path_server] 새로운 경로 설정 : path[1160 ➜ 201] time[0s] dist[3m] list[3] : 1160-1161-201
[2026-08-11 16:53:00.464634] [INFO] [path_server] 노드 업데이트 : [1161] ➜ [201]
[2026-08-11 16:53:00.524538] [INFO] [path_server] 새로운 경로 설정 : path[1161 ➜ 201] time[0s] dist[1.5m] list[2] : 1161-201
[2026-08-11 16:53:05.694332] [INFO] [path_server] 노드 업데이트 : [201] ➜ [-1]
[2026-08-11 16:53:08.628318] [INFO] [path_server] 노드 업데이트 : [201] ➜ [-1]
[2026-08-11 16:53:08.708229] [INFO] [path_server] 경로 삭제
[2026-08-11 16:53:13.797763] [INFO] [path_server] 새로운 경로 설정 : path[201 ➜ 103] time[0s] dist[39m] list[27] : 201-1161-1162-1163-1164-1165-1166-1109-1110-1111-1112-1113-1114-1115-1116-1117-1118-1119-1120-1121-1122-1123-1179-1180-1181-1182-103
[2026-08-11 16:53:18.688073] [INFO] [path_server] 노드 업데이트 : [1161] ➜ [1162]
[2026-08-11 16:53:18.768003] [INFO] [path_server] 새로운 경로 설정 : path[1161 ➜ 103] time[0s] dist[37.5m] list[26] : 1161-1162-1163-1164-1165-1166-1109-1110-1111-1112-1113-1114-1115-1116-1117-1118-1119-1120-1121-1122-1123-1179-1180-1181-1182-103
[2026-08-11 16:53:22.321025] [INFO] [path_server] 노드 업데이트 : [1162] ➜ [1163]
[2026-08-11 16:53:22.400972] [INFO] [path_server] 새로운 경로 설정 : path[1162 ➜ 103] time[0s] dist[36m] list[25] : 1162-1163-1164-1165-1166-1109-1110-1111-1112-1113-1114-1115-1116-1117-1118-1119-1120-1121-1122-1123-1179-1180-1181-1182-103
[2026-08-11 16:53:23.438812] [INFO] [path_server] 노드 업데이트 : [1163] ➜ [1164]
[2026-08-11 16:53:23.518749] [INFO] [path_server] 새로운 경로 설정 : path[1163 ➜ 103] time[0s] dist[34.5m] list[24] : 1163-1164-1165-1166-1109-1110-1111-1112-1113-1114-1115-1116-1117-1118-1119-1120-1121-1122-1123-1179-1180-1181-1182-103
[2026-08-11 16:53:24.257224] [INFO] [path_server] 노드 업데이트 : [1164] ➜ [1165]
[2026-08-11 16:53:24.317139] [INFO] [path_server] 새로운 경로 설정 : path[1164 ➜ 103] time[0s] dist[33m] list[23] : 1164-1165-1166-1109-1110-1111-1112-1113-1114-1115-1116-1117-1118-1119-1120-1121-1122-1123-1179-1180-1181-1182-103
[2026-08-11 16:53:25.015756] [INFO] [path_server] 노드 업데이트 : [1165] ➜ [1166]
[2026-08-11 16:53:25.095618] [INFO] [path_server] 새로운 경로 설정 : path[1165 ➜ 103] time[0s] dist[31.5m] list[22] : 1165-1166-1109-1110-1111-1112-1113-1114-1115-1116-1117-1118-1119-1120-1121-1122-1123-1179-1180-1181-1182-103
[2026-08-11 16:53:25.774203] [INFO] [path_server] 노드 업데이트 : [1166] ➜ [1109]
[2026-08-11 16:53:25.854129] [INFO] [path_server] 새로운 경로 설정 : path[1166 ➜ 103] time[0s] dist[30m] list[21] : 1166-1109-1110-1111-1112-1113-1114-1115-1116-1117-1118-1119-1120-1121-1122-1123-1179-1180-1181-1182-103
[2026-08-11 16:53:26.592586] [INFO] [path_server] 노드 업데이트 : [1109] ➜ [1110]
[2026-08-11 16:53:26.652526] [INFO] [path_server] 새로운 경로 설정 : path[1109 ➜ 103] time[0s] dist[28.5m] list[20] : 1109-1110-1111-1112-1113-1114-1115-1116-1117-1118-1119-1120-1121-1122-1123-1179-1180-1181-1182-103
[2026-08-11 16:53:30.245589] [INFO] [path_server] 노드 업데이트 : [1110] ➜ [1111]
[2026-08-11 16:53:30.305517] [INFO] [path_server] 새로운 경로 설정 : path[1110 ➜ 103] time[0s] dist[27m] list[19] : 1110-1111-1112-1113-1114-1115-1116-1117-1118-1119-1120-1121-1122-1123-1179-1180-1181-1182-103
[2026-08-11 16:53:31.603013] [INFO] [path_server] 노드 업데이트 : [1111] ➜ [1112]
[2026-08-11 16:53:31.682892] [INFO] [path_server] 새로운 경로 설정 : path[1111 ➜ 103] time[0s] dist[25.5m] list[18] : 1111-1112-1113-1114-1115-1116-1117-1118-1119-1120-1121-1122-1123-1179-1180-1181-1182-103
[2026-08-11 16:53:32.501268] [INFO] [path_server] 노드 업데이트 : [1112] ➜ [1113]
[2026-08-11 16:53:32.581150] [INFO] [path_server] 새로운 경로 설정 : path[1112 ➜ 103] time[0s] dist[24m] list[17] : 1112-1113-1114-1115-1116-1117-1118-1119-1120-1121-1122-1123-1179-1180-1181-1182-103
[2026-08-11 16:53:33.259740] [INFO] [path_server] 노드 업데이트 : [1113] ➜ [1114]
[2026-08-11 16:53:33.339678] [INFO] [path_server] 새로운 경로 설정 : path[1113 ➜ 103] time[0s] dist[22.5m] list[16] : 1113-1114-1115-1116-1117-1118-1119-1120-1121-1122-1123-1179-1180-1181-1182-103
[2026-08-11 16:53:33.998333] [INFO] [path_server] 노드 업데이트 : [1114] ➜ [1115]
[2026-08-11 16:53:34.078188] [INFO] [path_server] 새로운 경로 설정 : path[1114 ➜ 103] time[0s] dist[21m] list[15] : 1114-1115-1116-1117-1118-1119-1120-1121-1122-1123-1179-1180-1181-1182-103
[2026-08-11 16:53:34.756838] [INFO] [path_server] 노드 업데이트 : [1115] ➜ [1116]
[2026-08-11 16:53:34.836760] [INFO] [path_server] 새로운 경로 설정 : path[1115 ➜ 103] time[0s] dist[19.5m] list[14] : 1115-1116-1117-1118-1119-1120-1121-1122-1123-1179-1180-1181-1182-103
[2026-08-11 16:53:35.495490] [INFO] [path_server] 노드 업데이트 : [1116] ➜ [1117]
[2026-08-11 16:53:35.555416] [INFO] [path_server] 새로운 경로 설정 : path[1116 ➜ 103] time[0s] dist[18m] list[13] : 1116-1117-1118-1119-1120-1121-1122-1123-1179-1180-1181-1182-103
[2026-08-11 16:53:36.253968] [INFO] [path_server] 노드 업데이트 : [1117] ➜ [1118]
[2026-08-11 16:53:36.333809] [INFO] [path_server] 새로운 경로 설정 : path[1117 ➜ 103] time[0s] dist[16.5m] list[12] : 1117-1118-1119-1120-1121-1122-1123-1179-1180-1181-1182-103
[2026-08-11 16:53:36.992463] [INFO] [path_server] 노드 업데이트 : [1118] ➜ [1119]
[2026-08-11 16:53:37.052390] [INFO] [path_server] 새로운 경로 설정 : path[1118 ➜ 103] time[0s] dist[15m] list[11] : 1118-1119-1120-1121-1122-1123-1179-1180-1181-1182-103
[2026-08-11 16:53:37.750992] [INFO] [path_server] 노드 업데이트 : [1119] ➜ [1120]
[2026-08-11 16:53:37.830842] [INFO] [path_server] 새로운 경로 설정 : path[1119 ➜ 103] time[0s] dist[13.5m] list[10] : 1119-1120-1121-1122-1123-1179-1180-1181-1182-103
[2026-08-11 16:53:38.589251] [INFO] [path_server] 노드 업데이트 : [1120] ➜ [1121]
[2026-08-11 16:53:38.669099] [INFO] [path_server] 새로운 경로 설정 : path[1120 ➜ 103] time[0s] dist[12m] list[9] : 1120-1121-1122-1123-1179-1180-1181-1182-103
[2026-08-11 16:53:42.242180] [INFO] [path_server] 노드 업데이트 : [1121] ➜ [1122]
[2026-08-11 16:53:42.322022] [INFO] [path_server] 새로운 경로 설정 : path[1121 ➜ 103] time[0s] dist[10.5m] list[8] : 1121-1122-1123-1179-1180-1181-1182-103
[2026-08-11 16:53:43.599438] [INFO] [path_server] 노드 업데이트 : [1122] ➜ [1123]
[2026-08-11 16:53:43.679353] [INFO] [path_server] 새로운 경로 설정 : path[1122 ➜ 103] time[0s] dist[9m] list[7] : 1122-1123-1179-1180-1181-1182-103
[2026-08-11 16:53:44.657389] [INFO] [path_server] 노드 업데이트 : [1123] ➜ [1179]
[2026-08-11 16:53:44.717289] [INFO] [path_server] 새로운 경로 설정 : path[1123 ➜ 103] time[0s] dist[7.5m] list[6] : 1123-1179-1180-1181-1182-103
[2026-08-11 16:53:47.970971] [INFO] [path_server] 노드 업데이트 : [1179] ➜ [1180]
[2026-08-11 16:53:48.050815] [INFO] [path_server] 새로운 경로 설정 : path[1179 ➜ 103] time[0s] dist[6m] list[5] : 1179-1180-1181-1182-103
[2026-08-11 16:53:49.208715] [INFO] [path_server] 노드 업데이트 : [1180] ➜ [1181]
[2026-08-11 16:53:49.288616] [INFO] [path_server] 새로운 경로 설정 : path[1180 ➜ 103] time[0s] dist[4.5m] list[4] : 1180-1181-1182-103
[2026-08-11 16:53:50.087045] [INFO] [path_server] 노드 업데이트 : [1181] ➜ [1182]
[2026-08-11 16:53:50.146970] [INFO] [path_server] 새로운 경로 설정 : path[1181 ➜ 103] time[0s] dist[3m] list[3] : 1181-1182-103
[2026-08-11 16:53:51.404503] [INFO] [path_server] 노드 업데이트 : [1182] ➜ [103]
[2026-08-11 16:53:51.464407] [INFO] [path_server] 새로운 경로 설정 : path[1182 ➜ 103] time[0s] dist[1.5m] list[2] : 1182-103
[2026-08-11 16:53:56.614206] [INFO] [path_server] 노드 업데이트 : [103] ➜ [-1]
[2026-08-11 16:53:59.548427] [INFO] [path_server] 노드 업데이트 : [103] ➜ [-1]
[2026-08-11 16:54:00.007593] [INFO] [path_server] 새로운 경로 설정 : path[103 ➜ 1037] time[0s] dist[27m] list[19] : 103-1182-1183-1184-1045-1046-1047-1048-1001-1002-1003-1004-1005-1010-1011-1012-1035-1036-1037
[2026-08-11 16:54:07.174021] [INFO] [path_server] 노드 업데이트 : [1182] ➜ [1183]
[2026-08-11 16:54:07.253871] [INFO] [path_server] 새로운 경로 설정 : path[1182 ➜ 1037] time[0s] dist[25.5m] list[18] : 1182-1183-1184-1045-1046-1047-1048-1001-1002-1003-1004-1005-1010-1011-1012-1035-1036-1037
[2026-08-11 16:54:10.787034] [INFO] [path_server] 노드 업데이트 : [1183] ➜ [1184]
[2026-08-11 16:54:10.846929] [INFO] [path_server] 새로운 경로 설정 : path[1183 ➜ 1037] time[0s] dist[24m] list[17] : 1183-1184-1045-1046-1047-1048-1001-1002-1003-1004-1005-1010-1011-1012-1035-1036-1037
[2026-08-11 16:54:11.924645] [INFO] [path_server] 노드 업데이트 : [1184] ➜ [1045]
[2026-08-11 16:54:12.004697] [INFO] [path_server] 새로운 경로 설정 : path[1184 ➜ 1037] time[0s] dist[22.5m] list[16] : 1184-1045-1046-1047-1048-1001-1002-1003-1004-1005-1010-1011-1012-1035-1036-1037
[2026-08-11 16:54:13.262627] [INFO] [path_server] 노드 업데이트 : [1045] ➜ [1046]
[2026-08-11 16:54:13.342484] [INFO] [path_server] 새로운 경로 설정 : path[1045 ➜ 1037] time[0s] dist[21m] list[15] : 1045-1046-1047-1048-1001-1002-1003-1004-1005-1010-1011-1012-1035-1036-1037
[2026-08-11 16:54:16.596026] [INFO] [path_server] 노드 업데이트 : [1046] ➜ [1047]
[2026-08-11 16:54:16.675943] [INFO] [path_server] 새로운 경로 설정 : path[1046 ➜ 1037] time[0s] dist[19.5m] list[14] : 1046-1047-1048-1001-1002-1003-1004-1005-1010-1011-1012-1035-1036-1037
[2026-08-11 16:54:17.733926] [INFO] [path_server] 노드 업데이트 : [1047] ➜ [1048]
[2026-08-11 16:54:17.813861] [INFO] [path_server] 새로운 경로 설정 : path[1047 ➜ 1037] time[0s] dist[18m] list[13] : 1047-1048-1001-1002-1003-1004-1005-1010-1011-1012-1035-1036-1037
[2026-08-11 16:54:18.552686] [INFO] [path_server] 노드 업데이트 : [1048] ➜ [1001]
[2026-08-11 16:54:18.612601] [INFO] [path_server] 새로운 경로 설정 : path[1048 ➜ 1037] time[0s] dist[16.5m] list[12] : 1048-1001-1002-1003-1004-1005-1010-1011-1012-1035-1036-1037
[2026-08-11 16:54:19.311500] [INFO] [path_server] 노드 업데이트 : [1001] ➜ [1002]
[2026-08-11 16:54:19.391364] [INFO] [path_server] 새로운 경로 설정 : path[1001 ➜ 1037] time[0s] dist[15m] list[11] : 1001-1002-1003-1004-1005-1010-1011-1012-1035-1036-1037
[2026-08-11 16:54:20.050166] [INFO] [path_server] 노드 업데이트 : [1002] ➜ [1003]
[2026-08-11 16:54:20.110049] [INFO] [path_server] 새로운 경로 설정 : path[1002 ➜ 1037] time[0s] dist[13.5m] list[10] : 1002-1003-1004-1005-1010-1011-1012-1035-1036-1037
[2026-08-11 16:54:20.808828] [INFO] [path_server] 노드 업데이트 : [1003] ➜ [1004]
[2026-08-11 16:54:20.888708] [INFO] [path_server] 새로운 경로 설정 : path[1003 ➜ 1037] time[0s] dist[12m] list[9] : 1003-1004-1005-1010-1011-1012-1035-1036-1037
[2026-08-11 16:54:21.567380] [INFO] [path_server] 노드 업데이트 : [1004] ➜ [1005]
[2026-08-11 16:54:21.647325] [INFO] [path_server] 새로운 경로 설정 : path[1004 ➜ 1037] time[0s] dist[10.5m] list[8] : 1004-1005-1010-1011-1012-1035-1036-1037
[2026-08-11 16:54:22.865004] [INFO] [path_server] 노드 업데이트 : [1005] ➜ [1010]
[2026-08-11 16:54:22.924910] [INFO] [path_server] 새로운 경로 설정 : path[1005 ➜ 1037] time[0s] dist[9m] list[7] : 1005-1010-1011-1012-1035-1036-1037
[2026-08-11 16:54:25.938852] [INFO] [path_server] 노드 업데이트 : [1010] ➜ [1011]
[2026-08-11 16:54:26.018768] [INFO] [path_server] 새로운 경로 설정 : path[1010 ➜ 1037] time[0s] dist[7.5m] list[6] : 1010-1011-1012-1035-1036-1037
[2026-08-11 16:54:29.312382] [INFO] [path_server] 노드 업데이트 : [1011] ➜ [1012]
[2026-08-11 16:54:29.372260] [INFO] [path_server] 새로운 경로 설정 : path[1011 ➜ 1037] time[0s] dist[6m] list[5] : 1011-1012-1035-1036-1037
[2026-08-11 16:54:30.450176] [INFO] [path_server] 노드 업데이트 : [1012] ➜ [1035]
[2026-08-11 16:54:30.510072] [INFO] [path_server] 새로운 경로 설정 : path[1012 ➜ 1037] time[0s] dist[4.5m] list[4] : 1012-1035-1036-1037
[2026-08-11 16:54:31.268817] [INFO] [path_server] 노드 업데이트 : [1035] ➜ [1036]
[2026-08-11 16:54:31.348613] [INFO] [path_server] 새로운 경로 설정 : path[1035 ➜ 1037] time[0s] dist[3m] list[3] : 1035-1036-1037
[2026-08-11 16:54:32.027315] [INFO] [path_server] 노드 업데이트 : [1036] ➜ [1037]
[2026-08-11 16:54:32.107234] [INFO] [path_server] 새로운 경로 설정 : path[1036 ➜ 1037] time[0s] dist[1.5m] list[2] : 1036-1037
[2026-08-11 16:54:34.243217] [INFO] [path_server] 노드 업데이트 : [1037] ➜ [-1]
[2026-08-11 16:54:37.437198] [INFO] [path_server] 노드 업데이트 : [1037] ➜ [-1]
[2026-08-11 16:54:37.517106] [INFO] [path_server] 경로 삭제
[2026-08-11 16:54:42.627187] [INFO] [path_server] 새로운 경로 설정 : path[1037 ➜ 204] time[0s] dist[18m] list[13] : 1037-1038-1039-1040-1041-1042-1112-1113-1114-1115-1116-1117-204
[2026-08-11 16:54:44.962491] [INFO] [path_server] 노드 업데이트 : [1038] ➜ [1039]
[2026-08-11 16:54:45.042426] [INFO] [path_server] 새로운 경로 설정 : path[1038 ➜ 204] time[0s] dist[16.5m] list[12] : 1038-1039-1040-1041-1042-1112-1113-1114-1115-1116-1117-204
[2026-08-11 16:54:46.020408] [INFO] [path_server] 노드 업데이트 : [1039] ➜ [1040]
[2026-08-11 16:54:46.100362] [INFO] [path_server] 새로운 경로 설정 : path[1039 ➜ 204] time[0s] dist[15m] list[11] : 1039-1040-1041-1042-1112-1113-1114-1115-1116-1117-204
[2026-08-11 16:54:46.819055] [INFO] [path_server] 노드 업데이트 : [1040] ➜ [1041]
[2026-08-11 16:54:46.898947] [INFO] [path_server] 새로운 경로 설정 : path[1040 ➜ 204] time[0s] dist[13.5m] list[10] : 1040-1041-1042-1112-1113-1114-1115-1116-1117-204
[2026-08-11 16:54:47.577528] [INFO] [path_server] 노드 업데이트 : [1041] ➜ [1042]
[2026-08-11 16:54:47.657466] [INFO] [path_server] 새로운 경로 설정 : path[1041 ➜ 204] time[0s] dist[12m] list[9] : 1041-1042-1112-1113-1114-1115-1116-1117-204
[2026-08-11 16:54:48.316145] [INFO] [path_server] 노드 업데이트 : [1042] ➜ [1112]
[2026-08-11 16:54:48.395994] [INFO] [path_server] 새로운 경로 설정 : path[1042 ➜ 204] time[0s] dist[10.5m] list[8] : 1042-1112-1113-1114-1115-1116-1117-204
[2026-08-11 16:54:49.633479] [INFO] [path_server] 노드 업데이트 : [1112] ➜ [1113]
[2026-08-11 16:54:49.693412] [INFO] [path_server] 새로운 경로 설정 : path[1112 ➜ 204] time[0s] dist[9m] list[7] : 1112-1113-1114-1115-1116-1117-204
[2026-08-11 16:54:52.986949] [INFO] [path_server] 노드 업데이트 : [1113] ➜ [1114]
[2026-08-11 16:54:53.046864] [INFO] [path_server] 새로운 경로 설정 : path[1113 ➜ 204] time[0s] dist[7.5m] list[6] : 1113-1114-1115-1116-1117-204
[2026-08-11 16:54:54.124895] [INFO] [path_server] 노드 업데이트 : [1114] ➜ [1115]
[2026-08-11 16:54:54.184805] [INFO] [path_server] 새로운 경로 설정 : path[1114 ➜ 204] time[0s] dist[6m] list[5] : 1114-1115-1116-1117-204
[2026-08-11 16:54:54.943242] [INFO] [path_server] 노드 업데이트 : [1115] ➜ [1116]
[2026-08-11 16:54:55.023106] [INFO] [path_server] 새로운 경로 설정 : path[1115 ➜ 204] time[0s] dist[4.5m] list[4] : 1115-1116-1117-204
[2026-08-11 16:54:55.701590] [INFO] [path_server] 노드 업데이트 : [1116] ➜ [1117]
[2026-08-11 16:54:55.781506] [INFO] [path_server] 새로운 경로 설정 : path[1116 ➜ 204] time[0s] dist[3m] list[3] : 1116-1117-204
[2026-08-11 16:54:57.018867] [INFO] [path_server] 노드 업데이트 : [1117] ➜ [204]
[2026-08-11 16:54:57.098765] [INFO] [path_server] 새로운 경로 설정 : path[1117 ➜ 204] time[0s] dist[1.5m] list[2] : 1117-204
[2026-08-11 16:55:02.248677] [INFO] [path_server] 노드 업데이트 : [204] ➜ [-1]
[2026-08-11 16:55:05.183056] [INFO] [path_server] 노드 업데이트 : [204] ➜ [-1]
[2026-08-11 16:55:05.242928] [INFO] [path_server] 경로 삭제
[2026-08-11 16:56:47.780869] [INFO] [path_server] 새로운 경로 설정 : path[204 ➜ 104] time[0s] dist[16.5m] list[12] : 204-1117-1118-1119-1120-1121-1122-1123-1179-1180-1181-104
[2026-08-11 16:56:52.671571] [INFO] [path_server] 노드 업데이트 : [1117] ➜ [1118]
[2026-08-11 16:56:52.771399] [INFO] [path_server] 새로운 경로 설정 : path[1117 ➜ 104] time[0s] dist[15m] list[11] : 1117-1118-1119-1120-1121-1122-1123-1179-1180-1181-104
[2026-08-11 16:56:56.303917] [INFO] [path_server] 노드 업데이트 : [1118] ➜ [1119]
[2026-08-11 16:56:56.383784] [INFO] [path_server] 새로운 경로 설정 : path[1118 ➜ 104] time[0s] dist[13.5m] list[10] : 1118-1119-1120-1121-1122-1123-1179-1180-1181-104
[2026-08-11 16:56:57.421585] [INFO] [path_server] 노드 업데이트 : [1119] ➜ [1120]
[2026-08-11 16:56:57.501550] [INFO] [path_server] 새로운 경로 설정 : path[1119 ➜ 104] time[0s] dist[12m] list[9] : 1119-1120-1121-1122-1123-1179-1180-1181-104
[2026-08-11 16:56:58.280156] [INFO] [path_server] 노드 업데이트 : [1120] ➜ [1121]
[2026-08-11 16:56:58.360044] [INFO] [path_server] 새로운 경로 설정 : path[1120 ➜ 104] time[0s] dist[10.5m] list[8] : 1120-1121-1122-1123-1179-1180-1181-104
[2026-08-11 16:57:01.972804] [INFO] [path_server] 노드 업데이트 : [1121] ➜ [1122]
[2026-08-11 16:57:02.052695] [INFO] [path_server] 새로운 경로 설정 : path[1121 ➜ 104] time[0s] dist[9m] list[7] : 1121-1122-1123-1179-1180-1181-104
[2026-08-11 16:57:03.330167] [INFO] [path_server] 노드 업데이트 : [1122] ➜ [1123]
[2026-08-11 16:57:03.390084] [INFO] [path_server] 새로운 경로 설정 : path[1122 ➜ 104] time[0s] dist[7.5m] list[6] : 1122-1123-1179-1180-1181-104
[2026-08-11 16:57:04.388011] [INFO] [path_server] 노드 업데이트 : [1123] ➜ [1179]
[2026-08-11 16:57:04.467837] [INFO] [path_server] 새로운 경로 설정 : path[1123 ➜ 104] time[0s] dist[6m] list[5] : 1123-1179-1180-1181-104
[2026-08-11 16:57:07.701258] [INFO] [path_server] 노드 업데이트 : [1179] ➜ [1180]
[2026-08-11 16:57:07.781170] [INFO] [path_server] 새로운 경로 설정 : path[1179 ➜ 104] time[0s] dist[4.5m] list[4] : 1179-1180-1181-104
[2026-08-11 16:57:08.938772] [INFO] [path_server] 노드 업데이트 : [1180] ➜ [1181]
[2026-08-11 16:57:08.998667] [INFO] [path_server] 새로운 경로 설정 : path[1180 ➜ 104] time[0s] dist[3m] list[3] : 1180-1181-104
[2026-08-11 16:57:10.276310] [INFO] [path_server] 노드 업데이트 : [1181] ➜ [104]
[2026-08-11 16:57:10.356222] [INFO] [path_server] 새로운 경로 설정 : path[1181 ➜ 104] time[0s] dist[1.5m] list[2] : 1181-104
[2026-08-11 16:57:15.465605] [INFO] [path_server] 노드 업데이트 : [104] ➜ [-1]
[2026-08-11 16:57:18.399902] [INFO] [path_server] 노드 업데이트 : [104] ➜ [-1]
[2026-08-11 16:58:03.390111] [INFO] [path_server] 경로 삭제
[2026-08-11 16:58:03.430039] [INFO] [path_server] 경로 삭제
[2026-08-11 17:00:16.871562] [INFO] [path_server] 경로 삭제
[2026-08-11 17:00:16.911549] [INFO] [path_server] 경로 삭제
[2026-08-11 17:02:30.373223] [INFO] [path_server] 경로 삭제
[2026-08-11 17:02:30.413134] [INFO] [path_server] 경로 삭제
[2026-08-11 17:03:34.389687] [INFO] [path_server] 생성
[2026-08-11 17:03:34.389736] [INFO] [path_server] 경로 삭제
[2026-08-11 17:03:34.391262] [INFO] [path_server] 노드 초기화 성공 : 로봇 좌표[5.504m 3.998m -179.406°] 최단 거리 노드[104] 거리(0.004208m)
[2026-08-11 17:03:40.659871] [INFO] [path_server] 새로운 경로 설정 : path[104 ➜ 206] time[0s] dist[31.5m] list[22] : 104-1181-1182-1183-1184-1045-1046-1047-1048-1001-1002-1003-1004-1013-1049-1050-1014-1201-1200-1202-1203-206
[2026-08-11 17:03:40.759669] [INFO] [path_server] 새로운 경로 설정 : path[1181 ➜ 202] time[0s] dist[31.5m] list[23] : 104-1181-1182-1183-1184-1045-1046-1047-1048-1001-1002-1003-1004-1005-1010-1017-1063-1064-1018-1158-1159-1160-202
[2026-08-11 17:03:47.825533] [INFO] [path_server] 노드 업데이트 : [1181] ➜ [1182]
[2026-08-11 17:03:47.885457] [INFO] [path_server] 새로운 경로 설정 : path[1181 ➜ 202] time[0s] dist[31.5m] list[22] : 1181-1182-1183-1184-1045-1046-1047-1048-1001-1002-1003-1004-1005-1010-1017-1063-1064-1018-1158-1159-1160-202
[2026-08-11 17:03:51.438279] [INFO] [path_server] 노드 업데이트 : [1182] ➜ [1183]
[2026-08-11 17:03:51.518218] [INFO] [path_server] 새로운 경로 설정 : path[1182 ➜ 202] time[0s] dist[30m] list[21] : 1182-1183-1184-1045-1046-1047-1048-1001-1002-1003-1004-1005-1010-1017-1063-1064-1018-1158-1159-1160-202
[2026-08-11 17:03:52.576216] [INFO] [path_server] 노드 업데이트 : [1183] ➜ [1184]
[2026-08-11 17:03:52.656087] [INFO] [path_server] 새로운 경로 설정 : path[1183 ➜ 202] time[0s] dist[28.5m] list[20] : 1183-1184-1045-1046-1047-1048-1001-1002-1003-1004-1005-1010-1017-1063-1064-1018-1158-1159-1160-202
[2026-08-11 17:03:53.394599] [INFO] [path_server] 노드 업데이트 : [1184] ➜ [1045]
[2026-08-11 17:03:53.454580] [INFO] [path_server] 새로운 경로 설정 : path[1184 ➜ 202] time[0s] dist[27m] list[19] : 1184-1045-1046-1047-1048-1001-1002-1003-1004-1005-1010-1017-1063-1064-1018-1158-1159-1160-202
[2026-08-11 17:03:54.731944] [INFO] [path_server] 노드 업데이트 : [1045] ➜ [1046]
[2026-08-11 17:03:54.811854] [INFO] [path_server] 새로운 경로 설정 : path[1045 ➜ 202] time[0s] dist[25.5m] list[18] : 1045-1046-1047-1048-1001-1002-1003-1004-1005-1010-1017-1063-1064-1018-1158-1159-1160-202
[2026-08-11 17:03:58.065225] [INFO] [path_server] 노드 업데이트 : [1046] ➜ [1047]
[2026-08-11 17:03:58.125148] [INFO] [path_server] 새로운 경로 설정 : path[1046 ➜ 202] time[0s] dist[24m] list[17] : 1046-1047-1048-1001-1002-1003-1004-1005-1010-1017-1063-1064-1018-1158-1159-1160-202
[2026-08-11 17:03:59.202923] [INFO] [path_server] 노드 업데이트 : [1047] ➜ [1048]
[2026-08-11 17:03:59.282857] [INFO] [path_server] 새로운 경로 설정 : path[1047 ➜ 202] time[0s] dist[22.5m] list[16] : 1047-1048-1001-1002-1003-1004-1005-1010-1017-1063-1064-1018-1158-1159-1160-202
[2026-08-11 17:04:00.021314] [INFO] [path_server] 노드 업데이트 : [1048] ➜ [1001]
[2026-08-11 17:04:00.081229] [INFO] [path_server] 새로운 경로 설정 : path[1048 ➜ 202] time[0s] dist[21m] list[15] : 1048-1001-1002-1003-1004-1005-1010-1017-1063-1064-1018-1158-1159-1160-202
[2026-08-11 17:04:00.779815] [INFO] [path_server] 노드 업데이트 : [1001] ➜ [1002]
[2026-08-11 17:04:00.859677] [INFO] [path_server] 새로운 경로 설정 : path[1001 ➜ 202] time[0s] dist[19.5m] list[14] : 1001-1002-1003-1004-1005-1010-1017-1063-1064-1018-1158-1159-1160-202
[2026-08-11 17:04:01.538334] [INFO] [path_server] 노드 업데이트 : [1002] ➜ [1003]
[2026-08-11 17:04:01.618262] [INFO] [path_server] 새로운 경로 설정 : path[1002 ➜ 202] time[0s] dist[18m] list[13] : 1002-1003-1004-1005-1010-1017-1063-1064-1018-1158-1159-1160-202
[2026-08-11 17:04:02.276932] [INFO] [path_server] 노드 업데이트 : [1003] ➜ [1004]
[2026-08-11 17:04:02.356798] [INFO] [path_server] 새로운 경로 설정 : path[1003 ➜ 202] time[0s] dist[16.5m] list[12] : 1003-1004-1005-1010-1017-1063-1064-1018-1158-1159-1160-202
[2026-08-11 17:04:03.035321] [INFO] [path_server] 노드 업데이트 : [1004] ➜ [1005]
[2026-08-11 17:04:03.115246] [INFO] [path_server] 새로운 경로 설정 : path[1004 ➜ 202] time[0s] dist[15m] list[11] : 1004-1005-1010-1017-1063-1064-1018-1158-1159-1160-202
[2026-08-11 17:04:04.352604] [INFO] [path_server] 노드 업데이트 : [1005] ➜ [1010]
[2026-08-11 17:04:04.432515] [INFO] [path_server] 새로운 경로 설정 : path[1005 ➜ 202] time[0s] dist[13.5m] list[10] : 1005-1010-1017-1063-1064-1018-1158-1159-1160-202
[2026-08-11 17:04:07.726111] [INFO] [path_server] 노드 업데이트 : [1010] ➜ [1017]
[2026-08-11 17:04:07.806048] [INFO] [path_server] 새로운 경로 설정 : path[1010 ➜ 202] time[0s] dist[12m] list[9] : 1010-1017-1063-1064-1018-1158-1159-1160-202
[2026-08-11 17:04:08.843943] [INFO] [path_server] 노드 업데이트 : [1017] ➜ [1063]
[2026-08-11 17:04:08.923831] [INFO] [path_server] 새로운 경로 설정 : path[1017 ➜ 202] time[0s] dist[10.5m] list[8] : 1017-1063-1064-1018-1158-1159-1160-202
[2026-08-11 17:04:09.662348] [INFO] [path_server] 노드 업데이트 : [1063] ➜ [1064]
[2026-08-11 17:04:09.722257] [INFO] [path_server] 새로운 경로 설정 : path[1063 ➜ 202] time[0s] dist[9m] list[7] : 1063-1064-1018-1158-1159-1160-202
[2026-08-11 17:04:10.999755] [INFO] [path_server] 노드 업데이트 : [1064] ➜ [1018]
[2026-08-11 17:04:11.079763] [INFO] [path_server] 새로운 경로 설정 : path[1064 ➜ 202] time[0s] dist[7.5m] list[6] : 1064-1018-1158-1159-1160-202
[2026-08-11 17:04:14.333717] [INFO] [path_server] 노드 업데이트 : [1018] ➜ [1158]
[2026-08-11 17:04:14.413668] [INFO] [path_server] 새로운 경로 설정 : path[1018 ➜ 202] time[0s] dist[6m] list[5] : 1018-1158-1159-1160-202
[2026-08-11 17:04:15.471455] [INFO] [path_server] 노드 업데이트 : [1158] ➜ [1159]
[2026-08-11 17:04:15.551354] [INFO] [path_server] 새로운 경로 설정 : path[1158 ➜ 202] time[0s] dist[4.5m] list[4] : 1158-1159-1160-202
[2026-08-11 17:04:16.289784] [INFO] [path_server] 노드 업데이트 : [1159] ➜ [1160]
[2026-08-11 17:04:16.349669] [INFO] [path_server] 새로운 경로 설정 : path[1159 ➜ 202] time[0s] dist[3m] list[3] : 1159-1160-202
[2026-08-11 17:04:17.626972] [INFO] [path_server] 노드 업데이트 : [1160] ➜ [202]
[2026-08-11 17:04:17.706891] [INFO] [path_server] 새로운 경로 설정 : path[1160 ➜ 202] time[0s] dist[1.5m] list[2] : 1160-202
[2026-08-11 17:04:22.836500] [INFO] [path_server] 노드 업데이트 : [202] ➜ [-1]
[2026-08-11 17:04:25.771111] [INFO] [path_server] 노드 업데이트 : [202] ➜ [-1]
[2026-08-11 17:04:25.850971] [INFO] [path_server] 경로 삭제
[2026-08-11 17:07:14.102860] [INFO] [path_server] 새로운 경로 설정 : path[202 ➜ 103] time[0s] dist[40.5m] list[28] : 202-1160-1161-1162-1163-1164-1165-1166-1109-1110-1111-1112-1113-1114-1115-1116-1117-1118-1119-1120-1121-1122-1123-1179-1180-1181-1182-103
[2026-08-11 17:07:18.993105] [INFO] [path_server] 노드 업데이트 : [1160] ➜ [1161]
[2026-08-11 17:07:19.072971] [INFO] [path_server] 새로운 경로 설정 : path[1160 ➜ 103] time[0s] dist[39m] list[27] : 1160-1161-1162-1163-1164-1165-1166-1109-1110-1111-1112-1113-1114-1115-1116-1117-1118-1119-1120-1121-1122-1123-1179-1180-1181-1182-103
[2026-08-11 17:07:22.605659] [INFO] [path_server] 노드 업데이트 : [1161] ➜ [1162]
[2026-08-11 17:07:22.665572] [INFO] [path_server] 새로운 경로 설정 : path[1161 ➜ 103] time[0s] dist[37.5m] list[26] : 1161-1162-1163-1164-1165-1166-1109-1110-1111-1112-1113-1114-1115-1116-1117-1118-1119-1120-1121-1122-1123-1179-1180-1181-1182-103
[2026-08-11 17:07:23.743357] [INFO] [path_server] 노드 업데이트 : [1162] ➜ [1163]
[2026-08-11 17:07:23.803278] [INFO] [path_server] 새로운 경로 설정 : path[1162 ➜ 103] time[0s] dist[36m] list[25] : 1162-1163-1164-1165-1166-1109-1110-1111-1112-1113-1114-1115-1116-1117-1118-1119-1120-1121-1122-1123-1179-1180-1181-1182-103
[2026-08-11 17:07:24.561818] [INFO] [path_server] 노드 업데이트 : [1163] ➜ [1164]
[2026-08-11 17:07:24.621780] [INFO] [path_server] 새로운 경로 설정 : path[1163 ➜ 103] time[0s] dist[34.5m] list[24] : 1163-1164-1165-1166-1109-1110-1111-1112-1113-1114-1115-1116-1117-1118-1119-1120-1121-1122-1123-1179-1180-1181-1182-103
[2026-08-11 17:07:25.320559] [INFO] [path_server] 노드 업데이트 : [1164] ➜ [1165]
[2026-08-11 17:07:25.400485] [INFO] [path_server] 새로운 경로 설정 : path[1164 ➜ 103] time[0s] dist[33m] list[23] : 1164-1165-1166-1109-1110-1111-1112-1113-1114-1115-1116-1117-1118-1119-1120-1121-1122-1123-1179-1180-1181-1182-103
[2026-08-11 17:07:26.079199] [INFO] [path_server] 노드 업데이트 : [1165] ➜ [1166]
[2026-08-11 17:07:26.159137] [INFO] [path_server] 새로운 경로 설정 : path[1165 ➜ 103] time[0s] dist[31.5m] list[22] : 1165-1166-1109-1110-1111-1112-1113-1114-1115-1116-1117-1118-1119-1120-1121-1122-1123-1179-1180-1181-1182-103
[2026-08-11 17:07:26.817756] [INFO] [path_server] 노드 업데이트 : [1166] ➜ [1109]
[2026-08-11 17:07:26.897653] [INFO] [path_server] 새로운 경로 설정 : path[1166 ➜ 103] time[0s] dist[30m] list[21] : 1166-1109-1110-1111-1112-1113-1114-1115-1116-1117-1118-1119-1120-1121-1122-1123-1179-1180-1181-1182-103
[2026-08-11 17:07:27.675994] [INFO] [path_server] 노드 업데이트 : [1109] ➜ [1110]
[2026-08-11 17:07:27.735919] [INFO] [path_server] 새로운 경로 설정 : path[1109 ➜ 103] time[0s] dist[28.5m] list[20] : 1109-1110-1111-1112-1113-1114-1115-1116-1117-1118-1119-1120-1121-1122-1123-1179-1180-1181-1182-103
[2026-08-11 17:07:31.328580] [INFO] [path_server] 노드 업데이트 : [1110] ➜ [1111]
[2026-08-11 17:07:31.388433] [INFO] [path_server] 새로운 경로 설정 : path[1110 ➜ 103] time[0s] dist[27m] list[19] : 1110-1111-1112-1113-1114-1115-1116-1117-1118-1119-1120-1121-1122-1123-1179-1180-1181-1182-103
[2026-08-11 17:07:32.685621] [INFO] [path_server] 노드 업데이트 : [1111] ➜ [1112]
[2026-08-11 17:07:32.765505] [INFO] [path_server] 새로운 경로 설정 : path[1111 ➜ 103] time[0s] dist[25.5m] list[18] : 1111-1112-1113-1114-1115-1116-1117-1118-1119-1120-1121-1122-1123-1179-1180-1181-1182-103
[2026-08-11 17:07:33.803298] [INFO] [path_server] 노드 업데이트 : [1112] ➜ [1113]
[2026-08-11 17:07:33.883209] [INFO] [path_server] 새로운 경로 설정 : path[1112 ➜ 103] time[0s] dist[24m] list[17] : 1112-1113-1114-1115-1116-1117-1118-1119-1120-1121-1122-1123-1179-1180-1181-1182-103
[2026-08-11 17:07:34.921094] [INFO] [path_server] 노드 업데이트 : [1113] ➜ [1114]
[2026-08-11 17:07:34.981011] [INFO] [path_server] 새로운 경로 설정 : path[1113 ➜ 103] time[0s] dist[22.5m] list[16] : 1113-1114-1115-1116-1117-1118-1119-1120-1121-1122-1123-1179-1180-1181-1182-103
[2026-08-11 17:07:36.757612] [INFO] [path_server] 노드 업데이트 : [1114] ➜ [1115]
[2026-08-11 17:07:36.817535] [INFO] [path_server] 새로운 경로 설정 : path[1114 ➜ 103] time[0s] dist[21m] list[15] : 1114-1115-1116-1117-1118-1119-1120-1121-1122-1123-1179-1180-1181-1182-103
[2026-08-11 17:07:41.608330] [INFO] [path_server] 노드 업데이트 : [1115] ➜ [1116]
[2026-08-11 17:07:41.668214] [INFO] [path_server] 새로운 경로 설정 : path[1115 ➜ 103] time[0s] dist[19.5m] list[14] : 1115-1116-1117-1118-1119-1120-1121-1122-1123-1179-1180-1181-1182-103
[2026-08-11 17:07:43.544297] [INFO] [path_server] 노드 업데이트 : [1116] ➜ [1117]
[2026-08-11 17:07:43.624212] [INFO] [path_server] 새로운 경로 설정 : path[1116 ➜ 103] time[0s] dist[18m] list[13] : 1116-1117-1118-1119-1120-1121-1122-1123-1179-1180-1181-1182-103
[2026-08-11 17:07:44.542536] [INFO] [path_server] 노드 업데이트 : [1117] ➜ [1118]
[2026-08-11 17:07:44.602498] [INFO] [path_server] 새로운 경로 설정 : path[1117 ➜ 103] time[0s] dist[16.5m] list[12] : 1117-1118-1119-1120-1121-1122-1123-1179-1180-1181-1182-103
[2026-08-11 17:07:45.320935] [INFO] [path_server] 노드 업데이트 : [1118] ➜ [1119]
[2026-08-11 17:07:45.380828] [INFO] [path_server] 새로운 경로 설정 : path[1118 ➜ 103] time[0s] dist[15m] list[11] : 1118-1119-1120-1121-1122-1123-1179-1180-1181-1182-103
[2026-08-11 17:07:46.059352] [INFO] [path_server] 노드 업데이트 : [1119] ➜ [1120]
[2026-08-11 17:07:46.139258] [INFO] [path_server] 새로운 경로 설정 : path[1119 ➜ 103] time[0s] dist[13.5m] list[10] : 1119-1120-1121-1122-1123-1179-1180-1181-1182-103
[2026-08-11 17:07:46.917664] [INFO] [path_server] 노드 업데이트 : [1120] ➜ [1121]
[2026-08-11 17:07:46.997652] [INFO] [path_server] 새로운 경로 설정 : path[1120 ➜ 103] time[0s] dist[12m] list[9] : 1120-1121-1122-1123-1179-1180-1181-1182-103
[2026-08-11 17:07:50.570864] [INFO] [path_server] 노드 업데이트 : [1121] ➜ [1122]
[2026-08-11 17:07:50.630756] [INFO] [path_server] 새로운 경로 설정 : path[1121 ➜ 103] time[0s] dist[10.5m] list[8] : 1121-1122-1123-1179-1180-1181-1182-103
[2026-08-11 17:07:51.928168] [INFO] [path_server] 노드 업데이트 : [1122] ➜ [1123]
[2026-08-11 17:07:52.008026] [INFO] [path_server] 새로운 경로 설정 : path[1122 ➜ 103] time[0s] dist[9m] list[7] : 1122-1123-1179-1180-1181-1182-103
[2026-08-11 17:07:52.985879] [INFO] [path_server] 노드 업데이트 : [1123] ➜ [1179]
[2026-08-11 17:07:53.065815] [INFO] [path_server] 새로운 경로 설정 : path[1123 ➜ 103] time[0s] dist[7.5m] list[6] : 1123-1179-1180-1181-1182-103
[2026-08-11 17:07:56.299090] [INFO] [path_server] 노드 업데이트 : [1179] ➜ [1180]
[2026-08-11 17:07:56.378944] [INFO] [path_server] 새로운 경로 설정 : path[1179 ➜ 103] time[0s] dist[6m] list[5] : 1179-1180-1181-1182-103
[2026-08-11 17:07:57.556424] [INFO] [path_server] 노드 업데이트 : [1180] ➜ [1181]
[2026-08-11 17:07:57.636321] [INFO] [path_server] 새로운 경로 설정 : path[1180 ➜ 103] time[0s] dist[4.5m] list[4] : 1180-1181-1182-103
[2026-08-11 17:07:58.414695] [INFO] [path_server] 노드 업데이트 : [1181] ➜ [1182]
[2026-08-11 17:07:58.474603] [INFO] [path_server] 새로운 경로 설정 : path[1181 ➜ 103] time[0s] dist[3m] list[3] : 1181-1182-103
[2026-08-11 17:07:59.731900] [INFO] [path_server] 노드 업데이트 : [1182] ➜ [103]
[2026-08-11 17:07:59.811772] [INFO] [path_server] 새로운 경로 설정 : path[1182 ➜ 103] time[0s] dist[1.5m] list[2] : 1182-103
[2026-08-11 17:08:04.941546] [INFO] [path_server] 노드 업데이트 : [103] ➜ [-1]
[2026-08-11 17:08:07.875672] [INFO] [path_server] 노드 업데이트 : [103] ➜ [-1]
[2026-08-11 17:08:27.317046] [INFO] [path_server] 새로운 경로 설정 : path[103 ➜ 1010] time[0s] dist[19.5m] list[14] : 103-1182-1183-1184-1045-1046-1047-1048-1001-1002-1003-1004-1005-1010
[2026-08-11 17:08:34.482732] [INFO] [path_server] 노드 업데이트 : [1182] ➜ [1183]
[2026-08-11 17:08:34.562648] [INFO] [path_server] 새로운 경로 설정 : path[1182 ➜ 1010] time[0s] dist[18m] list[13] : 1182-1183-1184-1045-1046-1047-1048-1001-1002-1003-1004-1005-1010
[2026-08-11 17:08:38.095496] [INFO] [path_server] 노드 업데이트 : [1183] ➜ [1184]
[2026-08-11 17:08:38.175363] [INFO] [path_server] 새로운 경로 설정 : path[1183 ➜ 1010] time[0s] dist[16.5m] list[12] : 1183-1184-1045-1046-1047-1048-1001-1002-1003-1004-1005-1010
[2026-08-11 17:08:39.213269] [INFO] [path_server] 노드 업데이트 : [1184] ➜ [1045]
[2026-08-11 17:08:39.293196] [INFO] [path_server] 새로운 경로 설정 : path[1184 ➜ 1010] time[0s] dist[15m] list[11] : 1184-1045-1046-1047-1048-1001-1002-1003-1004-1005-1010
[2026-08-11 17:08:40.551179] [INFO] [path_server] 노드 업데이트 : [1045] ➜ [1046]
[2026-08-11 17:08:40.651011] [INFO] [path_server] 새로운 경로 설정 : path[1045 ➜ 1010] time[0s] dist[13.5m] list[10] : 1045-1046-1047-1048-1001-1002-1003-1004-1005-1010
[2026-08-11 17:08:43.884965] [INFO] [path_server] 노드 업데이트 : [1046] ➜ [1047]
[2026-08-11 17:08:43.964807] [INFO] [path_server] 새로운 경로 설정 : path[1046 ➜ 1010] time[0s] dist[12m] list[9] : 1046-1047-1048-1001-1002-1003-1004-1005-1010
[2026-08-11 17:08:45.002559] [INFO] [path_server] 노드 업데이트 : [1047] ➜ [1048]
[2026-08-11 17:08:45.082476] [INFO] [path_server] 새로운 경로 설정 : path[1047 ➜ 1010] time[0s] dist[10.5m] list[8] : 1047-1048-1001-1002-1003-1004-1005-1010
[2026-08-11 17:08:45.840823] [INFO] [path_server] 노드 업데이트 : [1048] ➜ [1001]
[2026-08-11 17:08:45.920731] [INFO] [path_server] 새로운 경로 설정 : path[1048 ➜ 1010] time[0s] dist[9m] list[7] : 1048-1001-1002-1003-1004-1005-1010
[2026-08-11 17:08:46.579491] [INFO] [path_server] 노드 업데이트 : [1001] ➜ [1002]
[2026-08-11 17:08:46.659357] [INFO] [path_server] 새로운 경로 설정 : path[1001 ➜ 1010] time[0s] dist[7.5m] list[6] : 1001-1002-1003-1004-1005-1010
[2026-08-11 17:08:47.337862] [INFO] [path_server] 노드 업데이트 : [1002] ➜ [1003]
[2026-08-11 17:08:47.417778] [INFO] [path_server] 새로운 경로 설정 : path[1002 ➜ 1010] time[0s] dist[6m] list[5] : 1002-1003-1004-1005-1010
[2026-08-11 17:08:48.076432] [INFO] [path_server] 노드 업데이트 : [1003] ➜ [1004]
[2026-08-11 17:08:48.156292] [INFO] [path_server] 새로운 경로 설정 : path[1003 ➜ 1010] time[0s] dist[4.5m] list[4] : 1003-1004-1005-1010
[2026-08-11 17:08:48.834880] [INFO] [path_server] 노드 업데이트 : [1004] ➜ [1005]
[2026-08-11 17:08:48.914752] [INFO] [path_server] 새로운 경로 설정 : path[1004 ➜ 1010] time[0s] dist[3m] list[3] : 1004-1005-1010
[2026-08-11 17:08:50.152200] [INFO] [path_server] 노드 업데이트 : [1005] ➜ [1010]
[2026-08-11 17:08:50.232117] [INFO] [path_server] 새로운 경로 설정 : path[1005 ➜ 1010] time[0s] dist[1.5m] list[2] : 1005-1010
[2026-08-11 17:08:54.124256] [INFO] [path_server] 노드 업데이트 : [1010] ➜ [-1]
[2026-08-11 17:08:57.956844] [INFO] [path_server] 노드 업데이트 : [1010] ➜ [-1]
[2026-08-11 17:08:58.016737] [INFO] [path_server] 경로 삭제
[2026-08-11 17:09:18.416053] [INFO] [path_server] 새로운 경로 설정 : path[1010 ➜ 110] time[0s] dist[16.5m] list[12] : 1010-1011-1004-1005-1006-1021-1022-1007-1167-1168-1169-110
[2026-08-11 17:09:27.179296] [INFO] [path_server] 노드 업데이트 : [1011] ➜ [1004]
[2026-08-11 17:09:27.259240] [INFO] [path_server] 새로운 경로 설정 : path[1011 ➜ 110] time[0s] dist[15m] list[11] : 1011-1004-1005-1006-1021-1022-1007-1167-1168-1169-110
[2026-08-11 17:09:30.233165] [INFO] [path_server] 노드 업데이트 : [1004] ➜ [1005]
[2026-08-11 17:09:30.313036] [INFO] [path_server] 새로운 경로 설정 : path[1004 ➜ 110] time[0s] dist[13.5m] list[10] : 1004-1005-1006-1021-1022-1007-1167-1168-1169-110
[2026-08-11 17:09:33.606575] [INFO] [path_server] 노드 업데이트 : [1005] ➜ [1006]
[2026-08-11 17:09:33.686507] [INFO] [path_server] 새로운 경로 설정 : path[1005 ➜ 110] time[0s] dist[12m] list[9] : 1005-1006-1021-1022-1007-1167-1168-1169-110
[2026-08-11 17:09:34.804328] [INFO] [path_server] 노드 업데이트 : [1006] ➜ [1021]
[2026-08-11 17:09:34.884252] [INFO] [path_server] 새로운 경로 설정 : path[1006 ➜ 110] time[0s] dist[10.5m] list[8] : 1006-1021-1022-1007-1167-1168-1169-110
[2026-08-11 17:09:35.782515] [INFO] [path_server] 노드 업데이트 : [1021] ➜ [1022]
[2026-08-11 17:09:35.862389] [INFO] [path_server] 새로운 경로 설정 : path[1021 ➜ 110] time[0s] dist[9.00003m] list[7] : 1021-1022-1007-1167-1168-1169-110
[2026-08-11 17:09:37.119863] [INFO] [path_server] 노드 업데이트 : [1022] ➜ [1007]
[2026-08-11 17:09:37.179773] [INFO] [path_server] 새로운 경로 설정 : path[1022 ➜ 110] time[0s] dist[7.50003m] list[6] : 1022-1007-1167-1168-1169-110
[2026-08-11 17:09:40.453301] [INFO] [path_server] 노드 업데이트 : [1007] ➜ [1167]
[2026-08-11 17:09:40.533175] [INFO] [path_server] 새로운 경로 설정 : path[1007 ➜ 110] time[0s] dist[6.00003m] list[5] : 1007-1167-1168-1169-110
[2026-08-11 17:09:41.590997] [INFO] [path_server] 노드 업데이트 : [1167] ➜ [1168]
[2026-08-11 17:09:41.670843] [INFO] [path_server] 새로운 경로 설정 : path[1167 ➜ 110] time[0s] dist[4.50003m] list[4] : 1167-1168-1169-110
[2026-08-11 17:09:42.409267] [INFO] [path_server] 노드 업데이트 : [1168] ➜ [1169]
[2026-08-11 17:09:42.489189] [INFO] [path_server] 새로운 경로 설정 : path[1168 ➜ 110] time[0s] dist[3.00003m] list[3] : 1168-1169-110
[2026-08-11 17:09:43.826434] [INFO] [path_server] 노드 업데이트 : [1169] ➜ [110]
[2026-08-11 17:09:43.906345] [INFO] [path_server] 새로운 경로 설정 : path[1169 ➜ 110] time[0s] dist[1.50003m] list[2] : 1169-110
[2026-08-11 17:09:49.355355] [INFO] [path_server] 노드 업데이트 : [110] ➜ [-1]
[2026-08-11 17:09:52.289537] [INFO] [path_server] 노드 업데이트 : [110] ➜ [-1]
[2026-08-11 17:10:29.615330] [INFO] [path_server] 경로 삭제
[2026-08-11 17:10:29.655267] [INFO] [path_server] 경로 삭제
[2026-08-11 17:11:09.416329] [INFO] [path_server] 새로운 경로 설정 : path[110 ➜ 1170] time[0s] dist[3.00003m] list[3] : 110-1169-1170
[2026-08-11 17:11:25.746997] [INFO] [path_server] 새로운 경로 설정 : path[-1 ➜ -1] time[0s] dist[0m] list[0] : 
