[2026-08-11 16:38:02.003239] [INFO] [task::fsm] 생성
[2026-08-11 16:38:02.003240] [INFO] [task::fsm] idle
[2026-08-11 16:45:50.013209] [INFO] [task::fsm] 생성
[2026-08-11 16:45:50.013210] [INFO] [task::fsm] idle
[2026-08-11 16:46:38.824619] [INFO] [task::fsm] push_done
[2026-08-11 16:46:38.884516] [INFO] [task::fsm] charging
[2026-08-11 16:47:03.140540] [INFO] [task::fsm] discharging
[2026-08-11 16:47:03.160566] [INFO] [task::fsm] idle
[2026-08-11 16:47:03.180527] [INFO] [task::fsm] idle
[2026-08-11 16:49:24.443518] [INFO] [task::fsm] 생성
[2026-08-11 16:49:24.443520] [INFO] [task::fsm] idle
[2026-08-11 16:49:24.565103] [INFO] [task::fsm] charging
[2026-08-11 16:49:46.519314] [INFO] [task::fsm] 생성
[2026-08-11 16:49:46.519315] [INFO] [task::fsm] idle
[2026-08-11 16:49:46.640913] [INFO] [task::fsm] charging
[2026-08-11 16:49:58.420299] [INFO] [task::fsm] 생성
[2026-08-11 16:49:58.420300] [INFO] [task::fsm] idle
[2026-08-11 16:50:00.398274] [INFO] [task::fsm] charging
[2026-08-11 16:50:22.636126] [INFO] [task::fsm] discharging
[2026-08-11 16:50:22.656039] [INFO] [task::fsm] idle
[2026-08-11 16:50:22.696003] [INFO] [task::fsm] idle
[2026-08-11 16:50:54.376933] [INFO] [task::fsm] push_done
[2026-08-11 16:50:54.436785] [INFO] [task::fsm] charging
[2026-08-11 16:51:05.936331] [INFO] [task::fsm] discharging
[2026-08-11 16:51:05.956335] [INFO] [task::fsm] idle
[2026-08-11 16:51:05.976299] [INFO] [task::fsm] idle
[2026-08-11 16:52:17.164967] [INFO] [task::fsm] 생성
[2026-08-11 16:52:17.164968] [INFO] [task::fsm] idle
[2026-08-11 16:52:24.153272] [INFO] [task::fsm] charging
[2026-08-11 16:52:46.509941] [INFO] [task::fsm] discharging
[2026-08-11 16:52:46.529902] [INFO] [task::fsm] idle
[2026-08-11 16:52:46.569828] [INFO] [task::fsm] idle
[2026-08-11 16:53:26.894970] [INFO] [task::fsm] push_done
[2026-08-11 16:53:26.954800] [INFO] [task::fsm] idle
[2026-08-11 16:59:45.940085] [INFO] [task::fsm] push_done
[2026-08-11 16:59:45.999954] [INFO] [task::fsm] charging
[2026-08-11 17:00:07.059361] [INFO] [task::fsm] discharging
[2026-08-11 17:00:07.079327] [INFO] [task::fsm] idle
[2026-08-11 17:00:07.119257] [INFO] [task::fsm] idle
[2026-08-11 17:00:45.285084] [INFO] [task::fsm] push_done
[2026-08-11 17:00:45.344968] [INFO] [task::fsm] idle
[2026-08-11 17:03:34.389456] [INFO] [task::fsm] 생성
[2026-08-11 17:03:34.389458] [INFO] [task::fsm] idle
[2026-08-11 17:09:07.377802] [INFO] [task::fsm] push_done
[2026-08-11 17:09:07.437712] [INFO] [task::fsm] charging
[2026-08-11 17:09:37.761684] [INFO] [task::fsm] discharging
[2026-08-11 17:09:37.781643] [INFO] [task::fsm] idle
[2026-08-11 17:09:37.821566] [INFO] [task::fsm] idle
[2026-08-11 17:11:25.752318] [INFO] [task::fsm] idle
