[2026-08-11 16:38:01.960731] [INFO] [framework] 프로그램 시작
[2026-08-11 16:38:01.960736] [WARNING] [framework] 프로그램 시작
[2026-08-11 16:38:01.960738] [INFO] [framework] 설정 파일 위치 : ../configs/robot_2
[2026-08-11 16:38:01.960737] [CRITICAL] [framework] 프로그램 시작
[2026-08-11 16:38:01.960897] [INFO] [framework] ID[0, 2], 이름[이돌돌], 제어주기[20ms], 버젼[], 장소[우리집], 환경모드[simulation]
[2026-08-11 16:38:02.004595] [INFO] [framework] after init 실행
[2026-08-11 16:38:02.004860] [INFO] [framework] 제어 쓰레드 시작
[2026-08-11 16:40:31.632163] [INFO] [framework] 프로그램 시작
[2026-08-11 16:40:31.632170] [WARNING] [framework] 프로그램 시작
[2026-08-11 16:40:31.632171] [CRITICAL] [framework] 프로그램 시작
[2026-08-11 16:40:31.632172] [INFO] [framework] 설정 파일 위치 : ../configs/robot_2
[2026-08-11 16:40:31.632326] [INFO] [framework] ID[0, 2], 이름[이돌돌], 제어주기[20ms], 버젼[], 장소[우리집], 환경모드[simulation]
[2026-08-11 16:40:31.675244] [INFO] [framework] after init 실행
[2026-08-11 16:40:31.675485] [INFO] [framework] 제어 쓰레드 시작
[2026-08-11 16:45:49.979351] [INFO] [framework] 프로그램 시작
[2026-08-11 16:45:49.979357] [WARNING] [framework] 프로그램 시작
[2026-08-11 16:45:49.979361] [INFO] [framework] 설정 파일 위치 : ../configs/robot_2
[2026-08-11 16:45:49.979360] [CRITICAL] [framework] 프로그램 시작
[2026-08-11 16:45:49.979520] [INFO] [framework] ID[0, 2], 이름[이돌돌], 제어주기[20ms], 버젼[], 장소[우리집], 환경모드[simulation]
[2026-08-11 16:45:50.023704] [INFO] [framework] after init 실행
[2026-08-11 16:45:50.024026] [INFO] [framework] 제어 쓰레드 시작
[2026-08-11 16:47:42.762470] [INFO] [framework] 프로그램 시작
[2026-08-11 16:47:42.762474] [WARNING] [framework] 프로그램 시작
[2026-08-11 16:47:42.762478] [CRITICAL] [framework] 프로그램 시작
[2026-08-11 16:47:42.762478] [INFO] [framework] 설정 파일 위치 : ../configs/robot_2
[2026-08-11 16:47:42.762610] [INFO] [framework] ID[0, 2], 이름[이돌돌], 제어주기[20ms], 버젼[], 장소[우리집], 환경모드[simulation]
[2026-08-11 16:47:42.789389] [INFO] [framework] after init 실행
[2026-08-11 16:47:42.789775] [INFO] [framework] 제어 쓰레드 시작
[2026-08-11 16:49:24.392807] [INFO] [framework] 프로그램 시작
[2026-08-11 16:49:24.392813] [WARNING] [framework] 프로그램 시작
[2026-08-11 16:49:24.392816] [CRITICAL] [framework] 프로그램 시작
[2026-08-11 16:49:24.392816] [INFO] [framework] 설정 파일 위치 : ../configs/robot_2
[2026-08-11 16:49:24.392984] [INFO] [framework] ID[0, 2], 이름[이돌돌], 제어주기[20ms], 버젼[], 장소[우리집], 환경모드[simulation]
[2026-08-11 16:49:24.436420] [INFO] [framework] after init 실행
[2026-08-11 16:49:24.436810] [INFO] [framework] 제어 쓰레드 시작
[2026-08-11 16:49:46.484178] [INFO] [framework] 프로그램 시작
[2026-08-11 16:49:46.484182] [WARNING] [framework] 프로그램 시작
[2026-08-11 16:49:46.484183] [INFO] [framework] 설정 파일 위치 : ../configs/robot_2
[2026-08-11 16:49:46.484183] [CRITICAL] [framework] 프로그램 시작
[2026-08-11 16:49:46.484284] [INFO] [framework] ID[0, 2], 이름[이돌돌], 제어주기[20ms], 버젼[], 장소[우리집], 환경모드[simulation]
[2026-08-11 16:49:46.530485] [INFO] [framework] after init 실행
[2026-08-11 16:49:46.530987] [INFO] [framework] 제어 쓰레드 시작
[2026-08-11 16:49:58.386815] [INFO] [framework] 프로그램 시작
[2026-08-11 16:49:58.386822] [WARNING] [framework] 프로그램 시작
[2026-08-11 16:49:58.386825] [CRITICAL] [framework] 프로그램 시작
[2026-08-11 16:49:58.386826] [INFO] [framework] 설정 파일 위치 : ../configs/robot_2
[2026-08-11 16:52:17.128395] [INFO] [framework] 프로그램 시작
[2026-08-11 16:52:17.128400] [WARNING] [framework] 프로그램 시작
[2026-08-11 16:52:17.128401] [CRITICAL] [framework] 프로그램 시작
[2026-08-11 16:52:17.128402] [INFO] [framework] 설정 파일 위치 : ../configs/robot_2
[2026-08-11 16:52:17.128551] [INFO] [framework] ID[0, 2], 이름[이돌돌], 제어주기[20ms], 버젼[], 장소[우리집], 환경모드[simulation]
[2026-08-11 16:52:17.173108] [INFO] [framework] after init 실행
[2026-08-11 16:52:17.173484] [INFO] [framework] 제어 쓰레드 시작
[2026-08-11 17:03:34.356336] [INFO] [framework] 프로그램 시작
[2026-08-11 17:03:34.356340] [WARNING] [framework] 프로그램 시작
[2026-08-11 17:03:34.356341] [CRITICAL] [framework] 프로그램 시작
[2026-08-11 17:03:34.356341] [INFO] [framework] 설정 파일 위치 : ../configs/robot_2
[2026-08-11 17:03:34.356455] [INFO] [framework] ID[0, 2], 이름[이돌돌], 제어주기[20ms], 버젼[], 장소[우리집], 환경모드[simulation]
[2026-08-11 17:03:34.383688] [INFO] [framework] after init 실행
[2026-08-11 17:03:34.383987] [INFO] [framework] 제어 쓰레드 시작
