[2026-08-11 16:38:02.002567] [INFO] [task::fsm] 생성
[2026-08-11 16:38:02.002568] [INFO] [task::fsm] idle
[2026-08-11 16:40:31.673502] [INFO] [task::fsm] 생성
[2026-08-11 16:40:31.673503] [INFO] [task::fsm] idle
[2026-08-11 16:42:03.859798] [INFO] [task::fsm] charging
[2026-08-11 16:42:26.438921] [INFO] [task::fsm] discharging
[2026-08-11 16:42:26.458903] [INFO] [task::fsm] idle
[2026-08-11 16:42:59.122934] [INFO] [task::fsm] idle
[2026-08-11 16:43:59.288175] [INFO] [task::fsm] push_done
[2026-08-11 16:43:59.328149] [INFO] [task::fsm] idle
[2026-08-11 16:44:47.642765] [INFO] [task::fsm] push_done
[2026-08-11 16:44:47.702671] [INFO] [task::fsm] charging
[2026-08-11 16:45:13.715639] [INFO] [task::fsm] discharging
[2026-08-11 16:45:13.735532] [INFO] [task::fsm] idle
[2026-08-11 16:45:13.775507] [INFO] [task::fsm] idle
[2026-08-11 16:45:50.021912] [INFO] [task::fsm] 생성
[2026-08-11 16:45:50.021914] [INFO] [task::fsm] idle
[2026-08-11 16:45:50.044071] [INFO] [task::fsm] idle
[2026-08-11 16:46:20.128502] [INFO] [task::fsm] charging
[2026-08-11 16:46:38.553092] [INFO] [task::fsm] discharging
[2026-08-11 16:46:38.572995] [INFO] [task::fsm] idle
[2026-08-11 16:46:38.612972] [INFO] [task::fsm] idle
[2026-08-11 16:47:33.569042] [INFO] [task::fsm] push_done
[2026-08-11 16:47:33.628944] [INFO] [task::fsm] idle
[2026-08-11 16:47:42.788189] [INFO] [task::fsm] 생성
[2026-08-11 16:47:42.788190] [INFO] [task::fsm] idle
[2026-08-11 16:47:42.809861] [INFO] [task::fsm] idle
[2026-08-11 16:48:11.437071] [INFO] [task::fsm] idle
[2026-08-11 16:49:02.393211] [INFO] [task::fsm] push_done
[2026-08-11 16:49:02.433209] [INFO] [task::fsm] charging
[2026-08-11 16:49:24.434747] [INFO] [task::fsm] 생성
[2026-08-11 16:49:24.434748] [INFO] [task::fsm] idle
[2026-08-11 16:49:24.476844] [INFO] [task::fsm] charging
[2026-08-11 16:49:46.528519] [INFO] [task::fsm] 생성
[2026-08-11 16:49:46.528522] [INFO] [task::fsm] idle
[2026-08-11 16:52:17.171298] [INFO] [task::fsm] 생성
[2026-08-11 16:52:17.171300] [INFO] [task::fsm] idle
[2026-08-11 16:52:47.273867] [INFO] [task::fsm] charging
[2026-08-11 16:53:05.699067] [INFO] [task::fsm] discharging
[2026-08-11 16:53:05.718947] [INFO] [task::fsm] idle
[2026-08-11 16:53:05.778873] [INFO] [task::fsm] idle
[2026-08-11 16:54:51.757019] [INFO] [task::fsm] push_done
[2026-08-11 16:54:51.816918] [INFO] [task::fsm] idle
[2026-08-11 16:55:20.980542] [INFO] [task::fsm] push_done
[2026-08-11 16:55:21.040429] [INFO] [task::fsm] idle
[2026-08-11 16:57:00.807596] [INFO] [task::fsm] push_done
[2026-08-11 16:57:00.847574] [INFO] [task::fsm] charging
[2026-08-11 16:57:36.515972] [INFO] [task::fsm] discharging
[2026-08-11 16:57:36.535944] [INFO] [task::fsm] idle
[2026-08-11 16:57:36.575842] [INFO] [task::fsm] idle
[2026-08-11 16:59:31.581329] [INFO] [task::fsm] charging
[2026-08-11 16:59:50.006643] [INFO] [task::fsm] discharging
[2026-08-11 16:59:50.026594] [INFO] [task::fsm] idle
[2026-08-11 16:59:50.066513] [INFO] [task::fsm] idle
[2026-08-11 17:01:45.080925] [INFO] [task::fsm] charging
[2026-08-11 17:02:03.504051] [INFO] [task::fsm] discharging
[2026-08-11 17:02:03.524025] [INFO] [task::fsm] idle
[2026-08-11 17:02:03.563932] [INFO] [task::fsm] idle
[2026-08-11 17:03:34.382354] [INFO] [task::fsm] 생성
[2026-08-11 17:03:34.382356] [INFO] [task::fsm] idle
[2026-08-11 17:04:04.488501] [INFO] [task::fsm] charging
[2026-08-11 17:04:22.912769] [INFO] [task::fsm] discharging
[2026-08-11 17:04:22.932679] [INFO] [task::fsm] idle
[2026-08-11 17:04:22.972636] [INFO] [task::fsm] idle
[2026-08-11 17:05:15.390794] [INFO] [task::fsm] push_done
[2026-08-11 17:05:15.450666] [INFO] [task::fsm] idle
[2026-08-11 17:07:15.554337] [INFO] [task::fsm] push_done
[2026-08-11 17:07:15.594326] [INFO] [task::fsm] charging
[2026-08-11 17:07:42.262313] [INFO] [task::fsm] discharging
[2026-08-11 17:07:42.282224] [INFO] [task::fsm] idle
[2026-08-11 17:07:42.322203] [INFO] [task::fsm] idle
[2026-08-11 17:09:49.674040] [INFO] [task::fsm] push_done
[2026-08-11 17:09:49.733915] [INFO] [task::fsm] idle
[2026-08-11 17:10:28.677054] [INFO] [task::fsm] push_done
[2026-08-11 17:10:28.717027] [INFO] [task::fsm] idle
[2026-08-11 17:11:44.609535] [INFO] [task::fsm] push_done
[2026-08-11 17:11:44.669436] [INFO] [task::fsm] charging
[2026-08-11 17:12:20.480476] [INFO] [task::fsm] discharging
[2026-08-11 17:12:20.500489] [INFO] [task::fsm] idle
[2026-08-11 17:12:20.520445] [INFO] [task::fsm] idle
