[2026-08-11 16:38:01.998185] [INFO] [power_system] 생성
[2026-08-11 16:38:01.998287] [INFO] [power_system] 설정 정보 : remaining[40%, 10%, 5%]
[2026-08-11 16:38:01.998676] [INFO] [power_system] 알람 목록 : 
 • [100015, 100001] [INFO] 자동 충전 시작.
 • [100015, 100002] [INFO] 배터리 가득.
 • [100015, 400001] [CRIT] 배터리 남은 양 - 위험
 • [100015, 300001] [ERROR] 배터리 남은 양 - 에러
 • [100015, 200001] [WARN] 배터리 남은 양 - 주의
 • [100015, 100004] [INFO] 자동 충전 해제 완료.
 • [100015, 100003] [INFO] 자동 충전 해제 시작.
[2026-08-11 16:40:31.665614] [INFO] [power_system] 생성
[2026-08-11 16:40:31.665709] [INFO] [power_system] 설정 정보 : remaining[40%, 10%, 5%]
[2026-08-11 16:40:31.666116] [INFO] [power_system] 알람 목록 : 
 • [100015, 100001] [INFO] 자동 충전 시작.
 • [100015, 100002] [INFO] 배터리 가득.
 • [100015, 400001] [CRIT] 배터리 남은 양 - 위험
 • [100015, 300001] [ERROR] 배터리 남은 양 - 에러
 • [100015, 200001] [WARN] 배터리 남은 양 - 주의
 • [100015, 100004] [INFO] 자동 충전 해제 완료.
 • [100015, 100003] [INFO] 자동 충전 해제 시작.
[2026-08-11 16:42:03.856330] [INFO] [power_system] 충전 프로세스 시작
[2026-08-11 16:42:33.864637] [INFO] [power_system] 충전 완료
[2026-08-11 16:42:38.896105] [INFO] [power_system] 충전 해제 완료
[2026-08-11 16:42:38.916083] [INFO] [power_system] 충전 해제 프로세스 시작
[2026-08-11 16:44:37.810524] [INFO] [power_system] 충전 프로세스 시작
[2026-08-11 16:45:07.718222] [INFO] [power_system] 충전 완료
[2026-08-11 16:45:12.749664] [INFO] [power_system] 충전 해제 완료
[2026-08-11 16:45:12.769619] [INFO] [power_system] 충전 해제 프로세스 시작
[2026-08-11 16:45:50.023303] [INFO] [power_system] 생성
[2026-08-11 16:45:50.023456] [INFO] [power_system] 설정 정보 : remaining[40%, 10%, 5%]
[2026-08-11 16:45:50.024093] [INFO] [power_system] 알람 목록 : 
 • [100015, 100001] [INFO] 자동 충전 시작.
 • [100015, 100002] [INFO] 배터리 가득.
 • [100015, 400001] [CRIT] 배터리 남은 양 - 위험
 • [100015, 300001] [ERROR] 배터리 남은 양 - 에러
 • [100015, 200001] [WARN] 배터리 남은 양 - 주의
 • [100015, 100004] [INFO] 자동 충전 해제 완료.
 • [100015, 100003] [INFO] 자동 충전 해제 시작.
[2026-08-11 16:45:50.124464] [INFO] [power_system] 충전 프로세스 시작
[2026-08-11 16:46:07.852508] [INFO] [power_system] 충전 완료
[2026-08-11 16:46:12.884185] [INFO] [power_system] 충전 해제 완료
[2026-08-11 16:46:12.904206] [INFO] [power_system] 충전 해제 프로세스 시작
[2026-08-11 16:47:07.961558] [INFO] [power_system] 충전 프로세스 시작
[2026-08-11 16:47:21.674927] [INFO] [power_system] 충전 완료
[2026-08-11 16:47:26.704549] [INFO] [power_system] 충전 해제 완료
[2026-08-11 16:47:26.724475] [INFO] [power_system] 충전 해제 프로세스 시작
[2026-08-11 16:49:24.427113] [INFO] [power_system] 생성
[2026-08-11 16:49:24.427219] [INFO] [power_system] 설정 정보 : remaining[40%, 10%, 5%]
[2026-08-11 16:49:24.427638] [INFO] [power_system] 알람 목록 : 
 • [100015, 100001] [INFO] 자동 충전 시작.
 • [100015, 100002] [INFO] 배터리 가득.
 • [100015, 400001] [CRIT] 배터리 남은 양 - 위험
 • [100015, 300001] [ERROR] 배터리 남은 양 - 에러
 • [100015, 200001] [WARN] 배터리 남은 양 - 주의
 • [100015, 100004] [INFO] 자동 충전 해제 완료.
 • [100015, 100003] [INFO] 자동 충전 해제 시작.
[2026-08-11 16:49:24.527814] [INFO] [power_system] 충전 프로세스 시작
[2026-08-11 16:49:58.433769] [INFO] [power_system] 생성
[2026-08-11 16:49:58.433892] [INFO] [power_system] 설정 정보 : remaining[40%, 10%, 5%]
[2026-08-11 16:49:58.434376] [INFO] [power_system] 알람 목록 : 
 • [100015, 100001] [INFO] 자동 충전 시작.
 • [100015, 100002] [INFO] 배터리 가득.
 • [100015, 400001] [CRIT] 배터리 남은 양 - 위험
 • [100015, 300001] [ERROR] 배터리 남은 양 - 에러
 • [100015, 200001] [WARN] 배터리 남은 양 - 주의
 • [100015, 100004] [INFO] 자동 충전 해제 완료.
 • [100015, 100003] [INFO] 자동 충전 해제 시작.
[2026-08-11 16:50:00.411090] [INFO] [power_system] 충전 프로세스 시작
[2026-08-11 16:50:18.378515] [INFO] [power_system] 충전 완료
[2026-08-11 16:50:23.409371] [INFO] [power_system] 충전 해제 완료
[2026-08-11 16:50:23.429398] [INFO] [power_system] 충전 해제 프로세스 시작
[2026-08-11 16:51:43.377048] [INFO] [power_system] 충전 프로세스 시작
[2026-08-11 16:52:17.169011] [INFO] [power_system] 생성
[2026-08-11 16:52:17.169119] [INFO] [power_system] 설정 정보 : remaining[40%, 10%, 5%]
[2026-08-11 16:52:17.169511] [INFO] [power_system] 알람 목록 : 
 • [100015, 100001] [INFO] 자동 충전 시작.
 • [100015, 100002] [INFO] 배터리 가득.
 • [100015, 400001] [CRIT] 배터리 남은 양 - 위험
 • [100015, 300001] [ERROR] 배터리 남은 양 - 에러
 • [100015, 200001] [WARN] 배터리 남은 양 - 주의
 • [100015, 100004] [INFO] 자동 충전 해제 완료.
 • [100015, 100003] [INFO] 자동 충전 해제 시작.
[2026-08-11 16:52:24.156527] [INFO] [power_system] 충전 프로세스 시작
[2026-08-11 16:52:42.800824] [INFO] [power_system] 충전 완료
[2026-08-11 16:52:47.830609] [INFO] [power_system] 충전 해제 완료
[2026-08-11 16:52:47.850619] [INFO] [power_system] 충전 해제 프로세스 시작
[2026-08-11 16:53:42.904507] [INFO] [power_system] 충전 프로세스 시작
[2026-08-11 16:54:59.320257] [INFO] [power_system] 충전 프로세스 시작
[2026-08-11 16:55:27.165827] [INFO] [power_system] 충전 완료
[2026-08-11 16:55:32.196317] [INFO] [power_system] 충전 해제 완료
[2026-08-11 16:55:32.216326] [INFO] [power_system] 충전 해제 프로세스 시작
[2026-08-11 16:56:27.267941] [INFO] [power_system] 충전 프로세스 시작
[2026-08-11 16:56:40.980697] [INFO] [power_system] 충전 완료
[2026-08-11 16:56:46.010950] [INFO] [power_system] 충전 해제 완료
[2026-08-11 16:56:46.030875] [INFO] [power_system] 충전 해제 프로세스 시작
[2026-08-11 16:57:41.104331] [INFO] [power_system] 충전 프로세스 시작
[2026-08-11 16:57:54.836618] [INFO] [power_system] 충전 완료
[2026-08-11 16:57:59.866556] [INFO] [power_system] 충전 해제 완료
[2026-08-11 16:57:59.886566] [INFO] [power_system] 충전 해제 프로세스 시작
[2026-08-11 16:58:54.957470] [INFO] [power_system] 충전 프로세스 시작
[2026-08-11 17:01:07.017712] [INFO] [power_system] 충전 프로세스 시작
[2026-08-11 17:01:37.456438] [INFO] [power_system] 충전 완료
[2026-08-11 17:01:42.486601] [INFO] [power_system] 충전 해제 완료
[2026-08-11 17:01:42.506609] [INFO] [power_system] 충전 해제 프로세스 시작
[2026-08-11 17:02:37.575877] [INFO] [power_system] 충전 프로세스 시작
[2026-08-11 17:02:51.308712] [INFO] [power_system] 충전 완료
[2026-08-11 17:02:56.338534] [INFO] [power_system] 충전 해제 완료
[2026-08-11 17:02:56.358494] [INFO] [power_system] 충전 해제 프로세스 시작
[2026-08-11 17:03:34.411301] [INFO] [power_system] 생성
[2026-08-11 17:03:34.411454] [INFO] [power_system] 설정 정보 : remaining[40%, 10%, 5%]
[2026-08-11 17:03:34.412061] [INFO] [power_system] 알람 목록 : 
 • [100015, 100001] [INFO] 자동 충전 시작.
 • [100015, 100002] [INFO] 배터리 가득.
 • [100015, 400001] [CRIT] 배터리 남은 양 - 위험
 • [100015, 300001] [ERROR] 배터리 남은 양 - 에러
 • [100015, 200001] [WARN] 배터리 남은 양 - 주의
 • [100015, 100004] [INFO] 자동 충전 해제 완료.
 • [100015, 100003] [INFO] 자동 충전 해제 시작.
[2026-08-11 17:03:35.670370] [INFO] [power_system] 충전 프로세스 시작
[2026-08-11 17:03:53.555006] [INFO] [power_system] 충전 완료
[2026-08-11 17:03:58.584610] [INFO] [power_system] 충전 해제 완료
[2026-08-11 17:03:58.604545] [INFO] [power_system] 충전 해제 프로세스 시작
[2026-08-11 17:04:53.657279] [INFO] [power_system] 충전 프로세스 시작
[2026-08-11 17:05:07.370068] [INFO] [power_system] 충전 완료
[2026-08-11 17:05:12.400185] [INFO] [power_system] 충전 해제 완료
[2026-08-11 17:05:12.420189] [INFO] [power_system] 충전 해제 프로세스 시작
[2026-08-11 17:06:07.490122] [INFO] [power_system] 충전 프로세스 시작
[2026-08-11 17:06:21.222523] [INFO] [power_system] 충전 완료
[2026-08-11 17:06:26.252684] [INFO] [power_system] 충전 해제 완료
[2026-08-11 17:06:26.272649] [INFO] [power_system] 충전 해제 프로세스 시작
[2026-08-11 17:07:21.361677] [INFO] [power_system] 충전 프로세스 시작
[2026-08-11 17:07:35.094324] [INFO] [power_system] 충전 완료
[2026-08-11 17:09:23.939354] [INFO] [power_system] 충전 프로세스 시작
[2026-08-11 17:09:51.606358] [INFO] [power_system] 충전 완료
[2026-08-11 17:09:56.636813] [INFO] [power_system] 충전 해제 완료
[2026-08-11 17:09:56.656780] [INFO] [power_system] 충전 해제 프로세스 시작
[2026-08-11 17:10:51.708581] [INFO] [power_system] 충전 프로세스 시작
[2026-08-11 17:11:05.421885] [INFO] [power_system] 충전 완료
[2026-08-11 17:11:10.451889] [INFO] [power_system] 충전 해제 완료
[2026-08-11 17:11:10.471913] [INFO] [power_system] 충전 해제 프로세스 시작
[2026-08-11 17:12:05.544243] [INFO] [power_system] 충전 프로세스 시작
[2026-08-11 17:12:19.277560] [INFO] [power_system] 충전 완료
[2026-08-11 17:12:24.308010] [INFO] [power_system] 충전 해제 완료
[2026-08-11 17:12:24.327965] [INFO] [power_system] 충전 해제 프로세스 시작
[2026-08-11 17:24:37.850267] [INFO] [power_system] 생성
[2026-08-11 17:24:37.850364] [INFO] [power_system] 설정 정보 : remaining[40%, 10%, 5%]
[2026-08-11 17:24:37.850752] [INFO] [power_system] 알람 목록 : 
 • [100015, 100001] [INFO] 자동 충전 시작.
 • [100015, 100002] [INFO] 배터리 가득.
 • [100015, 400001] [CRIT] 배터리 남은 양 - 위험
 • [100015, 300001] [ERROR] 배터리 남은 양 - 에러
 • [100015, 200001] [WARN] 배터리 남은 양 - 주의
 • [100015, 100004] [INFO] 자동 충전 해제 완료.
 • [100015, 100003] [INFO] 자동 충전 해제 시작.
[2026-08-11 17:27:18.534139] [INFO] [power_system] 생성
[2026-08-11 17:27:18.534246] [INFO] [power_system] 설정 정보 : remaining[40%, 10%, 5%]
[2026-08-11 17:27:18.534672] [INFO] [power_system] 알람 목록 : 
 • [100015, 100001] [INFO] 자동 충전 시작.
 • [100015, 100002] [INFO] 배터리 가득.
 • [100015, 400001] [CRIT] 배터리 남은 양 - 위험
 • [100015, 300001] [ERROR] 배터리 남은 양 - 에러
 • [100015, 200001] [WARN] 배터리 남은 양 - 주의
 • [100015, 100004] [INFO] 자동 충전 해제 완료.
 • [100015, 100003] [INFO] 자동 충전 해제 시작.
[2026-08-11 17:27:18.634968] [INFO] [power_system] 충전 프로세스 시작
[2026-08-11 17:27:55.449043] [INFO] [power_system] 생성
[2026-08-11 17:27:55.449138] [INFO] [power_system] 설정 정보 : remaining[40%, 10%, 5%]
[2026-08-11 17:27:55.449538] [INFO] [power_system] 알람 목록 : 
 • [100015, 100001] [INFO] 자동 충전 시작.
 • [100015, 100002] [INFO] 배터리 가득.
 • [100015, 400001] [CRIT] 배터리 남은 양 - 위험
 • [100015, 300001] [ERROR] 배터리 남은 양 - 에러
 • [100015, 200001] [WARN] 배터리 남은 양 - 주의
 • [100015, 100004] [INFO] 자동 충전 해제 완료.
 • [100015, 100003] [INFO] 자동 충전 해제 시작.
[2026-08-11 17:27:55.549780] [INFO] [power_system] 충전 프로세스 시작
[2026-08-11 17:28:13.276910] [INFO] [power_system] 충전 완료
[2026-08-11 17:28:18.307562] [INFO] [power_system] 충전 해제 완료
[2026-08-11 17:28:18.327590] [INFO] [power_system] 충전 해제 프로세스 시작
[2026-08-11 17:32:26.508698] [INFO] [power_system] 충전 프로세스 시작
[2026-08-11 17:33:07.549270] [INFO] [power_system] 충전 완료
[2026-08-11 17:33:12.579143] [INFO] [power_system] 충전 해제 완료
[2026-08-11 17:33:12.599167] [INFO] [power_system] 충전 해제 프로세스 시작
[2026-08-11 17:34:07.651366] [INFO] [power_system] 충전 프로세스 시작
[2026-08-11 17:34:21.364817] [INFO] [power_system] 충전 완료
[2026-08-11 17:40:32.843693] [INFO] [power_system] 생성
[2026-08-11 17:40:32.843790] [INFO] [power_system] 설정 정보 : remaining[40%, 10%, 5%]
[2026-08-11 17:40:32.844183] [INFO] [power_system] 알람 목록 : 
 • [100015, 100001] [INFO] 자동 충전 시작.
 • [100015, 100002] [INFO] 배터리 가득.
 • [100015, 400001] [CRIT] 배터리 남은 양 - 위험
 • [100015, 300001] [ERROR] 배터리 남은 양 - 에러
 • [100015, 200001] [WARN] 배터리 남은 양 - 주의
 • [100015, 100004] [INFO] 자동 충전 해제 완료.
 • [100015, 100003] [INFO] 자동 충전 해제 시작.
[2026-08-11 17:40:32.964660] [INFO] [power_system] 충전 프로세스 시작
[2026-08-11 17:40:50.690049] [INFO] [power_system] 충전 완료
[2026-08-11 17:41:36.161169] [INFO] [power_system] 충전 프로세스 시작
[2026-08-11 17:41:51.573207] [INFO] [power_system] 충전 완료
[2026-08-11 17:41:56.603123] [INFO] [power_system] 충전 해제 완료
[2026-08-11 17:41:56.623075] [INFO] [power_system] 충전 해제 프로세스 시작
[2026-08-11 17:44:21.691487] [INFO] [power_system] 생성
[2026-08-11 17:44:21.691590] [INFO] [power_system] 설정 정보 : remaining[40%, 10%, 5%]
[2026-08-11 17:44:21.692025] [INFO] [power_system] 알람 목록 : 
 • [100015, 100001] [INFO] 자동 충전 시작.
 • [100015, 100002] [INFO] 배터리 가득.
 • [100015, 400001] [CRIT] 배터리 남은 양 - 위험
 • [100015, 300001] [ERROR] 배터리 남은 양 - 에러
 • [100015, 200001] [WARN] 배터리 남은 양 - 주의
 • [100015, 100004] [INFO] 자동 충전 해제 완료.
 • [100015, 100003] [INFO] 자동 충전 해제 시작.
[2026-08-11 17:44:21.812504] [INFO] [power_system] 충전 프로세스 시작
[2026-08-11 17:44:39.541467] [INFO] [power_system] 충전 완료
[2026-08-11 17:44:44.572169] [INFO] [power_system] 충전 해제 완료
[2026-08-11 17:44:44.592170] [INFO] [power_system] 충전 해제 프로세스 시작
[2026-08-11 17:45:51.336918] [INFO] [power_system] 생성
[2026-08-11 17:45:51.337015] [INFO] [power_system] 설정 정보 : remaining[40%, 10%, 5%]
[2026-08-11 17:45:51.337427] [INFO] [power_system] 알람 목록 : 
 • [100015, 100001] [INFO] 자동 충전 시작.
 • [100015, 100002] [INFO] 배터리 가득.
 • [100015, 400001] [CRIT] 배터리 남은 양 - 위험
 • [100015, 300001] [ERROR] 배터리 남은 양 - 에러
 • [100015, 200001] [WARN] 배터리 남은 양 - 주의
 • [100015, 100004] [INFO] 자동 충전 해제 완료.
 • [100015, 100003] [INFO] 자동 충전 해제 시작.
[2026-08-11 17:45:51.458018] [INFO] [power_system] 충전 프로세스 시작
[2026-08-11 17:46:09.183157] [INFO] [power_system] 충전 완료
[2026-08-11 17:46:14.220416] [INFO] [power_system] 충전 해제 완료
[2026-08-11 17:46:14.240417] [INFO] [power_system] 충전 해제 프로세스 시작
[2026-08-11 17:50:10.570728] [INFO] [power_system] 생성
[2026-08-11 17:50:10.570827] [INFO] [power_system] 설정 정보 : remaining[40%, 10%, 5%]
[2026-08-11 17:50:10.571197] [INFO] [power_system] 알람 목록 : 
 • [100015, 100001] [INFO] 자동 충전 시작.
 • [100015, 100002] [INFO] 배터리 가득.
 • [100015, 400001] [CRIT] 배터리 남은 양 - 위험
 • [100015, 300001] [ERROR] 배터리 남은 양 - 에러
 • [100015, 200001] [WARN] 배터리 남은 양 - 주의
 • [100015, 100004] [INFO] 자동 충전 해제 완료.
 • [100015, 100003] [INFO] 자동 충전 해제 시작.
[2026-08-11 17:50:10.691890] [INFO] [power_system] 충전 프로세스 시작
[2026-08-11 17:50:28.418442] [INFO] [power_system] 충전 완료
[2026-08-11 17:50:33.448413] [INFO] [power_system] 충전 해제 완료
[2026-08-11 17:50:33.468432] [INFO] [power_system] 충전 해제 프로세스 시작
[2026-08-11 17:51:28.539830] [INFO] [power_system] 충전 프로세스 시작
[2026-08-11 17:51:42.272494] [INFO] [power_system] 충전 완료
[2026-08-11 17:51:47.302253] [INFO] [power_system] 충전 해제 완료
[2026-08-11 17:51:47.322212] [INFO] [power_system] 충전 해제 프로세스 시작
[2026-08-11 17:52:42.378413] [INFO] [power_system] 충전 프로세스 시작
[2026-08-11 17:52:56.090236] [INFO] [power_system] 충전 완료
[2026-08-11 17:53:01.120496] [INFO] [power_system] 충전 해제 완료
[2026-08-11 17:53:01.140515] [INFO] [power_system] 충전 해제 프로세스 시작
[2026-08-11 17:53:56.214376] [INFO] [power_system] 충전 프로세스 시작
[2026-08-11 17:54:09.948939] [INFO] [power_system] 충전 완료
[2026-08-11 17:57:03.238617] [INFO] [power_system] 충전 프로세스 시작
[2026-08-11 17:57:39.351059] [INFO] [power_system] 충전 완료
