[2026-08-11 16:38:01.965172] [INFO] [mediator] 생성
[2026-08-11 16:38:01.990824] [INFO] [mediator] connectors 생성
[2026-08-11 16:38:01.991898] [INFO] [mediator] connector 의존성 주입
[2026-08-11 16:38:01.991907] [INFO] [mediator] any map 등록
[2026-08-11 16:38:01.991919] [INFO] [mediator] any collector 등록
[2026-08-11 16:38:01.991922] [INFO] [mediator] any collector 목록 검사
[2026-08-11 16:45:49.986764] [INFO] [mediator] 생성
[2026-08-11 16:45:50.029425] [INFO] [mediator] connectors 생성
[2026-08-11 16:45:50.030831] [INFO] [mediator] connector 의존성 주입
[2026-08-11 16:45:50.030846] [INFO] [mediator] any map 등록
[2026-08-11 16:45:50.030858] [INFO] [mediator] any collector 등록
[2026-08-11 16:45:50.030861] [INFO] [mediator] any collector 목록 검사
[2026-08-11 16:49:24.396949] [INFO] [mediator] 생성
[2026-08-11 16:49:24.422916] [INFO] [mediator] connectors 생성
[2026-08-11 16:49:24.423939] [INFO] [mediator] any map 등록
[2026-08-11 16:49:24.423930] [INFO] [mediator] connector 의존성 주입
[2026-08-11 16:49:24.423948] [INFO] [mediator] any collector 목록 검사
[2026-08-11 16:49:24.423945] [INFO] [mediator] any collector 등록
[2026-08-11 16:49:58.392209] [INFO] [mediator] 생성
[2026-08-11 16:49:58.419065] [INFO] [mediator] connectors 생성
[2026-08-11 16:49:58.420086] [INFO] [mediator] connector 의존성 주입
[2026-08-11 16:49:58.420094] [INFO] [mediator] any map 등록
[2026-08-11 16:49:58.420101] [INFO] [mediator] any collector 등록
[2026-08-11 16:49:58.420105] [INFO] [mediator] any collector 목록 검사
[2026-08-11 16:52:17.137204] [INFO] [mediator] 생성
[2026-08-11 16:52:17.169519] [INFO] [mediator] connectors 생성
[2026-08-11 16:52:17.170549] [INFO] [mediator] connector 의존성 주입
[2026-08-11 16:52:17.170558] [INFO] [mediator] any map 등록
[2026-08-11 16:52:17.170566] [INFO] [mediator] any collector 등록
[2026-08-11 16:52:17.170569] [INFO] [mediator] any collector 목록 검사
[2026-08-11 17:03:34.364154] [INFO] [mediator] 생성
[2026-08-11 17:03:34.389862] [INFO] [mediator] connectors 생성
[2026-08-11 17:03:34.390882] [INFO] [mediator] connector 의존성 주입
[2026-08-11 17:03:34.390890] [INFO] [mediator] any map 등록
[2026-08-11 17:03:34.390897] [INFO] [mediator] any collector 등록
[2026-08-11 17:03:34.390900] [INFO] [mediator] any collector 목록 검사
