[2026-08-11 16:38:02.003960] [INFO] [load_handler] 생성
[2026-08-11 16:45:50.013750] [INFO] [load_handler] 생성
[2026-08-11 16:49:24.444282] [INFO] [load_handler] 생성
[2026-08-11 16:49:46.520045] [INFO] [load_handler] 생성
[2026-08-11 16:49:58.420850] [INFO] [load_handler] 생성
[2026-08-11 16:52:17.165567] [INFO] [load_handler] 생성
[2026-08-11 17:03:34.390040] [INFO] [load_handler] 생성
[2026-08-11 17:24:37.866043] [INFO] [load_handler] 생성
[2026-08-11 17:27:18.542293] [INFO] [load_handler] 생성
[2026-08-11 17:27:55.459444] [INFO] [load_handler] 생성
[2026-08-11 17:29:31.098635] [INFO] [load_handler] 상차 시작
[2026-08-11 17:29:33.114624] [INFO] [load_handler] 상차 완료
[2026-08-11 17:30:50.550702] [INFO] [load_handler] 하차 시작
[2026-08-11 17:30:52.566802] [INFO] [load_handler] 하차 완료
[2026-08-11 17:34:46.316867] [INFO] [load_handler] 생성
[2026-08-11 17:40:32.827445] [INFO] [load_handler] 생성
[2026-08-11 17:44:21.689618] [INFO] [load_handler] 생성
[2026-08-11 17:45:27.796602] [INFO] [load_handler] 생성
[2026-08-11 17:45:51.346975] [INFO] [load_handler] 생성
[2026-08-11 17:50:10.566197] [INFO] [load_handler] 생성
