[2026-08-11 16:38:01.999006] [INFO] [task::fsm] 생성
[2026-08-11 16:38:01.999007] [INFO] [task::fsm] idle
[2026-08-11 16:45:50.006749] [INFO] [task::fsm] 생성
[2026-08-11 16:45:50.006751] [INFO] [task::fsm] idle
[2026-08-11 16:46:32.567882] [INFO] [task::fsm] push_done
[2026-08-11 16:46:32.627799] [INFO] [task::fsm] charging
[2026-08-11 16:47:18.720469] [INFO] [task::fsm] discharging
[2026-08-11 16:47:18.740525] [INFO] [task::fsm] idle
[2026-08-11 16:47:18.760465] [INFO] [task::fsm] idle
[2026-08-11 16:47:42.789396] [INFO] [task::fsm] 생성
[2026-08-11 16:47:42.789399] [INFO] [task::fsm] idle
[2026-08-11 16:47:42.811099] [INFO] [task::fsm] idle
[2026-08-11 16:47:42.890890] [INFO] [task::fsm] charging
[2026-08-11 16:48:11.420781] [INFO] [task::fsm] idle
[2026-08-11 16:48:11.480642] [INFO] [task::fsm] charging
[2026-08-11 16:48:33.440671] [INFO] [task::fsm] discharging
[2026-08-11 16:48:33.460675] [INFO] [task::fsm] idle
[2026-08-11 16:48:33.480636] [INFO] [task::fsm] idle
[2026-08-11 16:49:24.420309] [INFO] [task::fsm] 생성
[2026-08-11 16:49:24.420310] [INFO] [task::fsm] idle
[2026-08-11 16:49:46.530880] [INFO] [task::fsm] 생성
[2026-08-11 16:49:46.530882] [INFO] [task::fsm] idle
[2026-08-11 16:49:46.633332] [INFO] [task::fsm] charging
[2026-08-11 16:52:17.173115] [INFO] [task::fsm] 생성
[2026-08-11 16:52:17.173117] [INFO] [task::fsm] idle
[2026-08-11 16:52:24.142167] [INFO] [task::fsm] charging
[2026-08-11 16:53:09.833252] [INFO] [task::fsm] discharging
[2026-08-11 16:53:09.853273] [INFO] [task::fsm] idle
[2026-08-11 16:53:09.873217] [INFO] [task::fsm] idle
[2026-08-11 16:54:18.880967] [INFO] [task::fsm] push_done
[2026-08-11 16:54:18.940857] [INFO] [task::fsm] idle
[2026-08-11 16:55:19.344955] [INFO] [task::fsm] push_done
[2026-08-11 16:55:19.384939] [INFO] [task::fsm] charging
[2026-08-11 16:55:55.096233] [INFO] [task::fsm] discharging
[2026-08-11 16:55:55.116268] [INFO] [task::fsm] idle
[2026-08-11 16:55:55.136216] [INFO] [task::fsm] idle
[2026-08-11 16:56:50.149780] [INFO] [task::fsm] charging
[2026-08-11 16:57:08.912329] [INFO] [task::fsm] discharging
[2026-08-11 16:57:08.932283] [INFO] [task::fsm] idle
[2026-08-11 16:57:08.972188] [INFO] [task::fsm] idle
[2026-08-11 16:58:03.963575] [INFO] [task::fsm] charging
[2026-08-11 16:58:22.726003] [INFO] [task::fsm] discharging
[2026-08-11 16:58:22.745988] [INFO] [task::fsm] idle
[2026-08-11 16:58:22.785915] [INFO] [task::fsm] idle
[2026-08-11 16:59:17.797178] [INFO] [task::fsm] charging
[2026-08-11 16:59:36.580428] [INFO] [task::fsm] discharging
[2026-08-11 16:59:36.600333] [INFO] [task::fsm] idle
[2026-08-11 16:59:36.640314] [INFO] [task::fsm] idle
[2026-08-11 17:00:31.633146] [INFO] [task::fsm] charging
[2026-08-11 17:00:50.395789] [INFO] [task::fsm] discharging
[2026-08-11 17:00:50.415721] [INFO] [task::fsm] idle
[2026-08-11 17:00:50.455648] [INFO] [task::fsm] idle
[2026-08-11 17:01:45.466689] [INFO] [task::fsm] charging
[2026-08-11 17:02:04.250105] [INFO] [task::fsm] discharging
[2026-08-11 17:02:04.270007] [INFO] [task::fsm] idle
[2026-08-11 17:02:04.309978] [INFO] [task::fsm] idle
[2026-08-11 17:03:34.396532] [INFO] [task::fsm] 생성
[2026-08-11 17:03:34.396533] [INFO] [task::fsm] idle
[2026-08-11 17:03:35.656416] [INFO] [task::fsm] charging
[2026-08-11 17:04:20.589152] [INFO] [task::fsm] discharging
[2026-08-11 17:04:20.609162] [INFO] [task::fsm] idle
[2026-08-11 17:04:20.629164] [INFO] [task::fsm] idle
[2026-08-11 17:05:15.660577] [INFO] [task::fsm] charging
[2026-08-11 17:05:34.443475] [INFO] [task::fsm] discharging
[2026-08-11 17:05:34.463406] [INFO] [task::fsm] idle
[2026-08-11 17:05:34.503415] [INFO] [task::fsm] idle
[2026-08-11 17:06:29.512975] [INFO] [task::fsm] charging
[2026-08-11 17:06:48.295796] [INFO] [task::fsm] discharging
[2026-08-11 17:06:48.315706] [INFO] [task::fsm] idle
[2026-08-11 17:06:48.355667] [INFO] [task::fsm] idle
[2026-08-11 17:07:43.384644] [INFO] [task::fsm] charging
[2026-08-11 17:08:02.167262] [INFO] [task::fsm] discharging
[2026-08-11 17:08:02.187173] [INFO] [task::fsm] idle
[2026-08-11 17:08:02.227145] [INFO] [task::fsm] idle
[2026-08-11 17:08:51.654185] [INFO] [task::fsm] push_done
[2026-08-11 17:08:51.694158] [INFO] [task::fsm] idle
[2026-08-11 17:10:05.230509] [INFO] [task::fsm] push_done
[2026-08-11 17:10:05.290391] [INFO] [task::fsm] charging
[2026-08-11 17:11:16.113345] [INFO] [task::fsm] push_done
[2026-08-11 17:11:16.153327] [INFO] [task::fsm] idle
[2026-08-11 17:11:25.755939] [INFO] [task::fsm] idle
[2026-08-11 17:12:18.113119] [INFO] [task::fsm] push_done
[2026-08-11 17:12:18.153096] [INFO] [task::fsm] charging
[2026-08-11 17:24:37.860414] [INFO] [task::fsm] 생성
[2026-08-11 17:24:37.860416] [INFO] [task::fsm] idle
[2026-08-11 17:25:43.834814] [INFO] [task::fsm] push_done
[2026-08-11 17:25:43.894698] [INFO] [task::fsm] charging
[2026-08-11 17:27:18.543779] [INFO] [task::fsm] 생성
[2026-08-11 17:27:18.543781] [INFO] [task::fsm] idle
[2026-08-11 17:27:18.585839] [INFO] [task::fsm] charging
[2026-08-11 17:27:55.462814] [INFO] [task::fsm] 생성
[2026-08-11 17:27:55.462816] [INFO] [task::fsm] idle
[2026-08-11 17:27:55.584822] [INFO] [task::fsm] charging
[2026-08-11 17:29:09.883944] [INFO] [task::fsm] go_from_done
[2026-08-11 17:29:09.923908] [INFO] [task::fsm] loading
[2026-08-11 17:29:11.959981] [INFO] [task::fsm] loading_done
[2026-08-11 17:30:34.573191] [INFO] [task::fsm] go_to_done
[2026-08-11 17:30:34.613161] [INFO] [task::fsm] unloading
[2026-08-11 17:30:36.648922] [INFO] [task::fsm] unloading_done
[2026-08-11 17:30:36.708765] [INFO] [task::fsm] idle
[2026-08-11 17:31:32.102672] [INFO] [task::fsm] push_done
[2026-08-11 17:31:32.142641] [INFO] [task::fsm] charging
[2026-08-11 17:32:18.230995] [INFO] [task::fsm] discharging
[2026-08-11 17:32:18.250903] [INFO] [task::fsm] idle
[2026-08-11 17:32:18.290866] [INFO] [task::fsm] idle
[2026-08-11 17:32:50.886446] [INFO] [task::fsm] push_done
[2026-08-11 17:32:50.926413] [INFO] [task::fsm] idle
[2026-08-11 17:34:46.317353] [INFO] [task::fsm] 생성
[2026-08-11 17:34:46.317356] [INFO] [task::fsm] idle
[2026-08-11 17:34:49.872502] [INFO] [task::fsm] charging
[2026-08-11 17:35:35.103483] [INFO] [task::fsm] discharging
[2026-08-11 17:35:35.123486] [INFO] [task::fsm] idle
[2026-08-11 17:35:35.143448] [INFO] [task::fsm] idle
[2026-08-11 17:36:30.179396] [INFO] [task::fsm] charging
[2026-08-11 17:36:48.965607] [INFO] [task::fsm] discharging
[2026-08-11 17:36:48.985572] [INFO] [task::fsm] idle
[2026-08-11 17:36:49.025484] [INFO] [task::fsm] idle
[2026-08-11 17:37:44.021453] [INFO] [task::fsm] charging
[2026-08-11 17:38:02.786370] [INFO] [task::fsm] discharging
[2026-08-11 17:38:02.806387] [INFO] [task::fsm] idle
[2026-08-11 17:38:02.826346] [INFO] [task::fsm] idle
[2026-08-11 17:38:57.844499] [INFO] [task::fsm] charging
[2026-08-11 17:39:16.609138] [INFO] [task::fsm] discharging
[2026-08-11 17:39:16.629051] [INFO] [task::fsm] idle
[2026-08-11 17:39:16.669025] [INFO] [task::fsm] idle
[2026-08-11 17:40:32.815872] [INFO] [task::fsm] 생성
[2026-08-11 17:40:32.815873] [INFO] [task::fsm] idle
[2026-08-11 17:40:32.937315] [INFO] [task::fsm] charging
[2026-08-11 17:41:22.321741] [INFO] [task::fsm] push_done
[2026-08-11 17:41:22.381620] [INFO] [task::fsm] idle
[2026-08-11 17:43:43.867294] [INFO] [task::fsm] 생성
[2026-08-11 17:43:43.867295] [INFO] [task::fsm] idle
[2026-08-11 17:43:46.265075] [INFO] [task::fsm] charging
[2026-08-11 17:44:21.703090] [INFO] [task::fsm] 생성
[2026-08-11 17:44:21.703091] [INFO] [task::fsm] idle
[2026-08-11 17:44:21.725992] [INFO] [task::fsm] charging
[2026-08-11 17:45:06.484660] [INFO] [task::fsm] discharging
[2026-08-11 17:45:06.504680] [INFO] [task::fsm] idle
[2026-08-11 17:45:06.524630] [INFO] [task::fsm] idle
[2026-08-11 17:45:27.789920] [INFO] [task::fsm] 생성
[2026-08-11 17:45:27.789921] [INFO] [task::fsm] idle
[2026-08-11 17:45:27.811920] [INFO] [task::fsm] idle
[2026-08-11 17:45:51.328705] [INFO] [task::fsm] 생성
[2026-08-11 17:45:51.328707] [INFO] [task::fsm] idle
[2026-08-11 17:45:51.430074] [INFO] [task::fsm] charging
[2026-08-11 17:46:36.203737] [INFO] [task::fsm] discharging
[2026-08-11 17:46:36.223679] [INFO] [task::fsm] idle
[2026-08-11 17:46:36.263617] [INFO] [task::fsm] idle
[2026-08-11 17:50:10.541920] [INFO] [task::fsm] 생성
[2026-08-11 17:50:10.541921] [INFO] [task::fsm] idle
[2026-08-11 17:50:10.644931] [INFO] [task::fsm] charging
[2026-08-11 17:50:55.417703] [INFO] [task::fsm] discharging
[2026-08-11 17:50:55.437613] [INFO] [task::fsm] idle
[2026-08-11 17:50:55.477591] [INFO] [task::fsm] idle
[2026-08-11 17:51:50.470406] [INFO] [task::fsm] charging
[2026-08-11 17:52:09.233927] [INFO] [task::fsm] discharging
[2026-08-11 17:52:09.253890] [INFO] [task::fsm] idle
[2026-08-11 17:52:09.293766] [INFO] [task::fsm] idle
[2026-08-11 17:53:04.286646] [INFO] [task::fsm] charging
[2026-08-11 17:53:23.050663] [INFO] [task::fsm] discharging
[2026-08-11 17:53:23.070696] [INFO] [task::fsm] idle
[2026-08-11 17:53:23.090648] [INFO] [task::fsm] idle
[2026-08-11 17:54:18.129544] [INFO] [task::fsm] charging
[2026-08-11 17:54:36.914061] [INFO] [task::fsm] discharging
[2026-08-11 17:54:36.934017] [INFO] [task::fsm] idle
[2026-08-11 17:54:36.973932] [INFO] [task::fsm] idle
[2026-08-11 17:55:31.985932] [INFO] [task::fsm] charging
[2026-08-11 17:55:50.769076] [INFO] [task::fsm] discharging
[2026-08-11 17:55:50.788986] [INFO] [task::fsm] idle
[2026-08-11 17:55:50.828952] [INFO] [task::fsm] idle
[2026-08-11 17:56:45.822585] [INFO] [task::fsm] charging
[2026-08-11 17:57:04.587126] [INFO] [task::fsm] discharging
[2026-08-11 17:57:04.607091] [INFO] [task::fsm] idle
[2026-08-11 17:57:04.647010] [INFO] [task::fsm] idle
