[2026-08-11 16:38:01.968880] [INFO] [framework] 프로그램 시작
[2026-08-11 16:38:01.968885] [WARNING] [framework] 프로그램 시작
[2026-08-11 16:38:01.968887] [CRITICAL] [framework] 프로그램 시작
[2026-08-11 16:38:01.968888] [INFO] [framework] 설정 파일 위치 : ../configs/robot_10
[2026-08-11 16:38:01.968989] [INFO] [framework] ID[0, 10], 이름[전시입], 제어주기[20ms], 버젼[], 장소[우리집], 환경모드[simulation]
[2026-08-11 16:38:01.969038] [INFO] [mediator] 생성
[2026-08-11 16:38:01.969068] [INFO] [graph_manager] 생성
[2026-08-11 16:38:01.993948] [INFO] [stop_server] 생성
[2026-08-11 16:38:01.993993] [INFO] [health_monitor] 생성
[2026-08-11 16:38:01.994035] [INFO] [path_server] 생성
[2026-08-11 16:38:01.994063] [INFO] [course_manager] 생성
[2026-08-11 16:38:01.994097] [INFO] [task::fsm] 생성
[2026-08-11 16:38:01.994100] [INFO] [course_manager] 코스 삭제
[2026-08-11 16:38:01.994098] [INFO] [task::fsm] idle
[2026-08-11 16:38:01.994101] [INFO] [path_server] 경로 삭제
[2026-08-11 16:38:01.994132] [INFO] [task_manager] 생성
[2026-08-11 16:38:01.994229] [INFO] [mediator] connectors 생성
[2026-08-11 16:38:01.994272] [INFO] [fms] 생성
[2026-08-11 16:38:01.994273] [INFO] [fms] 통신 드라이버 생성
[2026-08-11 16:38:01.994556] [INFO] [motions] 생성
[2026-08-11 16:38:01.994592] [INFO] [localizers] 생성
[2026-08-11 16:38:01.994676] [INFO] [localizers] 파라미터 : 

[2026-08-11 16:38:01.994709] [INFO] [safety_plc] 생성
[2026-08-11 16:38:01.994755] [INFO] [load_handler] 생성
[2026-08-11 16:38:01.994784] [INFO] [power_system] 생성
[2026-08-11 16:38:01.994886] [INFO] [power_system] 설정 정보 : remaining[40%, 10%, 5%]
[2026-08-11 16:38:01.995266] [INFO] [power_system] 알람 목록 : 
 • [100015, 100001] [INFO] 자동 충전 시작.
 • [100015, 100002] [INFO] 배터리 가득.
 • [100015, 400001] [CRIT] 배터리 남은 양 - 위험
 • [100015, 300001] [ERROR] 배터리 남은 양 - 에러
 • [100015, 200001] [WARN] 배터리 남은 양 - 주의
 • [100015, 100004] [INFO] 자동 충전 해제 완료.
 • [100015, 100003] [INFO] 자동 충전 해제 시작.
[2026-08-11 16:38:01.995269] [INFO] [mediator] connector 의존성 주입
[2026-08-11 16:38:01.995278] [INFO] [mediator] any map 등록
[2026-08-11 16:38:01.995287] [INFO] [mediator] any collector 등록
[2026-08-11 16:38:01.995290] [INFO] [mediator] any collector 목록 검사
[2026-08-11 16:38:01.995341] [INFO] [framework] after init 실행
[2026-08-11 16:38:01.995776] [INFO] [course_tracker] 생성
[2026-08-11 16:38:01.995799] [INFO] [course_tracker] 파라미터 : 
◈ node_bound[0.020m, 0.150m, 0.005m]
 • approach[0.150m, 0.050m/s, -0.005m, -0.200m, 0.100m]
 • align[(10.000°, 5.000°/s), 50.000°, 30.000°/s), 0.800°, -0.100°]
◈ motion param : 
 • reference_angle[0.000°, 45.000°]
 • threshold_angle[15.000°, 20.000°, 170.000°]
 • threshold_error[0.300°, 5.000°]
 • normal[0.150m/s, 8.000, 0.800m/s, 0.500]
 • angle[0.150m/s, 1.500, 0.800m/s, 2.100]
 • protection_overshoot[0.100m/s, 0.900, 0.500m/s, 0.900]
 • speed_rotation[15.000°/s]
[2026-08-11 16:38:01.995987] [INFO] [framework] 제어 쓰레드 시작
[2026-08-11 16:38:01.996039] [INFO] [path_server] 노드 초기화 성공 : 로봇 좌표[1.003m 4.002m 179.329°] 최단 거리 노드[204] 거리(0.003553m)
[2026-08-11 16:39:32.035660] [INFO] [health_monitor] [등록][100015, 200001] : 배터리 남은 양 - 주의
[2026-08-11 16:40:31.639385] [INFO] [framework] 프로그램 시작
[2026-08-11 16:40:31.639389] [WARNING] [framework] 프로그램 시작
[2026-08-11 16:40:31.639392] [INFO] [framework] 설정 파일 위치 : ../configs/robot_10
[2026-08-11 16:40:31.639392] [CRITICAL] [framework] 프로그램 시작
[2026-08-11 16:45:49.987991] [INFO] [framework] 프로그램 시작
[2026-08-11 16:45:49.987994] [WARNING] [framework] 프로그램 시작
[2026-08-11 16:45:49.987998] [INFO] [framework] 설정 파일 위치 : ../configs/robot_10
[2026-08-11 16:45:49.987997] [CRITICAL] [framework] 프로그램 시작
[2026-08-11 16:45:49.988119] [INFO] [framework] ID[0, 10], 이름[전시입], 제어주기[20ms], 버젼[], 장소[우리집], 환경모드[simulation]
[2026-08-11 16:45:49.988142] [INFO] [mediator] 생성
[2026-08-11 16:45:49.988159] [INFO] [graph_manager] 생성
[2026-08-11 16:45:50.013711] [INFO] [stop_server] 생성
[2026-08-11 16:45:50.013742] [INFO] [health_monitor] 생성
[2026-08-11 16:45:50.013762] [INFO] [path_server] 생성
[2026-08-11 16:45:50.013779] [INFO] [course_manager] 생성
[2026-08-11 16:45:50.013794] [INFO] [task::fsm] 생성
[2026-08-11 16:45:50.013795] [INFO] [task::fsm] idle
[2026-08-11 16:45:50.013797] [INFO] [course_manager] 코스 삭제
[2026-08-11 16:45:50.013797] [INFO] [path_server] 경로 삭제
[2026-08-11 16:45:50.013811] [INFO] [task_manager] 생성
[2026-08-11 16:45:50.013918] [INFO] [mediator] connectors 생성
[2026-08-11 16:45:50.013934] [INFO] [fms] 생성
[2026-08-11 16:45:50.013935] [INFO] [fms] 통신 드라이버 생성
[2026-08-11 16:45:50.014211] [INFO] [motions] 생성
[2026-08-11 16:45:50.014234] [INFO] [localizers] 생성
[2026-08-11 16:45:50.014327] [INFO] [localizers] 파라미터 : 

[2026-08-11 16:45:50.014345] [INFO] [safety_plc] 생성
[2026-08-11 16:45:50.014361] [INFO] [load_handler] 생성
[2026-08-11 16:45:50.014376] [INFO] [power_system] 생성
[2026-08-11 16:45:50.014480] [INFO] [power_system] 설정 정보 : remaining[40%, 10%, 5%]
[2026-08-11 16:45:50.014950] [INFO] [power_system] 알람 목록 : 
 • [100015, 100001] [INFO] 자동 충전 시작.
 • [100015, 100002] [INFO] 배터리 가득.
 • [100015, 400001] [CRIT] 배터리 남은 양 - 위험
 • [100015, 300001] [ERROR] 배터리 남은 양 - 에러
 • [100015, 200001] [WARN] 배터리 남은 양 - 주의
 • [100015, 100004] [INFO] 자동 충전 해제 완료.
 • [100015, 100003] [INFO] 자동 충전 해제 시작.
[2026-08-11 16:45:50.014954] [INFO] [mediator] connector 의존성 주입
[2026-08-11 16:45:50.014962] [INFO] [mediator] any map 등록
[2026-08-11 16:45:50.014970] [INFO] [mediator] any collector 등록
[2026-08-11 16:45:50.014974] [INFO] [mediator] any collector 목록 검사
[2026-08-11 16:45:50.015014] [INFO] [framework] after init 실행
[2026-08-11 16:45:50.015250] [INFO] [course_tracker] 생성
[2026-08-11 16:45:50.015264] [INFO] [course_tracker] 파라미터 : 
◈ node_bound[0.020m, 0.150m, 0.005m]
 • approach[0.150m, 0.050m/s, -0.005m, -0.200m, 0.100m]
 • align[(10.000°, 5.000°/s), 50.000°, 30.000°/s), 0.800°, -0.100°]
◈ motion param : 
 • reference_angle[0.000°, 45.000°]
 • threshold_angle[15.000°, 20.000°, 170.000°]
 • threshold_error[0.300°, 5.000°]
 • normal[0.150m/s, 8.000, 0.800m/s, 0.500]
 • angle[0.150m/s, 1.500, 0.800m/s, 2.100]
 • protection_overshoot[0.100m/s, 0.900, 0.500m/s, 0.900]
 • speed_rotation[15.000°/s]
[2026-08-11 16:45:50.015267] [INFO] [framework] 제어 쓰레드 시작
[2026-08-11 16:45:50.015298] [INFO] [path_server] 노드 초기화 성공 : 로봇 좌표[5.504m 6.998m -179.385°] 최단 거리 노드[102] 거리(0.004241m)
[2026-08-11 16:45:50.135108] [INFO] [task::fsm] charging
[2026-08-11 16:45:50.135117] [INFO] [power_system] 충전 프로세스 시작
[2026-08-11 16:45:50.135148] [INFO] [health_monitor] [등록][100015, 100001] : 자동 충전 시작.
[2026-08-11 16:45:55.145098] [INFO] [health_monitor] [삭제][100015, 100001] : 자동 충전 시작.
[2026-08-11 16:46:07.860743] [INFO] [power_system] 충전 완료
[2026-08-11 16:46:07.860763] [INFO] [health_monitor] [등록][100015, 100003] : 자동 충전 해제 시작.
[2026-08-11 16:46:07.860759] [INFO] [health_monitor] [등록][100015, 100002] : 배터리 가득.
[2026-08-11 16:46:09.118374] [INFO] [path_server] 새로운 경로 설정 : path[102 ➜ 1024] time[0s] dist[24m] list[17] : 102-1183-1184-1045-1046-1047-1048-1001-1002-1003-1004-1005-1006-1021-1022-1023-1024
[2026-08-11 16:46:09.118386] [INFO] [course_tracker] 방향 정렬 완료 
[2026-08-11 16:46:12.871419] [INFO] [health_monitor] [삭제][100015, 100002] : 배터리 가득.
[2026-08-11 16:46:12.871423] [INFO] [health_monitor] [삭제][100015, 100003] : 자동 충전 해제 시작.
[2026-08-11 16:46:16.286332] [INFO] [path_server] 노드 업데이트 : [1183] ➜ [1184]
[2026-08-11 16:46:16.346246] [INFO] [path_server] 새로운 경로 설정 : path[1183 ➜ 1024] time[0s] dist[22.5m] list[16] : 1183-1184-1045-1046-1047-1048-1001-1002-1003-1004-1005-1006-1021-1022-1023-1024
[2026-08-11 16:46:19.919293] [INFO] [path_server] 노드 업데이트 : [1184] ➜ [1045]
[2026-08-11 16:46:19.999173] [INFO] [path_server] 새로운 경로 설정 : path[1184 ➜ 1024] time[0s] dist[21m] list[15] : 1184-1045-1046-1047-1048-1001-1002-1003-1004-1005-1006-1021-1022-1023-1024
[2026-08-11 16:46:21.256644] [INFO] [path_server] 노드 업데이트 : [1045] ➜ [1046]
[2026-08-11 16:46:21.316538] [INFO] [path_server] 새로운 경로 설정 : path[1045 ➜ 1024] time[0s] dist[19.5m] list[14] : 1045-1046-1047-1048-1001-1002-1003-1004-1005-1006-1021-1022-1023-1024
[2026-08-11 16:46:24.591407] [INFO] [path_server] 노드 업데이트 : [1046] ➜ [1047]
[2026-08-11 16:46:24.671285] [INFO] [path_server] 새로운 경로 설정 : path[1046 ➜ 1024] time[0s] dist[18m] list[13] : 1046-1047-1048-1001-1002-1003-1004-1005-1006-1021-1022-1023-1024
[2026-08-11 16:46:25.709355] [INFO] [path_server] 노드 업데이트 : [1047] ➜ [1048]
[2026-08-11 16:46:25.789270] [INFO] [path_server] 새로운 경로 설정 : path[1047 ➜ 1024] time[0s] dist[16.5m] list[12] : 1047-1048-1001-1002-1003-1004-1005-1006-1021-1022-1023-1024
[2026-08-11 16:46:26.527920] [INFO] [path_server] 노드 업데이트 : [1048] ➜ [1001]
[2026-08-11 16:46:26.607833] [INFO] [path_server] 새로운 경로 설정 : path[1048 ➜ 1024] time[0s] dist[15m] list[11] : 1048-1001-1002-1003-1004-1005-1006-1021-1022-1023-1024
[2026-08-11 16:46:27.286524] [INFO] [path_server] 노드 업데이트 : [1001] ➜ [1002]
[2026-08-11 16:46:27.346428] [INFO] [path_server] 새로운 경로 설정 : path[1001 ➜ 1024] time[0s] dist[13.5m] list[10] : 1001-1002-1003-1004-1005-1006-1021-1022-1023-1024
[2026-08-11 16:46:28.045248] [INFO] [path_server] 노드 업데이트 : [1002] ➜ [1003]
[2026-08-11 16:46:28.125143] [INFO] [path_server] 새로운 경로 설정 : path[1002 ➜ 1024] time[0s] dist[12m] list[9] : 1002-1003-1004-1005-1006-1021-1022-1023-1024
[2026-08-11 16:46:28.783888] [INFO] [path_server] 노드 업데이트 : [1003] ➜ [1004]
[2026-08-11 16:46:28.843798] [INFO] [path_server] 새로운 경로 설정 : path[1003 ➜ 1024] time[0s] dist[10.5m] list[8] : 1003-1004-1005-1006-1021-1022-1023-1024
[2026-08-11 16:46:29.542572] [INFO] [path_server] 노드 업데이트 : [1004] ➜ [1005]
[2026-08-11 16:46:29.622395] [INFO] [path_server] 새로운 경로 설정 : path[1004 ➜ 1024] time[0s] dist[9m] list[7] : 1004-1005-1006-1021-1022-1023-1024
[2026-08-11 16:46:30.281243] [INFO] [path_server] 노드 업데이트 : [1005] ➜ [1006]
[2026-08-11 16:46:30.341127] [INFO] [path_server] 새로운 경로 설정 : path[1005 ➜ 1024] time[0s] dist[7.5m] list[6] : 1005-1006-1021-1022-1023-1024
[2026-08-11 16:46:31.039864] [INFO] [path_server] 노드 업데이트 : [1006] ➜ [1021]
[2026-08-11 16:46:31.119721] [INFO] [path_server] 새로운 경로 설정 : path[1006 ➜ 1024] time[0s] dist[6m] list[5] : 1006-1021-1022-1023-1024
[2026-08-11 16:46:31.778551] [INFO] [path_server] 노드 업데이트 : [1021] ➜ [1022]
[2026-08-11 16:46:31.838478] [INFO] [path_server] 새로운 경로 설정 : path[1021 ➜ 1024] time[0s] dist[4.5m] list[4] : 1021-1022-1023-1024
[2026-08-11 16:46:32.537140] [INFO] [path_server] 노드 업데이트 : [1022] ➜ [1023]
[2026-08-11 16:46:32.617069] [INFO] [path_server] 새로운 경로 설정 : path[1022 ➜ 1024] time[0s] dist[3m] list[3] : 1022-1023-1024
[2026-08-11 16:46:33.295627] [INFO] [path_server] 노드 업데이트 : [1023] ➜ [1024]
[2026-08-11 16:46:33.375526] [INFO] [path_server] 새로운 경로 설정 : path[1023 ➜ 1024] time[0s] dist[1.5m] list[2] : 1023-1024
[2026-08-11 16:46:35.511617] [INFO] [path_server] 노드 업데이트 : [1024] ➜ [-1]
[2026-08-11 16:46:38.406285] [INFO] [course_tracker] 목적지에서 각도 정렬 : [26.500m 10.000m 0.000°]
[2026-08-11 16:46:38.446112] [INFO] [path_server] 노드 업데이트 : [1024] ➜ [-1]
[2026-08-11 16:46:38.466105] [INFO] [task::fsm] push_done
[2026-08-11 16:46:38.525990] [INFO] [course_manager] 코스 삭제
[2026-08-11 16:46:38.525984] [INFO] [task::fsm] idle
[2026-08-11 16:46:38.525992] [INFO] [path_server] 경로 삭제
[2026-08-11 16:46:43.617686] [INFO] [path_server] 새로운 경로 설정 : path[1024 ➜ 207] time[0s] dist[15m] list[11] : 1024-1025-1026-1027-1028-1148-1077-1078-1079-1080-207
[2026-08-11 16:46:45.953595] [INFO] [path_server] 노드 업데이트 : [1025] ➜ [1026]
[2026-08-11 16:46:46.013515] [INFO] [path_server] 새로운 경로 설정 : path[1025 ➜ 207] time[0s] dist[13.5m] list[10] : 1025-1026-1027-1028-1148-1077-1078-1079-1080-207
[2026-08-11 16:46:47.011855] [INFO] [path_server] 노드 업데이트 : [1026] ➜ [1027]
[2026-08-11 16:46:47.091796] [INFO] [path_server] 새로운 경로 설정 : path[1026 ➜ 207] time[0s] dist[12m] list[9] : 1026-1027-1028-1148-1077-1078-1079-1080-207
[2026-08-11 16:46:47.810354] [INFO] [path_server] 노드 업데이트 : [1027] ➜ [1028]
[2026-08-11 16:46:47.870262] [INFO] [path_server] 새로운 경로 설정 : path[1027 ➜ 207] time[0s] dist[10.5m] list[8] : 1027-1028-1148-1077-1078-1079-1080-207
[2026-08-11 16:46:48.568913] [INFO] [path_server] 노드 업데이트 : [1028] ➜ [1148]
[2026-08-11 16:46:48.648807] [INFO] [path_server] 새로운 경로 설정 : path[1028 ➜ 207] time[0s] dist[9m] list[7] : 1028-1148-1077-1078-1079-1080-207
[2026-08-11 16:46:49.866449] [INFO] [path_server] 노드 업데이트 : [1148] ➜ [1077]
[2026-08-11 16:46:49.946408] [INFO] [path_server] 새로운 경로 설정 : path[1148 ➜ 207] time[0s] dist[7.5m] list[6] : 1148-1077-1078-1079-1080-207
[2026-08-11 16:46:53.220568] [INFO] [path_server] 노드 업데이트 : [1077] ➜ [1078]
[2026-08-11 16:46:53.300475] [INFO] [path_server] 새로운 경로 설정 : path[1077 ➜ 207] time[0s] dist[6m] list[5] : 1077-1078-1079-1080-207
[2026-08-11 16:46:54.358521] [INFO] [path_server] 노드 업데이트 : [1078] ➜ [1079]
[2026-08-11 16:46:54.438464] [INFO] [path_server] 새로운 경로 설정 : path[1078 ➜ 207] time[0s] dist[4.5m] list[4] : 1078-1079-1080-207
[2026-08-11 16:46:55.177149] [INFO] [path_server] 노드 업데이트 : [1079] ➜ [1080]
[2026-08-11 16:46:55.237049] [INFO] [path_server] 새로운 경로 설정 : path[1079 ➜ 207] time[0s] dist[3m] list[3] : 1079-1080-207
[2026-08-11 16:46:56.514422] [INFO] [path_server] 노드 업데이트 : [1080] ➜ [207]
[2026-08-11 16:46:56.594356] [INFO] [path_server] 새로운 경로 설정 : path[1080 ➜ 207] time[0s] dist[1.5m] list[2] : 1080-207
[2026-08-11 16:47:01.744377] [INFO] [path_server] 노드 업데이트 : [207] ➜ [-1]
[2026-08-11 16:47:04.639183] [INFO] [course_tracker] 목적지에서 각도 정렬 : [35.500m 16.000m 0.000°]
[2026-08-11 16:47:04.679145] [INFO] [path_server] 노드 업데이트 : [207] ➜ [-1]
[2026-08-11 16:47:04.699051] [INFO] [task::fsm] push_done
[2026-08-11 16:47:04.739015] [INFO] [task::fsm] idle
[2026-08-11 16:47:04.739023] [INFO] [path_server] 경로 삭제
[2026-08-11 16:47:04.739021] [INFO] [course_manager] 코스 삭제
[2026-08-11 16:47:42.771791] [INFO] [framework] 프로그램 시작
[2026-08-11 16:47:42.771796] [WARNING] [framework] 프로그램 시작
[2026-08-11 16:47:42.771801] [INFO] [framework] 설정 파일 위치 : ../configs/robot_10
[2026-08-11 16:47:42.771800] [CRITICAL] [framework] 프로그램 시작
[2026-08-11 16:49:24.400075] [INFO] [framework] 프로그램 시작
[2026-08-11 16:49:24.400078] [WARNING] [framework] 프로그램 시작
[2026-08-11 16:49:24.400082] [INFO] [framework] 설정 파일 위치 : ../configs/robot_10
[2026-08-11 16:49:24.400081] [CRITICAL] [framework] 프로그램 시작
[2026-08-11 16:49:24.400199] [INFO] [framework] ID[0, 10], 이름[전시입], 제어주기[20ms], 버젼[], 장소[우리집], 환경모드[simulation]
[2026-08-11 16:49:24.400219] [INFO] [mediator] 생성
[2026-08-11 16:49:24.400238] [INFO] [graph_manager] 생성
[2026-08-11 16:49:24.425106] [INFO] [stop_server] 생성
[2026-08-11 16:49:24.425137] [INFO] [health_monitor] 생성
[2026-08-11 16:49:24.425154] [INFO] [path_server] 생성
[2026-08-11 16:49:24.425170] [INFO] [course_manager] 생성
[2026-08-11 16:49:24.425182] [INFO] [task::fsm] 생성
[2026-08-11 16:49:24.425183] [INFO] [task::fsm] idle
[2026-08-11 16:49:24.425185] [INFO] [path_server] 경로 삭제
[2026-08-11 16:49:24.425185] [INFO] [course_manager] 코스 삭제
[2026-08-11 16:49:24.425199] [INFO] [task_manager] 생성
[2026-08-11 16:49:24.425304] [INFO] [mediator] connectors 생성
[2026-08-11 16:49:24.425321] [INFO] [fms] 생성
[2026-08-11 16:49:24.425322] [INFO] [fms] 통신 드라이버 생성
[2026-08-11 16:49:24.425593] [INFO] [motions] 생성
[2026-08-11 16:49:24.425613] [INFO] [localizers] 생성
[2026-08-11 16:49:24.425696] [INFO] [localizers] 파라미터 : 

[2026-08-11 16:49:24.425715] [INFO] [safety_plc] 생성
[2026-08-11 16:49:24.425735] [INFO] [load_handler] 생성
[2026-08-11 16:49:24.425753] [INFO] [power_system] 생성
[2026-08-11 16:49:24.425854] [INFO] [power_system] 설정 정보 : remaining[40%, 10%, 5%]
[2026-08-11 16:49:24.426242] [INFO] [power_system] 알람 목록 : 
 • [100015, 100001] [INFO] 자동 충전 시작.
 • [100015, 100002] [INFO] 배터리 가득.
 • [100015, 400001] [CRIT] 배터리 남은 양 - 위험
 • [100015, 300001] [ERROR] 배터리 남은 양 - 에러
 • [100015, 200001] [WARN] 배터리 남은 양 - 주의
 • [100015, 100004] [INFO] 자동 충전 해제 완료.
 • [100015, 100003] [INFO] 자동 충전 해제 시작.
[2026-08-11 16:49:24.426245] [INFO] [mediator] connector 의존성 주입
[2026-08-11 16:49:24.426252] [INFO] [mediator] any map 등록
[2026-08-11 16:49:24.426259] [INFO] [mediator] any collector 등록
[2026-08-11 16:49:24.426263] [INFO] [mediator] any collector 목록 검사
[2026-08-11 16:49:24.426306] [INFO] [framework] after init 실행
[2026-08-11 16:49:24.426677] [INFO] [course_tracker] 생성
[2026-08-11 16:49:24.426701] [INFO] [course_tracker] 파라미터 : 
◈ node_bound[0.020m, 0.150m, 0.005m]
 • approach[0.150m, 0.050m/s, -0.005m, -0.200m, 0.100m]
 • align[(10.000°, 5.000°/s), 50.000°, 30.000°/s), 0.800°, -0.100°]
◈ motion param : 
 • reference_angle[0.000°, 45.000°]
 • threshold_angle[15.000°, 20.000°, 170.000°]
 • threshold_error[0.300°, 5.000°]
 • normal[0.150m/s, 8.000, 0.800m/s, 0.500]
 • angle[0.150m/s, 1.500, 0.800m/s, 2.100]
 • protection_overshoot[0.100m/s, 0.900, 0.500m/s, 0.900]
 • speed_rotation[15.000°/s]
[2026-08-11 16:49:24.426705] [INFO] [framework] 제어 쓰레드 시작
[2026-08-11 16:49:24.426769] [INFO] [path_server] 노드 초기화 성공 : 로봇 좌표[35.496m 15.999m -0.700°] 최단 거리 노드[207] 거리(0.004228m)
[2026-08-11 16:49:29.537127] [INFO] [path_server] 새로운 경로 설정 : path[207 ➜ 108] time[0s] dist[37.5m] list[26] : 207-1080-1081-1082-1083-1084-1085-1086-1173-1174-1175-1176-1177-1178-1030-1031-1032-1033-1034-1007-1167-1168-1169-1170-1171-108
[2026-08-11 16:49:29.537150] [INFO] [course_tracker] 방향 정렬 완료 
[2026-08-11 16:49:46.496561] [INFO] [framework] 프로그램 시작
[2026-08-11 16:49:46.496564] [WARNING] [framework] 프로그램 시작
[2026-08-11 16:49:46.496565] [CRITICAL] [framework] 프로그램 시작
[2026-08-11 16:49:46.496566] [INFO] [framework] 설정 파일 위치 : ../configs/robot_10
[2026-08-11 16:49:58.397378] [INFO] [framework] 프로그램 시작
[2026-08-11 16:49:58.397384] [WARNING] [framework] 프로그램 시작
[2026-08-11 16:49:58.397385] [INFO] [framework] 설정 파일 위치 : ../configs/robot_10
[2026-08-11 16:49:58.397385] [CRITICAL] [framework] 프로그램 시작
[2026-08-11 16:49:58.397534] [INFO] [framework] ID[0, 10], 이름[전시입], 제어주기[20ms], 버젼[], 장소[우리집], 환경모드[simulation]
[2026-08-11 16:49:58.397564] [INFO] [mediator] 생성
[2026-08-11 16:49:58.397608] [INFO] [graph_manager] 생성
[2026-08-11 16:49:58.427834] [INFO] [stop_server] 생성
[2026-08-11 16:49:58.427862] [INFO] [health_monitor] 생성
[2026-08-11 16:49:58.427878] [INFO] [path_server] 생성
[2026-08-11 16:49:58.427890] [INFO] [course_manager] 생성
[2026-08-11 16:49:58.427904] [INFO] [task::fsm] 생성
[2026-08-11 16:49:58.427905] [INFO] [task::fsm] idle
[2026-08-11 16:49:58.427907] [INFO] [path_server] 경로 삭제
[2026-08-11 16:49:58.427906] [INFO] [course_manager] 코스 삭제
[2026-08-11 16:49:58.427920] [INFO] [task_manager] 생성
[2026-08-11 16:49:58.428013] [INFO] [mediator] connectors 생성
[2026-08-11 16:49:58.428029] [INFO] [fms] 생성
[2026-08-11 16:49:58.428030] [INFO] [fms] 통신 드라이버 생성
[2026-08-11 16:49:58.428285] [INFO] [motions] 생성
[2026-08-11 16:49:58.428303] [INFO] [localizers] 생성
[2026-08-11 16:49:58.428385] [INFO] [localizers] 파라미터 : 

[2026-08-11 16:49:58.428402] [INFO] [safety_plc] 생성
[2026-08-11 16:49:58.428415] [INFO] [load_handler] 생성
[2026-08-11 16:49:58.428428] [INFO] [power_system] 생성
[2026-08-11 16:49:58.428531] [INFO] [power_system] 설정 정보 : remaining[40%, 10%, 5%]
[2026-08-11 16:49:58.428928] [INFO] [power_system] 알람 목록 : 
 • [100015, 100001] [INFO] 자동 충전 시작.
 • [100015, 100002] [INFO] 배터리 가득.
 • [100015, 400001] [CRIT] 배터리 남은 양 - 위험
 • [100015, 300001] [ERROR] 배터리 남은 양 - 에러
 • [100015, 200001] [WARN] 배터리 남은 양 - 주의
 • [100015, 100004] [INFO] 자동 충전 해제 완료.
 • [100015, 100003] [INFO] 자동 충전 해제 시작.
[2026-08-11 16:49:58.428932] [INFO] [mediator] connector 의존성 주입
[2026-08-11 16:49:58.428935] [INFO] [mediator] any map 등록
[2026-08-11 16:49:58.428943] [INFO] [mediator] any collector 등록
[2026-08-11 16:49:58.428947] [INFO] [mediator] any collector 목록 검사
[2026-08-11 16:49:58.429007] [INFO] [framework] after init 실행
[2026-08-11 16:49:58.429370] [INFO] [course_tracker] 생성
[2026-08-11 16:49:58.429386] [INFO] [course_tracker] 파라미터 : 
◈ node_bound[0.020m, 0.150m, 0.005m]
 • approach[0.150m, 0.050m/s, -0.005m, -0.200m, 0.100m]
 • align[(10.000°, 5.000°/s), 50.000°, 30.000°/s), 0.800°, -0.100°]
◈ motion param : 
 • reference_angle[0.000°, 45.000°]
 • threshold_angle[15.000°, 20.000°, 170.000°]
 • threshold_error[0.300°, 5.000°]
 • normal[0.150m/s, 8.000, 0.800m/s, 0.500]
 • angle[0.150m/s, 1.500, 0.800m/s, 2.100]
 • protection_overshoot[0.100m/s, 0.900, 0.500m/s, 0.900]
 • speed_rotation[15.000°/s]
[2026-08-11 16:49:58.429389] [INFO] [framework] 제어 쓰레드 시작
[2026-08-11 16:49:58.429429] [INFO] [path_server] 노드 초기화 성공 : 로봇 좌표[33.656m 21.994m 168.947°] 최단 거리 노드[1084] 거리(0.344046m)
[2026-08-11 16:50:05.417745] [INFO] [path_server] 새로운 경로 설정 : path[1084 ➜ 108] time[0s] dist[30m] list[21] : 1084-1085-1086-1173-1174-1175-1176-1177-1178-1030-1031-1032-1033-1034-1007-1167-1168-1169-1170-1171-108
[2026-08-11 16:50:05.417770] [INFO] [course_tracker] 방향 정렬 설정 State::processing[＋, 179.9°]
[2026-08-11 16:50:06.176248] [INFO] [course_tracker] 방향 정렬 완료 
[2026-08-11 16:50:08.192971] [INFO] [path_server] 노드 업데이트 : [1085] ➜ [1086]
[2026-08-11 16:50:08.252854] [INFO] [path_server] 새로운 경로 설정 : path[1085 ➜ 108] time[0s] dist[28.5m] list[20] : 1085-1086-1173-1174-1175-1176-1177-1178-1030-1031-1032-1033-1034-1007-1167-1168-1169-1170-1171-108
[2026-08-11 16:50:09.650564] [INFO] [path_server] 노드 업데이트 : [1086] ➜ [1173]
[2026-08-11 16:50:09.730500] [INFO] [path_server] 새로운 경로 설정 : path[1086 ➜ 108] time[0s] dist[27m] list[19] : 1086-1173-1174-1175-1176-1177-1178-1030-1031-1032-1033-1034-1007-1167-1168-1169-1170-1171-108
[2026-08-11 16:50:13.124024] [INFO] [path_server] 노드 업데이트 : [1173] ➜ [1174]
[2026-08-11 16:50:13.203937] [INFO] [path_server] 새로운 경로 설정 : path[1173 ➜ 108] time[0s] dist[25.5m] list[18] : 1173-1174-1175-1176-1177-1178-1030-1031-1032-1033-1034-1007-1167-1168-1169-1170-1171-108
[2026-08-11 16:50:14.241867] [INFO] [path_server] 노드 업데이트 : [1174] ➜ [1175]
[2026-08-11 16:50:14.321800] [INFO] [path_server] 새로운 경로 설정 : path[1174 ➜ 108] time[0s] dist[24m] list[17] : 1174-1175-1176-1177-1178-1030-1031-1032-1033-1034-1007-1167-1168-1169-1170-1171-108
[2026-08-11 16:50:15.060354] [INFO] [path_server] 노드 업데이트 : [1175] ➜ [1176]
[2026-08-11 16:50:15.120265] [INFO] [path_server] 새로운 경로 설정 : path[1175 ➜ 108] time[0s] dist[22.5m] list[16] : 1175-1176-1177-1178-1030-1031-1032-1033-1034-1007-1167-1168-1169-1170-1171-108
[2026-08-11 16:50:15.798916] [INFO] [path_server] 노드 업데이트 : [1176] ➜ [1177]
[2026-08-11 16:50:15.878851] [INFO] [path_server] 새로운 경로 설정 : path[1176 ➜ 108] time[0s] dist[21m] list[15] : 1176-1177-1178-1030-1031-1032-1033-1034-1007-1167-1168-1169-1170-1171-108
[2026-08-11 16:50:16.557501] [INFO] [path_server] 노드 업데이트 : [1177] ➜ [1178]
[2026-08-11 16:50:16.617419] [INFO] [path_server] 새로운 경로 설정 : path[1177 ➜ 108] time[0s] dist[19.5m] list[14] : 1177-1178-1030-1031-1032-1033-1034-1007-1167-1168-1169-1170-1171-108
[2026-08-11 16:50:17.316087] [INFO] [path_server] 노드 업데이트 : [1178] ➜ [1030]
[2026-08-11 16:50:17.395985] [INFO] [path_server] 새로운 경로 설정 : path[1178 ➜ 108] time[0s] dist[18m] list[13] : 1178-1030-1031-1032-1033-1034-1007-1167-1168-1169-1170-1171-108
[2026-08-11 16:50:18.613505] [INFO] [path_server] 노드 업데이트 : [1030] ➜ [1031]
[2026-08-11 16:50:18.693456] [INFO] [path_server] 새로운 경로 설정 : path[1030 ➜ 108] time[0s] dist[16.5m] list[12] : 1030-1031-1032-1033-1034-1007-1167-1168-1169-1170-1171-108
[2026-08-11 16:50:21.986989] [INFO] [path_server] 노드 업데이트 : [1031] ➜ [1032]
[2026-08-11 16:50:22.066858] [INFO] [path_server] 새로운 경로 설정 : path[1031 ➜ 108] time[0s] dist[15m] list[11] : 1031-1032-1033-1034-1007-1167-1168-1169-1170-1171-108
[2026-08-11 16:50:23.104693] [INFO] [path_server] 노드 업데이트 : [1032] ➜ [1033]
[2026-08-11 16:50:23.184627] [INFO] [path_server] 새로운 경로 설정 : path[1032 ➜ 108] time[0s] dist[13.5m] list[10] : 1032-1033-1034-1007-1167-1168-1169-1170-1171-108
[2026-08-11 16:50:23.923176] [INFO] [path_server] 노드 업데이트 : [1033] ➜ [1034]
[2026-08-11 16:50:23.983118] [INFO] [path_server] 새로운 경로 설정 : path[1033 ➜ 108] time[0s] dist[12m] list[9] : 1033-1034-1007-1167-1168-1169-1170-1171-108
[2026-08-11 16:50:24.681880] [INFO] [path_server] 노드 업데이트 : [1034] ➜ [1007]
[2026-08-11 16:50:24.741918] [INFO] [path_server] 새로운 경로 설정 : path[1034 ➜ 108] time[0s] dist[10.5m] list[8] : 1034-1007-1167-1168-1169-1170-1171-108
[2026-08-11 16:50:25.999364] [INFO] [path_server] 노드 업데이트 : [1007] ➜ [1167]
[2026-08-11 16:50:26.059303] [INFO] [path_server] 새로운 경로 설정 : path[1007 ➜ 108] time[0s] dist[9m] list[7] : 1007-1167-1168-1169-1170-1171-108
[2026-08-11 16:50:29.353183] [INFO] [path_server] 노드 업데이트 : [1167] ➜ [1168]
[2026-08-11 16:50:29.413079] [INFO] [path_server] 새로운 경로 설정 : path[1167 ➜ 108] time[0s] dist[7.5m] list[6] : 1167-1168-1169-1170-1171-108
[2026-08-11 16:50:30.471006] [INFO] [path_server] 노드 업데이트 : [1168] ➜ [1169]
[2026-08-11 16:50:30.550854] [INFO] [path_server] 새로운 경로 설정 : path[1168 ➜ 108] time[0s] dist[6m] list[5] : 1168-1169-1170-1171-108
[2026-08-11 16:50:31.309374] [INFO] [path_server] 노드 업데이트 : [1169] ➜ [1170]
[2026-08-11 16:50:31.389224] [INFO] [path_server] 새로운 경로 설정 : path[1169 ➜ 108] time[0s] dist[4.5m] list[4] : 1169-1170-1171-108
[2026-08-11 16:50:32.047936] [INFO] [path_server] 노드 업데이트 : [1170] ➜ [1171]
[2026-08-11 16:50:32.107824] [INFO] [path_server] 새로운 경로 설정 : path[1170 ➜ 108] time[0s] dist[3m] list[3] : 1170-1171-108
[2026-08-11 16:50:33.445190] [INFO] [path_server] 노드 업데이트 : [1171] ➜ [108]
[2026-08-11 16:50:33.525108] [INFO] [path_server] 새로운 경로 설정 : path[1171 ➜ 108] time[0s] dist[1.5m] list[2] : 1171-108
[2026-08-11 16:50:39.014605] [INFO] [path_server] 노드 업데이트 : [108] ➜ [-1]
[2026-08-11 16:50:41.889129] [INFO] [course_tracker] 목적지에서 각도 정렬 : [22.000m 19.000m 0.000°]
[2026-08-11 16:50:41.928994] [INFO] [path_server] 노드 업데이트 : [108] ➜ [-1]
[2026-08-11 16:50:41.948996] [INFO] [task::fsm] push_done
[2026-08-11 16:50:42.008906] [INFO] [task::fsm] charging
[2026-08-11 16:50:42.008934] [INFO] [health_monitor] [등록][100015, 100001] : 자동 충전 시작.
[2026-08-11 16:50:42.008916] [INFO] [power_system] 충전 프로세스 시작
[2026-08-11 16:50:47.019619] [INFO] [health_monitor] [삭제][100015, 100001] : 자동 충전 시작.
[2026-08-11 16:51:08.778753] [INFO] [power_system] 충전 완료
[2026-08-11 16:51:08.778770] [INFO] [health_monitor] [등록][100015, 100002] : 배터리 가득.
[2026-08-11 16:51:08.778773] [INFO] [health_monitor] [등록][100015, 100003] : 자동 충전 해제 시작.
[2026-08-11 16:51:13.789697] [INFO] [health_monitor] [삭제][100015, 100002] : 배터리 가득.
[2026-08-11 16:51:13.789711] [INFO] [health_monitor] [삭제][100015, 100003] : 자동 충전 해제 시작.
[2026-08-11 16:51:13.809791] [INFO] [power_system] 충전 해제 완료
[2026-08-11 16:51:13.809803] [INFO] [health_monitor] [등록][100015, 100004] : 자동 충전 해제 완료.
[2026-08-11 16:51:13.829650] [INFO] [task::fsm] discharging
[2026-08-11 16:51:13.829660] [INFO] [power_system] 충전 해제 프로세스 시작
[2026-08-11 16:51:13.829670] [INFO] [health_monitor] [등록][100015, 100003] : 자동 충전 해제 시작.
[2026-08-11 16:51:13.849563] [INFO] [task::fsm] idle
[2026-08-11 16:51:13.849571] [INFO] [path_server] 경로 삭제
[2026-08-11 16:51:13.849569] [INFO] [course_manager] 코스 삭제
[2026-08-11 16:51:13.889541] [INFO] [task::fsm] idle
[2026-08-11 16:51:13.889549] [INFO] [course_manager] 코스 삭제
[2026-08-11 16:51:13.889552] [INFO] [path_server] 경로 삭제
[2026-08-11 16:51:18.819980] [INFO] [health_monitor] [삭제][100015, 100004] : 자동 충전 해제 완료.
[2026-08-11 16:51:18.839991] [INFO] [health_monitor] [삭제][100015, 100003] : 자동 충전 해제 시작.
[2026-08-11 16:52:17.139356] [INFO] [framework] 프로그램 시작
[2026-08-11 16:52:17.139360] [WARNING] [framework] 프로그램 시작
[2026-08-11 16:52:17.139364] [CRITICAL] [framework] 프로그램 시작
[2026-08-11 16:52:17.139366] [INFO] [framework] 설정 파일 위치 : ../configs/robot_10
[2026-08-11 16:52:17.139522] [INFO] [framework] ID[0, 10], 이름[전시입], 제어주기[20ms], 버젼[], 장소[우리집], 환경모드[simulation]
[2026-08-11 16:52:17.139546] [INFO] [mediator] 생성
[2026-08-11 16:52:17.139570] [INFO] [graph_manager] 생성
[2026-08-11 16:52:17.169226] [INFO] [stop_server] 생성
[2026-08-11 16:52:17.169242] [INFO] [health_monitor] 생성
[2026-08-11 16:52:17.169278] [INFO] [path_server] 생성
[2026-08-11 16:52:17.169290] [INFO] [course_manager] 생성
[2026-08-11 16:52:17.169301] [INFO] [task::fsm] 생성
[2026-08-11 16:52:17.169302] [INFO] [task::fsm] idle
[2026-08-11 16:52:17.169303] [INFO] [course_manager] 코스 삭제
[2026-08-11 16:52:17.169303] [INFO] [path_server] 경로 삭제
[2026-08-11 16:52:17.169313] [INFO] [task_manager] 생성
[2026-08-11 16:52:17.169409] [INFO] [mediator] connectors 생성
[2026-08-11 16:52:17.169423] [INFO] [fms] 생성
[2026-08-11 16:52:17.169424] [INFO] [fms] 통신 드라이버 생성
[2026-08-11 16:52:17.169669] [INFO] [motions] 생성
[2026-08-11 16:52:17.169685] [INFO] [localizers] 생성
[2026-08-11 16:52:17.169772] [INFO] [localizers] 파라미터 : 

[2026-08-11 16:52:17.169789] [INFO] [safety_plc] 생성
[2026-08-11 16:52:17.169801] [INFO] [load_handler] 생성
[2026-08-11 16:52:17.169813] [INFO] [power_system] 생성
[2026-08-11 16:52:17.169907] [INFO] [power_system] 설정 정보 : remaining[40%, 10%, 5%]
[2026-08-11 16:52:17.170289] [INFO] [power_system] 알람 목록 : 
 • [100015, 100001] [INFO] 자동 충전 시작.
 • [100015, 100002] [INFO] 배터리 가득.
 • [100015, 400001] [CRIT] 배터리 남은 양 - 위험
 • [100015, 300001] [ERROR] 배터리 남은 양 - 에러
 • [100015, 200001] [WARN] 배터리 남은 양 - 주의
 • [100015, 100004] [INFO] 자동 충전 해제 완료.
 • [100015, 100003] [INFO] 자동 충전 해제 시작.
[2026-08-11 16:52:17.170291] [INFO] [mediator] connector 의존성 주입
[2026-08-11 16:52:17.170300] [INFO] [mediator] any map 등록
[2026-08-11 16:52:17.170306] [INFO] [mediator] any collector 등록
[2026-08-11 16:52:17.170309] [INFO] [mediator] any collector 목록 검사
[2026-08-11 16:52:17.170357] [INFO] [framework] after init 실행
[2026-08-11 16:52:17.170580] [INFO] [course_tracker] 생성
[2026-08-11 16:52:17.170594] [INFO] [course_tracker] 파라미터 : 
◈ node_bound[0.020m, 0.150m, 0.005m]
 • approach[0.150m, 0.050m/s, -0.005m, -0.200m, 0.100m]
 • align[(10.000°, 5.000°/s), 50.000°, 30.000°/s), 0.800°, -0.100°]
◈ motion param : 
 • reference_angle[0.000°, 45.000°]
 • threshold_angle[15.000°, 20.000°, 170.000°]
 • threshold_error[0.300°, 5.000°]
 • normal[0.150m/s, 8.000, 0.800m/s, 0.500]
 • angle[0.150m/s, 1.500, 0.800m/s, 2.100]
 • protection_overshoot[0.100m/s, 0.900, 0.500m/s, 0.900]
 • speed_rotation[15.000°/s]
[2026-08-11 16:52:17.170596] [INFO] [framework] 제어 쓰레드 시작
[2026-08-11 16:52:17.170627] [INFO] [path_server] 노드 초기화 성공 : 로봇 좌표[22.004m 18.998m -179.704°] 최단 거리 노드[108] 거리(0.004286m)
[2026-08-11 16:52:24.156874] [INFO] [task::fsm] charging
[2026-08-11 16:52:24.156886] [INFO] [power_system] 충전 프로세스 시작
[2026-08-11 16:52:24.156907] [INFO] [health_monitor] [등록][100015, 100001] : 자동 충전 시작.
[2026-08-11 16:52:29.166896] [INFO] [health_monitor] [삭제][100015, 100001] : 자동 충전 시작.
[2026-08-11 16:52:42.799681] [INFO] [power_system] 충전 완료
[2026-08-11 16:52:42.799698] [INFO] [health_monitor] [등록][100015, 100002] : 배터리 가득.
[2026-08-11 16:52:42.799701] [INFO] [health_monitor] [등록][100015, 100003] : 자동 충전 해제 시작.
[2026-08-11 16:52:47.809763] [INFO] [health_monitor] [삭제][100015, 100002] : 배터리 가득.
[2026-08-11 16:52:47.809769] [INFO] [health_monitor] [삭제][100015, 100003] : 자동 충전 해제 시작.
[2026-08-11 16:52:47.829654] [INFO] [power_system] 충전 해제 완료
[2026-08-11 16:52:47.829672] [INFO] [health_monitor] [등록][100015, 100004] : 자동 충전 해제 완료.
[2026-08-11 16:52:47.849636] [INFO] [task::fsm] discharging
[2026-08-11 16:52:47.849653] [INFO] [health_monitor] [등록][100015, 100003] : 자동 충전 해제 시작.
[2026-08-11 16:52:47.849642] [INFO] [power_system] 충전 해제 프로세스 시작
[2026-08-11 16:52:47.869641] [INFO] [task::fsm] idle
[2026-08-11 16:52:47.869647] [INFO] [course_manager] 코스 삭제
[2026-08-11 16:52:47.869649] [INFO] [path_server] 경로 삭제
[2026-08-11 16:52:47.909563] [INFO] [task::fsm] idle
[2026-08-11 16:52:47.909570] [INFO] [path_server] 경로 삭제
[2026-08-11 16:52:47.909568] [INFO] [course_manager] 코스 삭제
[2026-08-11 16:52:52.840424] [INFO] [health_monitor] [삭제][100015, 100004] : 자동 충전 해제 완료.
[2026-08-11 16:52:52.860423] [INFO] [health_monitor] [삭제][100015, 100003] : 자동 충전 해제 시작.
[2026-08-11 16:53:42.901947] [INFO] [task::fsm] charging
[2026-08-11 16:53:42.901955] [INFO] [power_system] 충전 프로세스 시작
[2026-08-11 16:53:42.901970] [INFO] [health_monitor] [등록][100015, 100001] : 자동 충전 시작.
[2026-08-11 16:53:46.993711] [INFO] [course_tracker] 방향 정렬 완료 
[2026-08-11 16:53:46.993696] [INFO] [path_server] 새로운 경로 설정 : path[108 ➜ 1100] time[0s] dist[18m] list[13] : 108-1171-1172-1091-1092-1093-1094-1095-1096-1097-1098-1099-1100
[2026-08-11 16:53:47.911740] [INFO] [health_monitor] [삭제][100015, 100001] : 자동 충전 시작.
[2026-08-11 16:53:51.684229] [INFO] [path_server] 노드 업데이트 : [1171] ➜ [1172]
[2026-08-11 16:53:51.764095] [INFO] [path_server] 새로운 경로 설정 : path[1171 ➜ 1100] time[0s] dist[16.5m] list[12] : 1171-1172-1091-1092-1093-1094-1095-1096-1097-1098-1099-1100
[2026-08-11 16:53:55.376716] [INFO] [path_server] 노드 업데이트 : [1172] ➜ [1091]
[2026-08-11 16:53:55.456662] [INFO] [path_server] 새로운 경로 설정 : path[1172 ➜ 1100] time[0s] dist[15m] list[11] : 1172-1091-1092-1093-1094-1095-1096-1097-1098-1099-1100
[2026-08-11 16:53:56.454592] [INFO] [path_server] 노드 업데이트 : [1091] ➜ [1092]
[2026-08-11 16:53:56.534540] [INFO] [path_server] 새로운 경로 설정 : path[1091 ➜ 1100] time[0s] dist[13.5m] list[10] : 1091-1092-1093-1094-1095-1096-1097-1098-1099-1100
[2026-08-11 16:53:59.708308] [INFO] [path_server] 노드 업데이트 : [1092] ➜ [1093]
[2026-08-11 16:53:59.768232] [INFO] [path_server] 새로운 경로 설정 : path[1092 ➜ 1100] time[0s] dist[12m] list[9] : 1092-1093-1094-1095-1096-1097-1098-1099-1100
[2026-08-11 16:54:00.965815] [INFO] [path_server] 노드 업데이트 : [1093] ➜ [1094]
[2026-08-11 16:54:01.025737] [INFO] [path_server] 새로운 경로 설정 : path[1093 ➜ 1100] time[0s] dist[10.5m] list[8] : 1093-1094-1095-1096-1097-1098-1099-1100
[2026-08-11 16:54:01.824051] [INFO] [path_server] 노드 업데이트 : [1094] ➜ [1095]
[2026-08-11 16:54:01.903970] [INFO] [path_server] 새로운 경로 설정 : path[1094 ➜ 1100] time[0s] dist[9m] list[7] : 1094-1095-1096-1097-1098-1099-1100
[2026-08-11 16:54:02.582668] [INFO] [path_server] 노드 업데이트 : [1095] ➜ [1096]
[2026-08-11 16:54:02.642583] [INFO] [path_server] 새로운 경로 설정 : path[1095 ➜ 1100] time[0s] dist[7.5m] list[6] : 1095-1096-1097-1098-1099-1100
[2026-08-11 16:54:03.321186] [INFO] [path_server] 노드 업데이트 : [1096] ➜ [1097]
[2026-08-11 16:54:03.401127] [INFO] [path_server] 새로운 경로 설정 : path[1096 ➜ 1100] time[0s] dist[6m] list[5] : 1096-1097-1098-1099-1100
[2026-08-11 16:54:04.079752] [INFO] [path_server] 노드 업데이트 : [1097] ➜ [1098]
[2026-08-11 16:54:04.139653] [INFO] [path_server] 새로운 경로 설정 : path[1097 ➜ 1100] time[0s] dist[4.5m] list[4] : 1097-1098-1099-1100
[2026-08-11 16:54:04.818784] [INFO] [path_server] 노드 업데이트 : [1098] ➜ [1099]
[2026-08-11 16:54:04.898708] [INFO] [path_server] 새로운 경로 설정 : path[1098 ➜ 1100] time[0s] dist[3m] list[3] : 1098-1099-1100
[2026-08-11 16:54:05.577328] [INFO] [path_server] 노드 업데이트 : [1099] ➜ [1100]
[2026-08-11 16:54:05.637270] [INFO] [path_server] 새로운 경로 설정 : path[1099 ➜ 1100] time[0s] dist[1.5m] list[2] : 1099-1100
[2026-08-11 16:54:07.812953] [INFO] [path_server] 노드 업데이트 : [1100] ➜ [-1]
[2026-08-11 16:54:10.707154] [INFO] [course_tracker] 목적지에서 각도 정렬 : [10.000m 22.000m 0.000°]
[2026-08-11 16:54:10.747011] [INFO] [path_server] 노드 업데이트 : [1100] ➜ [-1]
[2026-08-11 16:54:10.767031] [INFO] [task::fsm] push_done
[2026-08-11 16:54:10.826905] [INFO] [task::fsm] idle
[2026-08-11 16:54:10.826912] [INFO] [course_manager] 코스 삭제
[2026-08-11 16:54:10.826914] [INFO] [path_server] 경로 삭제
[2026-08-11 16:54:15.924121] [INFO] [path_server] 새로운 경로 설정 : path[1100 ➜ 104] time[0s] dist[40.5003m] list[28] : 1100-1101-1102-1103-1104-1105-1106-1107-1108-1109-1110-1111-1112-1113-1114-1115-1116-1117-1118-1119-1120-1121-1122-1123-1179-1180-1181-104
[2026-08-11 16:54:18.259831] [INFO] [path_server] 노드 업데이트 : [1101] ➜ [1102]
[2026-08-11 16:54:18.339665] [INFO] [path_server] 새로운 경로 설정 : path[1101 ➜ 104] time[0s] dist[39.0003m] list[27] : 1101-1102-1103-1104-1105-1106-1107-1108-1109-1110-1111-1112-1113-1114-1115-1116-1117-1118-1119-1120-1121-1122-1123-1179-1180-1181-104
[2026-08-11 16:54:19.317845] [INFO] [path_server] 노드 업데이트 : [1102] ➜ [1103]
[2026-08-11 16:54:19.397756] [INFO] [path_server] 새로운 경로 설정 : path[1102 ➜ 104] time[0s] dist[37.5003m] list[26] : 1102-1103-1104-1105-1106-1107-1108-1109-1110-1111-1112-1113-1114-1115-1116-1117-1118-1119-1120-1121-1122-1123-1179-1180-1181-104
[2026-08-11 16:54:20.116379] [INFO] [path_server] 노드 업데이트 : [1103] ➜ [1104]
[2026-08-11 16:54:20.196254] [INFO] [path_server] 새로운 경로 설정 : path[1103 ➜ 104] time[0s] dist[36.0003m] list[25] : 1103-1104-1105-1106-1107-1108-1109-1110-1111-1112-1113-1114-1115-1116-1117-1118-1119-1120-1121-1122-1123-1179-1180-1181-104
[2026-08-11 16:54:20.874842] [INFO] [path_server] 노드 업데이트 : [1104] ➜ [1105]
[2026-08-11 16:54:20.954737] [INFO] [path_server] 새로운 경로 설정 : path[1104 ➜ 104] time[0s] dist[34.5003m] list[24] : 1104-1105-1106-1107-1108-1109-1110-1111-1112-1113-1114-1115-1116-1117-1118-1119-1120-1121-1122-1123-1179-1180-1181-104
[2026-08-11 16:54:22.272312] [INFO] [path_server] 노드 업데이트 : [1105] ➜ [1106]
[2026-08-11 16:54:22.332230] [INFO] [path_server] 새로운 경로 설정 : path[1105 ➜ 104] time[0s] dist[33.0003m] list[23] : 1105-1106-1107-1108-1109-1110-1111-1112-1113-1114-1115-1116-1117-1118-1119-1120-1121-1122-1123-1179-1180-1181-104
[2026-08-11 16:54:25.725976] [INFO] [path_server] 노드 업데이트 : [1106] ➜ [1107]
[2026-08-11 16:54:25.805835] [INFO] [path_server] 새로운 경로 설정 : path[1106 ➜ 104] time[0s] dist[31.5001m] list[22] : 1106-1107-1108-1109-1110-1111-1112-1113-1114-1115-1116-1117-1118-1119-1120-1121-1122-1123-1179-1180-1181-104
[2026-08-11 16:54:26.843644] [INFO] [path_server] 노드 업데이트 : [1107] ➜ [1108]
[2026-08-11 16:54:26.923575] [INFO] [path_server] 새로운 경로 설정 : path[1107 ➜ 104] time[0s] dist[30m] list[21] : 1107-1108-1109-1110-1111-1112-1113-1114-1115-1116-1117-1118-1119-1120-1121-1122-1123-1179-1180-1181-104
[2026-08-11 16:54:27.662069] [INFO] [path_server] 노드 업데이트 : [1108] ➜ [1109]
[2026-08-11 16:54:27.721976] [INFO] [path_server] 새로운 경로 설정 : path[1108 ➜ 104] time[0s] dist[28.5m] list[20] : 1108-1109-1110-1111-1112-1113-1114-1115-1116-1117-1118-1119-1120-1121-1122-1123-1179-1180-1181-104
[2026-08-11 16:54:28.400467] [INFO] [path_server] 노드 업데이트 : [1109] ➜ [1110]
[2026-08-11 16:54:28.480418] [INFO] [path_server] 새로운 경로 설정 : path[1109 ➜ 104] time[0s] dist[27m] list[19] : 1109-1110-1111-1112-1113-1114-1115-1116-1117-1118-1119-1120-1121-1122-1123-1179-1180-1181-104
[2026-08-11 16:54:29.159085] [INFO] [path_server] 노드 업데이트 : [1110] ➜ [1111]
[2026-08-11 16:54:29.218998] [INFO] [path_server] 새로운 경로 설정 : path[1110 ➜ 104] time[0s] dist[25.5m] list[18] : 1110-1111-1112-1113-1114-1115-1116-1117-1118-1119-1120-1121-1122-1123-1179-1180-1181-104
[2026-08-11 16:54:29.897574] [INFO] [path_server] 노드 업데이트 : [1111] ➜ [1112]
[2026-08-11 16:54:29.977498] [INFO] [path_server] 새로운 경로 설정 : path[1111 ➜ 104] time[0s] dist[24m] list[17] : 1111-1112-1113-1114-1115-1116-1117-1118-1119-1120-1121-1122-1123-1179-1180-1181-104
[2026-08-11 16:54:30.656108] [INFO] [path_server] 노드 업데이트 : [1112] ➜ [1113]
[2026-08-11 16:54:30.716015] [INFO] [path_server] 새로운 경로 설정 : path[1112 ➜ 104] time[0s] dist[22.5m] list[16] : 1112-1113-1114-1115-1116-1117-1118-1119-1120-1121-1122-1123-1179-1180-1181-104
[2026-08-11 16:54:31.414615] [INFO] [path_server] 노드 업데이트 : [1113] ➜ [1114]
[2026-08-11 16:54:31.494489] [INFO] [path_server] 새로운 경로 설정 : path[1113 ➜ 104] time[0s] dist[21m] list[15] : 1113-1114-1115-1116-1117-1118-1119-1120-1121-1122-1123-1179-1180-1181-104
[2026-08-11 16:54:32.153130] [INFO] [path_server] 노드 업데이트 : [1114] ➜ [1115]
[2026-08-11 16:54:32.213052] [INFO] [path_server] 새로운 경로 설정 : path[1114 ➜ 104] time[0s] dist[19.5m] list[14] : 1114-1115-1116-1117-1118-1119-1120-1121-1122-1123-1179-1180-1181-104
[2026-08-11 16:54:32.911652] [INFO] [path_server] 노드 업데이트 : [1115] ➜ [1116]
[2026-08-11 16:54:32.991528] [INFO] [path_server] 새로운 경로 설정 : path[1115 ➜ 104] time[0s] dist[18m] list[13] : 1115-1116-1117-1118-1119-1120-1121-1122-1123-1179-1180-1181-104
[2026-08-11 16:54:33.650292] [INFO] [path_server] 노드 업데이트 : [1116] ➜ [1117]
[2026-08-11 16:54:33.730271] [INFO] [path_server] 새로운 경로 설정 : path[1116 ➜ 104] time[0s] dist[16.5m] list[12] : 1116-1117-1118-1119-1120-1121-1122-1123-1179-1180-1181-104
[2026-08-11 16:54:34.408811] [INFO] [path_server] 노드 업데이트 : [1117] ➜ [1118]
[2026-08-11 16:54:34.468769] [INFO] [path_server] 새로운 경로 설정 : path[1117 ➜ 104] time[0s] dist[15m] list[11] : 1117-1118-1119-1120-1121-1122-1123-1179-1180-1181-104
[2026-08-11 16:54:35.147952] [INFO] [path_server] 노드 업데이트 : [1118] ➜ [1119]
[2026-08-11 16:54:35.227982] [INFO] [path_server] 새로운 경로 설정 : path[1118 ➜ 104] time[0s] dist[13.5m] list[10] : 1118-1119-1120-1121-1122-1123-1179-1180-1181-104
[2026-08-11 16:54:35.906847] [INFO] [path_server] 노드 업데이트 : [1119] ➜ [1120]
[2026-08-11 16:54:35.966766] [INFO] [path_server] 새로운 경로 설정 : path[1119 ➜ 104] time[0s] dist[12m] list[9] : 1119-1120-1121-1122-1123-1179-1180-1181-104
[2026-08-11 16:54:36.745228] [INFO] [path_server] 노드 업데이트 : [1120] ➜ [1121]
[2026-08-11 16:54:36.805132] [INFO] [path_server] 새로운 경로 설정 : path[1120 ➜ 104] time[0s] dist[10.5m] list[8] : 1120-1121-1122-1123-1179-1180-1181-104
[2026-08-11 16:54:40.398997] [INFO] [path_server] 노드 업데이트 : [1121] ➜ [1122]
[2026-08-11 16:54:40.458923] [INFO] [path_server] 새로운 경로 설정 : path[1121 ➜ 104] time[0s] dist[9m] list[7] : 1121-1122-1123-1179-1180-1181-104
[2026-08-11 16:54:41.756482] [INFO] [path_server] 노드 업데이트 : [1122] ➜ [1123]
[2026-08-11 16:54:41.836350] [INFO] [path_server] 새로운 경로 설정 : path[1122 ➜ 104] time[0s] dist[7.5m] list[6] : 1122-1123-1179-1180-1181-104
[2026-08-11 16:54:42.814478] [INFO] [path_server] 노드 업데이트 : [1123] ➜ [1179]
[2026-08-11 16:54:42.894393] [INFO] [path_server] 새로운 경로 설정 : path[1123 ➜ 104] time[0s] dist[6m] list[5] : 1123-1179-1180-1181-104
[2026-08-11 16:54:46.128046] [INFO] [path_server] 노드 업데이트 : [1179] ➜ [1180]
[2026-08-11 16:54:46.207893] [INFO] [path_server] 새로운 경로 설정 : path[1179 ➜ 104] time[0s] dist[4.5m] list[4] : 1179-1180-1181-104
[2026-08-11 16:54:47.365822] [INFO] [path_server] 노드 업데이트 : [1180] ➜ [1181]
[2026-08-11 16:54:47.445673] [INFO] [path_server] 새로운 경로 설정 : path[1180 ➜ 104] time[0s] dist[3m] list[3] : 1180-1181-104
[2026-08-11 16:54:48.703126] [INFO] [path_server] 노드 업데이트 : [1181] ➜ [104]
[2026-08-11 16:54:48.762980] [INFO] [path_server] 새로운 경로 설정 : path[1181 ➜ 104] time[0s] dist[1.5m] list[2] : 1181-104
[2026-08-11 16:54:53.893031] [INFO] [path_server] 노드 업데이트 : [104] ➜ [-1]
[2026-08-11 16:54:56.787150] [INFO] [course_tracker] 목적지에서 각도 정렬 : [5.500m 4.000m 0.000°]
[2026-08-11 16:54:56.827066] [INFO] [path_server] 노드 업데이트 : [104] ➜ [-1]
[2026-08-11 16:54:56.847007] [INFO] [task::fsm] push_done
[2026-08-11 16:54:56.906890] [INFO] [task::fsm] charging
[2026-08-11 16:54:56.906899] [INFO] [power_system] 충전 프로세스 시작
[2026-08-11 16:54:56.906912] [INFO] [health_monitor] [등록][100015, 100001] : 자동 충전 시작.
[2026-08-11 16:54:59.781112] [INFO] [health_monitor] [등록][100015, 200001] : 배터리 남은 양 - 주의
[2026-08-11 16:55:01.917182] [INFO] [health_monitor] [삭제][100015, 100001] : 자동 충전 시작.
[2026-08-11 16:55:02.236437] [INFO] [health_monitor] [삭제][100015, 200001] : 배터리 남은 양 - 주의
[2026-08-11 16:55:26.228844] [INFO] [power_system] 충전 완료
[2026-08-11 16:55:26.228859] [INFO] [health_monitor] [등록][100015, 100002] : 배터리 가득.
[2026-08-11 16:55:26.228861] [INFO] [health_monitor] [등록][100015, 100003] : 자동 충전 해제 시작.
[2026-08-11 16:55:31.238918] [INFO] [health_monitor] [삭제][100015, 100002] : 배터리 가득.
[2026-08-11 16:55:31.238924] [INFO] [health_monitor] [삭제][100015, 100003] : 자동 충전 해제 시작.
[2026-08-11 16:55:31.258919] [INFO] [power_system] 충전 해제 완료
[2026-08-11 16:55:31.258931] [INFO] [health_monitor] [등록][100015, 100004] : 자동 충전 해제 완료.
[2026-08-11 16:55:31.278874] [INFO] [task::fsm] discharging
[2026-08-11 16:55:31.278879] [INFO] [power_system] 충전 해제 프로세스 시작
[2026-08-11 16:55:31.278887] [INFO] [health_monitor] [등록][100015, 100003] : 자동 충전 해제 시작.
[2026-08-11 16:55:31.298753] [INFO] [task::fsm] idle
[2026-08-11 16:55:31.298758] [INFO] [course_manager] 코스 삭제
[2026-08-11 16:55:31.298759] [INFO] [path_server] 경로 삭제
[2026-08-11 16:55:31.338721] [INFO] [task::fsm] idle
[2026-08-11 16:55:31.338734] [INFO] [course_manager] 코스 삭제
[2026-08-11 16:55:31.338736] [INFO] [path_server] 경로 삭제
[2026-08-11 16:55:36.269174] [INFO] [health_monitor] [삭제][100015, 100004] : 자동 충전 해제 완료.
[2026-08-11 16:55:36.289154] [INFO] [health_monitor] [삭제][100015, 100003] : 자동 충전 해제 시작.
[2026-08-11 16:56:26.330695] [INFO] [task::fsm] charging
[2026-08-11 16:56:26.330717] [INFO] [health_monitor] [등록][100015, 100001] : 자동 충전 시작.
[2026-08-11 16:56:26.330703] [INFO] [power_system] 충전 프로세스 시작
[2026-08-11 16:56:31.340792] [INFO] [health_monitor] [삭제][100015, 100001] : 자동 충전 시작.
[2026-08-11 16:56:40.042843] [INFO] [power_system] 충전 완료
[2026-08-11 16:56:40.042859] [INFO] [health_monitor] [등록][100015, 100002] : 배터리 가득.
[2026-08-11 16:56:40.042862] [INFO] [health_monitor] [등록][100015, 100003] : 자동 충전 해제 시작.
[2026-08-11 16:56:40.502006] [INFO] [path_server] 새로운 경로 설정 : path[104 ➜ 205] time[0s] dist[30m] list[21] : 104-1181-1182-1183-1184-1045-1046-1047-1048-1001-1002-1003-1004-1013-1049-1050-1014-1201-1200-1202-205
[2026-08-11 16:56:45.052893] [INFO] [health_monitor] [삭제][100015, 100002] : 배터리 가득.
[2026-08-11 16:56:45.052898] [INFO] [health_monitor] [삭제][100015, 100003] : 자동 충전 해제 시작.
[2026-08-11 16:56:47.667573] [INFO] [path_server] 노드 업데이트 : [1181] ➜ [1182]
[2026-08-11 16:56:47.747542] [INFO] [path_server] 새로운 경로 설정 : path[1181 ➜ 205] time[0s] dist[28.5m] list[20] : 1181-1182-1183-1184-1045-1046-1047-1048-1001-1002-1003-1004-1013-1049-1050-1014-1201-1200-1202-205
[2026-08-11 16:56:51.280436] [INFO] [path_server] 노드 업데이트 : [1182] ➜ [1183]
[2026-08-11 16:56:51.360358] [INFO] [path_server] 새로운 경로 설정 : path[1182 ➜ 205] time[0s] dist[27m] list[19] : 1182-1183-1184-1045-1046-1047-1048-1001-1002-1003-1004-1013-1049-1050-1014-1201-1200-1202-205
[2026-08-11 16:56:52.418144] [INFO] [path_server] 노드 업데이트 : [1183] ➜ [1184]
[2026-08-11 16:56:52.498088] [INFO] [path_server] 새로운 경로 설정 : path[1183 ➜ 205] time[0s] dist[25.5m] list[18] : 1183-1184-1045-1046-1047-1048-1001-1002-1003-1004-1013-1049-1050-1014-1201-1200-1202-205
[2026-08-11 16:56:53.236537] [INFO] [path_server] 노드 업데이트 : [1184] ➜ [1045]
[2026-08-11 16:56:53.296433] [INFO] [path_server] 새로운 경로 설정 : path[1184 ➜ 205] time[0s] dist[24m] list[17] : 1184-1045-1046-1047-1048-1001-1002-1003-1004-1013-1049-1050-1014-1201-1200-1202-205
[2026-08-11 16:56:54.573947] [INFO] [path_server] 노드 업데이트 : [1045] ➜ [1046]
[2026-08-11 16:56:54.653839] [INFO] [path_server] 새로운 경로 설정 : path[1045 ➜ 205] time[0s] dist[22.5m] list[16] : 1045-1046-1047-1048-1001-1002-1003-1004-1013-1049-1050-1014-1201-1200-1202-205
[2026-08-11 16:56:57.907556] [INFO] [path_server] 노드 업데이트 : [1046] ➜ [1047]
[2026-08-11 16:56:57.967476] [INFO] [path_server] 새로운 경로 설정 : path[1046 ➜ 205] time[0s] dist[21m] list[15] : 1046-1047-1048-1001-1002-1003-1004-1013-1049-1050-1014-1201-1200-1202-205
[2026-08-11 16:56:59.045388] [INFO] [path_server] 노드 업데이트 : [1047] ➜ [1048]
[2026-08-11 16:56:59.105280] [INFO] [path_server] 새로운 경로 설정 : path[1047 ➜ 205] time[0s] dist[19.5m] list[14] : 1047-1048-1001-1002-1003-1004-1013-1049-1050-1014-1201-1200-1202-205
[2026-08-11 16:56:59.863810] [INFO] [path_server] 노드 업데이트 : [1048] ➜ [1001]
[2026-08-11 16:56:59.943700] [INFO] [path_server] 새로운 경로 설정 : path[1048 ➜ 205] time[0s] dist[18m] list[13] : 1048-1001-1002-1003-1004-1013-1049-1050-1014-1201-1200-1202-205
[2026-08-11 16:57:00.622252] [INFO] [path_server] 노드 업데이트 : [1001] ➜ [1002]
[2026-08-11 16:57:00.702198] [INFO] [path_server] 새로운 경로 설정 : path[1001 ➜ 205] time[0s] dist[16.5m] list[12] : 1001-1002-1003-1004-1013-1049-1050-1014-1201-1200-1202-205
[2026-08-11 16:57:01.380818] [INFO] [path_server] 노드 업데이트 : [1002] ➜ [1003]
[2026-08-11 16:57:01.460748] [INFO] [path_server] 새로운 경로 설정 : path[1002 ➜ 205] time[0s] dist[15m] list[11] : 1002-1003-1004-1013-1049-1050-1014-1201-1200-1202-205
[2026-08-11 16:57:02.119427] [INFO] [path_server] 노드 업데이트 : [1003] ➜ [1004]
[2026-08-11 16:57:02.199309] [INFO] [path_server] 새로운 경로 설정 : path[1003 ➜ 205] time[0s] dist[13.5m] list[10] : 1003-1004-1013-1049-1050-1014-1201-1200-1202-205
[2026-08-11 16:57:03.436838] [INFO] [path_server] 노드 업데이트 : [1004] ➜ [1013]
[2026-08-11 16:57:03.516716] [INFO] [path_server] 새로운 경로 설정 : path[1004 ➜ 205] time[0s] dist[12m] list[9] : 1004-1013-1049-1050-1014-1201-1200-1202-205
[2026-08-11 16:57:06.790101] [INFO] [path_server] 노드 업데이트 : [1013] ➜ [1049]
[2026-08-11 16:57:06.869960] [INFO] [path_server] 새로운 경로 설정 : path[1013 ➜ 205] time[0s] dist[10.5m] list[8] : 1013-1049-1050-1014-1201-1200-1202-205
[2026-08-11 16:57:07.907855] [INFO] [path_server] 노드 업데이트 : [1049] ➜ [1050]
[2026-08-11 16:57:07.987765] [INFO] [path_server] 새로운 경로 설정 : path[1049 ➜ 205] time[0s] dist[9m] list[7] : 1049-1050-1014-1201-1200-1202-205
[2026-08-11 16:57:09.245226] [INFO] [path_server] 노드 업데이트 : [1050] ➜ [1014]
[2026-08-11 16:57:09.325144] [INFO] [path_server] 새로운 경로 설정 : path[1050 ➜ 205] time[0s] dist[7.5m] list[6] : 1050-1014-1201-1200-1202-205
[2026-08-11 16:57:12.639029] [INFO] [path_server] 노드 업데이트 : [1014] ➜ [1201]
[2026-08-11 16:57:12.718917] [INFO] [path_server] 새로운 경로 설정 : path[1014 ➜ 205] time[0s] dist[6m] list[5] : 1014-1201-1200-1202-205
[2026-08-11 16:57:13.756758] [INFO] [path_server] 노드 업데이트 : [1201] ➜ [1200]
[2026-08-11 16:57:13.836674] [INFO] [path_server] 새로운 경로 설정 : path[1201 ➜ 205] time[0s] dist[4.5m] list[4] : 1201-1200-1202-205
[2026-08-11 16:57:14.575176] [INFO] [path_server] 노드 업데이트 : [1200] ➜ [1202]
[2026-08-11 16:57:14.635084] [INFO] [path_server] 새로운 경로 설정 : path[1200 ➜ 205] time[0s] dist[3m] list[3] : 1200-1202-205
[2026-08-11 16:57:15.914367] [INFO] [path_server] 노드 업데이트 : [1202] ➜ [205]
[2026-08-11 16:57:15.994279] [INFO] [path_server] 새로운 경로 설정 : path[1202 ➜ 205] time[0s] dist[1.5m] list[2] : 1202-205
[2026-08-11 16:57:21.124447] [INFO] [path_server] 노드 업데이트 : [205] ➜ [-1]
[2026-08-11 16:57:24.018700] [INFO] [course_tracker] 목적지에서 각도 정렬 : [23.500m 7.000m 0.000°]
[2026-08-11 16:57:24.058563] [INFO] [path_server] 노드 업데이트 : [205] ➜ [-1]
[2026-08-11 16:57:24.078572] [INFO] [task::fsm] push_done
[2026-08-11 16:57:24.138465] [INFO] [task::fsm] idle
[2026-08-11 16:57:24.138475] [INFO] [path_server] 경로 삭제
[2026-08-11 16:57:24.138473] [INFO] [course_manager] 코스 삭제
[2026-08-11 16:59:11.074572] [INFO] [health_monitor] [등록][100015, 200001] : 배터리 남은 양 - 주의
[2026-08-11 17:00:15.648336] [INFO] [path_server] 새로운 경로 설정 : path[205 ➜ 105] time[0s] dist[70.5m] list[48] : 205-1202-1203-1204-1205-1206-1207-1208-1145-1146-1147-1148-1077-1029-1030-1031-1032-1033-1034-1007-1008-1009-1010-1011-1012-1035-1036-1037-1038-1039-1040-1041-1042-1112-1113-1114-1115-1116-1117-1118-1119-1120-1121-1122-1123-1179-1180-105
[2026-08-11 17:00:20.538203] [INFO] [path_server] 노드 업데이트 : [1202] ➜ [1203]
[2026-08-11 17:00:20.598143] [INFO] [path_server] 새로운 경로 설정 : path[1202 ➜ 105] time[0s] dist[69m] list[47] : 1202-1203-1204-1205-1206-1207-1208-1145-1146-1147-1148-1077-1029-1030-1031-1032-1033-1034-1007-1008-1009-1010-1011-1012-1035-1036-1037-1038-1039-1040-1041-1042-1112-1113-1114-1115-1116-1117-1118-1119-1120-1121-1122-1123-1179-1180-105
[2026-08-11 17:00:24.150914] [INFO] [path_server] 노드 업데이트 : [1203] ➜ [1204]
[2026-08-11 17:00:24.230813] [INFO] [path_server] 새로운 경로 설정 : path[1203 ➜ 105] time[0s] dist[67.5m] list[46] : 1203-1204-1205-1206-1207-1208-1145-1146-1147-1148-1077-1029-1030-1031-1032-1033-1034-1007-1008-1009-1010-1011-1012-1035-1036-1037-1038-1039-1040-1041-1042-1112-1113-1114-1115-1116-1117-1118-1119-1120-1121-1122-1123-1179-1180-105
[2026-08-11 17:00:25.288479] [INFO] [path_server] 노드 업데이트 : [1204] ➜ [1205]
[2026-08-11 17:00:25.368432] [INFO] [path_server] 새로운 경로 설정 : path[1204 ➜ 105] time[0s] dist[66m] list[45] : 1204-1205-1206-1207-1208-1145-1146-1147-1148-1077-1029-1030-1031-1032-1033-1034-1007-1008-1009-1010-1011-1012-1035-1036-1037-1038-1039-1040-1041-1042-1112-1113-1114-1115-1116-1117-1118-1119-1120-1121-1122-1123-1179-1180-105
[2026-08-11 17:00:26.107075] [INFO] [path_server] 노드 업데이트 : [1205] ➜ [1206]
[2026-08-11 17:00:26.167012] [INFO] [path_server] 새로운 경로 설정 : path[1205 ➜ 105] time[0s] dist[64.5m] list[44] : 1205-1206-1207-1208-1145-1146-1147-1148-1077-1029-1030-1031-1032-1033-1034-1007-1008-1009-1010-1011-1012-1035-1036-1037-1038-1039-1040-1041-1042-1112-1113-1114-1115-1116-1117-1118-1119-1120-1121-1122-1123-1179-1180-105
[2026-08-11 17:00:26.865596] [INFO] [path_server] 노드 업데이트 : [1206] ➜ [1207]
[2026-08-11 17:00:26.965424] [INFO] [path_server] 새로운 경로 설정 : path[1206 ➜ 105] time[0s] dist[63.01m] list[43] : 1206-1207-1208-1145-1146-1147-1148-1077-1029-1030-1031-1032-1033-1034-1007-1008-1009-1010-1011-1012-1035-1036-1037-1038-1039-1040-1041-1042-1112-1113-1114-1115-1116-1117-1118-1119-1120-1121-1122-1123-1179-1180-105
[2026-08-11 17:00:27.624041] [INFO] [path_server] 노드 업데이트 : [1207] ➜ [1208]
[2026-08-11 17:00:27.704001] [INFO] [path_server] 새로운 경로 설정 : path[1207 ➜ 105] time[0s] dist[61.5m] list[42] : 1207-1208-1145-1146-1147-1148-1077-1029-1030-1031-1032-1033-1034-1007-1008-1009-1010-1011-1012-1035-1036-1037-1038-1039-1040-1041-1042-1112-1113-1114-1115-1116-1117-1118-1119-1120-1121-1122-1123-1179-1180-105
[2026-08-11 17:00:28.362815] [INFO] [path_server] 노드 업데이트 : [1208] ➜ [1145]
[2026-08-11 17:00:28.422832] [INFO] [path_server] 새로운 경로 설정 : path[1208 ➜ 105] time[0s] dist[60m] list[41] : 1208-1145-1146-1147-1148-1077-1029-1030-1031-1032-1033-1034-1007-1008-1009-1010-1011-1012-1035-1036-1037-1038-1039-1040-1041-1042-1112-1113-1114-1115-1116-1117-1118-1119-1120-1121-1122-1123-1179-1180-105
[2026-08-11 17:00:29.680220] [INFO] [path_server] 노드 업데이트 : [1145] ➜ [1146]
[2026-08-11 17:00:29.740139] [INFO] [path_server] 새로운 경로 설정 : path[1145 ➜ 105] time[0s] dist[58.5m] list[40] : 1145-1146-1147-1148-1077-1029-1030-1031-1032-1033-1034-1007-1008-1009-1010-1011-1012-1035-1036-1037-1038-1039-1040-1041-1042-1112-1113-1114-1115-1116-1117-1118-1119-1120-1121-1122-1123-1179-1180-105
[2026-08-11 17:00:33.053284] [INFO] [path_server] 노드 업데이트 : [1146] ➜ [1147]
[2026-08-11 17:00:33.133240] [INFO] [path_server] 새로운 경로 설정 : path[1146 ➜ 105] time[0s] dist[57m] list[39] : 1146-1147-1148-1077-1029-1030-1031-1032-1033-1034-1007-1008-1009-1010-1011-1012-1035-1036-1037-1038-1039-1040-1041-1042-1112-1113-1114-1115-1116-1117-1118-1119-1120-1121-1122-1123-1179-1180-105
[2026-08-11 17:00:34.171083] [INFO] [path_server] 노드 업데이트 : [1147] ➜ [1148]
[2026-08-11 17:00:34.231002] [INFO] [path_server] 새로운 경로 설정 : path[1147 ➜ 105] time[0s] dist[55.5m] list[38] : 1147-1148-1077-1029-1030-1031-1032-1033-1034-1007-1008-1009-1010-1011-1012-1035-1036-1037-1038-1039-1040-1041-1042-1112-1113-1114-1115-1116-1117-1118-1119-1120-1121-1122-1123-1179-1180-105
[2026-08-11 17:00:34.989407] [INFO] [path_server] 노드 업데이트 : [1148] ➜ [1077]
[2026-08-11 17:00:35.069309] [INFO] [path_server] 새로운 경로 설정 : path[1148 ➜ 105] time[0s] dist[54m] list[37] : 1148-1077-1029-1030-1031-1032-1033-1034-1007-1008-1009-1010-1011-1012-1035-1036-1037-1038-1039-1040-1041-1042-1112-1113-1114-1115-1116-1117-1118-1119-1120-1121-1122-1123-1179-1180-105
[2026-08-11 17:00:36.326699] [INFO] [path_server] 노드 업데이트 : [1077] ➜ [1029]
[2026-08-11 17:00:36.386598] [INFO] [path_server] 새로운 경로 설정 : path[1077 ➜ 105] time[0s] dist[52.5m] list[36] : 1077-1029-1030-1031-1032-1033-1034-1007-1008-1009-1010-1011-1012-1035-1036-1037-1038-1039-1040-1041-1042-1112-1113-1114-1115-1116-1117-1118-1119-1120-1121-1122-1123-1179-1180-105
[2026-08-11 17:00:39.660096] [INFO] [path_server] 노드 업데이트 : [1029] ➜ [1030]
[2026-08-11 17:00:39.740007] [INFO] [path_server] 새로운 경로 설정 : path[1029 ➜ 105] time[0s] dist[51m] list[35] : 1029-1030-1031-1032-1033-1034-1007-1008-1009-1010-1011-1012-1035-1036-1037-1038-1039-1040-1041-1042-1112-1113-1114-1115-1116-1117-1118-1119-1120-1121-1122-1123-1179-1180-105
[2026-08-11 17:00:40.798011] [INFO] [path_server] 노드 업데이트 : [1030] ➜ [1031]
[2026-08-11 17:00:40.857939] [INFO] [path_server] 새로운 경로 설정 : path[1030 ➜ 105] time[0s] dist[49.5m] list[34] : 1030-1031-1032-1033-1034-1007-1008-1009-1010-1011-1012-1035-1036-1037-1038-1039-1040-1041-1042-1112-1113-1114-1115-1116-1117-1118-1119-1120-1121-1122-1123-1179-1180-105
[2026-08-11 17:00:41.616532] [INFO] [path_server] 노드 업데이트 : [1031] ➜ [1032]
[2026-08-11 17:00:41.696501] [INFO] [path_server] 새로운 경로 설정 : path[1031 ➜ 105] time[0s] dist[48m] list[33] : 1031-1032-1033-1034-1007-1008-1009-1010-1011-1012-1035-1036-1037-1038-1039-1040-1041-1042-1112-1113-1114-1115-1116-1117-1118-1119-1120-1121-1122-1123-1179-1180-105
[2026-08-11 17:00:42.375001] [INFO] [path_server] 노드 업데이트 : [1032] ➜ [1033]
[2026-08-11 17:00:42.454959] [INFO] [path_server] 새로운 경로 설정 : path[1032 ➜ 105] time[0s] dist[46.5m] list[32] : 1032-1033-1034-1007-1008-1009-1010-1011-1012-1035-1036-1037-1038-1039-1040-1041-1042-1112-1113-1114-1115-1116-1117-1118-1119-1120-1121-1122-1123-1179-1180-105
[2026-08-11 17:00:43.133641] [INFO] [path_server] 노드 업데이트 : [1033] ➜ [1034]
[2026-08-11 17:00:43.193556] [INFO] [path_server] 새로운 경로 설정 : path[1033 ➜ 105] time[0s] dist[45m] list[31] : 1033-1034-1007-1008-1009-1010-1011-1012-1035-1036-1037-1038-1039-1040-1041-1042-1112-1113-1114-1115-1116-1117-1118-1119-1120-1121-1122-1123-1179-1180-105
[2026-08-11 17:00:43.872152] [INFO] [path_server] 노드 업데이트 : [1034] ➜ [1007]
[2026-08-11 17:00:43.952046] [INFO] [path_server] 새로운 경로 설정 : path[1034 ➜ 105] time[0s] dist[43.5m] list[30] : 1034-1007-1008-1009-1010-1011-1012-1035-1036-1037-1038-1039-1040-1041-1042-1112-1113-1114-1115-1116-1117-1118-1119-1120-1121-1122-1123-1179-1180-105
[2026-08-11 17:00:44.630758] [INFO] [path_server] 노드 업데이트 : [1007] ➜ [1008]
[2026-08-11 17:00:44.690681] [INFO] [path_server] 새로운 경로 설정 : path[1007 ➜ 105] time[0s] dist[42m] list[29] : 1007-1008-1009-1010-1011-1012-1035-1036-1037-1038-1039-1040-1041-1042-1112-1113-1114-1115-1116-1117-1118-1119-1120-1121-1122-1123-1179-1180-105
[2026-08-11 17:00:45.369470] [INFO] [path_server] 노드 업데이트 : [1008] ➜ [1009]
[2026-08-11 17:00:45.449442] [INFO] [path_server] 새로운 경로 설정 : path[1008 ➜ 105] time[0s] dist[40.5m] list[28] : 1008-1009-1010-1011-1012-1035-1036-1037-1038-1039-1040-1041-1042-1112-1113-1114-1115-1116-1117-1118-1119-1120-1121-1122-1123-1179-1180-105
[2026-08-11 17:00:46.128117] [INFO] [path_server] 노드 업데이트 : [1009] ➜ [1010]
[2026-08-11 17:00:46.188075] [INFO] [path_server] 새로운 경로 설정 : path[1009 ➜ 105] time[0s] dist[39m] list[27] : 1009-1010-1011-1012-1035-1036-1037-1038-1039-1040-1041-1042-1112-1113-1114-1115-1116-1117-1118-1119-1120-1121-1122-1123-1179-1180-105
[2026-08-11 17:00:46.866710] [INFO] [path_server] 노드 업데이트 : [1010] ➜ [1011]
[2026-08-11 17:00:46.946663] [INFO] [path_server] 새로운 경로 설정 : path[1010 ➜ 105] time[0s] dist[37.5m] list[26] : 1010-1011-1012-1035-1036-1037-1038-1039-1040-1041-1042-1112-1113-1114-1115-1116-1117-1118-1119-1120-1121-1122-1123-1179-1180-105
[2026-08-11 17:00:47.625329] [INFO] [path_server] 노드 업데이트 : [1011] ➜ [1012]
[2026-08-11 17:00:47.685215] [INFO] [path_server] 새로운 경로 설정 : path[1011 ➜ 105] time[0s] dist[36m] list[25] : 1011-1012-1035-1036-1037-1038-1039-1040-1041-1042-1112-1113-1114-1115-1116-1117-1118-1119-1120-1121-1122-1123-1179-1180-105
[2026-08-11 17:00:48.383862] [INFO] [path_server] 노드 업데이트 : [1012] ➜ [1035]
[2026-08-11 17:00:48.463789] [INFO] [path_server] 새로운 경로 설정 : path[1012 ➜ 105] time[0s] dist[34.5m] list[24] : 1012-1035-1036-1037-1038-1039-1040-1041-1042-1112-1113-1114-1115-1116-1117-1118-1119-1120-1121-1122-1123-1179-1180-105
[2026-08-11 17:00:49.122455] [INFO] [path_server] 노드 업데이트 : [1035] ➜ [1036]
[2026-08-11 17:00:49.182360] [INFO] [path_server] 새로운 경로 설정 : path[1035 ➜ 105] time[0s] dist[33m] list[23] : 1035-1036-1037-1038-1039-1040-1041-1042-1112-1113-1114-1115-1116-1117-1118-1119-1120-1121-1122-1123-1179-1180-105
[2026-08-11 17:00:49.881071] [INFO] [path_server] 노드 업데이트 : [1036] ➜ [1037]
[2026-08-11 17:00:49.960915] [INFO] [path_server] 새로운 경로 설정 : path[1036 ➜ 105] time[0s] dist[31.5m] list[22] : 1036-1037-1038-1039-1040-1041-1042-1112-1113-1114-1115-1116-1117-1118-1119-1120-1121-1122-1123-1179-1180-105
[2026-08-11 17:00:50.619662] [INFO] [path_server] 노드 업데이트 : [1037] ➜ [1038]
[2026-08-11 17:00:50.679581] [INFO] [path_server] 새로운 경로 설정 : path[1037 ➜ 105] time[0s] dist[30m] list[21] : 1037-1038-1039-1040-1041-1042-1112-1113-1114-1115-1116-1117-1118-1119-1120-1121-1122-1123-1179-1180-105
[2026-08-11 17:00:51.378158] [INFO] [path_server] 노드 업데이트 : [1038] ➜ [1039]
[2026-08-11 17:00:51.457999] [INFO] [path_server] 새로운 경로 설정 : path[1038 ➜ 105] time[0s] dist[28.5m] list[20] : 1038-1039-1040-1041-1042-1112-1113-1114-1115-1116-1117-1118-1119-1120-1121-1122-1123-1179-1180-105
[2026-08-11 17:00:52.116656] [INFO] [path_server] 노드 업데이트 : [1039] ➜ [1040]
[2026-08-11 17:00:52.176568] [INFO] [path_server] 새로운 경로 설정 : path[1039 ➜ 105] time[0s] dist[27m] list[19] : 1039-1040-1041-1042-1112-1113-1114-1115-1116-1117-1118-1119-1120-1121-1122-1123-1179-1180-105
[2026-08-11 17:00:52.875210] [INFO] [path_server] 노드 업데이트 : [1040] ➜ [1041]
[2026-08-11 17:00:52.955122] [INFO] [path_server] 새로운 경로 설정 : path[1040 ➜ 105] time[0s] dist[25.5m] list[18] : 1040-1041-1042-1112-1113-1114-1115-1116-1117-1118-1119-1120-1121-1122-1123-1179-1180-105
[2026-08-11 17:00:53.633897] [INFO] [path_server] 노드 업데이트 : [1041] ➜ [1042]
[2026-08-11 17:00:53.713845] [INFO] [path_server] 새로운 경로 설정 : path[1041 ➜ 105] time[0s] dist[24m] list[17] : 1041-1042-1112-1113-1114-1115-1116-1117-1118-1119-1120-1121-1122-1123-1179-1180-105
[2026-08-11 17:00:54.372584] [INFO] [path_server] 노드 업데이트 : [1042] ➜ [1112]
[2026-08-11 17:00:54.432519] [INFO] [path_server] 새로운 경로 설정 : path[1042 ➜ 105] time[0s] dist[22.5m] list[16] : 1042-1112-1113-1114-1115-1116-1117-1118-1119-1120-1121-1122-1123-1179-1180-105
[2026-08-11 17:00:55.689952] [INFO] [path_server] 노드 업데이트 : [1112] ➜ [1113]
[2026-08-11 17:00:55.749852] [INFO] [path_server] 새로운 경로 설정 : path[1112 ➜ 105] time[0s] dist[21m] list[15] : 1112-1113-1114-1115-1116-1117-1118-1119-1120-1121-1122-1123-1179-1180-105
[2026-08-11 17:00:59.043207] [INFO] [path_server] 노드 업데이트 : [1113] ➜ [1114]
[2026-08-11 17:00:59.103123] [INFO] [path_server] 새로운 경로 설정 : path[1113 ➜ 105] time[0s] dist[19.5m] list[14] : 1113-1114-1115-1116-1117-1118-1119-1120-1121-1122-1123-1179-1180-105
[2026-08-11 17:01:00.181011] [INFO] [path_server] 노드 업데이트 : [1114] ➜ [1115]
[2026-08-11 17:01:00.240922] [INFO] [path_server] 새로운 경로 설정 : path[1114 ➜ 105] time[0s] dist[18m] list[13] : 1114-1115-1116-1117-1118-1119-1120-1121-1122-1123-1179-1180-105
[2026-08-11 17:01:00.999405] [INFO] [path_server] 노드 업데이트 : [1115] ➜ [1116]
[2026-08-11 17:01:01.079277] [INFO] [path_server] 새로운 경로 설정 : path[1115 ➜ 105] time[0s] dist[16.5m] list[12] : 1115-1116-1117-1118-1119-1120-1121-1122-1123-1179-1180-105
[2026-08-11 17:01:01.757760] [INFO] [path_server] 노드 업데이트 : [1116] ➜ [1117]
[2026-08-11 17:01:01.837735] [INFO] [path_server] 새로운 경로 설정 : path[1116 ➜ 105] time[0s] dist[15m] list[11] : 1116-1117-1118-1119-1120-1121-1122-1123-1179-1180-105
[2026-08-11 17:01:02.516352] [INFO] [path_server] 노드 업데이트 : [1117] ➜ [1118]
[2026-08-11 17:01:02.576232] [INFO] [path_server] 새로운 경로 설정 : path[1117 ➜ 105] time[0s] dist[13.5m] list[10] : 1117-1118-1119-1120-1121-1122-1123-1179-1180-105
[2026-08-11 17:01:03.254775] [INFO] [path_server] 노드 업데이트 : [1118] ➜ [1119]
[2026-08-11 17:01:03.334680] [INFO] [path_server] 새로운 경로 설정 : path[1118 ➜ 105] time[0s] dist[12m] list[9] : 1118-1119-1120-1121-1122-1123-1179-1180-105
[2026-08-11 17:01:04.013515] [INFO] [path_server] 노드 업데이트 : [1119] ➜ [1120]
[2026-08-11 17:01:04.073403] [INFO] [path_server] 새로운 경로 설정 : path[1119 ➜ 105] time[0s] dist[10.5m] list[8] : 1119-1120-1121-1122-1123-1179-1180-105
[2026-08-11 17:01:04.851979] [INFO] [path_server] 노드 업데이트 : [1120] ➜ [1121]
[2026-08-11 17:01:04.931829] [INFO] [path_server] 새로운 경로 설정 : path[1120 ➜ 105] time[0s] dist[9m] list[7] : 1120-1121-1122-1123-1179-1180-105
[2026-08-11 17:01:08.505207] [INFO] [path_server] 노드 업데이트 : [1121] ➜ [1122]
[2026-08-11 17:01:08.585125] [INFO] [path_server] 새로운 경로 설정 : path[1121 ➜ 105] time[0s] dist[7.5m] list[6] : 1121-1122-1123-1179-1180-105
[2026-08-11 17:01:09.862552] [INFO] [path_server] 노드 업데이트 : [1122] ➜ [1123]
[2026-08-11 17:01:09.922468] [INFO] [path_server] 새로운 경로 설정 : path[1122 ➜ 105] time[0s] dist[6m] list[5] : 1122-1123-1179-1180-105
[2026-08-11 17:01:10.920563] [INFO] [path_server] 노드 업데이트 : [1123] ➜ [1179]
[2026-08-11 17:01:11.000435] [INFO] [path_server] 새로운 경로 설정 : path[1123 ➜ 105] time[0s] dist[4.5m] list[4] : 1123-1179-1180-105
[2026-08-11 17:01:14.233873] [INFO] [path_server] 노드 업데이트 : [1179] ➜ [1180]
[2026-08-11 17:01:14.293755] [INFO] [path_server] 새로운 경로 설정 : path[1179 ➜ 105] time[0s] dist[3m] list[3] : 1179-1180-105
[2026-08-11 17:01:15.610982] [INFO] [path_server] 노드 업데이트 : [1180] ➜ [105]
[2026-08-11 17:01:15.670884] [INFO] [path_server] 새로운 경로 설정 : path[1180 ➜ 105] time[0s] dist[1.5m] list[2] : 1180-105
[2026-08-11 17:01:20.821689] [INFO] [path_server] 노드 업데이트 : [105] ➜ [-1]
[2026-08-11 17:01:23.695877] [INFO] [course_tracker] 목적지에서 각도 정렬 : [5.500m 2.500m 0.000°]
[2026-08-11 17:01:23.735820] [INFO] [path_server] 노드 업데이트 : [105] ➜ [-1]
[2026-08-11 17:01:23.755718] [INFO] [task::fsm] push_done
[2026-08-11 17:01:23.795701] [INFO] [task::fsm] charging
[2026-08-11 17:01:23.795735] [INFO] [health_monitor] [등록][100015, 100001] : 자동 충전 시작.
[2026-08-11 17:01:23.795710] [INFO] [power_system] 충전 프로세스 시작
[2026-08-11 17:01:28.805577] [INFO] [health_monitor] [삭제][100015, 100001] : 자동 충전 시작.
[2026-08-11 17:01:40.841111] [INFO] [health_monitor] [삭제][100015, 200001] : 배터리 남은 양 - 주의
[2026-08-11 17:02:04.832459] [INFO] [power_system] 충전 완료
[2026-08-11 17:02:04.832483] [INFO] [health_monitor] [등록][100015, 100003] : 자동 충전 해제 시작.
[2026-08-11 17:02:04.832479] [INFO] [health_monitor] [등록][100015, 100002] : 배터리 가득.
[2026-08-11 17:02:09.842346] [INFO] [health_monitor] [삭제][100015, 100002] : 배터리 가득.
[2026-08-11 17:02:09.842355] [INFO] [health_monitor] [삭제][100015, 100003] : 자동 충전 해제 시작.
[2026-08-11 17:02:09.862333] [INFO] [power_system] 충전 해제 완료
[2026-08-11 17:02:09.862343] [INFO] [health_monitor] [등록][100015, 100004] : 자동 충전 해제 완료.
[2026-08-11 17:02:09.882290] [INFO] [task::fsm] discharging
[2026-08-11 17:02:09.882296] [INFO] [power_system] 충전 해제 프로세스 시작
[2026-08-11 17:02:09.882304] [INFO] [health_monitor] [등록][100015, 100003] : 자동 충전 해제 시작.
[2026-08-11 17:02:09.902226] [INFO] [task::fsm] idle
[2026-08-11 17:02:09.902236] [INFO] [path_server] 경로 삭제
[2026-08-11 17:02:09.902234] [INFO] [course_manager] 코스 삭제
[2026-08-11 17:02:09.942185] [INFO] [task::fsm] idle
[2026-08-11 17:02:09.942192] [INFO] [path_server] 경로 삭제
[2026-08-11 17:02:09.942190] [INFO] [course_manager] 코스 삭제
[2026-08-11 17:02:14.872255] [INFO] [health_monitor] [삭제][100015, 100004] : 자동 충전 해제 완료.
[2026-08-11 17:02:14.892283] [INFO] [health_monitor] [삭제][100015, 100003] : 자동 충전 해제 시작.
[2026-08-11 17:03:34.366405] [INFO] [framework] 프로그램 시작
[2026-08-11 17:03:34.366408] [WARNING] [framework] 프로그램 시작
[2026-08-11 17:03:34.366413] [INFO] [framework] 설정 파일 위치 : ../configs/robot_10
[2026-08-11 17:03:34.366412] [CRITICAL] [framework] 프로그램 시작
[2026-08-11 17:03:34.366557] [INFO] [framework] ID[0, 10], 이름[전시입], 제어주기[20ms], 버젼[], 장소[우리집], 환경모드[simulation]
[2026-08-11 17:03:34.366578] [INFO] [mediator] 생성
[2026-08-11 17:03:34.366599] [INFO] [graph_manager] 생성
[2026-08-11 17:03:34.391582] [INFO] [stop_server] 생성
[2026-08-11 17:03:34.391597] [INFO] [health_monitor] 생성
[2026-08-11 17:03:34.391625] [INFO] [path_server] 생성
[2026-08-11 17:03:34.391641] [INFO] [course_manager] 생성
[2026-08-11 17:03:34.391656] [INFO] [task::fsm] 생성
[2026-08-11 17:03:34.391657] [INFO] [task::fsm] idle
[2026-08-11 17:03:34.391662] [INFO] [course_manager] 코스 삭제
[2026-08-11 17:03:34.391663] [INFO] [path_server] 경로 삭제
[2026-08-11 17:03:34.391676] [INFO] [task_manager] 생성
[2026-08-11 17:03:34.391785] [INFO] [mediator] connectors 생성
[2026-08-11 17:03:34.391801] [INFO] [fms] 생성
[2026-08-11 17:03:34.391803] [INFO] [fms] 통신 드라이버 생성
[2026-08-11 17:03:34.392063] [INFO] [motions] 생성
[2026-08-11 17:03:34.392080] [INFO] [localizers] 생성
[2026-08-11 17:03:34.392172] [INFO] [localizers] 파라미터 : 

[2026-08-11 17:03:34.392187] [INFO] [safety_plc] 생성
[2026-08-11 17:03:34.392201] [INFO] [load_handler] 생성
[2026-08-11 17:03:34.392213] [INFO] [power_system] 생성
[2026-08-11 17:03:34.392308] [INFO] [power_system] 설정 정보 : remaining[40%, 10%, 5%]
[2026-08-11 17:03:34.392675] [INFO] [power_system] 알람 목록 : 
 • [100015, 100001] [INFO] 자동 충전 시작.
 • [100015, 100002] [INFO] 배터리 가득.
 • [100015, 400001] [CRIT] 배터리 남은 양 - 위험
 • [100015, 300001] [ERROR] 배터리 남은 양 - 에러
 • [100015, 200001] [WARN] 배터리 남은 양 - 주의
 • [100015, 100004] [INFO] 자동 충전 해제 완료.
 • [100015, 100003] [INFO] 자동 충전 해제 시작.
[2026-08-11 17:03:34.392678] [INFO] [mediator] connector 의존성 주입
[2026-08-11 17:03:34.392681] [INFO] [mediator] any map 등록
[2026-08-11 17:03:34.392687] [INFO] [mediator] any collector 등록
[2026-08-11 17:03:34.392690] [INFO] [mediator] any collector 목록 검사
[2026-08-11 17:03:34.392732] [INFO] [framework] after init 실행
[2026-08-11 17:03:34.393092] [INFO] [course_tracker] 생성
[2026-08-11 17:03:34.393115] [INFO] [course_tracker] 파라미터 : 
◈ node_bound[0.020m, 0.150m, 0.005m]
 • approach[0.150m, 0.050m/s, -0.005m, -0.200m, 0.100m]
 • align[(10.000°, 5.000°/s), 50.000°, 30.000°/s), 0.800°, -0.100°]
◈ motion param : 
 • reference_angle[0.000°, 45.000°]
 • threshold_angle[15.000°, 20.000°, 170.000°]
 • threshold_error[0.300°, 5.000°]
 • normal[0.150m/s, 8.000, 0.800m/s, 0.500]
 • angle[0.150m/s, 1.500, 0.800m/s, 2.100]
 • protection_overshoot[0.100m/s, 0.900, 0.500m/s, 0.900]
 • speed_rotation[15.000°/s]
[2026-08-11 17:03:34.393118] [INFO] [framework] 제어 쓰레드 시작
[2026-08-11 17:03:34.393167] [INFO] [path_server] 노드 초기화 성공 : 로봇 좌표[5.504m 2.498m -179.479°] 최단 거리 노드[105] 거리(0.004408m)
[2026-08-11 17:03:35.652937] [INFO] [task::fsm] charging
[2026-08-11 17:03:35.652951] [INFO] [power_system] 충전 프로세스 시작
[2026-08-11 17:03:35.652974] [INFO] [health_monitor] [등록][100015, 100001] : 자동 충전 시작.
[2026-08-11 17:03:40.663988] [INFO] [health_monitor] [삭제][100015, 100001] : 자동 충전 시작.
[2026-08-11 17:03:53.538551] [INFO] [power_system] 충전 완료
[2026-08-11 17:03:53.538573] [INFO] [health_monitor] [등록][100015, 100003] : 자동 충전 해제 시작.
[2026-08-11 17:03:53.538569] [INFO] [health_monitor] [등록][100015, 100002] : 배터리 가득.
[2026-08-11 17:03:58.548455] [INFO] [health_monitor] [삭제][100015, 100002] : 배터리 가득.
[2026-08-11 17:03:58.548461] [INFO] [health_monitor] [삭제][100015, 100003] : 자동 충전 해제 시작.
[2026-08-11 17:03:58.568359] [INFO] [power_system] 충전 해제 완료
[2026-08-11 17:03:58.568369] [INFO] [health_monitor] [등록][100015, 100004] : 자동 충전 해제 완료.
[2026-08-11 17:03:58.588368] [INFO] [task::fsm] discharging
[2026-08-11 17:03:58.588375] [INFO] [power_system] 충전 해제 프로세스 시작
[2026-08-11 17:03:58.588387] [INFO] [health_monitor] [등록][100015, 100003] : 자동 충전 해제 시작.
[2026-08-11 17:03:58.608324] [INFO] [task::fsm] idle
[2026-08-11 17:03:58.608329] [INFO] [path_server] 경로 삭제
[2026-08-11 17:03:58.608328] [INFO] [course_manager] 코스 삭제
[2026-08-11 17:03:58.648253] [INFO] [task::fsm] idle
[2026-08-11 17:03:58.648261] [INFO] [path_server] 경로 삭제
[2026-08-11 17:03:58.648259] [INFO] [course_manager] 코스 삭제
[2026-08-11 17:04:03.578466] [INFO] [health_monitor] [삭제][100015, 100004] : 자동 충전 해제 완료.
[2026-08-11 17:04:03.598374] [INFO] [health_monitor] [삭제][100015, 100003] : 자동 충전 해제 시작.
[2026-08-11 17:04:53.661570] [INFO] [task::fsm] charging
[2026-08-11 17:04:53.661577] [INFO] [power_system] 충전 프로세스 시작
[2026-08-11 17:04:53.661588] [INFO] [health_monitor] [등록][100015, 100001] : 자동 충전 시작.
[2026-08-11 17:04:58.671657] [INFO] [health_monitor] [삭제][100015, 100001] : 자동 충전 시작.
[2026-08-11 17:05:07.394234] [INFO] [power_system] 충전 완료
[2026-08-11 17:05:07.394257] [INFO] [health_monitor] [등록][100015, 100003] : 자동 충전 해제 시작.
[2026-08-11 17:05:07.394254] [INFO] [health_monitor] [등록][100015, 100002] : 배터리 가득.
[2026-08-11 17:05:12.404983] [INFO] [health_monitor] [삭제][100015, 100002] : 배터리 가득.
[2026-08-11 17:05:12.404989] [INFO] [health_monitor] [삭제][100015, 100003] : 자동 충전 해제 시작.
[2026-08-11 17:05:12.424978] [INFO] [power_system] 충전 해제 완료
[2026-08-11 17:05:12.424994] [INFO] [health_monitor] [등록][100015, 100004] : 자동 충전 해제 완료.
[2026-08-11 17:05:12.444926] [INFO] [task::fsm] discharging
[2026-08-11 17:05:12.444933] [INFO] [power_system] 충전 해제 프로세스 시작
[2026-08-11 17:05:12.444945] [INFO] [health_monitor] [등록][100015, 100003] : 자동 충전 해제 시작.
[2026-08-11 17:05:12.464830] [INFO] [task::fsm] idle
[2026-08-11 17:05:12.464834] [INFO] [course_manager] 코스 삭제
[2026-08-11 17:05:12.464844] [INFO] [path_server] 경로 삭제
[2026-08-11 17:05:12.504797] [INFO] [task::fsm] idle
[2026-08-11 17:05:12.504804] [INFO] [path_server] 경로 삭제
[2026-08-11 17:05:12.504802] [INFO] [course_manager] 코스 삭제
[2026-08-11 17:05:17.435269] [INFO] [health_monitor] [삭제][100015, 100004] : 자동 충전 해제 완료.
[2026-08-11 17:05:17.455269] [INFO] [health_monitor] [삭제][100015, 100003] : 자동 충전 해제 시작.
[2026-08-11 17:06:07.497695] [INFO] [task::fsm] charging
[2026-08-11 17:06:07.497702] [INFO] [power_system] 충전 프로세스 시작
[2026-08-11 17:06:07.497711] [INFO] [health_monitor] [등록][100015, 100001] : 자동 충전 시작.
[2026-08-11 17:06:12.507551] [INFO] [health_monitor] [삭제][100015, 100001] : 자동 충전 시작.
[2026-08-11 17:06:21.211797] [INFO] [power_system] 충전 완료
[2026-08-11 17:06:21.211808] [INFO] [health_monitor] [등록][100015, 100002] : 배터리 가득.
[2026-08-11 17:06:21.211810] [INFO] [health_monitor] [등록][100015, 100003] : 자동 충전 해제 시작.
[2026-08-11 17:06:26.222536] [INFO] [health_monitor] [삭제][100015, 100002] : 배터리 가득.
[2026-08-11 17:06:26.222542] [INFO] [health_monitor] [삭제][100015, 100003] : 자동 충전 해제 시작.
[2026-08-11 17:06:26.242527] [INFO] [power_system] 충전 해제 완료
[2026-08-11 17:06:26.242538] [INFO] [health_monitor] [등록][100015, 100004] : 자동 충전 해제 완료.
[2026-08-11 17:06:26.262411] [INFO] [task::fsm] discharging
[2026-08-11 17:06:26.262418] [INFO] [power_system] 충전 해제 프로세스 시작
[2026-08-11 17:06:26.262426] [INFO] [health_monitor] [등록][100015, 100003] : 자동 충전 해제 시작.
[2026-08-11 17:06:26.282423] [INFO] [task::fsm] idle
[2026-08-11 17:06:26.282428] [INFO] [course_manager] 코스 삭제
[2026-08-11 17:06:26.282430] [INFO] [path_server] 경로 삭제
[2026-08-11 17:06:26.302392] [INFO] [task::fsm] idle
[2026-08-11 17:06:26.302396] [INFO] [course_manager] 코스 삭제
[2026-08-11 17:06:26.302398] [INFO] [path_server] 경로 삭제
[2026-08-11 17:06:31.253032] [INFO] [health_monitor] [삭제][100015, 100004] : 자동 충전 해제 완료.
[2026-08-11 17:06:31.272938] [INFO] [health_monitor] [삭제][100015, 100003] : 자동 충전 해제 시작.
[2026-08-11 17:07:21.333889] [INFO] [task::fsm] charging
[2026-08-11 17:07:21.333897] [INFO] [power_system] 충전 프로세스 시작
[2026-08-11 17:07:21.333912] [INFO] [health_monitor] [등록][100015, 100001] : 자동 충전 시작.
[2026-08-11 17:07:26.343711] [INFO] [health_monitor] [삭제][100015, 100001] : 자동 충전 시작.
[2026-08-11 17:07:35.066729] [INFO] [power_system] 충전 완료
[2026-08-11 17:07:35.066747] [INFO] [health_monitor] [등록][100015, 100002] : 배터리 가득.
[2026-08-11 17:07:35.066749] [INFO] [health_monitor] [등록][100015, 100003] : 자동 충전 해제 시작.
[2026-08-11 17:07:40.076906] [INFO] [health_monitor] [삭제][100015, 100002] : 배터리 가득.
[2026-08-11 17:07:40.076912] [INFO] [health_monitor] [삭제][100015, 100003] : 자동 충전 해제 시작.
[2026-08-11 17:07:40.096832] [INFO] [power_system] 충전 해제 완료
[2026-08-11 17:07:40.096844] [INFO] [health_monitor] [등록][100015, 100004] : 자동 충전 해제 완료.
[2026-08-11 17:07:40.116823] [INFO] [task::fsm] discharging
[2026-08-11 17:07:40.116832] [INFO] [power_system] 충전 해제 프로세스 시작
[2026-08-11 17:07:40.116845] [INFO] [health_monitor] [등록][100015, 100003] : 자동 충전 해제 시작.
[2026-08-11 17:07:40.136781] [INFO] [task::fsm] idle
[2026-08-11 17:07:40.136786] [INFO] [course_manager] 코스 삭제
[2026-08-11 17:07:40.136788] [INFO] [path_server] 경로 삭제
[2026-08-11 17:07:40.176693] [INFO] [task::fsm] idle
[2026-08-11 17:07:40.176698] [INFO] [course_manager] 코스 삭제
[2026-08-11 17:07:40.176700] [INFO] [path_server] 경로 삭제
[2026-08-11 17:07:45.107229] [INFO] [health_monitor] [삭제][100015, 100004] : 자동 충전 해제 완료.
[2026-08-11 17:07:45.127242] [INFO] [health_monitor] [삭제][100015, 100003] : 자동 충전 해제 시작.
[2026-08-11 17:08:29.619508] [INFO] [path_server] 새로운 경로 설정 : path[105 ➜ 1004] time[0s] dist[19.5m] list[14] : 105-1180-1181-1182-1183-1184-1045-1046-1047-1048-1001-1002-1003-1004
[2026-08-11 17:08:29.619518] [INFO] [course_tracker] 방향 정렬 완료 
[2026-08-11 17:08:36.785407] [INFO] [path_server] 노드 업데이트 : [1180] ➜ [1181]
[2026-08-11 17:08:36.865299] [INFO] [path_server] 새로운 경로 설정 : path[1180 ➜ 1004] time[0s] dist[18m] list[13] : 1180-1181-1182-1183-1184-1045-1046-1047-1048-1001-1002-1003-1004
[2026-08-11 17:08:45.787509] [INFO] [path_server] 노드 업데이트 : [1181] ➜ [1182]
[2026-08-11 17:08:45.847412] [INFO] [path_server] 새로운 경로 설정 : path[1181 ➜ 1004] time[0s] dist[16.5m] list[12] : 1181-1182-1183-1184-1045-1046-1047-1048-1001-1002-1003-1004
[2026-08-11 17:08:47.883355] [INFO] [path_server] 노드 업데이트 : [1182] ➜ [1183]
[2026-08-11 17:08:47.943253] [INFO] [path_server] 새로운 경로 설정 : path[1182 ➜ 1004] time[0s] dist[15m] list[11] : 1182-1183-1184-1045-1046-1047-1048-1001-1002-1003-1004
[2026-08-11 17:08:49.739610] [INFO] [path_server] 노드 업데이트 : [1183] ➜ [1184]
[2026-08-11 17:08:49.819621] [INFO] [path_server] 새로운 경로 설정 : path[1183 ➜ 1004] time[0s] dist[13.5m] list[10] : 1183-1184-1045-1046-1047-1048-1001-1002-1003-1004
[2026-08-11 17:08:52.314650] [INFO] [path_server] 노드 업데이트 : [1184] ➜ [1045]
[2026-08-11 17:08:52.394588] [INFO] [path_server] 새로운 경로 설정 : path[1184 ➜ 1004] time[0s] dist[12m] list[9] : 1184-1045-1046-1047-1048-1001-1002-1003-1004
[2026-08-11 17:08:53.751859] [INFO] [path_server] 노드 업데이트 : [1045] ➜ [1046]
[2026-08-11 17:08:53.831823] [INFO] [path_server] 새로운 경로 설정 : path[1045 ➜ 1004] time[0s] dist[10.5m] list[8] : 1045-1046-1047-1048-1001-1002-1003-1004
[2026-08-11 17:08:57.105239] [INFO] [path_server] 노드 업데이트 : [1046] ➜ [1047]
[2026-08-11 17:08:57.185164] [INFO] [path_server] 새로운 경로 설정 : path[1046 ➜ 1004] time[0s] dist[9m] list[7] : 1046-1047-1048-1001-1002-1003-1004
[2026-08-11 17:08:58.324151] [INFO] [path_server] 노드 업데이트 : [1047] ➜ [1048]
[2026-08-11 17:08:58.404374] [INFO] [path_server] 새로운 경로 설정 : path[1047 ➜ 1004] time[0s] dist[7.5m] list[6] : 1047-1048-1001-1002-1003-1004
[2026-08-11 17:09:00.122592] [INFO] [path_server] 노드 업데이트 : [1048] ➜ [1001]
[2026-08-11 17:09:00.202460] [INFO] [path_server] 새로운 경로 설정 : path[1048 ➜ 1004] time[0s] dist[6m] list[5] : 1048-1001-1002-1003-1004
[2026-08-11 17:09:02.358011] [INFO] [path_server] 노드 업데이트 : [1001] ➜ [1002]
[2026-08-11 17:09:02.417921] [INFO] [path_server] 새로운 경로 설정 : path[1001 ➜ 1004] time[0s] dist[4.5m] list[4] : 1001-1002-1003-1004
[2026-08-11 17:09:07.228346] [INFO] [path_server] 노드 업데이트 : [1002] ➜ [1003]
[2026-08-11 17:09:07.308196] [INFO] [path_server] 새로운 경로 설정 : path[1002 ➜ 1004] time[0s] dist[3m] list[3] : 1002-1003-1004
[2026-08-11 17:09:42.599135] [INFO] [path_server] 노드 업데이트 : [1003] ➜ [1004]
[2026-08-11 17:09:42.659046] [INFO] [path_server] 새로운 경로 설정 : path[1003 ➜ 1004] time[0s] dist[1.5m] list[2] : 1003-1004
[2026-08-11 17:09:59.806252] [INFO] [path_server] 새로운 경로 설정 : path[1004 ➜ 205] time[0s] dist[12m] list[10] : 1003-1004-1013-1049-1050-1014-1201-1200-1202-205
[2026-08-11 17:10:09.847589] [INFO] [health_monitor] [등록][100015, 200001] : 배터리 남은 양 - 주의
[2026-08-11 17:10:13.400350] [INFO] [path_server] 노드 업데이트 : [1004] ➜ [1013]
[2026-08-11 17:10:13.480270] [INFO] [path_server] 새로운 경로 설정 : path[1004 ➜ 205] time[0s] dist[12m] list[9] : 1004-1013-1049-1050-1014-1201-1200-1202-205
[2026-08-11 17:10:16.753686] [INFO] [path_server] 노드 업데이트 : [1013] ➜ [1049]
[2026-08-11 17:10:16.833618] [INFO] [path_server] 새로운 경로 설정 : path[1013 ➜ 205] time[0s] dist[10.5m] list[8] : 1013-1049-1050-1014-1201-1200-1202-205
[2026-08-11 17:10:17.891321] [INFO] [path_server] 노드 업데이트 : [1049] ➜ [1050]
[2026-08-11 17:10:17.971230] [INFO] [path_server] 새로운 경로 설정 : path[1049 ➜ 205] time[0s] dist[9m] list[7] : 1049-1050-1014-1201-1200-1202-205
[2026-08-11 17:10:19.228657] [INFO] [path_server] 노드 업데이트 : [1050] ➜ [1014]
[2026-08-11 17:10:19.308507] [INFO] [path_server] 새로운 경로 설정 : path[1050 ➜ 205] time[0s] dist[7.5m] list[6] : 1050-1014-1201-1200-1202-205
[2026-08-11 17:10:22.622052] [INFO] [path_server] 노드 업데이트 : [1014] ➜ [1201]
[2026-08-11 17:10:22.701937] [INFO] [path_server] 새로운 경로 설정 : path[1014 ➜ 205] time[0s] dist[6m] list[5] : 1014-1201-1200-1202-205
[2026-08-11 17:10:23.740324] [INFO] [path_server] 노드 업데이트 : [1201] ➜ [1200]
[2026-08-11 17:10:23.820234] [INFO] [path_server] 새로운 경로 설정 : path[1201 ➜ 205] time[0s] dist[4.5m] list[4] : 1201-1200-1202-205
[2026-08-11 17:10:24.558730] [INFO] [path_server] 노드 업데이트 : [1200] ➜ [1202]
[2026-08-11 17:10:24.618615] [INFO] [path_server] 새로운 경로 설정 : path[1200 ➜ 205] time[0s] dist[3m] list[3] : 1200-1202-205
[2026-08-11 17:10:25.896024] [INFO] [path_server] 노드 업데이트 : [1202] ➜ [205]
[2026-08-11 17:10:25.975933] [INFO] [path_server] 새로운 경로 설정 : path[1202 ➜ 205] time[0s] dist[1.5m] list[2] : 1202-205
[2026-08-11 17:10:31.105414] [INFO] [path_server] 노드 업데이트 : [205] ➜ [-1]
[2026-08-11 17:10:33.999629] [INFO] [course_tracker] 목적지에서 각도 정렬 : [23.500m 7.000m 0.000°]
[2026-08-11 17:10:34.039492] [INFO] [path_server] 노드 업데이트 : [205] ➜ [-1]
[2026-08-11 17:10:34.059501] [INFO] [task::fsm] push_done
[2026-08-11 17:10:34.119388] [INFO] [task::fsm] idle
[2026-08-11 17:10:34.119393] [INFO] [course_manager] 코스 삭제
[2026-08-11 17:10:34.119395] [INFO] [path_server] 경로 삭제
[2026-08-11 17:10:55.517570] [INFO] [path_server] 새로운 경로 설정 : path[205 ➜ 102] time[0s] dist[75m] list[51] : 205-1202-1203-1204-1205-1206-1207-1208-1145-1146-1147-1148-1077-1029-1030-1031-1032-1033-1034-1007-1008-1009-1010-1011-1012-1035-1036-1037-1038-1039-1040-1041-1042-1112-1113-1114-1115-1116-1117-1118-1119-1120-1121-1122-1123-1179-1180-1181-1182-1183-102
[2026-08-11 17:11:00.408448] [INFO] [path_server] 노드 업데이트 : [1202] ➜ [1203]
[2026-08-11 17:11:00.488371] [INFO] [path_server] 새로운 경로 설정 : path[1202 ➜ 102] time[0s] dist[73.5m] list[50] : 1202-1203-1204-1205-1206-1207-1208-1145-1146-1147-1148-1077-1029-1030-1031-1032-1033-1034-1007-1008-1009-1010-1011-1012-1035-1036-1037-1038-1039-1040-1041-1042-1112-1113-1114-1115-1116-1117-1118-1119-1120-1121-1122-1123-1179-1180-1181-1182-1183-102
[2026-08-11 17:11:04.021566] [INFO] [path_server] 노드 업데이트 : [1203] ➜ [1204]
[2026-08-11 17:11:04.081484] [INFO] [path_server] 새로운 경로 설정 : path[1203 ➜ 102] time[0s] dist[72m] list[49] : 1203-1204-1205-1206-1207-1208-1145-1146-1147-1148-1077-1029-1030-1031-1032-1033-1034-1007-1008-1009-1010-1011-1012-1035-1036-1037-1038-1039-1040-1041-1042-1112-1113-1114-1115-1116-1117-1118-1119-1120-1121-1122-1123-1179-1180-1181-1182-1183-102
[2026-08-11 17:11:05.159431] [INFO] [path_server] 노드 업데이트 : [1204] ➜ [1205]
[2026-08-11 17:11:05.219358] [INFO] [path_server] 새로운 경로 설정 : path[1204 ➜ 102] time[0s] dist[70.5m] list[48] : 1204-1205-1206-1207-1208-1145-1146-1147-1148-1077-1029-1030-1031-1032-1033-1034-1007-1008-1009-1010-1011-1012-1035-1036-1037-1038-1039-1040-1041-1042-1112-1113-1114-1115-1116-1117-1118-1119-1120-1121-1122-1123-1179-1180-1181-1182-1183-102
[2026-08-11 17:11:05.977851] [INFO] [path_server] 노드 업데이트 : [1205] ➜ [1206]
[2026-08-11 17:11:06.057757] [INFO] [path_server] 새로운 경로 설정 : path[1205 ➜ 102] time[0s] dist[69m] list[47] : 1205-1206-1207-1208-1145-1146-1147-1148-1077-1029-1030-1031-1032-1033-1034-1007-1008-1009-1010-1011-1012-1035-1036-1037-1038-1039-1040-1041-1042-1112-1113-1114-1115-1116-1117-1118-1119-1120-1121-1122-1123-1179-1180-1181-1182-1183-102
[2026-08-11 17:11:06.736346] [INFO] [path_server] 노드 업데이트 : [1206] ➜ [1207]
[2026-08-11 17:11:06.816382] [INFO] [path_server] 새로운 경로 설정 : path[1206 ➜ 102] time[0s] dist[67.51m] list[46] : 1206-1207-1208-1145-1146-1147-1148-1077-1029-1030-1031-1032-1033-1034-1007-1008-1009-1010-1011-1012-1035-1036-1037-1038-1039-1040-1041-1042-1112-1113-1114-1115-1116-1117-1118-1119-1120-1121-1122-1123-1179-1180-1181-1182-1183-102
[2026-08-11 17:11:07.494940] [INFO] [path_server] 노드 업데이트 : [1207] ➜ [1208]
[2026-08-11 17:11:07.554874] [INFO] [path_server] 새로운 경로 설정 : path[1207 ➜ 102] time[0s] dist[66m] list[45] : 1207-1208-1145-1146-1147-1148-1077-1029-1030-1031-1032-1033-1034-1007-1008-1009-1010-1011-1012-1035-1036-1037-1038-1039-1040-1041-1042-1112-1113-1114-1115-1116-1117-1118-1119-1120-1121-1122-1123-1179-1180-1181-1182-1183-102
[2026-08-11 17:11:08.233480] [INFO] [path_server] 노드 업데이트 : [1208] ➜ [1145]
[2026-08-11 17:11:08.313439] [INFO] [path_server] 새로운 경로 설정 : path[1208 ➜ 102] time[0s] dist[64.5m] list[44] : 1208-1145-1146-1147-1148-1077-1029-1030-1031-1032-1033-1034-1007-1008-1009-1010-1011-1012-1035-1036-1037-1038-1039-1040-1041-1042-1112-1113-1114-1115-1116-1117-1118-1119-1120-1121-1122-1123-1179-1180-1181-1182-1183-102
[2026-08-11 17:11:09.550918] [INFO] [path_server] 노드 업데이트 : [1145] ➜ [1146]
[2026-08-11 17:11:09.630868] [INFO] [path_server] 새로운 경로 설정 : path[1145 ➜ 102] time[0s] dist[63m] list[43] : 1145-1146-1147-1148-1077-1029-1030-1031-1032-1033-1034-1007-1008-1009-1010-1011-1012-1035-1036-1037-1038-1039-1040-1041-1042-1112-1113-1114-1115-1116-1117-1118-1119-1120-1121-1122-1123-1179-1180-1181-1182-1183-102
[2026-08-11 17:11:12.924597] [INFO] [path_server] 노드 업데이트 : [1146] ➜ [1147]
[2026-08-11 17:11:13.004477] [INFO] [path_server] 새로운 경로 설정 : path[1146 ➜ 102] time[0s] dist[61.5m] list[42] : 1146-1147-1148-1077-1029-1030-1031-1032-1033-1034-1007-1008-1009-1010-1011-1012-1035-1036-1037-1038-1039-1040-1041-1042-1112-1113-1114-1115-1116-1117-1118-1119-1120-1121-1122-1123-1179-1180-1181-1182-1183-102
[2026-08-11 17:11:14.042475] [INFO] [path_server] 노드 업데이트 : [1147] ➜ [1148]
[2026-08-11 17:11:14.122546] [INFO] [path_server] 새로운 경로 설정 : path[1147 ➜ 102] time[0s] dist[60m] list[41] : 1147-1148-1077-1029-1030-1031-1032-1033-1034-1007-1008-1009-1010-1011-1012-1035-1036-1037-1038-1039-1040-1041-1042-1112-1113-1114-1115-1116-1117-1118-1119-1120-1121-1122-1123-1179-1180-1181-1182-1183-102
[2026-08-11 17:11:14.861063] [INFO] [path_server] 노드 업데이트 : [1148] ➜ [1077]
[2026-08-11 17:11:14.940975] [INFO] [path_server] 새로운 경로 설정 : path[1148 ➜ 102] time[0s] dist[58.5m] list[40] : 1148-1077-1029-1030-1031-1032-1033-1034-1007-1008-1009-1010-1011-1012-1035-1036-1037-1038-1039-1040-1041-1042-1112-1113-1114-1115-1116-1117-1118-1119-1120-1121-1122-1123-1179-1180-1181-1182-1183-102
[2026-08-11 17:11:16.338457] [INFO] [path_server] 노드 업데이트 : [1077] ➜ [1029]
[2026-08-11 17:11:16.398414] [INFO] [path_server] 새로운 경로 설정 : path[1077 ➜ 102] time[0s] dist[57m] list[39] : 1077-1029-1030-1031-1032-1033-1034-1007-1008-1009-1010-1011-1012-1035-1036-1037-1038-1039-1040-1041-1042-1112-1113-1114-1115-1116-1117-1118-1119-1120-1121-1122-1123-1179-1180-1181-1182-1183-102
[2026-08-11 17:11:21.788079] [INFO] [path_server] 노드 업데이트 : [1029] ➜ [1030]
[2026-08-11 17:11:21.848026] [INFO] [path_server] 새로운 경로 설정 : path[1029 ➜ 102] time[0s] dist[55.5m] list[38] : 1029-1030-1031-1032-1033-1034-1007-1008-1009-1010-1011-1012-1035-1036-1037-1038-1039-1040-1041-1042-1112-1113-1114-1115-1116-1117-1118-1119-1120-1121-1122-1123-1179-1180-1181-1182-1183-102
[2026-08-11 17:11:24.922861] [INFO] [path_server] 노드 업데이트 : [1030] ➜ [1031]
[2026-08-11 17:11:25.741508] [INFO] [path_server] 새로운 경로 설정 : path[-1 ➜ -1] time[0s] dist[0m] list[0] : 
[2026-08-11 17:12:05.624929] [INFO] [path_server] 새로운 경로 설정 : path[1030 ➜ 109] time[0s] dist[15m] list[11] : 1030-1031-1032-1033-1034-1007-1167-1168-1169-1170-109
[2026-08-11 17:12:07.461245] [INFO] [path_server] 노드 업데이트 : [1031] ➜ [1032]
[2026-08-11 17:12:07.521153] [INFO] [path_server] 새로운 경로 설정 : path[1031 ➜ 109] time[0s] dist[13.5m] list[10] : 1031-1032-1033-1034-1007-1167-1168-1169-1170-109
[2026-08-11 17:12:08.698703] [INFO] [path_server] 노드 업데이트 : [1032] ➜ [1033]
[2026-08-11 17:12:08.778568] [INFO] [path_server] 새로운 경로 설정 : path[1032 ➜ 109] time[0s] dist[12m] list[9] : 1032-1033-1034-1007-1167-1168-1169-1170-109
[2026-08-11 17:12:09.557001] [INFO] [path_server] 노드 업데이트 : [1033] ➜ [1034]
[2026-08-11 17:12:09.616927] [INFO] [path_server] 새로운 경로 설정 : path[1033 ➜ 109] time[0s] dist[10.5m] list[8] : 1033-1034-1007-1167-1168-1169-1170-109
[2026-08-11 17:12:10.295493] [INFO] [path_server] 노드 업데이트 : [1034] ➜ [1007]
[2026-08-11 17:12:10.375412] [INFO] [path_server] 새로운 경로 설정 : path[1034 ➜ 109] time[0s] dist[9m] list[7] : 1034-1007-1167-1168-1169-1170-109
[2026-08-11 17:12:11.632861] [INFO] [path_server] 노드 업데이트 : [1007] ➜ [1167]
[2026-08-11 17:12:11.712739] [INFO] [path_server] 새로운 경로 설정 : path[1007 ➜ 109] time[0s] dist[7.5m] list[6] : 1007-1167-1168-1169-1170-109
[2026-08-11 17:12:14.986182] [INFO] [path_server] 노드 업데이트 : [1167] ➜ [1168]
[2026-08-11 17:12:15.066035] [INFO] [path_server] 새로운 경로 설정 : path[1167 ➜ 109] time[0s] dist[6m] list[5] : 1167-1168-1169-1170-109
[2026-08-11 17:12:16.123874] [INFO] [path_server] 노드 업데이트 : [1168] ➜ [1169]
[2026-08-11 17:12:16.203721] [INFO] [path_server] 새로운 경로 설정 : path[1168 ➜ 109] time[0s] dist[4.5m] list[4] : 1168-1169-1170-109
[2026-08-11 17:12:16.942158] [INFO] [path_server] 노드 업데이트 : [1169] ➜ [1170]
[2026-08-11 17:12:17.022073] [INFO] [path_server] 새로운 경로 설정 : path[1169 ➜ 109] time[0s] dist[3m] list[3] : 1169-1170-109
[2026-08-11 17:12:18.359367] [INFO] [path_server] 노드 업데이트 : [1170] ➜ [109]
[2026-08-11 17:12:18.419261] [INFO] [path_server] 새로운 경로 설정 : path[1170 ➜ 109] time[0s] dist[1.5m] list[2] : 1170-109
[2026-08-11 17:12:23.928161] [INFO] [path_server] 노드 업데이트 : [109] ➜ [-1]
[2026-08-11 17:12:26.802650] [INFO] [course_tracker] 목적지에서 각도 정렬 : [22.000m 17.500m 0.000°]
[2026-08-11 17:12:26.842613] [INFO] [path_server] 노드 업데이트 : [109] ➜ [-1]
[2026-08-11 17:12:26.862517] [INFO] [task::fsm] push_done
[2026-08-11 17:12:26.902519] [INFO] [task::fsm] charging
[2026-08-11 17:12:26.902528] [INFO] [power_system] 충전 프로세스 시작
[2026-08-11 17:12:26.902554] [INFO] [health_monitor] [등록][100015, 100001] : 자동 충전 시작.
[2026-08-11 17:12:31.912585] [INFO] [health_monitor] [삭제][100015, 100001] : 자동 충전 시작.
[2026-08-11 17:12:43.948639] [INFO] [health_monitor] [삭제][100015, 200001] : 배터리 남은 양 - 주의
