[2026-08-11 16:38:01.999006] [INFO] [task::fsm] 생성
[2026-08-11 16:38:01.999007] [INFO] [task::fsm] idle
[2026-08-11 16:45:50.006749] [INFO] [task::fsm] 생성
[2026-08-11 16:45:50.006751] [INFO] [task::fsm] idle
[2026-08-11 16:46:32.567882] [INFO] [task::fsm] push_done
[2026-08-11 16:46:32.627799] [INFO] [task::fsm] charging
[2026-08-11 16:47:18.720469] [INFO] [task::fsm] discharging
[2026-08-11 16:47:18.740525] [INFO] [task::fsm] idle
[2026-08-11 16:47:18.760465] [INFO] [task::fsm] idle
[2026-08-11 16:47:42.789396] [INFO] [task::fsm] 생성
[2026-08-11 16:47:42.789399] [INFO] [task::fsm] idle
[2026-08-11 16:47:42.811099] [INFO] [task::fsm] idle
[2026-08-11 16:47:42.890890] [INFO] [task::fsm] charging
[2026-08-11 16:48:11.420781] [INFO] [task::fsm] idle
[2026-08-11 16:48:11.480642] [INFO] [task::fsm] charging
[2026-08-11 16:48:33.440671] [INFO] [task::fsm] discharging
[2026-08-11 16:48:33.460675] [INFO] [task::fsm] idle
[2026-08-11 16:48:33.480636] [INFO] [task::fsm] idle
[2026-08-11 16:49:24.420309] [INFO] [task::fsm] 생성
[2026-08-11 16:49:24.420310] [INFO] [task::fsm] idle
[2026-08-11 16:49:46.530880] [INFO] [task::fsm] 생성
[2026-08-11 16:49:46.530882] [INFO] [task::fsm] idle
[2026-08-11 16:49:46.633332] [INFO] [task::fsm] charging
[2026-08-11 16:52:17.173115] [INFO] [task::fsm] 생성
[2026-08-11 16:52:17.173117] [INFO] [task::fsm] idle
[2026-08-11 16:52:24.142167] [INFO] [task::fsm] charging
[2026-08-11 16:53:09.833252] [INFO] [task::fsm] discharging
[2026-08-11 16:53:09.853273] [INFO] [task::fsm] idle
[2026-08-11 16:53:09.873217] [INFO] [task::fsm] idle
[2026-08-11 16:54:18.880967] [INFO] [task::fsm] push_done
[2026-08-11 16:54:18.940857] [INFO] [task::fsm] idle
[2026-08-11 16:55:19.344955] [INFO] [task::fsm] push_done
[2026-08-11 16:55:19.384939] [INFO] [task::fsm] charging
[2026-08-11 16:55:55.096233] [INFO] [task::fsm] discharging
[2026-08-11 16:55:55.116268] [INFO] [task::fsm] idle
[2026-08-11 16:55:55.136216] [INFO] [task::fsm] idle
[2026-08-11 16:56:50.149780] [INFO] [task::fsm] charging
[2026-08-11 16:57:08.912329] [INFO] [task::fsm] discharging
[2026-08-11 16:57:08.932283] [INFO] [task::fsm] idle
[2026-08-11 16:57:08.972188] [INFO] [task::fsm] idle
[2026-08-11 16:58:03.963575] [INFO] [task::fsm] charging
[2026-08-11 16:58:22.726003] [INFO] [task::fsm] discharging
[2026-08-11 16:58:22.745988] [INFO] [task::fsm] idle
[2026-08-11 16:58:22.785915] [INFO] [task::fsm] idle
[2026-08-11 16:59:17.797178] [INFO] [task::fsm] charging
[2026-08-11 16:59:36.580428] [INFO] [task::fsm] discharging
[2026-08-11 16:59:36.600333] [INFO] [task::fsm] idle
[2026-08-11 16:59:36.640314] [INFO] [task::fsm] idle
[2026-08-11 17:00:31.633146] [INFO] [task::fsm] charging
[2026-08-11 17:00:50.395789] [INFO] [task::fsm] discharging
[2026-08-11 17:00:50.415721] [INFO] [task::fsm] idle
[2026-08-11 17:00:50.455648] [INFO] [task::fsm] idle
[2026-08-11 17:01:45.466689] [INFO] [task::fsm] charging
[2026-08-11 17:02:04.250105] [INFO] [task::fsm] discharging
[2026-08-11 17:02:04.270007] [INFO] [task::fsm] idle
[2026-08-11 17:02:04.309978] [INFO] [task::fsm] idle
[2026-08-11 17:03:34.396532] [INFO] [task::fsm] 생성
[2026-08-11 17:03:34.396533] [INFO] [task::fsm] idle
[2026-08-11 17:03:35.656416] [INFO] [task::fsm] charging
[2026-08-11 17:04:20.589152] [INFO] [task::fsm] discharging
[2026-08-11 17:04:20.609162] [INFO] [task::fsm] idle
[2026-08-11 17:04:20.629164] [INFO] [task::fsm] idle
[2026-08-11 17:05:15.660577] [INFO] [task::fsm] charging
[2026-08-11 17:05:34.443475] [INFO] [task::fsm] discharging
[2026-08-11 17:05:34.463406] [INFO] [task::fsm] idle
[2026-08-11 17:05:34.503415] [INFO] [task::fsm] idle
[2026-08-11 17:06:29.512975] [INFO] [task::fsm] charging
[2026-08-11 17:06:48.295796] [INFO] [task::fsm] discharging
[2026-08-11 17:06:48.315706] [INFO] [task::fsm] idle
[2026-08-11 17:06:48.355667] [INFO] [task::fsm] idle
[2026-08-11 17:07:43.384644] [INFO] [task::fsm] charging
[2026-08-11 17:08:02.167262] [INFO] [task::fsm] discharging
[2026-08-11 17:08:02.187173] [INFO] [task::fsm] idle
[2026-08-11 17:08:02.227145] [INFO] [task::fsm] idle
[2026-08-11 17:08:51.654185] [INFO] [task::fsm] push_done
[2026-08-11 17:08:51.694158] [INFO] [task::fsm] idle
[2026-08-11 17:10:05.230509] [INFO] [task::fsm] push_done
[2026-08-11 17:10:05.290391] [INFO] [task::fsm] charging
[2026-08-11 17:11:16.113345] [INFO] [task::fsm] push_done
[2026-08-11 17:11:16.153327] [INFO] [task::fsm] idle
[2026-08-11 17:11:25.755939] [INFO] [task::fsm] idle
[2026-08-11 17:12:18.113119] [INFO] [task::fsm] push_done
[2026-08-11 17:12:18.153096] [INFO] [task::fsm] charging
