[2026-08-11 16:38:01.970637] [INFO] [mediator] 생성
[2026-08-11 16:38:02.003386] [INFO] [mediator] connectors 생성
[2026-08-11 16:38:02.004458] [INFO] [mediator] connector 의존성 주입
[2026-08-11 16:38:02.004465] [INFO] [mediator] any map 등록
[2026-08-11 16:38:02.004470] [INFO] [mediator] any collector 등록
[2026-08-11 16:38:02.004473] [INFO] [mediator] any collector 목록 검사
[2026-08-11 16:45:49.988271] [INFO] [mediator] 생성
[2026-08-11 16:45:50.013325] [INFO] [mediator] connectors 생성
[2026-08-11 16:45:50.014285] [INFO] [mediator] any map 등록
[2026-08-11 16:45:50.014282] [INFO] [mediator] connector 의존성 주입
[2026-08-11 16:45:50.014293] [INFO] [mediator] any collector 등록
[2026-08-11 16:45:50.014297] [INFO] [mediator] any collector 목록 검사
[2026-08-11 16:49:24.400665] [INFO] [mediator] 생성
[2026-08-11 16:49:24.443706] [INFO] [mediator] connectors 생성
[2026-08-11 16:49:24.444760] [INFO] [mediator] any map 등록
[2026-08-11 16:49:24.444758] [INFO] [mediator] connector 의존성 주입
[2026-08-11 16:49:24.444766] [INFO] [mediator] any collector 등록
[2026-08-11 16:49:24.444767] [INFO] [mediator] any collector 목록 검사
[2026-08-11 16:49:46.492380] [INFO] [mediator] 생성
[2026-08-11 16:49:46.519476] [INFO] [mediator] connectors 생성
[2026-08-11 16:49:46.520685] [INFO] [mediator] any map 등록
[2026-08-11 16:49:46.520682] [INFO] [mediator] connector 의존성 주입
[2026-08-11 16:49:46.520693] [INFO] [mediator] any collector 등록
[2026-08-11 16:49:46.520697] [INFO] [mediator] any collector 목록 검사
[2026-08-11 16:49:58.394257] [INFO] [mediator] 생성
[2026-08-11 16:49:58.420416] [INFO] [mediator] connectors 생성
[2026-08-11 16:49:58.421370] [INFO] [mediator] connector 의존성 주입
[2026-08-11 16:49:58.421378] [INFO] [mediator] any map 등록
[2026-08-11 16:49:58.421385] [INFO] [mediator] any collector 등록
[2026-08-11 16:49:58.421388] [INFO] [mediator] any collector 목록 검사
[2026-08-11 16:52:17.137462] [INFO] [mediator] 생성
[2026-08-11 16:52:17.165101] [INFO] [mediator] connectors 생성
[2026-08-11 16:52:17.166081] [INFO] [mediator] connector 의존성 주입
[2026-08-11 16:52:17.166090] [INFO] [mediator] any map 등록
[2026-08-11 16:52:17.166097] [INFO] [mediator] any collector 등록
[2026-08-11 16:52:17.166100] [INFO] [mediator] any collector 목록 검사
[2026-08-11 17:03:34.365578] [INFO] [mediator] 생성
[2026-08-11 17:03:34.389576] [INFO] [mediator] connectors 생성
[2026-08-11 17:03:34.390563] [INFO] [mediator] connector 의존성 주입
[2026-08-11 17:03:34.390573] [INFO] [mediator] any map 등록
[2026-08-11 17:03:34.390579] [INFO] [mediator] any collector 등록
[2026-08-11 17:03:34.390582] [INFO] [mediator] any collector 목록 검사
