[2026-08-11 16:38:01.990666] [INFO] [task::fsm] 생성
[2026-08-11 16:38:01.990667] [INFO] [task::fsm] idle
[2026-08-11 16:45:50.029254] [INFO] [task::fsm] 생성
[2026-08-11 16:45:50.029256] [INFO] [task::fsm] idle
[2026-08-11 16:47:34.494656] [INFO] [task::fsm] push_done
[2026-08-11 16:47:34.554542] [INFO] [task::fsm] charging
[2026-08-11 16:49:24.422791] [INFO] [task::fsm] 생성
[2026-08-11 16:49:24.422793] [INFO] [task::fsm] idle
[2026-08-11 16:49:58.418942] [INFO] [task::fsm] 생성
[2026-08-11 16:49:58.418943] [INFO] [task::fsm] idle
[2026-08-11 16:50:57.610797] [INFO] [task::fsm] push_done
[2026-08-11 16:50:57.670671] [INFO] [task::fsm] idle
[2026-08-11 16:51:33.673870] [INFO] [task::fsm] push_done
[2026-08-11 16:51:33.733744] [INFO] [task::fsm] charging
[2026-08-11 16:52:17.169390] [INFO] [task::fsm] 생성
[2026-08-11 16:52:17.169392] [INFO] [task::fsm] idle
[2026-08-11 16:53:08.648350] [INFO] [task::fsm] push_done
[2026-08-11 16:53:08.708209] [INFO] [task::fsm] idle
[2026-08-11 16:53:59.568327] [INFO] [task::fsm] push_done
[2026-08-11 16:53:59.628267] [INFO] [task::fsm] charging
[2026-08-11 16:54:37.457164] [INFO] [task::fsm] push_done
[2026-08-11 16:54:37.517090] [INFO] [task::fsm] idle
[2026-08-11 16:55:05.202955] [INFO] [task::fsm] push_done
[2026-08-11 16:55:05.242921] [INFO] [task::fsm] idle
[2026-08-11 16:57:18.419902] [INFO] [task::fsm] push_done
[2026-08-11 16:57:18.479794] [INFO] [task::fsm] charging
[2026-08-11 16:58:03.370083] [INFO] [task::fsm] discharging
[2026-08-11 16:58:03.390102] [INFO] [task::fsm] idle
[2026-08-11 16:58:03.430032] [INFO] [task::fsm] idle
[2026-08-11 16:59:58.426360] [INFO] [task::fsm] charging
[2026-08-11 17:00:16.851616] [INFO] [task::fsm] discharging
[2026-08-11 17:00:16.871554] [INFO] [task::fsm] idle
[2026-08-11 17:00:16.911541] [INFO] [task::fsm] idle
[2026-08-11 17:02:11.927769] [INFO] [task::fsm] charging
[2026-08-11 17:02:30.353275] [INFO] [task::fsm] discharging
[2026-08-11 17:02:30.373218] [INFO] [task::fsm] idle
[2026-08-11 17:02:30.413127] [INFO] [task::fsm] idle
[2026-08-11 17:03:34.389715] [INFO] [task::fsm] 생성
[2026-08-11 17:03:34.389716] [INFO] [task::fsm] idle
[2026-08-11 17:04:25.791073] [INFO] [task::fsm] push_done
[2026-08-11 17:04:25.850945] [INFO] [task::fsm] idle
[2026-08-11 17:08:07.895686] [INFO] [task::fsm] push_done
[2026-08-11 17:08:07.955576] [INFO] [task::fsm] charging
[2026-08-11 17:08:57.976784] [INFO] [task::fsm] push_done
[2026-08-11 17:08:58.016709] [INFO] [task::fsm] idle
[2026-08-11 17:09:52.309495] [INFO] [task::fsm] push_done
[2026-08-11 17:09:52.369387] [INFO] [task::fsm] charging
[2026-08-11 17:10:29.595367] [INFO] [task::fsm] discharging
[2026-08-11 17:10:29.615322] [INFO] [task::fsm] idle
[2026-08-11 17:10:29.655259] [INFO] [task::fsm] idle
[2026-08-11 17:12:24.631570] [INFO] [task::fsm] push_done
[2026-08-11 17:12:24.651522] [INFO] [task::fsm] charging
