[2026-08-11 16:38:01.966041] [INFO] [mediator] 생성
[2026-08-11 16:38:01.989458] [INFO] [mediator] connectors 생성
[2026-08-11 16:38:01.990573] [INFO] [mediator] connector 의존성 주입
[2026-08-11 16:38:01.990582] [INFO] [mediator] any map 등록
[2026-08-11 16:38:01.990590] [INFO] [mediator] any collector 등록
[2026-08-11 16:38:01.990594] [INFO] [mediator] any collector 목록 검사
[2026-08-11 16:45:49.985454] [INFO] [mediator] 생성
[2026-08-11 16:45:50.009339] [INFO] [mediator] connectors 생성
[2026-08-11 16:45:50.010296] [INFO] [mediator] connector 의존성 주입
[2026-08-11 16:45:50.010305] [INFO] [mediator] any map 등록
[2026-08-11 16:45:50.010312] [INFO] [mediator] any collector 등록
[2026-08-11 16:45:50.010315] [INFO] [mediator] any collector 목록 검사
[2026-08-11 16:49:24.400743] [INFO] [mediator] 생성
[2026-08-11 16:49:24.443422] [INFO] [mediator] connectors 생성
[2026-08-11 16:49:24.444818] [INFO] [mediator] connector 의존성 주입
[2026-08-11 16:49:24.444822] [INFO] [mediator] any map 등록
[2026-08-11 16:49:24.444833] [INFO] [mediator] any collector 등록
[2026-08-11 16:49:24.444838] [INFO] [mediator] any collector 목록 검사
[2026-08-11 16:49:58.393040] [INFO] [mediator] 생성
[2026-08-11 16:49:58.418828] [INFO] [mediator] connectors 생성
[2026-08-11 16:49:58.419857] [INFO] [mediator] connector 의존성 주입
[2026-08-11 16:49:58.419866] [INFO] [mediator] any map 등록
[2026-08-11 16:49:58.419873] [INFO] [mediator] any collector 등록
[2026-08-11 16:49:58.419877] [INFO] [mediator] any collector 목록 검사
[2026-08-11 16:52:17.138369] [INFO] [mediator] 생성
[2026-08-11 16:52:17.176074] [INFO] [mediator] connectors 생성
[2026-08-11 16:52:17.176983] [INFO] [mediator] any map 등록
[2026-08-11 16:52:17.176981] [INFO] [mediator] connector 의존성 주입
[2026-08-11 16:52:17.176989] [INFO] [mediator] any collector 등록
[2026-08-11 16:52:17.176991] [INFO] [mediator] any collector 목록 검사
[2026-08-11 17:03:34.363251] [INFO] [mediator] 생성
[2026-08-11 17:03:34.388999] [INFO] [mediator] connectors 생성
[2026-08-11 17:03:34.390118] [INFO] [mediator] connector 의존성 주입
[2026-08-11 17:03:34.390126] [INFO] [mediator] any map 등록
[2026-08-11 17:03:34.390136] [INFO] [mediator] any collector 등록
[2026-08-11 17:03:34.390139] [INFO] [mediator] any collector 목록 검사
[2026-08-11 17:24:37.819537] [INFO] [mediator] 생성
[2026-08-11 17:24:37.869062] [INFO] [mediator] connectors 생성
[2026-08-11 17:24:37.870626] [INFO] [mediator] connector 의존성 주입
[2026-08-11 17:24:37.870627] [INFO] [mediator] any map 등록
[2026-08-11 17:24:37.870634] [INFO] [mediator] any collector 목록 검사
[2026-08-11 17:24:37.870633] [INFO] [mediator] any collector 등록
[2026-08-11 17:27:18.501537] [INFO] [mediator] 생성
[2026-08-11 17:27:18.536321] [INFO] [mediator] connectors 생성
[2026-08-11 17:27:18.537270] [INFO] [mediator] connector 의존성 주입
[2026-08-11 17:27:18.537279] [INFO] [mediator] any map 등록
[2026-08-11 17:27:18.537285] [INFO] [mediator] any collector 등록
[2026-08-11 17:27:18.537288] [INFO] [mediator] any collector 목록 검사
[2026-08-11 17:27:55.419173] [INFO] [mediator] 생성
[2026-08-11 17:27:55.468654] [INFO] [mediator] connectors 생성
[2026-08-11 17:27:55.470008] [INFO] [mediator] any map 등록
[2026-08-11 17:27:55.470005] [INFO] [mediator] connector 의존성 주입
[2026-08-11 17:27:55.470015] [INFO] [mediator] any collector 등록
[2026-08-11 17:27:55.470018] [INFO] [mediator] any collector 목록 검사
[2026-08-11 17:40:32.792656] [INFO] [mediator] 생성
[2026-08-11 17:40:32.827536] [INFO] [mediator] connectors 생성
[2026-08-11 17:40:32.830135] [INFO] [mediator] connector 의존성 주입
[2026-08-11 17:40:32.830150] [INFO] [mediator] any map 등록
[2026-08-11 17:40:32.830157] [INFO] [mediator] any collector 등록
[2026-08-11 17:40:32.830160] [INFO] [mediator] any collector 목록 검사
[2026-08-11 17:44:21.657616] [INFO] [mediator] 생성
[2026-08-11 17:44:21.701341] [INFO] [mediator] connectors 생성
[2026-08-11 17:44:21.702341] [INFO] [mediator] connector 의존성 주입
[2026-08-11 17:44:21.702351] [INFO] [mediator] any map 등록
[2026-08-11 17:44:21.702359] [INFO] [mediator] any collector 등록
[2026-08-11 17:44:21.702362] [INFO] [mediator] any collector 목록 검사
[2026-08-11 17:45:51.302514] [INFO] [mediator] 생성
[2026-08-11 17:45:51.332049] [INFO] [mediator] connectors 생성
[2026-08-11 17:45:51.333561] [INFO] [mediator] connector 의존성 주입
[2026-08-11 17:45:51.333565] [INFO] [mediator] any map 등록
[2026-08-11 17:45:51.333573] [INFO] [mediator] any collector 등록
[2026-08-11 17:45:51.333576] [INFO] [mediator] any collector 목록 검사
[2026-08-11 17:50:10.516180] [INFO] [mediator] 생성
[2026-08-11 17:50:10.546515] [INFO] [mediator] connectors 생성
[2026-08-11 17:50:10.548423] [INFO] [mediator] connector 의존성 주입
[2026-08-11 17:50:10.548442] [INFO] [mediator] any map 등록
[2026-08-11 17:50:10.548456] [INFO] [mediator] any collector 등록
[2026-08-11 17:50:10.548459] [INFO] [mediator] any collector 목록 검사
