[2026-08-11 16:38:01.991378] [INFO] [power_system] 생성
[2026-08-11 16:38:01.991474] [INFO] [power_system] 설정 정보 : remaining[40%, 10%, 5%]
[2026-08-11 16:38:01.991896] [INFO] [power_system] 알람 목록 : 
 • [100015, 100001] [INFO] 자동 충전 시작.
 • [100015, 100002] [INFO] 배터리 가득.
 • [100015, 400001] [CRIT] 배터리 남은 양 - 위험
 • [100015, 300001] [ERROR] 배터리 남은 양 - 에러
 • [100015, 200001] [WARN] 배터리 남은 양 - 주의
 • [100015, 100004] [INFO] 자동 충전 해제 완료.
 • [100015, 100003] [INFO] 자동 충전 해제 시작.
[2026-08-11 16:45:50.030069] [INFO] [power_system] 생성
[2026-08-11 16:45:50.030218] [INFO] [power_system] 설정 정보 : remaining[40%, 10%, 5%]
[2026-08-11 16:45:50.030827] [INFO] [power_system] 알람 목록 : 
 • [100015, 100001] [INFO] 자동 충전 시작.
 • [100015, 100002] [INFO] 배터리 가득.
 • [100015, 400001] [CRIT] 배터리 남은 양 - 위험
 • [100015, 300001] [ERROR] 배터리 남은 양 - 에러
 • [100015, 200001] [WARN] 배터리 남은 양 - 주의
 • [100015, 100004] [INFO] 자동 충전 해제 완료.
 • [100015, 100003] [INFO] 자동 충전 해제 시작.
[2026-08-11 16:47:34.554547] [INFO] [power_system] 충전 프로세스 시작
[2026-08-11 16:49:24.423379] [INFO] [power_system] 생성
[2026-08-11 16:49:24.423485] [INFO] [power_system] 설정 정보 : remaining[40%, 10%, 5%]
[2026-08-11 16:49:24.423926] [INFO] [power_system] 알람 목록 : 
 • [100015, 100001] [INFO] 자동 충전 시작.
 • [100015, 100002] [INFO] 배터리 가득.
 • [100015, 400001] [CRIT] 배터리 남은 양 - 위험
 • [100015, 300001] [ERROR] 배터리 남은 양 - 에러
 • [100015, 200001] [WARN] 배터리 남은 양 - 주의
 • [100015, 100004] [INFO] 자동 충전 해제 완료.
 • [100015, 100003] [INFO] 자동 충전 해제 시작.
[2026-08-11 16:49:58.419542] [INFO] [power_system] 생성
[2026-08-11 16:49:58.419651] [INFO] [power_system] 설정 정보 : remaining[40%, 10%, 5%]
[2026-08-11 16:49:58.420082] [INFO] [power_system] 알람 목록 : 
 • [100015, 100001] [INFO] 자동 충전 시작.
 • [100015, 100002] [INFO] 배터리 가득.
 • [100015, 400001] [CRIT] 배터리 남은 양 - 위험
 • [100015, 300001] [ERROR] 배터리 남은 양 - 에러
 • [100015, 200001] [WARN] 배터리 남은 양 - 주의
 • [100015, 100004] [INFO] 자동 충전 해제 완료.
 • [100015, 100003] [INFO] 자동 충전 해제 시작.
[2026-08-11 16:51:33.733753] [INFO] [power_system] 충전 프로세스 시작
[2026-08-11 16:51:55.930155] [INFO] [power_system] 충전 완료
[2026-08-11 16:52:17.169988] [INFO] [power_system] 생성
[2026-08-11 16:52:17.170095] [INFO] [power_system] 설정 정보 : remaining[40%, 10%, 5%]
[2026-08-11 16:52:17.170546] [INFO] [power_system] 알람 목록 : 
 • [100015, 100001] [INFO] 자동 충전 시작.
 • [100015, 100002] [INFO] 배터리 가득.
 • [100015, 400001] [CRIT] 배터리 남은 양 - 위험
 • [100015, 300001] [ERROR] 배터리 남은 양 - 에러
 • [100015, 200001] [WARN] 배터리 남은 양 - 주의
 • [100015, 100004] [INFO] 자동 충전 해제 완료.
 • [100015, 100003] [INFO] 자동 충전 해제 시작.
[2026-08-11 16:53:59.628275] [INFO] [power_system] 충전 프로세스 시작
[2026-08-11 16:57:18.479803] [INFO] [power_system] 충전 프로세스 시작
[2026-08-11 16:57:58.320528] [INFO] [power_system] 충전 완료
[2026-08-11 16:58:03.350186] [INFO] [power_system] 충전 해제 완료
[2026-08-11 16:58:03.370092] [INFO] [power_system] 충전 해제 프로세스 시작
[2026-08-11 16:59:58.426371] [INFO] [power_system] 충전 프로세스 시작
[2026-08-11 17:00:11.800371] [INFO] [power_system] 충전 완료
[2026-08-11 17:00:16.831663] [INFO] [power_system] 충전 해제 완료
[2026-08-11 17:00:16.851624] [INFO] [power_system] 충전 해제 프로세스 시작
[2026-08-11 17:02:11.927775] [INFO] [power_system] 충전 프로세스 시작
[2026-08-11 17:02:25.302945] [INFO] [power_system] 충전 완료
[2026-08-11 17:02:30.333242] [INFO] [power_system] 충전 해제 완료
[2026-08-11 17:02:30.353288] [INFO] [power_system] 충전 해제 프로세스 시작
[2026-08-11 17:03:34.390338] [INFO] [power_system] 생성
[2026-08-11 17:03:34.390441] [INFO] [power_system] 설정 정보 : remaining[40%, 10%, 5%]
[2026-08-11 17:03:34.390878] [INFO] [power_system] 알람 목록 : 
 • [100015, 100001] [INFO] 자동 충전 시작.
 • [100015, 100002] [INFO] 배터리 가득.
 • [100015, 400001] [CRIT] 배터리 남은 양 - 위험
 • [100015, 300001] [ERROR] 배터리 남은 양 - 에러
 • [100015, 200001] [WARN] 배터리 남은 양 - 주의
 • [100015, 100004] [INFO] 자동 충전 해제 완료.
 • [100015, 100003] [INFO] 자동 충전 해제 시작.
[2026-08-11 17:08:07.955588] [INFO] [power_system] 충전 프로세스 시작
[2026-08-11 17:09:52.369395] [INFO] [power_system] 충전 프로세스 시작
[2026-08-11 17:10:24.545449] [INFO] [power_system] 충전 완료
[2026-08-11 17:10:29.575342] [INFO] [power_system] 충전 해제 완료
[2026-08-11 17:10:29.595376] [INFO] [power_system] 충전 해제 프로세스 시작
