[2026-08-11 16:38:02.001695] [INFO] [task::fsm] 생성
[2026-08-11 16:38:02.001696] [INFO] [task::fsm] idle
[2026-08-11 16:40:31.673211] [INFO] [task::fsm] 생성
[2026-08-11 16:40:31.673219] [INFO] [task::fsm] idle
[2026-08-11 16:42:03.856906] [INFO] [task::fsm] charging
[2026-08-11 16:42:26.436420] [INFO] [task::fsm] discharging
[2026-08-11 16:42:26.456379] [INFO] [task::fsm] idle
[2026-08-11 16:42:59.123098] [INFO] [task::fsm] idle
[2026-08-11 16:44:17.579942] [INFO] [task::fsm] push_done
[2026-08-11 16:44:17.639838] [INFO] [task::fsm] charging
[2026-08-11 16:44:40.359822] [INFO] [task::fsm] discharging
[2026-08-11 16:44:40.379756] [INFO] [task::fsm] idle
[2026-08-11 16:44:40.419789] [INFO] [task::fsm] idle
[2026-08-11 16:45:50.022520] [INFO] [task::fsm] 생성
[2026-08-11 16:45:50.022521] [INFO] [task::fsm] idle
[2026-08-11 16:45:50.044074] [INFO] [task::fsm] idle
[2026-08-11 16:46:37.755669] [INFO] [task::fsm] push_done
[2026-08-11 16:46:37.795609] [INFO] [task::fsm] idle
[2026-08-11 16:47:17.482160] [INFO] [task::fsm] push_done
[2026-08-11 16:47:17.542047] [INFO] [task::fsm] charging
[2026-08-11 16:47:42.785298] [INFO] [task::fsm] 생성
[2026-08-11 16:47:42.785516] [INFO] [task::fsm] idle
[2026-08-11 16:47:42.807819] [INFO] [task::fsm] charging
[2026-08-11 16:47:59.239530] [INFO] [task::fsm] discharging
[2026-08-11 16:47:59.259525] [INFO] [task::fsm] idle
[2026-08-11 16:48:11.437419] [INFO] [task::fsm] idle
[2026-08-11 16:49:24.435744] [INFO] [task::fsm] 생성
[2026-08-11 16:49:24.435745] [INFO] [task::fsm] idle
[2026-08-11 16:49:46.528814] [INFO] [task::fsm] 생성
[2026-08-11 16:49:46.528815] [INFO] [task::fsm] idle
[2026-08-11 16:52:17.151221] [INFO] [task::fsm] 생성
[2026-08-11 16:52:17.151222] [INFO] [task::fsm] idle
[2026-08-11 16:52:51.103904] [INFO] [task::fsm] push_done
[2026-08-11 16:52:51.143871] [INFO] [task::fsm] idle
[2026-08-11 16:54:15.080454] [INFO] [task::fsm] push_done
[2026-08-11 16:54:15.140335] [INFO] [task::fsm] charging
[2026-08-11 16:54:45.860935] [INFO] [task::fsm] discharging
[2026-08-11 16:54:45.880921] [INFO] [task::fsm] idle
[2026-08-11 16:54:45.920833] [INFO] [task::fsm] idle
[2026-08-11 16:55:51.951088] [INFO] [task::fsm] push_done
[2026-08-11 16:55:51.991061] [INFO] [task::fsm] idle
[2026-08-11 16:56:58.061039] [INFO] [task::fsm] push_done
[2026-08-11 16:56:58.120918] [INFO] [task::fsm] charging
[2026-08-11 16:57:23.330176] [INFO] [task::fsm] discharging
[2026-08-11 16:57:23.350134] [INFO] [task::fsm] idle
[2026-08-11 16:57:23.390055] [INFO] [task::fsm] idle
[2026-08-11 16:59:18.393218] [INFO] [task::fsm] charging
[2026-08-11 16:59:36.823388] [INFO] [task::fsm] discharging
[2026-08-11 16:59:36.843339] [INFO] [task::fsm] idle
[2026-08-11 16:59:36.883289] [INFO] [task::fsm] idle
[2026-08-11 17:00:32.014141] [INFO] [task::fsm] push_done
[2026-08-11 17:00:32.074029] [INFO] [task::fsm] idle
[2026-08-11 17:01:18.704344] [INFO] [task::fsm] push_done
[2026-08-11 17:01:18.764238] [INFO] [task::fsm] charging
[2026-08-11 17:02:12.418965] [INFO] [task::fsm] push_done
[2026-08-11 17:02:12.458943] [INFO] [task::fsm] idle
[2026-08-11 17:03:34.395297] [INFO] [task::fsm] 생성
[2026-08-11 17:03:34.395298] [INFO] [task::fsm] idle
[2026-08-11 17:05:08.155223] [INFO] [task::fsm] push_done
[2026-08-11 17:05:08.215104] [INFO] [task::fsm] charging
[2026-08-11 17:05:34.406518] [INFO] [task::fsm] discharging
[2026-08-11 17:05:34.426429] [INFO] [task::fsm] idle
[2026-08-11 17:05:34.466414] [INFO] [task::fsm] idle
[2026-08-11 17:07:29.480687] [INFO] [task::fsm] charging
[2026-08-11 17:07:47.904364] [INFO] [task::fsm] discharging
[2026-08-11 17:07:47.924318] [INFO] [task::fsm] idle
[2026-08-11 17:07:47.964249] [INFO] [task::fsm] idle
[2026-08-11 17:09:42.960700] [INFO] [task::fsm] charging
[2026-08-11 17:10:01.384712] [INFO] [task::fsm] discharging
[2026-08-11 17:10:01.404722] [INFO] [task::fsm] idle
[2026-08-11 17:10:01.424708] [INFO] [task::fsm] idle
[2026-08-11 17:11:25.758590] [INFO] [task::fsm] idle
[2026-08-11 17:11:56.439026] [INFO] [task::fsm] charging
[2026-08-11 17:12:14.862156] [INFO] [task::fsm] discharging
[2026-08-11 17:12:14.882091] [INFO] [task::fsm] idle
[2026-08-11 17:12:14.922056] [INFO] [task::fsm] idle
[2026-08-11 17:24:37.860632] [INFO] [task::fsm] 생성
[2026-08-11 17:24:37.860632] [INFO] [task::fsm] idle
[2026-08-11 17:27:18.542269] [INFO] [task::fsm] 생성
[2026-08-11 17:27:18.542270] [INFO] [task::fsm] idle
[2026-08-11 17:27:55.461940] [INFO] [task::fsm] 생성
[2026-08-11 17:27:55.461941] [INFO] [task::fsm] idle
[2026-08-11 17:29:03.697037] [INFO] [task::fsm] go_from_done
[2026-08-11 17:29:03.756911] [INFO] [task::fsm] loading
[2026-08-11 17:29:05.793102] [INFO] [task::fsm] loading_done
[2026-08-11 17:30:28.142409] [INFO] [task::fsm] go_to_done
[2026-08-11 17:30:28.202307] [INFO] [task::fsm] unloading
[2026-08-11 17:30:30.238449] [INFO] [task::fsm] unloading_done
[2026-08-11 17:30:30.298318] [INFO] [task::fsm] idle
[2026-08-11 17:31:20.864071] [INFO] [task::fsm] push_done
[2026-08-11 17:31:20.924025] [INFO] [task::fsm] charging
[2026-08-11 17:32:02.881413] [INFO] [task::fsm] discharging
[2026-08-11 17:32:02.901427] [INFO] [task::fsm] idle
[2026-08-11 17:32:02.921378] [INFO] [task::fsm] idle
[2026-08-11 17:33:57.938806] [INFO] [task::fsm] charging
[2026-08-11 17:34:16.361661] [INFO] [task::fsm] discharging
[2026-08-11 17:34:16.381581] [INFO] [task::fsm] idle
[2026-08-11 17:34:16.421544] [INFO] [task::fsm] idle
[2026-08-11 17:34:46.293385] [INFO] [task::fsm] 생성
[2026-08-11 17:34:46.293387] [INFO] [task::fsm] idle
[2026-08-11 17:35:16.398385] [INFO] [task::fsm] charging
[2026-08-11 17:35:34.823312] [INFO] [task::fsm] discharging
[2026-08-11 17:35:34.843272] [INFO] [task::fsm] idle
[2026-08-11 17:35:34.883191] [INFO] [task::fsm] idle
[2026-08-11 17:37:29.906629] [INFO] [task::fsm] charging
[2026-08-11 17:37:48.333211] [INFO] [task::fsm] discharging
[2026-08-11 17:37:48.353198] [INFO] [task::fsm] idle
[2026-08-11 17:37:48.393138] [INFO] [task::fsm] idle
[2026-08-11 17:39:43.403650] [INFO] [task::fsm] charging
[2026-08-11 17:40:01.832439] [INFO] [task::fsm] discharging
[2026-08-11 17:40:01.852351] [INFO] [task::fsm] idle
[2026-08-11 17:40:01.892355] [INFO] [task::fsm] idle
[2026-08-11 17:40:32.828184] [INFO] [task::fsm] 생성
[2026-08-11 17:40:32.828186] [INFO] [task::fsm] idle
[2026-08-11 17:41:02.931359] [INFO] [task::fsm] charging
[2026-08-11 17:41:21.356427] [INFO] [task::fsm] discharging
[2026-08-11 17:41:21.376332] [INFO] [task::fsm] idle
[2026-08-11 17:41:21.416313] [INFO] [task::fsm] idle
[2026-08-11 17:42:00.379907] [INFO] [task::fsm] push_done
[2026-08-11 17:42:00.439781] [INFO] [task::fsm] idle
[2026-08-11 17:43:43.883693] [INFO] [task::fsm] 생성
[2026-08-11 17:43:43.883695] [INFO] [task::fsm] idle
[2026-08-11 17:44:21.700964] [INFO] [task::fsm] 생성
[2026-08-11 17:44:21.700965] [INFO] [task::fsm] idle
[2026-08-11 17:45:51.347311] [INFO] [task::fsm] 생성
[2026-08-11 17:45:51.347312] [INFO] [task::fsm] idle
[2026-08-11 17:46:21.451218] [INFO] [task::fsm] charging
[2026-08-11 17:46:39.877196] [INFO] [task::fsm] discharging
[2026-08-11 17:46:39.897106] [INFO] [task::fsm] idle
[2026-08-11 17:46:39.937106] [INFO] [task::fsm] idle
[2026-08-11 17:50:10.554442] [INFO] [task::fsm] 생성
[2026-08-11 17:50:10.554444] [INFO] [task::fsm] idle
[2026-08-11 17:51:16.272096] [INFO] [task::fsm] push_done
[2026-08-11 17:51:16.332004] [INFO] [task::fsm] idle
[2026-08-11 17:52:08.793384] [INFO] [task::fsm] push_done
[2026-08-11 17:52:08.833388] [INFO] [task::fsm] charging
[2026-08-11 17:52:38.619073] [INFO] [task::fsm] discharging
[2026-08-11 17:52:38.638981] [INFO] [task::fsm] idle
[2026-08-11 17:52:38.678972] [INFO] [task::fsm] idle
[2026-08-11 17:53:12.812434] [INFO] [task::fsm] push_done
[2026-08-11 17:53:12.872318] [INFO] [task::fsm] idle
[2026-08-11 17:54:38.389109] [INFO] [task::fsm] push_done
[2026-08-11 17:54:38.429095] [INFO] [task::fsm] charging
[2026-08-11 17:55:00.866005] [INFO] [task::fsm] discharging
[2026-08-11 17:55:00.886027] [INFO] [task::fsm] idle
[2026-08-11 17:55:00.905990] [INFO] [task::fsm] idle
[2026-08-11 17:55:43.622905] [INFO] [task::fsm] push_done
[2026-08-11 17:55:43.662870] [INFO] [task::fsm] idle
[2026-08-11 17:57:10.778437] [INFO] [task::fsm] push_done
[2026-08-11 17:57:10.838339] [INFO] [task::fsm] charging
[2026-08-11 17:57:34.137325] [INFO] [task::fsm] discharging
[2026-08-11 17:57:34.157291] [INFO] [task::fsm] idle
[2026-08-11 17:57:34.197224] [INFO] [task::fsm] idle
