[2026-08-11 16:38:01.994784] [INFO] [power_system] 생성
[2026-08-11 16:38:01.994886] [INFO] [power_system] 설정 정보 : remaining[40%, 10%, 5%]
[2026-08-11 16:38:01.995266] [INFO] [power_system] 알람 목록 : 
 • [100015, 100001] [INFO] 자동 충전 시작.
 • [100015, 100002] [INFO] 배터리 가득.
 • [100015, 400001] [CRIT] 배터리 남은 양 - 위험
 • [100015, 300001] [ERROR] 배터리 남은 양 - 에러
 • [100015, 200001] [WARN] 배터리 남은 양 - 주의
 • [100015, 100004] [INFO] 자동 충전 해제 완료.
 • [100015, 100003] [INFO] 자동 충전 해제 시작.
[2026-08-11 16:45:50.014376] [INFO] [power_system] 생성
[2026-08-11 16:45:50.014480] [INFO] [power_system] 설정 정보 : remaining[40%, 10%, 5%]
[2026-08-11 16:45:50.014950] [INFO] [power_system] 알람 목록 : 
 • [100015, 100001] [INFO] 자동 충전 시작.
 • [100015, 100002] [INFO] 배터리 가득.
 • [100015, 400001] [CRIT] 배터리 남은 양 - 위험
 • [100015, 300001] [ERROR] 배터리 남은 양 - 에러
 • [100015, 200001] [WARN] 배터리 남은 양 - 주의
 • [100015, 100004] [INFO] 자동 충전 해제 완료.
 • [100015, 100003] [INFO] 자동 충전 해제 시작.
[2026-08-11 16:45:50.135117] [INFO] [power_system] 충전 프로세스 시작
[2026-08-11 16:46:07.860743] [INFO] [power_system] 충전 완료
[2026-08-11 16:49:24.425753] [INFO] [power_system] 생성
[2026-08-11 16:49:24.425854] [INFO] [power_system] 설정 정보 : remaining[40%, 10%, 5%]
[2026-08-11 16:49:24.426242] [INFO] [power_system] 알람 목록 : 
 • [100015, 100001] [INFO] 자동 충전 시작.
 • [100015, 100002] [INFO] 배터리 가득.
 • [100015, 400001] [CRIT] 배터리 남은 양 - 위험
 • [100015, 300001] [ERROR] 배터리 남은 양 - 에러
 • [100015, 200001] [WARN] 배터리 남은 양 - 주의
 • [100015, 100004] [INFO] 자동 충전 해제 완료.
 • [100015, 100003] [INFO] 자동 충전 해제 시작.
[2026-08-11 16:49:58.428428] [INFO] [power_system] 생성
[2026-08-11 16:49:58.428531] [INFO] [power_system] 설정 정보 : remaining[40%, 10%, 5%]
[2026-08-11 16:49:58.428928] [INFO] [power_system] 알람 목록 : 
 • [100015, 100001] [INFO] 자동 충전 시작.
 • [100015, 100002] [INFO] 배터리 가득.
 • [100015, 400001] [CRIT] 배터리 남은 양 - 위험
 • [100015, 300001] [ERROR] 배터리 남은 양 - 에러
 • [100015, 200001] [WARN] 배터리 남은 양 - 주의
 • [100015, 100004] [INFO] 자동 충전 해제 완료.
 • [100015, 100003] [INFO] 자동 충전 해제 시작.
[2026-08-11 16:50:42.008916] [INFO] [power_system] 충전 프로세스 시작
[2026-08-11 16:51:08.778753] [INFO] [power_system] 충전 완료
[2026-08-11 16:51:13.809791] [INFO] [power_system] 충전 해제 완료
[2026-08-11 16:51:13.829660] [INFO] [power_system] 충전 해제 프로세스 시작
[2026-08-11 16:52:17.169813] [INFO] [power_system] 생성
[2026-08-11 16:52:17.169907] [INFO] [power_system] 설정 정보 : remaining[40%, 10%, 5%]
[2026-08-11 16:52:17.170289] [INFO] [power_system] 알람 목록 : 
 • [100015, 100001] [INFO] 자동 충전 시작.
 • [100015, 100002] [INFO] 배터리 가득.
 • [100015, 400001] [CRIT] 배터리 남은 양 - 위험
 • [100015, 300001] [ERROR] 배터리 남은 양 - 에러
 • [100015, 200001] [WARN] 배터리 남은 양 - 주의
 • [100015, 100004] [INFO] 자동 충전 해제 완료.
 • [100015, 100003] [INFO] 자동 충전 해제 시작.
[2026-08-11 16:52:24.156886] [INFO] [power_system] 충전 프로세스 시작
[2026-08-11 16:52:42.799681] [INFO] [power_system] 충전 완료
[2026-08-11 16:52:47.829654] [INFO] [power_system] 충전 해제 완료
[2026-08-11 16:52:47.849642] [INFO] [power_system] 충전 해제 프로세스 시작
[2026-08-11 16:53:42.901955] [INFO] [power_system] 충전 프로세스 시작
[2026-08-11 16:54:56.906899] [INFO] [power_system] 충전 프로세스 시작
[2026-08-11 16:55:26.228844] [INFO] [power_system] 충전 완료
[2026-08-11 16:55:31.258919] [INFO] [power_system] 충전 해제 완료
[2026-08-11 16:55:31.278879] [INFO] [power_system] 충전 해제 프로세스 시작
[2026-08-11 16:56:26.330703] [INFO] [power_system] 충전 프로세스 시작
[2026-08-11 16:56:40.042843] [INFO] [power_system] 충전 완료
[2026-08-11 17:01:23.795710] [INFO] [power_system] 충전 프로세스 시작
[2026-08-11 17:02:04.832459] [INFO] [power_system] 충전 완료
[2026-08-11 17:02:09.862333] [INFO] [power_system] 충전 해제 완료
[2026-08-11 17:02:09.882296] [INFO] [power_system] 충전 해제 프로세스 시작
[2026-08-11 17:03:34.392213] [INFO] [power_system] 생성
[2026-08-11 17:03:34.392308] [INFO] [power_system] 설정 정보 : remaining[40%, 10%, 5%]
[2026-08-11 17:03:34.392675] [INFO] [power_system] 알람 목록 : 
 • [100015, 100001] [INFO] 자동 충전 시작.
 • [100015, 100002] [INFO] 배터리 가득.
 • [100015, 400001] [CRIT] 배터리 남은 양 - 위험
 • [100015, 300001] [ERROR] 배터리 남은 양 - 에러
 • [100015, 200001] [WARN] 배터리 남은 양 - 주의
 • [100015, 100004] [INFO] 자동 충전 해제 완료.
 • [100015, 100003] [INFO] 자동 충전 해제 시작.
[2026-08-11 17:03:35.652951] [INFO] [power_system] 충전 프로세스 시작
[2026-08-11 17:03:53.538551] [INFO] [power_system] 충전 완료
[2026-08-11 17:03:58.568359] [INFO] [power_system] 충전 해제 완료
[2026-08-11 17:03:58.588375] [INFO] [power_system] 충전 해제 프로세스 시작
[2026-08-11 17:04:53.661577] [INFO] [power_system] 충전 프로세스 시작
[2026-08-11 17:05:07.394234] [INFO] [power_system] 충전 완료
[2026-08-11 17:05:12.424978] [INFO] [power_system] 충전 해제 완료
[2026-08-11 17:05:12.444933] [INFO] [power_system] 충전 해제 프로세스 시작
[2026-08-11 17:06:07.497702] [INFO] [power_system] 충전 프로세스 시작
[2026-08-11 17:06:21.211797] [INFO] [power_system] 충전 완료
[2026-08-11 17:06:26.242527] [INFO] [power_system] 충전 해제 완료
[2026-08-11 17:06:26.262418] [INFO] [power_system] 충전 해제 프로세스 시작
[2026-08-11 17:07:21.333897] [INFO] [power_system] 충전 프로세스 시작
[2026-08-11 17:07:35.066729] [INFO] [power_system] 충전 완료
[2026-08-11 17:07:40.096832] [INFO] [power_system] 충전 해제 완료
[2026-08-11 17:07:40.116832] [INFO] [power_system] 충전 해제 프로세스 시작
[2026-08-11 17:12:26.902528] [INFO] [power_system] 충전 프로세스 시작
