[2026-08-11 16:38:01.971520] [INFO] [mediator] 생성
[2026-08-11 16:38:01.997661] [INFO] [mediator] connectors 생성
[2026-08-11 16:38:01.998679] [INFO] [mediator] connector 의존성 주입
[2026-08-11 16:38:01.998687] [INFO] [mediator] any map 등록
[2026-08-11 16:38:01.998694] [INFO] [mediator] any collector 등록
[2026-08-11 16:38:01.998697] [INFO] [mediator] any collector 목록 검사
[2026-08-11 16:40:31.641341] [INFO] [mediator] 생성
[2026-08-11 16:40:31.665189] [INFO] [mediator] connectors 생성
[2026-08-11 16:40:31.666121] [INFO] [mediator] connector 의존성 주입
[2026-08-11 16:40:31.666137] [INFO] [mediator] any map 등록
[2026-08-11 16:40:31.666144] [INFO] [mediator] any collector 등록
[2026-08-11 16:40:31.666152] [INFO] [mediator] any collector 목록 검사
[2026-08-11 16:45:49.991934] [INFO] [mediator] 생성
[2026-08-11 16:45:50.022619] [INFO] [mediator] connectors 생성
[2026-08-11 16:45:50.024098] [INFO] [mediator] connector 의존성 주입
[2026-08-11 16:45:50.024109] [INFO] [mediator] any map 등록
[2026-08-11 16:45:50.024115] [INFO] [mediator] any collector 등록
[2026-08-11 16:45:50.024118] [INFO] [mediator] any collector 목록 검사
[2026-08-11 16:49:24.401517] [INFO] [mediator] 생성
[2026-08-11 16:49:24.426640] [INFO] [mediator] connectors 생성
[2026-08-11 16:49:24.427650] [INFO] [mediator] any map 등록
[2026-08-11 16:49:24.427641] [INFO] [mediator] connector 의존성 주입
[2026-08-11 16:49:24.427657] [INFO] [mediator] any collector 등록
[2026-08-11 16:49:24.427662] [INFO] [mediator] any collector 목록 검사
[2026-08-11 16:49:58.398938] [INFO] [mediator] 생성
[2026-08-11 16:49:58.433238] [INFO] [mediator] connectors 생성
[2026-08-11 16:49:58.434380] [INFO] [mediator] connector 의존성 주입
[2026-08-11 16:49:58.434390] [INFO] [mediator] any map 등록
[2026-08-11 16:49:58.434400] [INFO] [mediator] any collector 등록
[2026-08-11 16:49:58.434404] [INFO] [mediator] any collector 목록 검사
[2026-08-11 16:52:17.140552] [INFO] [mediator] 생성
[2026-08-11 16:52:17.168540] [INFO] [mediator] connectors 생성
[2026-08-11 16:52:17.169513] [INFO] [mediator] connector 의존성 주입
[2026-08-11 16:52:17.169522] [INFO] [mediator] any map 등록
[2026-08-11 16:52:17.169530] [INFO] [mediator] any collector 등록
[2026-08-11 16:52:17.169532] [INFO] [mediator] any collector 목록 검사
[2026-08-11 17:03:34.368648] [INFO] [mediator] 생성
[2026-08-11 17:03:34.410663] [INFO] [mediator] connectors 생성
[2026-08-11 17:03:34.412066] [INFO] [mediator] connector 의존성 주입
[2026-08-11 17:03:34.412068] [INFO] [mediator] any map 등록
[2026-08-11 17:03:34.412075] [INFO] [mediator] any collector 등록
[2026-08-11 17:03:34.412078] [INFO] [mediator] any collector 목록 검사
