[2026-08-11 16:38:01.994097] [INFO] [task::fsm] 생성
[2026-08-11 16:38:01.994098] [INFO] [task::fsm] idle
[2026-08-11 16:45:50.013794] [INFO] [task::fsm] 생성
[2026-08-11 16:45:50.013795] [INFO] [task::fsm] idle
[2026-08-11 16:45:50.135108] [INFO] [task::fsm] charging
[2026-08-11 16:46:38.466105] [INFO] [task::fsm] push_done
[2026-08-11 16:46:38.525984] [INFO] [task::fsm] idle
[2026-08-11 16:47:04.699051] [INFO] [task::fsm] push_done
[2026-08-11 16:47:04.739015] [INFO] [task::fsm] idle
[2026-08-11 16:49:24.425182] [INFO] [task::fsm] 생성
[2026-08-11 16:49:24.425183] [INFO] [task::fsm] idle
[2026-08-11 16:49:58.427904] [INFO] [task::fsm] 생성
[2026-08-11 16:49:58.427905] [INFO] [task::fsm] idle
[2026-08-11 16:50:41.948996] [INFO] [task::fsm] push_done
[2026-08-11 16:50:42.008906] [INFO] [task::fsm] charging
[2026-08-11 16:51:13.829650] [INFO] [task::fsm] discharging
[2026-08-11 16:51:13.849563] [INFO] [task::fsm] idle
[2026-08-11 16:51:13.889541] [INFO] [task::fsm] idle
[2026-08-11 16:52:17.169301] [INFO] [task::fsm] 생성
[2026-08-11 16:52:17.169302] [INFO] [task::fsm] idle
[2026-08-11 16:52:24.156874] [INFO] [task::fsm] charging
[2026-08-11 16:52:47.849636] [INFO] [task::fsm] discharging
[2026-08-11 16:52:47.869641] [INFO] [task::fsm] idle
[2026-08-11 16:52:47.909563] [INFO] [task::fsm] idle
[2026-08-11 16:53:42.901947] [INFO] [task::fsm] charging
[2026-08-11 16:54:10.767031] [INFO] [task::fsm] push_done
[2026-08-11 16:54:10.826905] [INFO] [task::fsm] idle
[2026-08-11 16:54:56.847007] [INFO] [task::fsm] push_done
[2026-08-11 16:54:56.906890] [INFO] [task::fsm] charging
[2026-08-11 16:55:31.278874] [INFO] [task::fsm] discharging
[2026-08-11 16:55:31.298753] [INFO] [task::fsm] idle
[2026-08-11 16:55:31.338721] [INFO] [task::fsm] idle
[2026-08-11 16:56:26.330695] [INFO] [task::fsm] charging
[2026-08-11 16:57:24.078572] [INFO] [task::fsm] push_done
[2026-08-11 16:57:24.138465] [INFO] [task::fsm] idle
[2026-08-11 17:01:23.755718] [INFO] [task::fsm] push_done
[2026-08-11 17:01:23.795701] [INFO] [task::fsm] charging
[2026-08-11 17:02:09.882290] [INFO] [task::fsm] discharging
[2026-08-11 17:02:09.902226] [INFO] [task::fsm] idle
[2026-08-11 17:02:09.942185] [INFO] [task::fsm] idle
[2026-08-11 17:03:34.391656] [INFO] [task::fsm] 생성
[2026-08-11 17:03:34.391657] [INFO] [task::fsm] idle
[2026-08-11 17:03:35.652937] [INFO] [task::fsm] charging
[2026-08-11 17:03:58.588368] [INFO] [task::fsm] discharging
[2026-08-11 17:03:58.608324] [INFO] [task::fsm] idle
[2026-08-11 17:03:58.648253] [INFO] [task::fsm] idle
[2026-08-11 17:04:53.661570] [INFO] [task::fsm] charging
[2026-08-11 17:05:12.444926] [INFO] [task::fsm] discharging
[2026-08-11 17:05:12.464830] [INFO] [task::fsm] idle
[2026-08-11 17:05:12.504797] [INFO] [task::fsm] idle
[2026-08-11 17:06:07.497695] [INFO] [task::fsm] charging
[2026-08-11 17:06:26.262411] [INFO] [task::fsm] discharging
[2026-08-11 17:06:26.282423] [INFO] [task::fsm] idle
[2026-08-11 17:06:26.302392] [INFO] [task::fsm] idle
[2026-08-11 17:07:21.333889] [INFO] [task::fsm] charging
[2026-08-11 17:07:40.116823] [INFO] [task::fsm] discharging
[2026-08-11 17:07:40.136781] [INFO] [task::fsm] idle
[2026-08-11 17:07:40.176693] [INFO] [task::fsm] idle
[2026-08-11 17:10:34.059501] [INFO] [task::fsm] push_done
[2026-08-11 17:10:34.119388] [INFO] [task::fsm] idle
[2026-08-11 17:12:26.862517] [INFO] [task::fsm] push_done
[2026-08-11 17:12:26.902519] [INFO] [task::fsm] charging
