[2026-08-11 16:38:02.006730] [INFO] [power_system] 생성
[2026-08-11 16:38:02.006885] [INFO] [power_system] 설정 정보 : remaining[40%, 10%, 5%]
[2026-08-11 16:38:02.008082] [INFO] [power_system] 알람 목록 : 
 • [100015, 100001] [INFO] 자동 충전 시작.
 • [100015, 100002] [INFO] 배터리 가득.
 • [100015, 400001] [CRIT] 배터리 남은 양 - 위험
 • [100015, 300001] [ERROR] 배터리 남은 양 - 에러
 • [100015, 200001] [WARN] 배터리 남은 양 - 주의
 • [100015, 100004] [INFO] 자동 충전 해제 완료.
 • [100015, 100003] [INFO] 자동 충전 해제 시작.
[2026-08-11 16:45:50.026352] [INFO] [power_system] 생성
[2026-08-11 16:45:50.026507] [INFO] [power_system] 설정 정보 : remaining[40%, 10%, 5%]
[2026-08-11 16:45:50.027129] [INFO] [power_system] 알람 목록 : 
 • [100015, 100001] [INFO] 자동 충전 시작.
 • [100015, 100002] [INFO] 배터리 가득.
 • [100015, 400001] [CRIT] 배터리 남은 양 - 위험
 • [100015, 300001] [ERROR] 배터리 남은 양 - 에러
 • [100015, 200001] [WARN] 배터리 남은 양 - 주의
 • [100015, 100004] [INFO] 자동 충전 해제 완료.
 • [100015, 100003] [INFO] 자동 충전 해제 시작.
[2026-08-11 16:45:50.127565] [INFO] [power_system] 충전 프로세스 시작
[2026-08-11 16:46:29.857341] [INFO] [power_system] 충전 완료
[2026-08-11 16:46:34.887631] [INFO] [power_system] 충전 해제 완료
[2026-08-11 16:46:34.907645] [INFO] [power_system] 충전 해제 프로세스 시작
[2026-08-11 16:47:29.966738] [INFO] [power_system] 충전 프로세스 시작
[2026-08-11 16:49:24.440524] [INFO] [power_system] 생성
[2026-08-11 16:49:24.440713] [INFO] [power_system] 설정 정보 : remaining[40%, 10%, 5%]
[2026-08-11 16:49:24.441353] [INFO] [power_system] 알람 목록 : 
 • [100015, 100001] [INFO] 자동 충전 시작.
 • [100015, 100002] [INFO] 배터리 가득.
 • [100015, 400001] [CRIT] 배터리 남은 양 - 위험
 • [100015, 300001] [ERROR] 배터리 남은 양 - 에러
 • [100015, 200001] [WARN] 배터리 남은 양 - 주의
 • [100015, 100004] [INFO] 자동 충전 해제 완료.
 • [100015, 100003] [INFO] 자동 충전 해제 시작.
[2026-08-11 16:49:24.561740] [INFO] [power_system] 충전 프로세스 시작
[2026-08-11 16:49:58.415059] [INFO] [power_system] 생성
[2026-08-11 16:49:58.415171] [INFO] [power_system] 설정 정보 : remaining[40%, 10%, 5%]
[2026-08-11 16:49:58.415588] [INFO] [power_system] 알람 목록 : 
 • [100015, 100001] [INFO] 자동 충전 시작.
 • [100015, 100002] [INFO] 배터리 가득.
 • [100015, 400001] [CRIT] 배터리 남은 양 - 위험
 • [100015, 300001] [ERROR] 배터리 남은 양 - 에러
 • [100015, 200001] [WARN] 배터리 남은 양 - 주의
 • [100015, 100004] [INFO] 자동 충전 해제 완료.
 • [100015, 100003] [INFO] 자동 충전 해제 시작.
[2026-08-11 16:50:00.412897] [INFO] [power_system] 충전 프로세스 시작
[2026-08-11 16:51:14.276293] [INFO] [power_system] 충전 프로세스 시작
[2026-08-11 16:51:54.517185] [INFO] [power_system] 충전 완료
[2026-08-11 16:52:17.176888] [INFO] [power_system] 생성
[2026-08-11 16:52:17.177019] [INFO] [power_system] 설정 정보 : remaining[40%, 10%, 5%]
[2026-08-11 16:52:17.177427] [INFO] [power_system] 알람 목록 : 
 • [100015, 100001] [INFO] 자동 충전 시작.
 • [100015, 100002] [INFO] 배터리 가득.
 • [100015, 400001] [CRIT] 배터리 남은 양 - 위험
 • [100015, 300001] [ERROR] 배터리 남은 양 - 에러
 • [100015, 200001] [WARN] 배터리 남은 양 - 주의
 • [100015, 100004] [INFO] 자동 충전 해제 완료.
 • [100015, 100003] [INFO] 자동 충전 해제 시작.
[2026-08-11 16:52:24.145581] [INFO] [power_system] 충전 프로세스 시작
[2026-08-11 16:53:04.390205] [INFO] [power_system] 충전 완료
[2026-08-11 16:53:09.420368] [INFO] [power_system] 충전 해제 완료
[2026-08-11 16:53:09.440290] [INFO] [power_system] 충전 해제 프로세스 시작
[2026-08-11 16:54:04.512287] [INFO] [power_system] 충전 프로세스 시작
[2026-08-11 16:56:32.386362] [INFO] [power_system] 충전 프로세스 시작
[2026-08-11 16:57:12.626329] [INFO] [power_system] 충전 완료
[2026-08-11 16:57:17.656340] [INFO] [power_system] 충전 해제 완료
[2026-08-11 16:57:17.676268] [INFO] [power_system] 충전 해제 프로세스 시작
[2026-08-11 16:58:12.746041] [INFO] [power_system] 충전 프로세스 시작
[2026-08-11 16:58:26.478108] [INFO] [power_system] 충전 완료
[2026-08-11 16:58:31.508097] [INFO] [power_system] 충전 해제 완료
[2026-08-11 16:58:31.528069] [INFO] [power_system] 충전 해제 프로세스 시작
[2026-08-11 17:00:35.071555] [INFO] [power_system] 충전 프로세스 시작
[2026-08-11 17:01:05.612636] [INFO] [power_system] 충전 완료
[2026-08-11 17:03:34.402761] [INFO] [power_system] 생성
[2026-08-11 17:03:34.402921] [INFO] [power_system] 설정 정보 : remaining[40%, 10%, 5%]
[2026-08-11 17:03:34.403554] [INFO] [power_system] 알람 목록 : 
 • [100015, 100001] [INFO] 자동 충전 시작.
 • [100015, 100002] [INFO] 배터리 가득.
 • [100015, 400001] [CRIT] 배터리 남은 양 - 위험
 • [100015, 300001] [ERROR] 배터리 남은 양 - 에러
 • [100015, 200001] [WARN] 배터리 남은 양 - 주의
 • [100015, 100004] [INFO] 자동 충전 해제 완료.
 • [100015, 100003] [INFO] 자동 충전 해제 시작.
[2026-08-11 17:04:32.869367] [INFO] [power_system] 충전 프로세스 시작
[2026-08-11 17:05:13.113917] [INFO] [power_system] 충전 완료
[2026-08-11 17:05:18.144142] [INFO] [power_system] 충전 해제 완료
[2026-08-11 17:05:18.164107] [INFO] [power_system] 충전 해제 프로세스 시작
[2026-08-11 17:06:13.215401] [INFO] [power_system] 충전 프로세스 시작
[2026-08-11 17:06:26.927605] [INFO] [power_system] 충전 완료
[2026-08-11 17:06:31.957721] [INFO] [power_system] 충전 해제 완료
[2026-08-11 17:06:31.977733] [INFO] [power_system] 충전 해제 프로세스 시작
[2026-08-11 17:08:29.384301] [INFO] [power_system] 충전 프로세스 시작
[2026-08-11 17:08:59.504605] [INFO] [power_system] 충전 완료
[2026-08-11 17:24:37.842807] [INFO] [power_system] 생성
[2026-08-11 17:24:37.842924] [INFO] [power_system] 설정 정보 : remaining[40%, 10%, 5%]
[2026-08-11 17:24:37.843362] [INFO] [power_system] 알람 목록 : 
 • [100015, 100001] [INFO] 자동 충전 시작.
 • [100015, 100002] [INFO] 배터리 가득.
 • [100015, 400001] [CRIT] 배터리 남은 양 - 위험
 • [100015, 300001] [ERROR] 배터리 남은 양 - 에러
 • [100015, 200001] [WARN] 배터리 남은 양 - 주의
 • [100015, 100004] [INFO] 자동 충전 해제 완료.
 • [100015, 100003] [INFO] 자동 충전 해제 시작.
[2026-08-11 17:27:18.531857] [INFO] [power_system] 생성
[2026-08-11 17:27:18.531976] [INFO] [power_system] 설정 정보 : remaining[40%, 10%, 5%]
[2026-08-11 17:27:18.532482] [INFO] [power_system] 알람 목록 : 
 • [100015, 100001] [INFO] 자동 충전 시작.
 • [100015, 100002] [INFO] 배터리 가득.
 • [100015, 400001] [CRIT] 배터리 남은 양 - 위험
 • [100015, 300001] [ERROR] 배터리 남은 양 - 에러
 • [100015, 200001] [WARN] 배터리 남은 양 - 주의
 • [100015, 100004] [INFO] 자동 충전 해제 완료.
 • [100015, 100003] [INFO] 자동 충전 해제 시작.
[2026-08-11 17:27:18.552941] [INFO] [power_system] 충전 프로세스 시작
[2026-08-11 17:27:55.441645] [INFO] [power_system] 생성
[2026-08-11 17:27:55.441778] [INFO] [power_system] 설정 정보 : remaining[40%, 10%, 5%]
[2026-08-11 17:27:55.442201] [INFO] [power_system] 알람 목록 : 
 • [100015, 100001] [INFO] 자동 충전 시작.
 • [100015, 100002] [INFO] 배터리 가득.
 • [100015, 400001] [CRIT] 배터리 남은 양 - 위험
 • [100015, 300001] [ERROR] 배터리 남은 양 - 에러
 • [100015, 200001] [WARN] 배터리 남은 양 - 주의
 • [100015, 100004] [INFO] 자동 충전 해제 완료.
 • [100015, 100003] [INFO] 자동 충전 해제 시작.
[2026-08-11 17:27:55.562489] [INFO] [power_system] 충전 프로세스 시작
[2026-08-11 17:31:54.833239] [INFO] [power_system] 충전 프로세스 시작
[2026-08-11 17:32:35.077018] [INFO] [power_system] 충전 완료
[2026-08-11 17:32:40.107392] [INFO] [power_system] 충전 해제 완료
[2026-08-11 17:32:40.127308] [INFO] [power_system] 충전 해제 프로세스 시작
[2026-08-11 17:33:35.198395] [INFO] [power_system] 충전 프로세스 시작
[2026-08-11 17:33:48.933351] [INFO] [power_system] 충전 완료
[2026-08-11 17:33:53.963087] [INFO] [power_system] 충전 해제 완료
[2026-08-11 17:33:53.983104] [INFO] [power_system] 충전 해제 프로세스 시작
[2026-08-11 17:34:46.319350] [INFO] [power_system] 생성
[2026-08-11 17:34:46.319502] [INFO] [power_system] 설정 정보 : remaining[40%, 10%, 5%]
[2026-08-11 17:34:46.320143] [INFO] [power_system] 알람 목록 : 
 • [100015, 100001] [INFO] 자동 충전 시작.
 • [100015, 100002] [INFO] 배터리 가득.
 • [100015, 400001] [CRIT] 배터리 남은 양 - 위험
 • [100015, 300001] [ERROR] 배터리 남은 양 - 에러
 • [100015, 200001] [WARN] 배터리 남은 양 - 주의
 • [100015, 100004] [INFO] 자동 충전 해제 완료.
 • [100015, 100003] [INFO] 자동 충전 해제 시작.
[2026-08-11 17:34:49.873876] [INFO] [power_system] 충전 프로세스 시작
[2026-08-11 17:35:30.053174] [INFO] [power_system] 충전 완료
[2026-08-11 17:35:35.082705] [INFO] [power_system] 충전 해제 완료
[2026-08-11 17:35:35.102633] [INFO] [power_system] 충전 해제 프로세스 시작
[2026-08-11 17:36:30.176701] [INFO] [power_system] 충전 프로세스 시작
[2026-08-11 17:36:43.911854] [INFO] [power_system] 충전 완료
[2026-08-11 17:36:48.941997] [INFO] [power_system] 충전 해제 완료
[2026-08-11 17:36:48.961976] [INFO] [power_system] 충전 해제 프로세스 시작
[2026-08-11 17:37:44.053082] [INFO] [power_system] 충전 프로세스 시작
[2026-08-11 17:37:57.787736] [INFO] [power_system] 충전 완료
[2026-08-11 17:38:02.818507] [INFO] [power_system] 충전 해제 완료
[2026-08-11 17:38:02.838514] [INFO] [power_system] 충전 해제 프로세스 시작
[2026-08-11 17:38:57.914133] [INFO] [power_system] 충전 프로세스 시작
[2026-08-11 17:39:11.648734] [INFO] [power_system] 충전 완료
[2026-08-11 17:39:16.679010] [INFO] [power_system] 충전 해제 완료
[2026-08-11 17:39:16.698999] [INFO] [power_system] 충전 해제 프로세스 시작
[2026-08-11 17:40:32.834110] [INFO] [power_system] 생성
[2026-08-11 17:40:32.834210] [INFO] [power_system] 설정 정보 : remaining[40%, 10%, 5%]
[2026-08-11 17:40:32.834597] [INFO] [power_system] 알람 목록 : 
 • [100015, 100001] [INFO] 자동 충전 시작.
 • [100015, 100002] [INFO] 배터리 가득.
 • [100015, 400001] [CRIT] 배터리 남은 양 - 위험
 • [100015, 300001] [ERROR] 배터리 남은 양 - 에러
 • [100015, 200001] [WARN] 배터리 남은 양 - 주의
 • [100015, 100004] [INFO] 자동 충전 해제 완료.
 • [100015, 100003] [INFO] 자동 충전 해제 시작.
[2026-08-11 17:40:32.935171] [INFO] [power_system] 충전 프로세스 시작
[2026-08-11 17:41:12.659508] [INFO] [power_system] 충전 완료
[2026-08-11 17:41:17.691341] [INFO] [power_system] 충전 해제 완료
[2026-08-11 17:41:17.711258] [INFO] [power_system] 충전 해제 프로세스 시작
[2026-08-11 17:42:12.787339] [INFO] [power_system] 충전 프로세스 시작
[2026-08-11 17:42:26.519613] [INFO] [power_system] 충전 완료
[2026-08-11 17:42:31.549737] [INFO] [power_system] 충전 해제 완료
[2026-08-11 17:42:31.569687] [INFO] [power_system] 충전 해제 프로세스 시작
[2026-08-11 17:44:21.704538] [INFO] [power_system] 생성
[2026-08-11 17:44:21.704692] [INFO] [power_system] 설정 정보 : remaining[40%, 10%, 5%]
[2026-08-11 17:44:21.705324] [INFO] [power_system] 알람 목록 : 
 • [100015, 100001] [INFO] 자동 충전 시작.
 • [100015, 100002] [INFO] 배터리 가득.
 • [100015, 400001] [CRIT] 배터리 남은 양 - 위험
 • [100015, 300001] [ERROR] 배터리 남은 양 - 에러
 • [100015, 200001] [WARN] 배터리 남은 양 - 주의
 • [100015, 100004] [INFO] 자동 충전 해제 완료.
 • [100015, 100003] [INFO] 자동 충전 해제 시작.
[2026-08-11 17:44:21.805690] [INFO] [power_system] 충전 프로세스 시작
[2026-08-11 17:45:01.533900] [INFO] [power_system] 충전 완료
[2026-08-11 17:45:06.564953] [INFO] [power_system] 충전 해제 완료
[2026-08-11 17:45:06.584905] [INFO] [power_system] 충전 해제 프로세스 시작
[2026-08-11 17:45:51.329221] [INFO] [power_system] 생성
[2026-08-11 17:45:51.329334] [INFO] [power_system] 설정 정보 : remaining[40%, 10%, 5%]
[2026-08-11 17:45:51.329747] [INFO] [power_system] 알람 목록 : 
 • [100015, 100001] [INFO] 자동 충전 시작.
 • [100015, 100002] [INFO] 배터리 가득.
 • [100015, 400001] [CRIT] 배터리 남은 양 - 위험
 • [100015, 300001] [ERROR] 배터리 남은 양 - 에러
 • [100015, 200001] [WARN] 배터리 남은 양 - 주의
 • [100015, 100004] [INFO] 자동 충전 해제 완료.
 • [100015, 100003] [INFO] 자동 충전 해제 시작.
[2026-08-11 17:45:51.429944] [INFO] [power_system] 충전 프로세스 시작
[2026-08-11 17:46:31.153652] [INFO] [power_system] 충전 완료
[2026-08-11 17:46:36.183866] [INFO] [power_system] 충전 해제 완료
[2026-08-11 17:46:36.203881] [INFO] [power_system] 충전 해제 프로세스 시작
[2026-08-11 17:50:10.563243] [INFO] [power_system] 생성
[2026-08-11 17:50:10.563399] [INFO] [power_system] 설정 정보 : remaining[40%, 10%, 5%]
[2026-08-11 17:50:10.564015] [INFO] [power_system] 알람 목록 : 
 • [100015, 100001] [INFO] 자동 충전 시작.
 • [100015, 100002] [INFO] 배터리 가득.
 • [100015, 400001] [CRIT] 배터리 남은 양 - 위험
 • [100015, 300001] [ERROR] 배터리 남은 양 - 에러
 • [100015, 200001] [WARN] 배터리 남은 양 - 주의
 • [100015, 100004] [INFO] 자동 충전 해제 완료.
 • [100015, 100003] [INFO] 자동 충전 해제 시작.
[2026-08-11 17:50:10.684454] [INFO] [power_system] 충전 프로세스 시작
[2026-08-11 17:50:50.408536] [INFO] [power_system] 충전 완료
[2026-08-11 17:50:55.438648] [INFO] [power_system] 충전 해제 완료
[2026-08-11 17:50:55.458664] [INFO] [power_system] 충전 해제 프로세스 시작
[2026-08-11 17:51:50.511308] [INFO] [power_system] 충전 프로세스 시작
[2026-08-11 17:52:04.225077] [INFO] [power_system] 충전 완료
[2026-08-11 17:52:09.256048] [INFO] [power_system] 충전 해제 완료
[2026-08-11 17:52:09.275975] [INFO] [power_system] 충전 해제 프로세스 시작
[2026-08-11 17:53:04.336199] [INFO] [power_system] 충전 프로세스 시작
[2026-08-11 17:53:18.048944] [INFO] [power_system] 충전 완료
[2026-08-11 17:53:23.079358] [INFO] [power_system] 충전 해제 완료
[2026-08-11 17:53:23.099376] [INFO] [power_system] 충전 해제 프로세스 시작
[2026-08-11 17:54:18.153480] [INFO] [power_system] 충전 프로세스 시작
[2026-08-11 17:54:31.867181] [INFO] [power_system] 충전 완료
[2026-08-11 17:54:36.896996] [INFO] [power_system] 충전 해제 완료
[2026-08-11 17:54:36.917002] [INFO] [power_system] 충전 해제 프로세스 시작
[2026-08-11 17:55:31.989984] [INFO] [power_system] 충전 프로세스 시작
[2026-08-11 17:55:45.724323] [INFO] [power_system] 충전 완료
[2026-08-11 17:55:50.754142] [INFO] [power_system] 충전 해제 완료
[2026-08-11 17:55:50.774104] [INFO] [power_system] 충전 해제 프로세스 시작
[2026-08-11 17:56:45.828513] [INFO] [power_system] 충전 프로세스 시작
[2026-08-11 17:56:59.542589] [INFO] [power_system] 충전 완료
[2026-08-11 17:57:04.572974] [INFO] [power_system] 충전 해제 완료
[2026-08-11 17:57:04.592899] [INFO] [power_system] 충전 해제 프로세스 시작
