[2026-08-11 16:38:01.966041] [INFO] [mediator] 생성
[2026-08-11 16:38:01.989458] [INFO] [mediator] connectors 생성
[2026-08-11 16:38:01.990573] [INFO] [mediator] connector 의존성 주입
[2026-08-11 16:38:01.990582] [INFO] [mediator] any map 등록
[2026-08-11 16:38:01.990590] [INFO] [mediator] any collector 등록
[2026-08-11 16:38:01.990594] [INFO] [mediator] any collector 목록 검사
[2026-08-11 16:45:49.985454] [INFO] [mediator] 생성
[2026-08-11 16:45:50.009339] [INFO] [mediator] connectors 생성
[2026-08-11 16:45:50.010296] [INFO] [mediator] connector 의존성 주입
[2026-08-11 16:45:50.010305] [INFO] [mediator] any map 등록
[2026-08-11 16:45:50.010312] [INFO] [mediator] any collector 등록
[2026-08-11 16:45:50.010315] [INFO] [mediator] any collector 목록 검사
[2026-08-11 16:49:24.400743] [INFO] [mediator] 생성
[2026-08-11 16:49:24.443422] [INFO] [mediator] connectors 생성
[2026-08-11 16:49:24.444818] [INFO] [mediator] connector 의존성 주입
[2026-08-11 16:49:24.444822] [INFO] [mediator] any map 등록
[2026-08-11 16:49:24.444833] [INFO] [mediator] any collector 등록
[2026-08-11 16:49:24.444838] [INFO] [mediator] any collector 목록 검사
[2026-08-11 16:49:58.393040] [INFO] [mediator] 생성
[2026-08-11 16:49:58.418828] [INFO] [mediator] connectors 생성
[2026-08-11 16:49:58.419857] [INFO] [mediator] connector 의존성 주입
[2026-08-11 16:49:58.419866] [INFO] [mediator] any map 등록
[2026-08-11 16:49:58.419873] [INFO] [mediator] any collector 등록
[2026-08-11 16:49:58.419877] [INFO] [mediator] any collector 목록 검사
[2026-08-11 16:52:17.138369] [INFO] [mediator] 생성
[2026-08-11 16:52:17.176074] [INFO] [mediator] connectors 생성
[2026-08-11 16:52:17.176983] [INFO] [mediator] any map 등록
[2026-08-11 16:52:17.176981] [INFO] [mediator] connector 의존성 주입
[2026-08-11 16:52:17.176989] [INFO] [mediator] any collector 등록
[2026-08-11 16:52:17.176991] [INFO] [mediator] any collector 목록 검사
[2026-08-11 17:03:34.363251] [INFO] [mediator] 생성
[2026-08-11 17:03:34.388999] [INFO] [mediator] connectors 생성
[2026-08-11 17:03:34.390118] [INFO] [mediator] connector 의존성 주입
[2026-08-11 17:03:34.390126] [INFO] [mediator] any map 등록
[2026-08-11 17:03:34.390136] [INFO] [mediator] any collector 등록
[2026-08-11 17:03:34.390139] [INFO] [mediator] any collector 목록 검사
