[2026-08-11 16:38:01.963580] [INFO] [framework] 프로그램 시작
[2026-08-11 16:38:01.963582] [WARNING] [framework] 프로그램 시작
[2026-08-11 16:38:01.963584] [CRITICAL] [framework] 프로그램 시작
[2026-08-11 16:38:01.963584] [INFO] [framework] 설정 파일 위치 : ../configs/robot_5
[2026-08-11 16:38:01.963681] [INFO] [framework] ID[0, 5], 이름[한다섯], 제어주기[20ms], 버젼[], 장소[우리집], 환경모드[simulation]
[2026-08-11 16:38:01.963733] [INFO] [mediator] 생성
[2026-08-11 16:38:01.963772] [INFO] [graph_manager] 생성
[2026-08-11 16:38:02.009463] [INFO] [stop_server] 생성
[2026-08-11 16:38:02.009494] [INFO] [health_monitor] 생성
[2026-08-11 16:38:02.009523] [INFO] [path_server] 생성
[2026-08-11 16:38:02.009549] [INFO] [course_manager] 생성
[2026-08-11 16:38:02.009577] [INFO] [task::fsm] 생성
[2026-08-11 16:38:02.009578] [INFO] [task::fsm] idle
[2026-08-11 16:38:02.009579] [INFO] [course_manager] 코스 삭제
[2026-08-11 16:38:02.009580] [INFO] [path_server] 경로 삭제
[2026-08-11 16:38:02.009607] [INFO] [task_manager] 생성
[2026-08-11 16:38:02.009696] [INFO] [mediator] connectors 생성
[2026-08-11 16:38:02.009739] [INFO] [fms] 생성
[2026-08-11 16:38:02.009741] [INFO] [fms] 통신 드라이버 생성
[2026-08-11 16:38:02.009998] [INFO] [motions] 생성
[2026-08-11 16:38:02.010032] [INFO] [localizers] 생성
[2026-08-11 16:38:02.010113] [INFO] [localizers] 파라미터 : 

[2026-08-11 16:38:02.010146] [INFO] [safety_plc] 생성
[2026-08-11 16:38:02.010172] [INFO] [load_handler] 생성
[2026-08-11 16:38:02.010200] [INFO] [power_system] 생성
[2026-08-11 16:38:02.010290] [INFO] [power_system] 설정 정보 : remaining[40%, 10%, 5%]
[2026-08-11 16:38:02.010647] [INFO] [power_system] 알람 목록 : 
 • [100015, 100001] [INFO] 자동 충전 시작.
 • [100015, 100002] [INFO] 배터리 가득.
 • [100015, 400001] [CRIT] 배터리 남은 양 - 위험
 • [100015, 300001] [ERROR] 배터리 남은 양 - 에러
 • [100015, 200001] [WARN] 배터리 남은 양 - 주의
 • [100015, 100004] [INFO] 자동 충전 해제 완료.
 • [100015, 100003] [INFO] 자동 충전 해제 시작.
[2026-08-11 16:38:02.010650] [INFO] [mediator] connector 의존성 주입
[2026-08-11 16:38:02.010659] [INFO] [mediator] any map 등록
[2026-08-11 16:38:02.010664] [INFO] [mediator] any collector 등록
[2026-08-11 16:38:02.010667] [INFO] [mediator] any collector 목록 검사
[2026-08-11 16:38:02.010714] [INFO] [framework] after init 실행
[2026-08-11 16:38:02.011146] [INFO] [course_tracker] 생성
[2026-08-11 16:38:02.011168] [INFO] [course_tracker] 파라미터 : 
◈ node_bound[0.020m, 0.150m, 0.005m]
 • approach[0.150m, 0.050m/s, -0.005m, -0.200m, 0.100m]
 • align[(10.000°, 5.000°/s), 50.000°, 30.000°/s), 0.800°, -0.100°]
◈ motion param : 
 • reference_angle[0.000°, 45.000°]
 • threshold_angle[15.000°, 20.000°, 170.000°]
 • threshold_error[0.300°, 5.000°]
 • normal[0.150m/s, 8.000, 0.800m/s, 0.500]
 • angle[0.150m/s, 1.500, 0.800m/s, 2.100]
 • protection_overshoot[0.100m/s, 0.900, 0.500m/s, 0.900]
 • speed_rotation[15.000°/s]
[2026-08-11 16:38:02.011171] [INFO] [framework] 제어 쓰레드 시작
[2026-08-11 16:38:02.011220] [INFO] [path_server] 노드 초기화 성공 : 로봇 좌표[22.004m 17.498m -179.934°] 최단 거리 노드[109] 거리(0.004143m)
[2026-08-11 16:38:02.011274] [INFO] [health_monitor] [등록][100015, 200001] : 배터리 남은 양 - 주의
[2026-08-11 16:40:31.635675] [INFO] [framework] 프로그램 시작
[2026-08-11 16:40:31.635680] [WARNING] [framework] 프로그램 시작
[2026-08-11 16:40:31.635683] [CRITICAL] [framework] 프로그램 시작
[2026-08-11 16:40:31.635684] [INFO] [framework] 설정 파일 위치 : ../configs/robot_5
[2026-08-11 16:45:49.983112] [INFO] [framework] 프로그램 시작
[2026-08-11 16:45:49.983115] [WARNING] [framework] 프로그램 시작
[2026-08-11 16:45:49.983119] [INFO] [framework] 설정 파일 위치 : ../configs/robot_5
[2026-08-11 16:45:49.983118] [CRITICAL] [framework] 프로그램 시작
[2026-08-11 16:45:49.983219] [INFO] [framework] ID[0, 5], 이름[한다섯], 제어주기[20ms], 버젼[], 장소[우리집], 환경모드[simulation]
[2026-08-11 16:45:49.983237] [INFO] [mediator] 생성
[2026-08-11 16:45:49.983251] [INFO] [graph_manager] 생성
[2026-08-11 16:45:50.025649] [INFO] [stop_server] 생성
[2026-08-11 16:45:50.025676] [INFO] [health_monitor] 생성
[2026-08-11 16:45:50.025702] [INFO] [path_server] 생성
[2026-08-11 16:45:50.025728] [INFO] [course_manager] 생성
[2026-08-11 16:45:50.025749] [INFO] [task::fsm] 생성
[2026-08-11 16:45:50.025750] [INFO] [task::fsm] idle
[2026-08-11 16:45:50.025768] [INFO] [course_manager] 코스 삭제
[2026-08-11 16:45:50.025768] [INFO] [path_server] 경로 삭제
[2026-08-11 16:45:50.025788] [INFO] [task_manager] 생성
[2026-08-11 16:45:50.026001] [INFO] [mediator] connectors 생성
[2026-08-11 16:45:50.026026] [INFO] [fms] 생성
[2026-08-11 16:45:50.026028] [INFO] [fms] 통신 드라이버 생성
[2026-08-11 16:45:50.026444] [INFO] [motions] 생성
[2026-08-11 16:45:50.026471] [INFO] [localizers] 생성
[2026-08-11 16:45:50.026604] [INFO] [localizers] 파라미터 : 

[2026-08-11 16:45:50.026628] [INFO] [safety_plc] 생성
[2026-08-11 16:45:50.026649] [INFO] [load_handler] 생성
[2026-08-11 16:45:50.026668] [INFO] [power_system] 생성
[2026-08-11 16:45:50.026833] [INFO] [power_system] 설정 정보 : remaining[40%, 10%, 5%]
[2026-08-11 16:45:50.027463] [INFO] [power_system] 알람 목록 : 
 • [100015, 100001] [INFO] 자동 충전 시작.
 • [100015, 100002] [INFO] 배터리 가득.
 • [100015, 400001] [CRIT] 배터리 남은 양 - 위험
 • [100015, 300001] [ERROR] 배터리 남은 양 - 에러
 • [100015, 200001] [WARN] 배터리 남은 양 - 주의
 • [100015, 100004] [INFO] 자동 충전 해제 완료.
 • [100015, 100003] [INFO] 자동 충전 해제 시작.
[2026-08-11 16:45:50.027471] [INFO] [mediator] connector 의존성 주입
[2026-08-11 16:45:50.027485] [INFO] [mediator] any map 등록
[2026-08-11 16:45:50.027499] [INFO] [mediator] any collector 등록
[2026-08-11 16:45:50.027502] [INFO] [mediator] any collector 목록 검사
[2026-08-11 16:45:50.027577] [INFO] [framework] after init 실행
[2026-08-11 16:45:50.027935] [INFO] [course_tracker] 생성
[2026-08-11 16:45:50.027955] [INFO] [course_tracker] 파라미터 : 
◈ node_bound[0.020m, 0.150m, 0.005m]
 • approach[0.150m, 0.050m/s, -0.005m, -0.200m, 0.100m]
 • align[(10.000°, 5.000°/s), 50.000°, 30.000°/s), 0.800°, -0.100°]
◈ motion param : 
 • reference_angle[0.000°, 45.000°]
 • threshold_angle[15.000°, 20.000°, 170.000°]
 • threshold_error[0.300°, 5.000°]
 • normal[0.150m/s, 8.000, 0.800m/s, 0.500]
 • angle[0.150m/s, 1.500, 0.800m/s, 2.100]
 • protection_overshoot[0.100m/s, 0.900, 0.500m/s, 0.900]
 • speed_rotation[15.000°/s]
[2026-08-11 16:45:50.027958] [INFO] [framework] 제어 쓰레드 시작
[2026-08-11 16:45:50.028005] [INFO] [path_server] 노드 초기화 성공 : 로봇 좌표[22.004m 17.498m -179.934°] 최단 거리 노드[109] 거리(0.004143m)
[2026-08-11 16:45:50.028361] [INFO] [health_monitor] [등록][100015, 200001] : 배터리 남은 양 - 주의
[2026-08-11 16:45:50.127844] [INFO] [task::fsm] charging
[2026-08-11 16:45:50.127852] [INFO] [power_system] 충전 프로세스 시작
[2026-08-11 16:45:50.127995] [INFO] [health_monitor] [등록][100015, 100001] : 자동 충전 시작.
[2026-08-11 16:45:55.137621] [INFO] [health_monitor] [삭제][100015, 100001] : 자동 충전 시작.
[2026-08-11 16:46:05.857121] [INFO] [health_monitor] [삭제][100015, 200001] : 배터리 남은 양 - 주의
[2026-08-11 16:46:29.853039] [INFO] [power_system] 충전 완료
[2026-08-11 16:46:29.853061] [INFO] [health_monitor] [등록][100015, 100003] : 자동 충전 해제 시작.
[2026-08-11 16:46:29.853058] [INFO] [health_monitor] [등록][100015, 100002] : 배터리 가득.
[2026-08-11 16:46:34.863612] [INFO] [health_monitor] [삭제][100015, 100002] : 배터리 가득.
[2026-08-11 16:46:34.863617] [INFO] [health_monitor] [삭제][100015, 100003] : 자동 충전 해제 시작.
[2026-08-11 16:46:34.883555] [INFO] [power_system] 충전 해제 완료
[2026-08-11 16:46:34.883567] [INFO] [health_monitor] [등록][100015, 100004] : 자동 충전 해제 완료.
[2026-08-11 16:46:34.903557] [INFO] [task::fsm] discharging
[2026-08-11 16:46:34.903563] [INFO] [power_system] 충전 해제 프로세스 시작
[2026-08-11 16:46:34.903573] [INFO] [health_monitor] [등록][100015, 100003] : 자동 충전 해제 시작.
[2026-08-11 16:46:34.923506] [INFO] [task::fsm] idle
[2026-08-11 16:46:34.923512] [INFO] [path_server] 경로 삭제
[2026-08-11 16:46:34.923511] [INFO] [course_manager] 코스 삭제
[2026-08-11 16:46:34.963439] [INFO] [task::fsm] idle
[2026-08-11 16:46:34.963445] [INFO] [course_manager] 코스 삭제
[2026-08-11 16:46:34.963448] [INFO] [path_server] 경로 삭제
[2026-08-11 16:46:39.894293] [INFO] [health_monitor] [삭제][100015, 100004] : 자동 충전 해제 완료.
[2026-08-11 16:46:39.914216] [INFO] [health_monitor] [삭제][100015, 100003] : 자동 충전 해제 시작.
[2026-08-11 16:47:29.985708] [INFO] [task::fsm] charging
[2026-08-11 16:47:29.985718] [INFO] [power_system] 충전 프로세스 시작
[2026-08-11 16:47:29.985747] [INFO] [health_monitor] [등록][100015, 100001] : 자동 충전 시작.
[2026-08-11 16:47:34.996365] [INFO] [health_monitor] [삭제][100015, 100001] : 자동 충전 시작.
[2026-08-11 16:47:42.763796] [INFO] [framework] 프로그램 시작
[2026-08-11 16:47:42.763800] [WARNING] [framework] 프로그램 시작
[2026-08-11 16:47:42.763801] [CRITICAL] [framework] 프로그램 시작
[2026-08-11 16:47:42.763802] [INFO] [framework] 설정 파일 위치 : ../configs/robot_5
[2026-08-11 16:49:24.397189] [INFO] [framework] 프로그램 시작
[2026-08-11 16:49:24.397196] [WARNING] [framework] 프로그램 시작
[2026-08-11 16:49:24.397198] [CRITICAL] [framework] 프로그램 시작
[2026-08-11 16:49:24.397199] [INFO] [framework] 설정 파일 위치 : ../configs/robot_5
[2026-08-11 16:49:24.397356] [INFO] [framework] ID[0, 5], 이름[한다섯], 제어주기[20ms], 버젼[], 장소[우리집], 환경모드[simulation]
[2026-08-11 16:49:24.397385] [INFO] [mediator] 생성
[2026-08-11 16:49:24.397412] [INFO] [graph_manager] 생성
[2026-08-11 16:49:24.433274] [INFO] [stop_server] 생성
[2026-08-11 16:49:24.433302] [INFO] [health_monitor] 생성
[2026-08-11 16:49:24.433327] [INFO] [path_server] 생성
[2026-08-11 16:49:24.433343] [INFO] [course_manager] 생성
[2026-08-11 16:49:24.433358] [INFO] [task::fsm] 생성
[2026-08-11 16:49:24.433359] [INFO] [task::fsm] idle
[2026-08-11 16:49:24.433366] [INFO] [course_manager] 코스 삭제
[2026-08-11 16:49:24.433367] [INFO] [path_server] 경로 삭제
[2026-08-11 16:49:24.433382] [INFO] [task_manager] 생성
[2026-08-11 16:49:24.433494] [INFO] [mediator] connectors 생성
[2026-08-11 16:49:24.433512] [INFO] [fms] 생성
[2026-08-11 16:49:24.433514] [INFO] [fms] 통신 드라이버 생성
[2026-08-11 16:49:24.433830] [INFO] [motions] 생성
[2026-08-11 16:49:24.433854] [INFO] [localizers] 생성
[2026-08-11 16:49:24.433947] [INFO] [localizers] 파라미터 : 

[2026-08-11 16:49:24.433964] [INFO] [safety_plc] 생성
[2026-08-11 16:49:24.433986] [INFO] [load_handler] 생성
[2026-08-11 16:49:24.434000] [INFO] [power_system] 생성
[2026-08-11 16:49:24.434109] [INFO] [power_system] 설정 정보 : remaining[40%, 10%, 5%]
[2026-08-11 16:49:24.434516] [INFO] [power_system] 알람 목록 : 
 • [100015, 100001] [INFO] 자동 충전 시작.
 • [100015, 100002] [INFO] 배터리 가득.
 • [100015, 400001] [CRIT] 배터리 남은 양 - 위험
 • [100015, 300001] [ERROR] 배터리 남은 양 - 에러
 • [100015, 200001] [WARN] 배터리 남은 양 - 주의
 • [100015, 100004] [INFO] 자동 충전 해제 완료.
 • [100015, 100003] [INFO] 자동 충전 해제 시작.
[2026-08-11 16:49:24.434519] [INFO] [mediator] connector 의존성 주입
[2026-08-11 16:49:24.434528] [INFO] [mediator] any map 등록
[2026-08-11 16:49:24.434535] [INFO] [mediator] any collector 등록
[2026-08-11 16:49:24.434538] [INFO] [mediator] any collector 목록 검사
[2026-08-11 16:49:24.434580] [INFO] [framework] after init 실행
[2026-08-11 16:49:24.434891] [INFO] [course_tracker] 생성
[2026-08-11 16:49:24.434904] [INFO] [course_tracker] 파라미터 : 
◈ node_bound[0.020m, 0.150m, 0.005m]
 • approach[0.150m, 0.050m/s, -0.005m, -0.200m, 0.100m]
 • align[(10.000°, 5.000°/s), 50.000°, 30.000°/s), 0.800°, -0.100°]
◈ motion param : 
 • reference_angle[0.000°, 45.000°]
 • threshold_angle[15.000°, 20.000°, 170.000°]
 • threshold_error[0.300°, 5.000°]
 • normal[0.150m/s, 8.000, 0.800m/s, 0.500]
 • angle[0.150m/s, 1.500, 0.800m/s, 2.100]
 • protection_overshoot[0.100m/s, 0.900, 0.500m/s, 0.900]
 • speed_rotation[15.000°/s]
[2026-08-11 16:49:24.434907] [INFO] [framework] 제어 쓰레드 시작
[2026-08-11 16:49:24.434935] [INFO] [path_server] 노드 초기화 성공 : 로봇 좌표[5.504m 6.998m -179.385°] 최단 거리 노드[102] 거리(0.004241m)
[2026-08-11 16:49:24.434974] [INFO] [health_monitor] [등록][100015, 200001] : 배터리 남은 양 - 주의
[2026-08-11 16:49:24.534784] [INFO] [task::fsm] charging
[2026-08-11 16:49:24.534792] [INFO] [power_system] 충전 프로세스 시작
[2026-08-11 16:49:24.534804] [INFO] [health_monitor] [등록][100015, 100001] : 자동 충전 시작.
[2026-08-11 16:49:29.544654] [INFO] [health_monitor] [삭제][100015, 100001] : 자동 충전 시작.
[2026-08-11 16:49:46.489900] [INFO] [framework] 프로그램 시작
[2026-08-11 16:49:46.489906] [WARNING] [framework] 프로그램 시작
[2026-08-11 16:49:46.489909] [CRITICAL] [framework] 프로그램 시작
[2026-08-11 16:49:46.489911] [INFO] [framework] 설정 파일 위치 : ../configs/robot_5
[2026-08-11 16:49:58.390626] [INFO] [framework] 프로그램 시작
[2026-08-11 16:49:58.390631] [WARNING] [framework] 프로그램 시작
[2026-08-11 16:49:58.390633] [INFO] [framework] 설정 파일 위치 : ../configs/robot_5
[2026-08-11 16:49:58.390632] [CRITICAL] [framework] 프로그램 시작
[2026-08-11 16:49:58.390748] [INFO] [framework] ID[0, 5], 이름[한다섯], 제어주기[20ms], 버젼[], 장소[우리집], 환경모드[simulation]
[2026-08-11 16:49:58.390769] [INFO] [mediator] 생성
[2026-08-11 16:49:58.390783] [INFO] [graph_manager] 생성
[2026-08-11 16:49:58.415580] [INFO] [stop_server] 생성
[2026-08-11 16:49:58.415608] [INFO] [health_monitor] 생성
[2026-08-11 16:49:58.415624] [INFO] [path_server] 생성
[2026-08-11 16:49:58.415635] [INFO] [course_manager] 생성
[2026-08-11 16:49:58.415652] [INFO] [task::fsm] 생성
[2026-08-11 16:49:58.415653] [INFO] [task::fsm] idle
[2026-08-11 16:49:58.415662] [INFO] [course_manager] 코스 삭제
[2026-08-11 16:49:58.415663] [INFO] [path_server] 경로 삭제
[2026-08-11 16:49:58.415674] [INFO] [task_manager] 생성
[2026-08-11 16:49:58.415834] [INFO] [mediator] connectors 생성
[2026-08-11 16:49:58.415862] [INFO] [fms] 생성
[2026-08-11 16:49:58.415865] [INFO] [fms] 통신 드라이버 생성
[2026-08-11 16:49:58.416235] [INFO] [motions] 생성
[2026-08-11 16:49:58.416258] [INFO] [localizers] 생성
[2026-08-11 16:49:58.416357] [INFO] [localizers] 파라미터 : 

[2026-08-11 16:49:58.416374] [INFO] [safety_plc] 생성
[2026-08-11 16:49:58.416389] [INFO] [load_handler] 생성
[2026-08-11 16:49:58.416406] [INFO] [power_system] 생성
[2026-08-11 16:49:58.416507] [INFO] [power_system] 설정 정보 : remaining[40%, 10%, 5%]
[2026-08-11 16:49:58.416924] [INFO] [power_system] 알람 목록 : 
 • [100015, 100001] [INFO] 자동 충전 시작.
 • [100015, 100002] [INFO] 배터리 가득.
 • [100015, 400001] [CRIT] 배터리 남은 양 - 위험
 • [100015, 300001] [ERROR] 배터리 남은 양 - 에러
 • [100015, 200001] [WARN] 배터리 남은 양 - 주의
 • [100015, 100004] [INFO] 자동 충전 해제 완료.
 • [100015, 100003] [INFO] 자동 충전 해제 시작.
[2026-08-11 16:49:58.416930] [INFO] [mediator] any map 등록
[2026-08-11 16:49:58.416927] [INFO] [mediator] connector 의존성 주입
[2026-08-11 16:49:58.416937] [INFO] [mediator] any collector 등록
[2026-08-11 16:49:58.416940] [INFO] [mediator] any collector 목록 검사
[2026-08-11 16:49:58.416991] [INFO] [framework] after init 실행
[2026-08-11 16:49:58.417360] [INFO] [course_tracker] 생성
[2026-08-11 16:49:58.417382] [INFO] [course_tracker] 파라미터 : 
◈ node_bound[0.020m, 0.150m, 0.005m]
 • approach[0.150m, 0.050m/s, -0.005m, -0.200m, 0.100m]
 • align[(10.000°, 5.000°/s), 50.000°, 30.000°/s), 0.800°, -0.100°]
◈ motion param : 
 • reference_angle[0.000°, 45.000°]
 • threshold_angle[15.000°, 20.000°, 170.000°]
 • threshold_error[0.300°, 5.000°]
 • normal[0.150m/s, 8.000, 0.800m/s, 0.500]
 • angle[0.150m/s, 1.500, 0.800m/s, 2.100]
 • protection_overshoot[0.100m/s, 0.900, 0.500m/s, 0.900]
 • speed_rotation[15.000°/s]
[2026-08-11 16:49:58.417386] [INFO] [framework] 제어 쓰레드 시작
[2026-08-11 16:49:58.417448] [INFO] [path_server] 노드 초기화 성공 : 로봇 좌표[5.504m 6.998m -179.385°] 최단 거리 노드[102] 거리(0.004241m)
[2026-08-11 16:49:58.417504] [INFO] [health_monitor] [등록][100015, 200001] : 배터리 남은 양 - 주의
[2026-08-11 16:50:00.414078] [INFO] [task::fsm] charging
[2026-08-11 16:50:00.414099] [INFO] [health_monitor] [등록][100015, 100001] : 자동 충전 시작.
[2026-08-11 16:50:00.414086] [INFO] [power_system] 충전 프로세스 시작
[2026-08-11 16:50:05.424445] [INFO] [health_monitor] [삭제][100015, 100001] : 자동 충전 시작.
[2026-08-11 16:50:08.838252] [INFO] [path_server] 새로운 경로 설정 : path[102 ➜ 1159] time[0s] dist[27m] list[19] : 102-1183-1184-1045-1046-1047-1048-1001-1002-1003-1004-1005-1010-1017-1063-1064-1018-1158-1159
[2026-08-11 16:50:08.838268] [INFO] [course_tracker] 방향 정렬 완료 
[2026-08-11 16:50:16.004863] [INFO] [path_server] 노드 업데이트 : [1183] ➜ [1184]
[2026-08-11 16:50:16.084827] [INFO] [path_server] 새로운 경로 설정 : path[1183 ➜ 1159] time[0s] dist[25.5m] list[18] : 1183-1184-1045-1046-1047-1048-1001-1002-1003-1004-1005-1010-1017-1063-1064-1018-1158-1159
[2026-08-11 16:50:19.618030] [INFO] [path_server] 노드 업데이트 : [1184] ➜ [1045]
[2026-08-11 16:50:19.717879] [INFO] [path_server] 새로운 경로 설정 : path[1184 ➜ 1159] time[0s] dist[24m] list[17] : 1184-1045-1046-1047-1048-1001-1002-1003-1004-1005-1010-1017-1063-1064-1018-1158-1159
[2026-08-11 16:50:20.975426] [INFO] [path_server] 노드 업데이트 : [1045] ➜ [1046]
[2026-08-11 16:50:21.055311] [INFO] [path_server] 새로운 경로 설정 : path[1045 ➜ 1159] time[0s] dist[22.5m] list[16] : 1045-1046-1047-1048-1001-1002-1003-1004-1005-1010-1017-1063-1064-1018-1158-1159
[2026-08-11 16:50:24.310366] [INFO] [path_server] 노드 업데이트 : [1046] ➜ [1047]
[2026-08-11 16:50:24.390310] [INFO] [path_server] 새로운 경로 설정 : path[1046 ➜ 1159] time[0s] dist[21m] list[15] : 1046-1047-1048-1001-1002-1003-1004-1005-1010-1017-1063-1064-1018-1158-1159
[2026-08-11 16:50:25.428277] [INFO] [path_server] 노드 업데이트 : [1047] ➜ [1048]
[2026-08-11 16:50:25.488219] [INFO] [path_server] 새로운 경로 설정 : path[1047 ➜ 1159] time[0s] dist[19.5m] list[14] : 1047-1048-1001-1002-1003-1004-1005-1010-1017-1063-1064-1018-1158-1159
[2026-08-11 16:50:26.246755] [INFO] [path_server] 노드 업데이트 : [1048] ➜ [1001]
[2026-08-11 16:50:26.326645] [INFO] [path_server] 새로운 경로 설정 : path[1048 ➜ 1159] time[0s] dist[18m] list[13] : 1048-1001-1002-1003-1004-1005-1010-1017-1063-1064-1018-1158-1159
[2026-08-11 16:50:27.005246] [INFO] [path_server] 노드 업데이트 : [1001] ➜ [1002]
[2026-08-11 16:50:27.085157] [INFO] [path_server] 새로운 경로 설정 : path[1001 ➜ 1159] time[0s] dist[16.5m] list[12] : 1001-1002-1003-1004-1005-1010-1017-1063-1064-1018-1158-1159
[2026-08-11 16:50:27.763850] [INFO] [path_server] 노드 업데이트 : [1002] ➜ [1003]
[2026-08-11 16:50:27.823782] [INFO] [path_server] 새로운 경로 설정 : path[1002 ➜ 1159] time[0s] dist[15m] list[11] : 1002-1003-1004-1005-1010-1017-1063-1064-1018-1158-1159
[2026-08-11 16:50:28.502422] [INFO] [path_server] 노드 업데이트 : [1003] ➜ [1004]
[2026-08-11 16:50:28.582366] [INFO] [path_server] 새로운 경로 설정 : path[1003 ➜ 1159] time[0s] dist[13.5m] list[10] : 1003-1004-1005-1010-1017-1063-1064-1018-1158-1159
[2026-08-11 16:50:29.261029] [INFO] [path_server] 노드 업데이트 : [1004] ➜ [1005]
[2026-08-11 16:50:29.320942] [INFO] [path_server] 새로운 경로 설정 : path[1004 ➜ 1159] time[0s] dist[12m] list[9] : 1004-1005-1010-1017-1063-1064-1018-1158-1159
[2026-08-11 16:50:30.578530] [INFO] [path_server] 노드 업데이트 : [1005] ➜ [1010]
[2026-08-11 16:50:30.638444] [INFO] [path_server] 새로운 경로 설정 : path[1005 ➜ 1159] time[0s] dist[10.5m] list[8] : 1005-1010-1017-1063-1064-1018-1158-1159
[2026-08-11 16:50:33.951951] [INFO] [path_server] 노드 업데이트 : [1010] ➜ [1017]
[2026-08-11 16:50:34.031907] [INFO] [path_server] 새로운 경로 설정 : path[1010 ➜ 1159] time[0s] dist[9m] list[7] : 1010-1017-1063-1064-1018-1158-1159
[2026-08-11 16:50:35.069868] [INFO] [path_server] 노드 업데이트 : [1017] ➜ [1063]
[2026-08-11 16:50:35.149790] [INFO] [path_server] 새로운 경로 설정 : path[1017 ➜ 1159] time[0s] dist[7.5m] list[6] : 1017-1063-1064-1018-1158-1159
[2026-08-11 16:50:35.888678] [INFO] [path_server] 노드 업데이트 : [1063] ➜ [1064]
[2026-08-11 16:50:35.948576] [INFO] [path_server] 새로운 경로 설정 : path[1063 ➜ 1159] time[0s] dist[6m] list[5] : 1063-1064-1018-1158-1159
[2026-08-11 16:50:37.226025] [INFO] [path_server] 노드 업데이트 : [1064] ➜ [1018]
[2026-08-11 16:50:37.305957] [INFO] [path_server] 새로운 경로 설정 : path[1064 ➜ 1159] time[0s] dist[4.5m] list[4] : 1064-1018-1158-1159
[2026-08-11 16:50:40.559666] [INFO] [path_server] 노드 업데이트 : [1018] ➜ [1158]
[2026-08-11 16:50:40.619573] [INFO] [path_server] 새로운 경로 설정 : path[1018 ➜ 1159] time[0s] dist[3m] list[3] : 1018-1158-1159
[2026-08-11 16:50:41.697479] [INFO] [path_server] 노드 업데이트 : [1158] ➜ [1159]
[2026-08-11 16:50:41.757372] [INFO] [path_server] 새로운 경로 설정 : path[1158 ➜ 1159] time[0s] dist[1.5m] list[2] : 1158-1159
[2026-08-11 16:50:43.913512] [INFO] [path_server] 노드 업데이트 : [1159] ➜ [-1]
[2026-08-11 16:50:46.748093] [INFO] [course_tracker] 목적지에서 각도 정렬 : [14.500m 16.000m 0.000°]
[2026-08-11 16:50:47.426872] [INFO] [path_server] 노드 업데이트 : [1159] ➜ [-1]
[2026-08-11 16:50:47.446773] [INFO] [task::fsm] push_done
[2026-08-11 16:50:47.486749] [INFO] [task::fsm] idle
[2026-08-11 16:50:47.486756] [INFO] [path_server] 경로 삭제
[2026-08-11 16:50:47.486755] [INFO] [course_manager] 코스 삭제
[2026-08-11 16:50:52.577648] [INFO] [path_server] 새로운 경로 설정 : path[1159 ➜ 104] time[0s] dist[39m] list[27] : 1159-1160-1161-1162-1163-1164-1165-1166-1109-1110-1111-1112-1113-1114-1115-1116-1117-1118-1119-1120-1121-1122-1123-1179-1180-1181-104
[2026-08-11 16:50:54.913274] [INFO] [path_server] 노드 업데이트 : [1160] ➜ [1161]
[2026-08-11 16:50:54.973224] [INFO] [path_server] 새로운 경로 설정 : path[1160 ➜ 104] time[0s] dist[37.5m] list[26] : 1160-1161-1162-1163-1164-1165-1166-1109-1110-1111-1112-1113-1114-1115-1116-1117-1118-1119-1120-1121-1122-1123-1179-1180-1181-104
[2026-08-11 16:50:55.971291] [INFO] [path_server] 노드 업데이트 : [1161] ➜ [1162]
[2026-08-11 16:50:56.051170] [INFO] [path_server] 새로운 경로 설정 : path[1161 ➜ 104] time[0s] dist[36m] list[25] : 1161-1162-1163-1164-1165-1166-1109-1110-1111-1112-1113-1114-1115-1116-1117-1118-1119-1120-1121-1122-1123-1179-1180-1181-104
[2026-08-11 16:50:56.769720] [INFO] [path_server] 노드 업데이트 : [1162] ➜ [1163]
[2026-08-11 16:50:56.829614] [INFO] [path_server] 새로운 경로 설정 : path[1162 ➜ 104] time[0s] dist[34.5m] list[24] : 1162-1163-1164-1165-1166-1109-1110-1111-1112-1113-1114-1115-1116-1117-1118-1119-1120-1121-1122-1123-1179-1180-1181-104
[2026-08-11 16:50:57.528311] [INFO] [path_server] 노드 업데이트 : [1163] ➜ [1164]
[2026-08-11 16:50:57.608156] [INFO] [path_server] 새로운 경로 설정 : path[1163 ➜ 104] time[0s] dist[33m] list[23] : 1163-1164-1165-1166-1109-1110-1111-1112-1113-1114-1115-1116-1117-1118-1119-1120-1121-1122-1123-1179-1180-1181-104
[2026-08-11 16:50:58.266792] [INFO] [path_server] 노드 업데이트 : [1164] ➜ [1165]
[2026-08-11 16:50:58.346641] [INFO] [path_server] 새로운 경로 설정 : path[1164 ➜ 104] time[0s] dist[31.5m] list[22] : 1164-1165-1166-1109-1110-1111-1112-1113-1114-1115-1116-1117-1118-1119-1120-1121-1122-1123-1179-1180-1181-104
[2026-08-11 16:50:59.025417] [INFO] [path_server] 노드 업데이트 : [1165] ➜ [1166]
[2026-08-11 16:50:59.125291] [INFO] [path_server] 새로운 경로 설정 : path[1165 ➜ 104] time[0s] dist[30m] list[21] : 1165-1166-1109-1110-1111-1112-1113-1114-1115-1116-1117-1118-1119-1120-1121-1122-1123-1179-1180-1181-104
[2026-08-11 16:50:59.763926] [INFO] [path_server] 노드 업데이트 : [1166] ➜ [1109]
[2026-08-11 16:50:59.843841] [INFO] [path_server] 새로운 경로 설정 : path[1166 ➜ 104] time[0s] dist[28.5m] list[20] : 1166-1109-1110-1111-1112-1113-1114-1115-1116-1117-1118-1119-1120-1121-1122-1123-1179-1180-1181-104
[2026-08-11 16:51:00.622232] [INFO] [path_server] 노드 업데이트 : [1109] ➜ [1110]
[2026-08-11 16:51:00.702105] [INFO] [path_server] 새로운 경로 설정 : path[1109 ➜ 104] time[0s] dist[27m] list[19] : 1109-1110-1111-1112-1113-1114-1115-1116-1117-1118-1119-1120-1121-1122-1123-1179-1180-1181-104
[2026-08-11 16:51:04.275045] [INFO] [path_server] 노드 업데이트 : [1110] ➜ [1111]
[2026-08-11 16:51:04.354919] [INFO] [path_server] 새로운 경로 설정 : path[1110 ➜ 104] time[0s] dist[25.5m] list[18] : 1110-1111-1112-1113-1114-1115-1116-1117-1118-1119-1120-1121-1122-1123-1179-1180-1181-104
[2026-08-11 16:51:05.632317] [INFO] [path_server] 노드 업데이트 : [1111] ➜ [1112]
[2026-08-11 16:51:05.712232] [INFO] [path_server] 새로운 경로 설정 : path[1111 ➜ 104] time[0s] dist[24m] list[17] : 1111-1112-1113-1114-1115-1116-1117-1118-1119-1120-1121-1122-1123-1179-1180-1181-104
[2026-08-11 16:51:06.530563] [INFO] [path_server] 노드 업데이트 : [1112] ➜ [1113]
[2026-08-11 16:51:06.610502] [INFO] [path_server] 새로운 경로 설정 : path[1112 ➜ 104] time[0s] dist[22.5m] list[16] : 1112-1113-1114-1115-1116-1117-1118-1119-1120-1121-1122-1123-1179-1180-1181-104
[2026-08-11 16:51:07.289229] [INFO] [path_server] 노드 업데이트 : [1113] ➜ [1114]
[2026-08-11 16:51:07.349134] [INFO] [path_server] 새로운 경로 설정 : path[1113 ➜ 104] time[0s] dist[21m] list[15] : 1113-1114-1115-1116-1117-1118-1119-1120-1121-1122-1123-1179-1180-1181-104
[2026-08-11 16:51:08.027691] [INFO] [path_server] 노드 업데이트 : [1114] ➜ [1115]
[2026-08-11 16:51:08.107614] [INFO] [path_server] 새로운 경로 설정 : path[1114 ➜ 104] time[0s] dist[19.5m] list[14] : 1114-1115-1116-1117-1118-1119-1120-1121-1122-1123-1179-1180-1181-104
[2026-08-11 16:51:08.786248] [INFO] [path_server] 노드 업데이트 : [1115] ➜ [1116]
[2026-08-11 16:51:08.846138] [INFO] [path_server] 새로운 경로 설정 : path[1115 ➜ 104] time[0s] dist[18m] list[13] : 1115-1116-1117-1118-1119-1120-1121-1122-1123-1179-1180-1181-104
[2026-08-11 16:51:09.524922] [INFO] [path_server] 노드 업데이트 : [1116] ➜ [1117]
[2026-08-11 16:51:09.604868] [INFO] [path_server] 새로운 경로 설정 : path[1116 ➜ 104] time[0s] dist[16.5m] list[12] : 1116-1117-1118-1119-1120-1121-1122-1123-1179-1180-1181-104
[2026-08-11 16:51:10.283461] [INFO] [path_server] 노드 업데이트 : [1117] ➜ [1118]
[2026-08-11 16:51:10.363362] [INFO] [path_server] 새로운 경로 설정 : path[1117 ➜ 104] time[0s] dist[15m] list[11] : 1117-1118-1119-1120-1121-1122-1123-1179-1180-1181-104
[2026-08-11 16:51:11.022076] [INFO] [path_server] 노드 업데이트 : [1118] ➜ [1119]
[2026-08-11 16:51:11.101937] [INFO] [path_server] 새로운 경로 설정 : path[1118 ➜ 104] time[0s] dist[13.5m] list[10] : 1118-1119-1120-1121-1122-1123-1179-1180-1181-104
[2026-08-11 16:51:11.780551] [INFO] [path_server] 노드 업데이트 : [1119] ➜ [1120]
[2026-08-11 16:51:11.860480] [INFO] [path_server] 새로운 경로 설정 : path[1119 ➜ 104] time[0s] dist[12m] list[9] : 1119-1120-1121-1122-1123-1179-1180-1181-104
[2026-08-11 16:51:12.618901] [INFO] [path_server] 노드 업데이트 : [1120] ➜ [1121]
[2026-08-11 16:51:12.698841] [INFO] [path_server] 새로운 경로 설정 : path[1120 ➜ 104] time[0s] dist[10.5m] list[8] : 1120-1121-1122-1123-1179-1180-1181-104
[2026-08-11 16:51:16.271542] [INFO] [path_server] 노드 업데이트 : [1121] ➜ [1122]
[2026-08-11 16:51:16.351458] [INFO] [path_server] 새로운 경로 설정 : path[1121 ➜ 104] time[0s] dist[9m] list[7] : 1121-1122-1123-1179-1180-1181-104
[2026-08-11 16:51:17.628987] [INFO] [path_server] 노드 업데이트 : [1122] ➜ [1123]
[2026-08-11 16:51:17.688931] [INFO] [path_server] 새로운 경로 설정 : path[1122 ➜ 104] time[0s] dist[7.5m] list[6] : 1122-1123-1179-1180-1181-104
[2026-08-11 16:51:18.686818] [INFO] [path_server] 노드 업데이트 : [1123] ➜ [1179]
[2026-08-11 16:51:18.766807] [INFO] [path_server] 새로운 경로 설정 : path[1123 ➜ 104] time[0s] dist[6m] list[5] : 1123-1179-1180-1181-104
[2026-08-11 16:51:22.001020] [INFO] [path_server] 노드 업데이트 : [1179] ➜ [1180]
[2026-08-11 16:51:22.081020] [INFO] [path_server] 새로운 경로 설정 : path[1179 ➜ 104] time[0s] dist[4.5m] list[4] : 1179-1180-1181-104
[2026-08-11 16:51:23.238948] [INFO] [path_server] 노드 업데이트 : [1180] ➜ [1181]
[2026-08-11 16:51:23.298797] [INFO] [path_server] 새로운 경로 설정 : path[1180 ➜ 104] time[0s] dist[3m] list[3] : 1180-1181-104
[2026-08-11 16:51:24.577641] [INFO] [path_server] 노드 업데이트 : [1181] ➜ [104]
[2026-08-11 16:51:24.657986] [INFO] [path_server] 새로운 경로 설정 : path[1181 ➜ 104] time[0s] dist[1.5m] list[2] : 1181-104
[2026-08-11 16:51:29.775543] [INFO] [path_server] 노드 업데이트 : [104] ➜ [-1]
[2026-08-11 16:51:32.669737] [INFO] [course_tracker] 목적지에서 각도 정렬 : [5.500m 4.000m 0.000°]
[2026-08-11 16:51:32.709694] [INFO] [path_server] 노드 업데이트 : [104] ➜ [-1]
[2026-08-11 16:51:32.729599] [INFO] [task::fsm] push_done
[2026-08-11 16:51:32.809477] [INFO] [task::fsm] charging
[2026-08-11 16:51:32.809500] [INFO] [health_monitor] [등록][100015, 100001] : 자동 충전 시작.
[2026-08-11 16:51:32.809485] [INFO] [power_system] 충전 프로세스 시작
[2026-08-11 16:51:37.819577] [INFO] [health_monitor] [삭제][100015, 100001] : 자동 충전 시작.
[2026-08-11 16:51:49.057645] [INFO] [health_monitor] [삭제][100015, 200001] : 배터리 남은 양 - 주의
[2026-08-11 16:52:17.132622] [INFO] [framework] 프로그램 시작
[2026-08-11 16:52:17.132628] [WARNING] [framework] 프로그램 시작
[2026-08-11 16:52:17.132632] [INFO] [framework] 설정 파일 위치 : ../configs/robot_5
[2026-08-11 16:52:17.132631] [CRITICAL] [framework] 프로그램 시작
[2026-08-11 16:52:17.132801] [INFO] [framework] ID[0, 5], 이름[한다섯], 제어주기[20ms], 버젼[], 장소[우리집], 환경모드[simulation]
[2026-08-11 16:52:17.132829] [INFO] [mediator] 생성
[2026-08-11 16:52:17.132859] [INFO] [graph_manager] 생성
[2026-08-11 16:52:17.176916] [INFO] [stop_server] 생성
[2026-08-11 16:52:17.176943] [INFO] [health_monitor] 생성
[2026-08-11 16:52:17.176968] [INFO] [path_server] 생성
[2026-08-11 16:52:17.176988] [INFO] [course_manager] 생성
[2026-08-11 16:52:17.177025] [INFO] [task::fsm] 생성
[2026-08-11 16:52:17.177026] [INFO] [task::fsm] idle
[2026-08-11 16:52:17.177035] [INFO] [course_manager] 코스 삭제
[2026-08-11 16:52:17.177040] [INFO] [path_server] 경로 삭제
[2026-08-11 16:52:17.177063] [INFO] [task_manager] 생성
[2026-08-11 16:52:17.177199] [INFO] [mediator] connectors 생성
[2026-08-11 16:52:17.177222] [INFO] [fms] 생성
[2026-08-11 16:52:17.177223] [INFO] [fms] 통신 드라이버 생성
[2026-08-11 16:52:17.177604] [INFO] [motions] 생성
[2026-08-11 16:52:17.177634] [INFO] [localizers] 생성
[2026-08-11 16:52:17.177775] [INFO] [localizers] 파라미터 : 

[2026-08-11 16:52:17.177800] [INFO] [safety_plc] 생성
[2026-08-11 16:52:17.177820] [INFO] [load_handler] 생성
[2026-08-11 16:52:17.177840] [INFO] [power_system] 생성
[2026-08-11 16:52:17.177992] [INFO] [power_system] 설정 정보 : remaining[40%, 10%, 5%]
[2026-08-11 16:52:17.178606] [INFO] [power_system] 알람 목록 : 
 • [100015, 100001] [INFO] 자동 충전 시작.
 • [100015, 100002] [INFO] 배터리 가득.
 • [100015, 400001] [CRIT] 배터리 남은 양 - 위험
 • [100015, 300001] [ERROR] 배터리 남은 양 - 에러
 • [100015, 200001] [WARN] 배터리 남은 양 - 주의
 • [100015, 100004] [INFO] 자동 충전 해제 완료.
 • [100015, 100003] [INFO] 자동 충전 해제 시작.
[2026-08-11 16:52:17.178614] [INFO] [mediator] any map 등록
[2026-08-11 16:52:17.178620] [INFO] [mediator] any collector 등록
[2026-08-11 16:52:17.178611] [INFO] [mediator] connector 의존성 주입
[2026-08-11 16:52:17.178623] [INFO] [mediator] any collector 목록 검사
[2026-08-11 16:52:17.178691] [INFO] [framework] after init 실행
[2026-08-11 16:52:17.179020] [INFO] [course_tracker] 생성
[2026-08-11 16:52:17.179033] [INFO] [course_tracker] 파라미터 : 
◈ node_bound[0.020m, 0.150m, 0.005m]
 • approach[0.150m, 0.050m/s, -0.005m, -0.200m, 0.100m]
 • align[(10.000°, 5.000°/s), 50.000°, 30.000°/s), 0.800°, -0.100°]
◈ motion param : 
 • reference_angle[0.000°, 45.000°]
 • threshold_angle[15.000°, 20.000°, 170.000°]
 • threshold_error[0.300°, 5.000°]
 • normal[0.150m/s, 8.000, 0.800m/s, 0.500]
 • angle[0.150m/s, 1.500, 0.800m/s, 2.100]
 • protection_overshoot[0.100m/s, 0.900, 0.500m/s, 0.900]
 • speed_rotation[15.000°/s]
[2026-08-11 16:52:17.179036] [INFO] [framework] 제어 쓰레드 시작
[2026-08-11 16:52:17.179065] [INFO] [path_server] 노드 초기화 성공 : 로봇 좌표[5.504m 3.998m -179.421°] 최단 거리 노드[104] 거리(0.004267m)
[2026-08-11 16:52:17.179097] [INFO] [health_monitor] [등록][100015, 200001] : 배터리 남은 양 - 주의
[2026-08-11 16:52:24.147049] [INFO] [task::fsm] charging
[2026-08-11 16:52:24.147058] [INFO] [power_system] 충전 프로세스 시작
[2026-08-11 16:52:24.147073] [INFO] [health_monitor] [등록][100015, 100001] : 자동 충전 시작.
[2026-08-11 16:52:29.156908] [INFO] [health_monitor] [삭제][100015, 100001] : 자동 충전 시작.
[2026-08-11 16:52:40.394828] [INFO] [health_monitor] [삭제][100015, 200001] : 배터리 남은 양 - 주의
[2026-08-11 16:53:04.388524] [INFO] [power_system] 충전 완료
[2026-08-11 16:53:04.388538] [INFO] [health_monitor] [등록][100015, 100002] : 배터리 가득.
[2026-08-11 16:53:04.388541] [INFO] [health_monitor] [등록][100015, 100003] : 자동 충전 해제 시작.
[2026-08-11 16:53:09.398722] [INFO] [health_monitor] [삭제][100015, 100002] : 배터리 가득.
[2026-08-11 16:53:09.398738] [INFO] [health_monitor] [삭제][100015, 100003] : 자동 충전 해제 시작.
[2026-08-11 16:53:09.418668] [INFO] [power_system] 충전 해제 완료
[2026-08-11 16:53:09.418678] [INFO] [health_monitor] [등록][100015, 100004] : 자동 충전 해제 완료.
[2026-08-11 16:53:09.438584] [INFO] [task::fsm] discharging
[2026-08-11 16:53:09.438592] [INFO] [power_system] 충전 해제 프로세스 시작
[2026-08-11 16:53:09.438601] [INFO] [health_monitor] [등록][100015, 100003] : 자동 충전 해제 시작.
[2026-08-11 16:53:09.458588] [INFO] [task::fsm] idle
[2026-08-11 16:53:09.458593] [INFO] [course_manager] 코스 삭제
[2026-08-11 16:53:09.458595] [INFO] [path_server] 경로 삭제
[2026-08-11 16:53:09.478560] [INFO] [task::fsm] idle
[2026-08-11 16:53:09.478565] [INFO] [course_manager] 코스 삭제
[2026-08-11 16:53:09.478566] [INFO] [path_server] 경로 삭제
[2026-08-11 16:53:14.429305] [INFO] [health_monitor] [삭제][100015, 100004] : 자동 충전 해제 완료.
[2026-08-11 16:53:14.449352] [INFO] [health_monitor] [삭제][100015, 100003] : 자동 충전 해제 시작.
[2026-08-11 16:54:02.615883] [INFO] [path_server] 새로운 경로 설정 : path[104 ➜ 1003] time[0s] dist[16.5m] list[12] : 104-1181-1182-1183-1184-1045-1046-1047-1048-1001-1002-1003
[2026-08-11 16:54:02.615897] [INFO] [course_tracker] 방향 정렬 완료 
[2026-08-11 16:54:09.781758] [INFO] [path_server] 노드 업데이트 : [1181] ➜ [1182]
[2026-08-11 16:54:09.861606] [INFO] [path_server] 새로운 경로 설정 : path[1181 ➜ 1003] time[0s] dist[15m] list[11] : 1181-1182-1183-1184-1045-1046-1047-1048-1001-1002-1003
[2026-08-11 16:54:13.394895] [INFO] [path_server] 노드 업데이트 : [1182] ➜ [1183]
[2026-08-11 16:54:13.454764] [INFO] [path_server] 새로운 경로 설정 : path[1182 ➜ 1003] time[0s] dist[13.5m] list[10] : 1182-1183-1184-1045-1046-1047-1048-1001-1002-1003
[2026-08-11 16:54:14.532544] [INFO] [path_server] 노드 업데이트 : [1183] ➜ [1184]
[2026-08-11 16:54:14.612409] [INFO] [path_server] 새로운 경로 설정 : path[1183 ➜ 1003] time[0s] dist[12m] list[9] : 1183-1184-1045-1046-1047-1048-1001-1002-1003
[2026-08-11 16:54:15.350974] [INFO] [path_server] 노드 업데이트 : [1184] ➜ [1045]
[2026-08-11 16:54:15.450819] [INFO] [path_server] 새로운 경로 설정 : path[1184 ➜ 1003] time[0s] dist[10.5m] list[8] : 1184-1045-1046-1047-1048-1001-1002-1003
[2026-08-11 16:54:16.688740] [INFO] [path_server] 노드 업데이트 : [1045] ➜ [1046]
[2026-08-11 16:54:16.768661] [INFO] [path_server] 새로운 경로 설정 : path[1045 ➜ 1003] time[0s] dist[9m] list[7] : 1045-1046-1047-1048-1001-1002-1003
[2026-08-11 16:54:20.022356] [INFO] [path_server] 노드 업데이트 : [1046] ➜ [1047]
[2026-08-11 16:54:20.082271] [INFO] [path_server] 새로운 경로 설정 : path[1046 ➜ 1003] time[0s] dist[7.5m] list[6] : 1046-1047-1048-1001-1002-1003
[2026-08-11 16:54:21.160137] [INFO] [path_server] 노드 업데이트 : [1047] ➜ [1048]
[2026-08-11 16:54:21.220058] [INFO] [path_server] 새로운 경로 설정 : path[1047 ➜ 1003] time[0s] dist[6m] list[5] : 1047-1048-1001-1002-1003
[2026-08-11 16:54:21.978517] [INFO] [path_server] 노드 업데이트 : [1048] ➜ [1001]
[2026-08-11 16:54:22.058399] [INFO] [path_server] 새로운 경로 설정 : path[1048 ➜ 1003] time[0s] dist[4.5m] list[4] : 1048-1001-1002-1003
[2026-08-11 16:54:22.737005] [INFO] [path_server] 노드 업데이트 : [1001] ➜ [1002]
[2026-08-11 16:54:22.816879] [INFO] [path_server] 새로운 경로 설정 : path[1001 ➜ 1003] time[0s] dist[3m] list[3] : 1001-1002-1003
[2026-08-11 16:54:23.495487] [INFO] [path_server] 노드 업데이트 : [1002] ➜ [1003]
[2026-08-11 16:54:23.555396] [INFO] [path_server] 새로운 경로 설정 : path[1002 ➜ 1003] time[0s] dist[1.5m] list[2] : 1002-1003
[2026-08-11 16:54:25.710998] [INFO] [path_server] 노드 업데이트 : [1003] ➜ [-1]
[2026-08-11 16:54:28.605383] [INFO] [course_tracker] 목적지에서 각도 정렬 : [16.000m 10.000m 0.000°]
[2026-08-11 16:54:28.645340] [INFO] [path_server] 노드 업데이트 : [1003] ➜ [-1]
[2026-08-11 16:54:28.665243] [INFO] [task::fsm] push_done
[2026-08-11 16:54:28.725252] [INFO] [task::fsm] idle
[2026-08-11 16:54:28.725265] [INFO] [course_manager] 코스 삭제
[2026-08-11 16:54:28.725285] [INFO] [path_server] 경로 삭제
[2026-08-11 16:54:33.815645] [INFO] [path_server] 새로운 경로 설정 : path[1003 ➜ 109] time[0s] dist[16.5m] list[12] : 1003-1004-1005-1006-1021-1022-1007-1167-1168-1169-1170-109
[2026-08-11 16:54:36.151427] [INFO] [path_server] 노드 업데이트 : [1004] ➜ [1005]
[2026-08-11 16:54:36.231308] [INFO] [path_server] 새로운 경로 설정 : path[1004 ➜ 109] time[0s] dist[15m] list[11] : 1004-1005-1006-1021-1022-1007-1167-1168-1169-1170-109
[2026-08-11 16:54:37.209360] [INFO] [path_server] 노드 업데이트 : [1005] ➜ [1006]
[2026-08-11 16:54:37.289276] [INFO] [path_server] 새로운 경로 설정 : path[1005 ➜ 109] time[0s] dist[13.5m] list[10] : 1005-1006-1021-1022-1007-1167-1168-1169-1170-109
[2026-08-11 16:54:38.007983] [INFO] [path_server] 노드 업데이트 : [1006] ➜ [1021]
[2026-08-11 16:54:38.087871] [INFO] [path_server] 새로운 경로 설정 : path[1006 ➜ 109] time[0s] dist[12m] list[9] : 1006-1021-1022-1007-1167-1168-1169-1170-109
[2026-08-11 16:54:38.766453] [INFO] [path_server] 노드 업데이트 : [1021] ➜ [1022]
[2026-08-11 16:54:38.846379] [INFO] [path_server] 새로운 경로 설정 : path[1021 ➜ 109] time[0s] dist[10.5m] list[8] : 1021-1022-1007-1167-1168-1169-1170-109
[2026-08-11 16:54:40.063918] [INFO] [path_server] 노드 업데이트 : [1022] ➜ [1007]
[2026-08-11 16:54:40.123809] [INFO] [path_server] 새로운 경로 설정 : path[1022 ➜ 109] time[0s] dist[9m] list[7] : 1022-1007-1167-1168-1169-1170-109
[2026-08-11 16:54:43.417396] [INFO] [path_server] 노드 업데이트 : [1007] ➜ [1167]
[2026-08-11 16:54:43.497309] [INFO] [path_server] 새로운 경로 설정 : path[1007 ➜ 109] time[0s] dist[7.5m] list[6] : 1007-1167-1168-1169-1170-109
[2026-08-11 16:54:44.555314] [INFO] [path_server] 노드 업데이트 : [1167] ➜ [1168]
[2026-08-11 16:54:44.635243] [INFO] [path_server] 새로운 경로 설정 : path[1167 ➜ 109] time[0s] dist[6m] list[5] : 1167-1168-1169-1170-109
[2026-08-11 16:54:45.373750] [INFO] [path_server] 노드 업데이트 : [1168] ➜ [1169]
[2026-08-11 16:54:45.433683] [INFO] [path_server] 새로운 경로 설정 : path[1168 ➜ 109] time[0s] dist[4.5m] list[4] : 1168-1169-1170-109
[2026-08-11 16:54:46.132299] [INFO] [path_server] 노드 업데이트 : [1169] ➜ [1170]
[2026-08-11 16:54:46.212158] [INFO] [path_server] 새로운 경로 설정 : path[1169 ➜ 109] time[0s] dist[3m] list[3] : 1169-1170-109
[2026-08-11 16:54:47.529616] [INFO] [path_server] 노드 업데이트 : [1170] ➜ [109]
[2026-08-11 16:54:47.589513] [INFO] [path_server] 새로운 경로 설정 : path[1170 ➜ 109] time[0s] dist[1.5m] list[2] : 1170-109
[2026-08-11 16:54:53.059301] [INFO] [path_server] 노드 업데이트 : [109] ➜ [-1]
[2026-08-11 16:54:55.953637] [INFO] [course_tracker] 목적지에서 각도 정렬 : [22.000m 17.500m 0.000°]
[2026-08-11 16:54:55.993552] [INFO] [path_server] 노드 업데이트 : [109] ➜ [-1]
[2026-08-11 16:54:56.013511] [INFO] [task::fsm] push_done
[2026-08-11 16:54:56.073405] [INFO] [task::fsm] charging
[2026-08-11 16:54:56.073414] [INFO] [power_system] 충전 프로세스 시작
[2026-08-11 16:54:56.073430] [INFO] [health_monitor] [등록][100015, 100001] : 자동 충전 시작.
[2026-08-11 16:55:01.083341] [INFO] [health_monitor] [삭제][100015, 100001] : 자동 충전 시작.
[2026-08-11 16:55:20.943389] [INFO] [power_system] 충전 완료
[2026-08-11 16:55:20.943405] [INFO] [health_monitor] [등록][100015, 100002] : 배터리 가득.
[2026-08-11 16:55:20.943409] [INFO] [health_monitor] [등록][100015, 100003] : 자동 충전 해제 시작.
[2026-08-11 16:55:25.953437] [INFO] [health_monitor] [삭제][100015, 100002] : 배터리 가득.
[2026-08-11 16:55:25.953442] [INFO] [health_monitor] [삭제][100015, 100003] : 자동 충전 해제 시작.
[2026-08-11 16:55:25.973395] [INFO] [power_system] 충전 해제 완료
[2026-08-11 16:55:25.973403] [INFO] [health_monitor] [등록][100015, 100004] : 자동 충전 해제 완료.
[2026-08-11 16:55:25.993311] [INFO] [task::fsm] discharging
[2026-08-11 16:55:25.993320] [INFO] [power_system] 충전 해제 프로세스 시작
[2026-08-11 16:55:25.993332] [INFO] [health_monitor] [등록][100015, 100003] : 자동 충전 해제 시작.
[2026-08-11 16:55:26.013317] [INFO] [task::fsm] idle
[2026-08-11 16:55:26.013322] [INFO] [course_manager] 코스 삭제
[2026-08-11 16:55:26.013325] [INFO] [path_server] 경로 삭제
[2026-08-11 16:55:26.033244] [INFO] [task::fsm] idle
[2026-08-11 16:55:26.033247] [INFO] [course_manager] 코스 삭제
[2026-08-11 16:55:26.033248] [INFO] [path_server] 경로 삭제
[2026-08-11 16:55:30.983931] [INFO] [health_monitor] [삭제][100015, 100004] : 자동 충전 해제 완료.
[2026-08-11 16:55:31.003848] [INFO] [health_monitor] [삭제][100015, 100003] : 자동 충전 해제 시작.
[2026-08-11 16:56:21.049312] [INFO] [task::fsm] charging
[2026-08-11 16:56:21.049321] [INFO] [power_system] 충전 프로세스 시작
[2026-08-11 16:56:21.049338] [INFO] [health_monitor] [등록][100015, 100001] : 자동 충전 시작.
[2026-08-11 16:56:26.059387] [INFO] [health_monitor] [삭제][100015, 100001] : 자동 충전 시작.
[2026-08-11 16:56:34.761945] [INFO] [power_system] 충전 완료
[2026-08-11 16:56:34.761962] [INFO] [health_monitor] [등록][100015, 100002] : 배터리 가득.
[2026-08-11 16:56:34.761965] [INFO] [health_monitor] [등록][100015, 100003] : 자동 충전 해제 시작.
[2026-08-11 16:56:39.771814] [INFO] [health_monitor] [삭제][100015, 100002] : 배터리 가득.
[2026-08-11 16:56:39.771821] [INFO] [health_monitor] [삭제][100015, 100003] : 자동 충전 해제 시작.
[2026-08-11 16:56:39.791811] [INFO] [power_system] 충전 해제 완료
[2026-08-11 16:56:39.791826] [INFO] [health_monitor] [등록][100015, 100004] : 자동 충전 해제 완료.
[2026-08-11 16:56:39.811770] [INFO] [task::fsm] discharging
[2026-08-11 16:56:39.811777] [INFO] [power_system] 충전 해제 프로세스 시작
[2026-08-11 16:56:39.811785] [INFO] [health_monitor] [등록][100015, 100003] : 자동 충전 해제 시작.
[2026-08-11 16:56:39.831673] [INFO] [task::fsm] idle
[2026-08-11 16:56:39.831681] [INFO] [path_server] 경로 삭제
[2026-08-11 16:56:39.831679] [INFO] [course_manager] 코스 삭제
[2026-08-11 16:56:39.871634] [INFO] [task::fsm] idle
[2026-08-11 16:56:39.871640] [INFO] [course_manager] 코스 삭제
[2026-08-11 16:56:39.871642] [INFO] [path_server] 경로 삭제
[2026-08-11 16:56:44.801732] [INFO] [health_monitor] [삭제][100015, 100004] : 자동 충전 해제 완료.
[2026-08-11 16:56:44.821737] [INFO] [health_monitor] [삭제][100015, 100003] : 자동 충전 해제 시작.
[2026-08-11 16:57:34.902564] [INFO] [task::fsm] charging
[2026-08-11 16:57:34.902589] [INFO] [health_monitor] [등록][100015, 100001] : 자동 충전 시작.
[2026-08-11 16:57:34.902573] [INFO] [power_system] 충전 프로세스 시작
[2026-08-11 16:57:39.911947] [INFO] [health_monitor] [삭제][100015, 100001] : 자동 충전 시작.
[2026-08-11 16:57:48.634437] [INFO] [power_system] 충전 완료
[2026-08-11 16:57:48.634459] [INFO] [health_monitor] [등록][100015, 100003] : 자동 충전 해제 시작.
[2026-08-11 16:57:48.634455] [INFO] [health_monitor] [등록][100015, 100002] : 배터리 가득.
[2026-08-11 16:57:53.644606] [INFO] [health_monitor] [삭제][100015, 100002] : 배터리 가득.
[2026-08-11 16:57:53.644638] [INFO] [health_monitor] [삭제][100015, 100003] : 자동 충전 해제 시작.
[2026-08-11 16:57:53.664516] [INFO] [power_system] 충전 해제 완료
[2026-08-11 16:57:53.664528] [INFO] [health_monitor] [등록][100015, 100004] : 자동 충전 해제 완료.
[2026-08-11 16:57:53.684524] [INFO] [task::fsm] discharging
[2026-08-11 16:57:53.684533] [INFO] [power_system] 충전 해제 프로세스 시작
[2026-08-11 16:57:53.684542] [INFO] [health_monitor] [등록][100015, 100003] : 자동 충전 해제 시작.
[2026-08-11 16:57:53.704486] [INFO] [task::fsm] idle
[2026-08-11 16:57:53.704492] [INFO] [course_manager] 코스 삭제
[2026-08-11 16:57:53.704494] [INFO] [path_server] 경로 삭제
[2026-08-11 16:57:53.744390] [INFO] [task::fsm] idle
[2026-08-11 16:57:53.744394] [INFO] [course_manager] 코스 삭제
[2026-08-11 16:57:53.744396] [INFO] [path_server] 경로 삭제
[2026-08-11 16:57:58.674486] [INFO] [health_monitor] [삭제][100015, 100004] : 자동 충전 해제 완료.
[2026-08-11 16:57:58.694499] [INFO] [health_monitor] [삭제][100015, 100003] : 자동 충전 해제 시작.
[2026-08-11 16:58:48.758022] [INFO] [task::fsm] charging
[2026-08-11 16:58:48.758029] [INFO] [power_system] 충전 프로세스 시작
[2026-08-11 16:58:48.758040] [INFO] [health_monitor] [등록][100015, 100001] : 자동 충전 시작.
[2026-08-11 16:58:53.768122] [INFO] [health_monitor] [삭제][100015, 100001] : 자동 충전 시작.
[2026-08-11 16:59:02.491368] [INFO] [power_system] 충전 완료
[2026-08-11 16:59:02.491388] [INFO] [health_monitor] [등록][100015, 100003] : 자동 충전 해제 시작.
[2026-08-11 16:59:02.491385] [INFO] [health_monitor] [등록][100015, 100002] : 배터리 가득.
[2026-08-11 16:59:07.501752] [INFO] [health_monitor] [삭제][100015, 100002] : 배터리 가득.
[2026-08-11 16:59:07.501759] [INFO] [health_monitor] [삭제][100015, 100003] : 자동 충전 해제 시작.
[2026-08-11 16:59:07.521757] [INFO] [power_system] 충전 해제 완료
[2026-08-11 16:59:07.521773] [INFO] [health_monitor] [등록][100015, 100004] : 자동 충전 해제 완료.
[2026-08-11 16:59:07.541693] [INFO] [task::fsm] discharging
[2026-08-11 16:59:07.541702] [INFO] [power_system] 충전 해제 프로세스 시작
[2026-08-11 16:59:07.541713] [INFO] [health_monitor] [등록][100015, 100003] : 자동 충전 해제 시작.
[2026-08-11 16:59:07.561608] [INFO] [task::fsm] idle
[2026-08-11 16:59:07.561614] [INFO] [course_manager] 코스 삭제
[2026-08-11 16:59:07.561616] [INFO] [path_server] 경로 삭제
[2026-08-11 16:59:07.601596] [INFO] [task::fsm] idle
[2026-08-11 16:59:07.601605] [INFO] [path_server] 경로 삭제
[2026-08-11 16:59:07.601603] [INFO] [course_manager] 코스 삭제
[2026-08-11 16:59:12.531603] [INFO] [health_monitor] [삭제][100015, 100004] : 자동 충전 해제 완료.
[2026-08-11 16:59:12.551583] [INFO] [health_monitor] [삭제][100015, 100003] : 자동 충전 해제 시작.
[2026-08-11 17:00:02.632447] [INFO] [task::fsm] charging
[2026-08-11 17:00:02.632459] [INFO] [power_system] 충전 프로세스 시작
[2026-08-11 17:00:02.632475] [INFO] [health_monitor] [등록][100015, 100001] : 자동 충전 시작.
[2026-08-11 17:00:07.642707] [INFO] [health_monitor] [삭제][100015, 100001] : 자동 충전 시작.
[2026-08-11 17:00:16.365844] [INFO] [power_system] 충전 완료
[2026-08-11 17:00:16.365864] [INFO] [health_monitor] [등록][100015, 100002] : 배터리 가득.
[2026-08-11 17:00:16.365869] [INFO] [health_monitor] [등록][100015, 100003] : 자동 충전 해제 시작.
[2026-08-11 17:00:21.376282] [INFO] [health_monitor] [삭제][100015, 100002] : 배터리 가득.
[2026-08-11 17:00:21.376289] [INFO] [health_monitor] [삭제][100015, 100003] : 자동 충전 해제 시작.
[2026-08-11 17:00:21.396185] [INFO] [power_system] 충전 해제 완료
[2026-08-11 17:00:21.396197] [INFO] [health_monitor] [등록][100015, 100004] : 자동 충전 해제 완료.
[2026-08-11 17:00:21.416182] [INFO] [task::fsm] discharging
[2026-08-11 17:00:21.416191] [INFO] [power_system] 충전 해제 프로세스 시작
[2026-08-11 17:00:21.416201] [INFO] [health_monitor] [등록][100015, 100003] : 자동 충전 해제 시작.
[2026-08-11 17:00:21.436150] [INFO] [task::fsm] idle
[2026-08-11 17:00:21.436155] [INFO] [course_manager] 코스 삭제
[2026-08-11 17:00:21.436164] [INFO] [path_server] 경로 삭제
[2026-08-11 17:00:21.476069] [INFO] [course_manager] 코스 삭제
[2026-08-11 17:00:21.476071] [INFO] [path_server] 경로 삭제
[2026-08-11 17:00:21.476062] [INFO] [task::fsm] idle
[2026-08-11 17:00:26.406097] [INFO] [health_monitor] [삭제][100015, 100004] : 자동 충전 해제 완료.
[2026-08-11 17:00:26.426020] [INFO] [health_monitor] [삭제][100015, 100003] : 자동 충전 해제 시작.
[2026-08-11 17:01:16.488471] [INFO] [task::fsm] charging
[2026-08-11 17:01:16.488488] [INFO] [power_system] 충전 프로세스 시작
[2026-08-11 17:01:16.488512] [INFO] [health_monitor] [등록][100015, 100001] : 자동 충전 시작.
[2026-08-11 17:01:21.498745] [INFO] [health_monitor] [삭제][100015, 100001] : 자동 충전 시작.
[2026-08-11 17:01:30.221617] [INFO] [power_system] 충전 완료
[2026-08-11 17:01:30.221637] [INFO] [health_monitor] [등록][100015, 100002] : 배터리 가득.
[2026-08-11 17:01:30.221640] [INFO] [health_monitor] [등록][100015, 100003] : 자동 충전 해제 시작.
[2026-08-11 17:01:35.232011] [INFO] [health_monitor] [삭제][100015, 100002] : 배터리 가득.
[2026-08-11 17:01:35.232019] [INFO] [health_monitor] [삭제][100015, 100003] : 자동 충전 해제 시작.
[2026-08-11 17:01:35.252004] [INFO] [power_system] 충전 해제 완료
[2026-08-11 17:01:35.252016] [INFO] [health_monitor] [등록][100015, 100004] : 자동 충전 해제 완료.
[2026-08-11 17:01:35.271980] [INFO] [task::fsm] discharging
[2026-08-11 17:01:35.271990] [INFO] [power_system] 충전 해제 프로세스 시작
[2026-08-11 17:01:35.271999] [INFO] [health_monitor] [등록][100015, 100003] : 자동 충전 해제 시작.
[2026-08-11 17:01:35.291869] [INFO] [task::fsm] idle
[2026-08-11 17:01:35.291875] [INFO] [path_server] 경로 삭제
[2026-08-11 17:01:35.291874] [INFO] [course_manager] 코스 삭제
[2026-08-11 17:01:35.331796] [INFO] [task::fsm] idle
[2026-08-11 17:01:35.331803] [INFO] [path_server] 경로 삭제
[2026-08-11 17:01:35.331801] [INFO] [course_manager] 코스 삭제
[2026-08-11 17:01:40.261995] [INFO] [health_monitor] [삭제][100015, 100004] : 자동 충전 해제 완료.
[2026-08-11 17:01:40.282062] [INFO] [health_monitor] [삭제][100015, 100003] : 자동 충전 해제 시작.
[2026-08-11 17:02:30.342917] [INFO] [task::fsm] charging
[2026-08-11 17:02:30.342925] [INFO] [power_system] 충전 프로세스 시작
[2026-08-11 17:02:30.342941] [INFO] [health_monitor] [등록][100015, 100001] : 자동 충전 시작.
[2026-08-11 17:02:35.352976] [INFO] [health_monitor] [삭제][100015, 100001] : 자동 충전 시작.
[2026-08-11 17:02:44.074881] [INFO] [power_system] 충전 완료
[2026-08-11 17:02:44.074898] [INFO] [health_monitor] [등록][100015, 100002] : 배터리 가득.
[2026-08-11 17:02:44.074901] [INFO] [health_monitor] [등록][100015, 100003] : 자동 충전 해제 시작.
[2026-08-11 17:02:49.084693] [INFO] [health_monitor] [삭제][100015, 100002] : 배터리 가득.
[2026-08-11 17:02:49.084702] [INFO] [health_monitor] [삭제][100015, 100003] : 자동 충전 해제 시작.
[2026-08-11 17:02:49.104637] [INFO] [power_system] 충전 해제 완료
[2026-08-11 17:02:49.104648] [INFO] [health_monitor] [등록][100015, 100004] : 자동 충전 해제 완료.
[2026-08-11 17:02:49.124540] [INFO] [task::fsm] discharging
[2026-08-11 17:02:49.124546] [INFO] [power_system] 충전 해제 프로세스 시작
[2026-08-11 17:02:49.124553] [INFO] [health_monitor] [등록][100015, 100003] : 자동 충전 해제 시작.
[2026-08-11 17:02:49.144550] [INFO] [task::fsm] idle
[2026-08-11 17:02:49.144555] [INFO] [course_manager] 코스 삭제
[2026-08-11 17:02:49.144557] [INFO] [path_server] 경로 삭제
[2026-08-11 17:02:49.164496] [INFO] [task::fsm] idle
[2026-08-11 17:02:49.164501] [INFO] [path_server] 경로 삭제
[2026-08-11 17:02:49.164499] [INFO] [course_manager] 코스 삭제
[2026-08-11 17:02:54.114419] [INFO] [health_monitor] [삭제][100015, 100004] : 자동 충전 해제 완료.
[2026-08-11 17:02:54.134390] [INFO] [health_monitor] [삭제][100015, 100003] : 자동 충전 해제 시작.
[2026-08-11 17:03:34.360153] [INFO] [framework] 프로그램 시작
[2026-08-11 17:03:34.360158] [WARNING] [framework] 프로그램 시작
[2026-08-11 17:03:34.360163] [INFO] [framework] 설정 파일 위치 : ../configs/robot_5
[2026-08-11 17:03:34.360163] [CRITICAL] [framework] 프로그램 시작
[2026-08-11 17:03:34.360311] [INFO] [framework] ID[0, 5], 이름[한다섯], 제어주기[20ms], 버젼[], 장소[우리집], 환경모드[simulation]
[2026-08-11 17:03:34.360341] [INFO] [mediator] 생성
[2026-08-11 17:03:34.360366] [INFO] [graph_manager] 생성
[2026-08-11 17:03:34.403494] [INFO] [stop_server] 생성
[2026-08-11 17:03:34.403526] [INFO] [health_monitor] 생성
[2026-08-11 17:03:34.403547] [INFO] [path_server] 생성
[2026-08-11 17:03:34.403600] [INFO] [course_manager] 생성
[2026-08-11 17:03:34.403622] [INFO] [task::fsm] 생성
[2026-08-11 17:03:34.403624] [INFO] [task::fsm] idle
[2026-08-11 17:03:34.403626] [INFO] [course_manager] 코스 삭제
[2026-08-11 17:03:34.403626] [INFO] [path_server] 경로 삭제
[2026-08-11 17:03:34.403645] [INFO] [task_manager] 생성
[2026-08-11 17:03:34.403799] [INFO] [mediator] connectors 생성
[2026-08-11 17:03:34.403824] [INFO] [fms] 생성
[2026-08-11 17:03:34.403826] [INFO] [fms] 통신 드라이버 생성
[2026-08-11 17:03:34.404214] [INFO] [motions] 생성
[2026-08-11 17:03:34.404242] [INFO] [localizers] 생성
[2026-08-11 17:03:34.404372] [INFO] [localizers] 파라미터 : 

[2026-08-11 17:03:34.404396] [INFO] [safety_plc] 생성
[2026-08-11 17:03:34.404418] [INFO] [load_handler] 생성
[2026-08-11 17:03:34.404438] [INFO] [power_system] 생성
[2026-08-11 17:03:34.404587] [INFO] [power_system] 설정 정보 : remaining[40%, 10%, 5%]
[2026-08-11 17:03:34.405097] [INFO] [power_system] 알람 목록 : 
 • [100015, 100001] [INFO] 자동 충전 시작.
 • [100015, 100002] [INFO] 배터리 가득.
 • [100015, 400001] [CRIT] 배터리 남은 양 - 위험
 • [100015, 300001] [ERROR] 배터리 남은 양 - 에러
 • [100015, 200001] [WARN] 배터리 남은 양 - 주의
 • [100015, 100004] [INFO] 자동 충전 해제 완료.
 • [100015, 100003] [INFO] 자동 충전 해제 시작.
[2026-08-11 17:03:34.405103] [INFO] [mediator] connector 의존성 주입
[2026-08-11 17:03:34.405106] [INFO] [mediator] any map 등록
[2026-08-11 17:03:34.405112] [INFO] [mediator] any collector 등록
[2026-08-11 17:03:34.405116] [INFO] [mediator] any collector 목록 검사
[2026-08-11 17:03:34.405159] [INFO] [framework] after init 실행
[2026-08-11 17:03:34.405514] [INFO] [course_tracker] 생성
[2026-08-11 17:03:34.405535] [INFO] [course_tracker] 파라미터 : 
◈ node_bound[0.020m, 0.150m, 0.005m]
 • approach[0.150m, 0.050m/s, -0.005m, -0.200m, 0.100m]
 • align[(10.000°, 5.000°/s), 50.000°, 30.000°/s), 0.800°, -0.100°]
◈ motion param : 
 • reference_angle[0.000°, 45.000°]
 • threshold_angle[15.000°, 20.000°, 170.000°]
 • threshold_error[0.300°, 5.000°]
 • normal[0.150m/s, 8.000, 0.800m/s, 0.500]
 • angle[0.150m/s, 1.500, 0.800m/s, 2.100]
 • protection_overshoot[0.100m/s, 0.900, 0.500m/s, 0.900]
 • speed_rotation[15.000°/s]
[2026-08-11 17:03:34.405538] [INFO] [framework] 제어 쓰레드 시작
[2026-08-11 17:03:34.405593] [INFO] [path_server] 노드 초기화 성공 : 로봇 좌표[22.004m 17.498m -179.835°] 최단 거리 노드[109] 거리(0.003972m)
[2026-08-11 17:03:34.405650] [INFO] [health_monitor] [등록][100015, 200001] : 배터리 남은 양 - 주의
[2026-08-11 17:03:35.663422] [INFO] [task::fsm] charging
[2026-08-11 17:03:35.663443] [INFO] [health_monitor] [등록][100015, 100001] : 자동 충전 시작.
[2026-08-11 17:03:35.663430] [INFO] [power_system] 충전 프로세스 시작
[2026-08-11 17:03:40.673583] [INFO] [health_monitor] [삭제][100015, 100001] : 자동 충전 시작.
[2026-08-11 17:03:51.532384] [INFO] [health_monitor] [삭제][100015, 200001] : 배터리 남은 양 - 주의
[2026-08-11 17:04:15.546440] [INFO] [power_system] 충전 완료
[2026-08-11 17:04:15.546458] [INFO] [health_monitor] [등록][100015, 100003] : 자동 충전 해제 시작.
[2026-08-11 17:04:15.546456] [INFO] [health_monitor] [등록][100015, 100002] : 배터리 가득.
[2026-08-11 17:04:20.557379] [INFO] [health_monitor] [삭제][100015, 100002] : 배터리 가득.
[2026-08-11 17:04:20.557386] [INFO] [health_monitor] [삭제][100015, 100003] : 자동 충전 해제 시작.
[2026-08-11 17:04:20.577335] [INFO] [power_system] 충전 해제 완료
[2026-08-11 17:04:20.577346] [INFO] [health_monitor] [등록][100015, 100004] : 자동 충전 해제 완료.
[2026-08-11 17:04:20.597254] [INFO] [task::fsm] discharging
[2026-08-11 17:04:20.597263] [INFO] [power_system] 충전 해제 프로세스 시작
[2026-08-11 17:04:20.597274] [INFO] [health_monitor] [등록][100015, 100003] : 자동 충전 해제 시작.
[2026-08-11 17:04:20.617264] [INFO] [task::fsm] idle
[2026-08-11 17:04:20.617271] [INFO] [path_server] 경로 삭제
[2026-08-11 17:04:20.617269] [INFO] [course_manager] 코스 삭제
[2026-08-11 17:04:20.637239] [INFO] [task::fsm] idle
[2026-08-11 17:04:20.637247] [INFO] [path_server] 경로 삭제
[2026-08-11 17:04:20.637245] [INFO] [course_manager] 코스 삭제
[2026-08-11 17:04:25.587223] [INFO] [health_monitor] [삭제][100015, 100004] : 자동 충전 해제 완료.
[2026-08-11 17:04:25.607179] [INFO] [health_monitor] [삭제][100015, 100003] : 자동 충전 해제 시작.
[2026-08-11 17:05:15.648786] [INFO] [task::fsm] charging
[2026-08-11 17:05:15.648792] [INFO] [power_system] 충전 프로세스 시작
[2026-08-11 17:05:15.648807] [INFO] [health_monitor] [등록][100015, 100001] : 자동 충전 시작.
[2026-08-11 17:05:20.659568] [INFO] [health_monitor] [삭제][100015, 100001] : 자동 충전 시작.
[2026-08-11 17:05:29.364410] [INFO] [power_system] 충전 완료
[2026-08-11 17:05:29.364427] [INFO] [health_monitor] [등록][100015, 100003] : 자동 충전 해제 시작.
[2026-08-11 17:05:29.364425] [INFO] [health_monitor] [등록][100015, 100002] : 배터리 가득.
[2026-08-11 17:05:34.374450] [INFO] [health_monitor] [삭제][100015, 100002] : 배터리 가득.
[2026-08-11 17:05:34.374455] [INFO] [health_monitor] [삭제][100015, 100003] : 자동 충전 해제 시작.
[2026-08-11 17:05:34.394354] [INFO] [power_system] 충전 해제 완료
[2026-08-11 17:05:34.394368] [INFO] [health_monitor] [등록][100015, 100004] : 자동 충전 해제 완료.
[2026-08-11 17:05:34.414342] [INFO] [task::fsm] discharging
[2026-08-11 17:05:34.414348] [INFO] [power_system] 충전 해제 프로세스 시작
[2026-08-11 17:05:34.414357] [INFO] [health_monitor] [등록][100015, 100003] : 자동 충전 해제 시작.
[2026-08-11 17:05:34.434313] [INFO] [task::fsm] idle
[2026-08-11 17:05:34.434320] [INFO] [path_server] 경로 삭제
[2026-08-11 17:05:34.434319] [INFO] [course_manager] 코스 삭제
[2026-08-11 17:05:34.474237] [INFO] [task::fsm] idle
[2026-08-11 17:05:34.474244] [INFO] [path_server] 경로 삭제
[2026-08-11 17:05:34.474242] [INFO] [course_manager] 코스 삭제
[2026-08-11 17:05:39.404869] [INFO] [health_monitor] [삭제][100015, 100004] : 자동 충전 해제 완료.
[2026-08-11 17:05:39.424878] [INFO] [health_monitor] [삭제][100015, 100003] : 자동 충전 해제 시작.
[2026-08-11 17:06:29.466212] [INFO] [task::fsm] charging
[2026-08-11 17:06:29.466218] [INFO] [power_system] 충전 프로세스 시작
[2026-08-11 17:06:29.466230] [INFO] [health_monitor] [등록][100015, 100001] : 자동 충전 시작.
[2026-08-11 17:06:34.475918] [INFO] [health_monitor] [삭제][100015, 100001] : 자동 충전 시작.
[2026-08-11 17:06:43.178569] [INFO] [power_system] 충전 완료
[2026-08-11 17:06:43.178589] [INFO] [health_monitor] [등록][100015, 100002] : 배터리 가득.
[2026-08-11 17:06:43.178593] [INFO] [health_monitor] [등록][100015, 100003] : 자동 충전 해제 시작.
[2026-08-11 17:06:48.188263] [INFO] [health_monitor] [삭제][100015, 100002] : 배터리 가득.
[2026-08-11 17:06:48.188269] [INFO] [health_monitor] [삭제][100015, 100003] : 자동 충전 해제 시작.
[2026-08-11 17:06:48.208216] [INFO] [power_system] 충전 해제 완료
[2026-08-11 17:06:48.208228] [INFO] [health_monitor] [등록][100015, 100004] : 자동 충전 해제 완료.
[2026-08-11 17:06:48.228141] [INFO] [task::fsm] discharging
[2026-08-11 17:06:48.228150] [INFO] [power_system] 충전 해제 프로세스 시작
[2026-08-11 17:06:48.228159] [INFO] [health_monitor] [등록][100015, 100003] : 자동 충전 해제 시작.
[2026-08-11 17:06:48.248161] [INFO] [task::fsm] idle
[2026-08-11 17:06:48.248171] [INFO] [path_server] 경로 삭제
[2026-08-11 17:06:48.248169] [INFO] [course_manager] 코스 삭제
[2026-08-11 17:06:48.268104] [INFO] [task::fsm] idle
[2026-08-11 17:06:48.268108] [INFO] [course_manager] 코스 삭제
[2026-08-11 17:06:48.268109] [INFO] [path_server] 경로 삭제
[2026-08-11 17:06:53.218661] [INFO] [health_monitor] [삭제][100015, 100004] : 자동 충전 해제 완료.
[2026-08-11 17:06:53.238575] [INFO] [health_monitor] [삭제][100015, 100003] : 자동 충전 해제 시작.
[2026-08-11 17:07:43.280339] [INFO] [power_system] 충전 프로세스 시작
[2026-08-11 17:07:43.280355] [INFO] [health_monitor] [등록][100015, 100001] : 자동 충전 시작.
[2026-08-11 17:07:43.280327] [INFO] [task::fsm] charging
[2026-08-11 17:07:48.290201] [INFO] [health_monitor] [삭제][100015, 100001] : 자동 충전 시작.
[2026-08-11 17:07:56.993427] [INFO] [power_system] 충전 완료
[2026-08-11 17:07:56.993444] [INFO] [health_monitor] [등록][100015, 100002] : 배터리 가득.
[2026-08-11 17:07:56.993447] [INFO] [health_monitor] [등록][100015, 100003] : 자동 충전 해제 시작.
[2026-08-11 17:08:02.004000] [INFO] [health_monitor] [삭제][100015, 100002] : 배터리 가득.
[2026-08-11 17:08:02.004008] [INFO] [health_monitor] [삭제][100015, 100003] : 자동 충전 해제 시작.
[2026-08-11 17:08:02.023990] [INFO] [power_system] 충전 해제 완료
[2026-08-11 17:08:02.024002] [INFO] [health_monitor] [등록][100015, 100004] : 자동 충전 해제 완료.
[2026-08-11 17:08:02.043946] [INFO] [task::fsm] discharging
[2026-08-11 17:08:02.043955] [INFO] [power_system] 충전 해제 프로세스 시작
[2026-08-11 17:08:02.043962] [INFO] [health_monitor] [등록][100015, 100003] : 자동 충전 해제 시작.
[2026-08-11 17:08:02.063867] [INFO] [task::fsm] idle
[2026-08-11 17:08:02.063874] [INFO] [course_manager] 코스 삭제
[2026-08-11 17:08:02.063876] [INFO] [path_server] 경로 삭제
[2026-08-11 17:08:02.103803] [INFO] [task::fsm] idle
[2026-08-11 17:08:02.103810] [INFO] [course_manager] 코스 삭제
[2026-08-11 17:08:02.103812] [INFO] [path_server] 경로 삭제
[2026-08-11 17:08:07.033958] [INFO] [health_monitor] [삭제][100015, 100004] : 자동 충전 해제 완료.
[2026-08-11 17:08:07.053948] [INFO] [health_monitor] [삭제][100015, 100003] : 자동 충전 해제 시작.
[2026-08-11 17:08:57.097620] [INFO] [task::fsm] charging
[2026-08-11 17:08:57.097626] [INFO] [power_system] 충전 프로세스 시작
[2026-08-11 17:08:57.097639] [INFO] [health_monitor] [등록][100015, 100001] : 자동 충전 시작.
[2026-08-11 17:09:02.107511] [INFO] [health_monitor] [삭제][100015, 100001] : 자동 충전 시작.
[2026-08-11 17:09:10.810996] [INFO] [power_system] 충전 완료
[2026-08-11 17:09:10.811008] [INFO] [health_monitor] [등록][100015, 100002] : 배터리 가득.
[2026-08-11 17:09:10.811011] [INFO] [health_monitor] [등록][100015, 100003] : 자동 충전 해제 시작.
[2026-08-11 17:09:15.821481] [INFO] [health_monitor] [삭제][100015, 100002] : 배터리 가득.
[2026-08-11 17:09:15.821488] [INFO] [health_monitor] [삭제][100015, 100003] : 자동 충전 해제 시작.
[2026-08-11 17:09:15.841404] [INFO] [power_system] 충전 해제 완료
[2026-08-11 17:09:15.841418] [INFO] [health_monitor] [등록][100015, 100004] : 자동 충전 해제 완료.
[2026-08-11 17:09:15.861311] [INFO] [task::fsm] discharging
[2026-08-11 17:09:15.861318] [INFO] [power_system] 충전 해제 프로세스 시작
[2026-08-11 17:09:15.861328] [INFO] [health_monitor] [등록][100015, 100003] : 자동 충전 해제 시작.
[2026-08-11 17:09:15.881345] [INFO] [task::fsm] idle
[2026-08-11 17:09:15.881352] [INFO] [course_manager] 코스 삭제
[2026-08-11 17:09:15.881354] [INFO] [path_server] 경로 삭제
[2026-08-11 17:09:15.901313] [INFO] [course_manager] 코스 삭제
[2026-08-11 17:09:15.901316] [INFO] [path_server] 경로 삭제
[2026-08-11 17:09:15.901305] [INFO] [task::fsm] idle
[2026-08-11 17:09:20.851597] [INFO] [health_monitor] [삭제][100015, 100004] : 자동 충전 해제 완료.
[2026-08-11 17:09:20.871523] [INFO] [health_monitor] [삭제][100015, 100003] : 자동 충전 해제 시작.
[2026-08-11 17:10:10.933020] [INFO] [task::fsm] charging
[2026-08-11 17:10:10.933030] [INFO] [power_system] 충전 프로세스 시작
[2026-08-11 17:10:10.933050] [INFO] [health_monitor] [등록][100015, 100001] : 자동 충전 시작.
[2026-08-11 17:10:15.942734] [INFO] [health_monitor] [삭제][100015, 100001] : 자동 충전 시작.
[2026-08-11 17:10:24.665568] [INFO] [power_system] 충전 완료
[2026-08-11 17:10:24.665588] [INFO] [health_monitor] [등록][100015, 100003] : 자동 충전 해제 시작.
[2026-08-11 17:10:24.665585] [INFO] [health_monitor] [등록][100015, 100002] : 배터리 가득.
[2026-08-11 17:10:29.675338] [INFO] [health_monitor] [삭제][100015, 100002] : 배터리 가득.
[2026-08-11 17:10:29.675344] [INFO] [health_monitor] [삭제][100015, 100003] : 자동 충전 해제 시작.
[2026-08-11 17:10:29.695242] [INFO] [power_system] 충전 해제 완료
[2026-08-11 17:10:29.695253] [INFO] [health_monitor] [등록][100015, 100004] : 자동 충전 해제 완료.
[2026-08-11 17:10:29.715248] [INFO] [task::fsm] discharging
[2026-08-11 17:10:29.715256] [INFO] [power_system] 충전 해제 프로세스 시작
[2026-08-11 17:10:29.715266] [INFO] [health_monitor] [등록][100015, 100003] : 자동 충전 해제 시작.
[2026-08-11 17:10:29.735212] [INFO] [task::fsm] idle
[2026-08-11 17:10:29.735218] [INFO] [course_manager] 코스 삭제
[2026-08-11 17:10:29.735220] [INFO] [path_server] 경로 삭제
[2026-08-11 17:10:29.775147] [INFO] [task::fsm] idle
[2026-08-11 17:10:29.775154] [INFO] [course_manager] 코스 삭제
[2026-08-11 17:10:29.775156] [INFO] [path_server] 경로 삭제
[2026-08-11 17:10:34.706497] [INFO] [health_monitor] [삭제][100015, 100004] : 자동 충전 해제 완료.
[2026-08-11 17:10:34.726501] [INFO] [health_monitor] [삭제][100015, 100003] : 자동 충전 해제 시작.
[2026-08-11 17:11:25.747047] [INFO] [task::fsm] idle
[2026-08-11 17:11:25.747054] [INFO] [course_manager] 코스 삭제
[2026-08-11 17:11:25.747056] [INFO] [path_server] 경로 삭제
[2026-08-11 17:11:25.806898] [INFO] [task::fsm] charging
[2026-08-11 17:11:25.806904] [INFO] [power_system] 충전 프로세스 시작
[2026-08-11 17:11:25.806915] [INFO] [health_monitor] [등록][100015, 100001] : 자동 충전 시작.
[2026-08-11 17:11:30.817704] [INFO] [health_monitor] [삭제][100015, 100001] : 자동 충전 시작.
[2026-08-11 17:11:39.660815] [INFO] [power_system] 충전 완료
[2026-08-11 17:11:39.660835] [INFO] [health_monitor] [등록][100015, 100003] : 자동 충전 해제 시작.
[2026-08-11 17:11:39.660832] [INFO] [health_monitor] [등록][100015, 100002] : 배터리 가득.
[2026-08-11 17:11:44.670512] [INFO] [health_monitor] [삭제][100015, 100002] : 배터리 가득.
[2026-08-11 17:11:44.670518] [INFO] [health_monitor] [삭제][100015, 100003] : 자동 충전 해제 시작.
[2026-08-11 17:11:44.690506] [INFO] [power_system] 충전 해제 완료
[2026-08-11 17:11:44.690519] [INFO] [health_monitor] [등록][100015, 100004] : 자동 충전 해제 완료.
[2026-08-11 17:11:44.710415] [INFO] [task::fsm] discharging
[2026-08-11 17:11:44.710422] [INFO] [power_system] 충전 해제 프로세스 시작
[2026-08-11 17:11:44.710434] [INFO] [health_monitor] [등록][100015, 100003] : 자동 충전 해제 시작.
[2026-08-11 17:11:44.730430] [INFO] [task::fsm] idle
[2026-08-11 17:11:44.730436] [INFO] [course_manager] 코스 삭제
[2026-08-11 17:11:44.730441] [INFO] [path_server] 경로 삭제
[2026-08-11 17:11:44.750415] [INFO] [task::fsm] idle
[2026-08-11 17:11:44.750421] [INFO] [course_manager] 코스 삭제
[2026-08-11 17:11:44.750423] [INFO] [path_server] 경로 삭제
[2026-08-11 17:11:49.700793] [INFO] [health_monitor] [삭제][100015, 100004] : 자동 충전 해제 완료.
[2026-08-11 17:11:49.720743] [INFO] [health_monitor] [삭제][100015, 100003] : 자동 충전 해제 시작.
[2026-08-11 17:12:00.839482] [INFO] [path_server] 새로운 경로 설정 : path[109 ➜ 202] time[0s] dist[24m] list[17] : 109-1170-1171-1172-1091-1092-1093-1094-1095-1074-1075-1076-1018-1158-1159-1160-202
[2026-08-11 17:12:00.839493] [INFO] [course_tracker] 방향 정렬 완료 
[2026-08-11 17:12:05.530167] [INFO] [path_server] 노드 업데이트 : [1170] ➜ [1171]
[2026-08-11 17:12:05.610100] [INFO] [path_server] 새로운 경로 설정 : path[1170 ➜ 202] time[0s] dist[22.5m] list[16] : 1170-1171-1172-1091-1092-1093-1094-1095-1074-1075-1076-1018-1158-1159-1160-202
[2026-08-11 17:12:09.223397] [INFO] [path_server] 노드 업데이트 : [1171] ➜ [1172]
[2026-08-11 17:12:09.283319] [INFO] [path_server] 새로운 경로 설정 : path[1171 ➜ 202] time[0s] dist[21m] list[15] : 1171-1172-1091-1092-1093-1094-1095-1074-1075-1076-1018-1158-1159-1160-202
[2026-08-11 17:12:10.341205] [INFO] [path_server] 노드 업데이트 : [1172] ➜ [1091]
[2026-08-11 17:12:10.421034] [INFO] [path_server] 새로운 경로 설정 : path[1172 ➜ 202] time[0s] dist[19.5m] list[14] : 1172-1091-1092-1093-1094-1095-1074-1075-1076-1018-1158-1159-1160-202
[2026-08-11 17:12:11.379185] [INFO] [path_server] 노드 업데이트 : [1091] ➜ [1092]
[2026-08-11 17:12:11.439057] [INFO] [path_server] 새로운 경로 설정 : path[1091 ➜ 202] time[0s] dist[18m] list[13] : 1091-1092-1093-1094-1095-1074-1075-1076-1018-1158-1159-1160-202
[2026-08-11 17:12:14.632867] [INFO] [path_server] 노드 업데이트 : [1092] ➜ [1093]
[2026-08-11 17:12:14.712755] [INFO] [path_server] 새로운 경로 설정 : path[1092 ➜ 202] time[0s] dist[16.5m] list[12] : 1092-1093-1094-1095-1074-1075-1076-1018-1158-1159-1160-202
[2026-08-11 17:12:15.890504] [INFO] [path_server] 노드 업데이트 : [1093] ➜ [1094]
[2026-08-11 17:12:15.970374] [INFO] [path_server] 새로운 경로 설정 : path[1093 ➜ 202] time[0s] dist[15m] list[11] : 1093-1094-1095-1074-1075-1076-1018-1158-1159-1160-202
[2026-08-11 17:12:16.748745] [INFO] [path_server] 노드 업데이트 : [1094] ➜ [1095]
[2026-08-11 17:12:16.808651] [INFO] [path_server] 새로운 경로 설정 : path[1094 ➜ 202] time[0s] dist[13.5m] list[10] : 1094-1095-1074-1075-1076-1018-1158-1159-1160-202
[2026-08-11 17:12:18.066236] [INFO] [path_server] 노드 업데이트 : [1095] ➜ [1074]
[2026-08-11 17:12:18.126139] [INFO] [path_server] 새로운 경로 설정 : path[1095 ➜ 202] time[0s] dist[12m] list[9] : 1095-1074-1075-1076-1018-1158-1159-1160-202
[2026-08-11 17:12:21.399440] [INFO] [path_server] 노드 업데이트 : [1074] ➜ [1075]
[2026-08-11 17:12:21.479295] [INFO] [path_server] 새로운 경로 설정 : path[1074 ➜ 202] time[0s] dist[10.5m] list[8] : 1074-1075-1076-1018-1158-1159-1160-202
[2026-08-11 17:12:22.537120] [INFO] [path_server] 노드 업데이트 : [1075] ➜ [1076]
[2026-08-11 17:12:22.616989] [INFO] [path_server] 새로운 경로 설정 : path[1075 ➜ 202] time[0s] dist[9m] list[7] : 1075-1076-1018-1158-1159-1160-202
[2026-08-11 17:12:23.355419] [INFO] [path_server] 노드 업데이트 : [1076] ➜ [1018]
[2026-08-11 17:12:23.435333] [INFO] [path_server] 새로운 경로 설정 : path[1076 ➜ 202] time[0s] dist[7.5m] list[6] : 1076-1018-1158-1159-1160-202
[2026-08-11 17:12:24.692863] [INFO] [path_server] 노드 업데이트 : [1018] ➜ [1158]
[2026-08-11 17:12:24.772711] [INFO] [path_server] 새로운 경로 설정 : path[1018 ➜ 202] time[0s] dist[6m] list[5] : 1018-1158-1159-1160-202
[2026-08-11 17:12:28.066157] [INFO] [path_server] 노드 업데이트 : [1158] ➜ [1159]
[2026-08-11 17:12:28.146075] [INFO] [path_server] 새로운 경로 설정 : path[1158 ➜ 202] time[0s] dist[4.5m] list[4] : 1158-1159-1160-202
[2026-08-11 17:12:29.204115] [INFO] [path_server] 노드 업데이트 : [1159] ➜ [1160]
[2026-08-11 17:12:29.284039] [INFO] [path_server] 새로운 경로 설정 : path[1159 ➜ 202] time[0s] dist[3m] list[3] : 1159-1160-202
[2026-08-11 17:12:30.541408] [INFO] [path_server] 노드 업데이트 : [1160] ➜ [202]
[2026-08-11 17:12:30.621269] [INFO] [path_server] 새로운 경로 설정 : path[1160 ➜ 202] time[0s] dist[1.5m] list[2] : 1160-202
[2026-08-11 17:12:35.790649] [INFO] [path_server] 노드 업데이트 : [202] ➜ [-1]
[2026-08-11 17:12:38.684614] [INFO] [course_tracker] 목적지에서 각도 정렬 : [13.000m 14.500m 0.000°]
[2026-08-11 17:12:38.724475] [INFO] [path_server] 노드 업데이트 : [202] ➜ [-1]
[2026-08-11 17:12:38.744479] [INFO] [task::fsm] push_done
[2026-08-11 17:12:38.804360] [INFO] [task::fsm] idle
[2026-08-11 17:12:38.804369] [INFO] [path_server] 경로 삭제
[2026-08-11 17:12:38.804367] [INFO] [course_manager] 코스 삭제
