[2026-08-11 16:38:01.997521] [INFO] [task::fsm] 생성
[2026-08-11 16:38:01.997523] [INFO] [task::fsm] idle
[2026-08-11 16:40:31.665087] [INFO] [task::fsm] 생성
[2026-08-11 16:40:31.665088] [INFO] [task::fsm] idle
[2026-08-11 16:42:03.856322] [INFO] [task::fsm] charging
[2026-08-11 16:42:38.916074] [INFO] [task::fsm] discharging
[2026-08-11 16:42:38.936035] [INFO] [task::fsm] idle
[2026-08-11 16:42:59.124393] [INFO] [task::fsm] idle
[2026-08-11 16:43:49.716466] [INFO] [task::fsm] push_done
[2026-08-11 16:43:49.776347] [INFO] [task::fsm] idle
[2026-08-11 16:44:37.750670] [INFO] [task::fsm] push_done
[2026-08-11 16:44:37.810518] [INFO] [task::fsm] charging
[2026-08-11 16:45:12.769604] [INFO] [task::fsm] discharging
[2026-08-11 16:45:12.789599] [INFO] [task::fsm] idle
[2026-08-11 16:45:12.809565] [INFO] [task::fsm] idle
[2026-08-11 16:45:50.022492] [INFO] [task::fsm] 생성
[2026-08-11 16:45:50.022493] [INFO] [task::fsm] idle
[2026-08-11 16:45:50.044608] [INFO] [task::fsm] idle
[2026-08-11 16:45:50.124456] [INFO] [task::fsm] charging
[2026-08-11 16:46:12.904197] [INFO] [task::fsm] discharging
[2026-08-11 16:46:12.924137] [INFO] [task::fsm] idle
[2026-08-11 16:46:12.964081] [INFO] [task::fsm] idle
[2026-08-11 16:47:07.961549] [INFO] [task::fsm] charging
[2026-08-11 16:47:26.724465] [INFO] [task::fsm] discharging
[2026-08-11 16:47:26.744480] [INFO] [task::fsm] idle
[2026-08-11 16:47:26.764427] [INFO] [task::fsm] idle
[2026-08-11 16:49:24.426512] [INFO] [task::fsm] 생성
[2026-08-11 16:49:24.426513] [INFO] [task::fsm] idle
[2026-08-11 16:49:24.527805] [INFO] [task::fsm] charging
[2026-08-11 16:49:58.433096] [INFO] [task::fsm] 생성
[2026-08-11 16:49:58.433097] [INFO] [task::fsm] idle
[2026-08-11 16:50:00.411081] [INFO] [task::fsm] charging
[2026-08-11 16:50:23.429387] [INFO] [task::fsm] discharging
[2026-08-11 16:50:23.449370] [INFO] [task::fsm] idle
[2026-08-11 16:50:23.489285] [INFO] [task::fsm] idle
[2026-08-11 16:51:05.430620] [INFO] [task::fsm] push_done
[2026-08-11 16:51:05.490522] [INFO] [task::fsm] idle
[2026-08-11 16:51:43.317165] [INFO] [task::fsm] push_done
[2026-08-11 16:51:43.377039] [INFO] [task::fsm] charging
[2026-08-11 16:52:17.168403] [INFO] [task::fsm] 생성
[2026-08-11 16:52:17.168404] [INFO] [task::fsm] idle
[2026-08-11 16:52:24.156514] [INFO] [task::fsm] charging
[2026-08-11 16:52:47.850611] [INFO] [task::fsm] discharging
[2026-08-11 16:52:47.870562] [INFO] [task::fsm] idle
[2026-08-11 16:52:47.910491] [INFO] [task::fsm] idle
[2026-08-11 16:53:42.904501] [INFO] [task::fsm] charging
[2026-08-11 16:54:13.606446] [INFO] [task::fsm] push_done
[2026-08-11 16:54:13.666340] [INFO] [task::fsm] idle
[2026-08-11 16:54:59.260355] [INFO] [task::fsm] push_done
[2026-08-11 16:54:59.320248] [INFO] [task::fsm] charging
[2026-08-11 16:55:32.216319] [INFO] [task::fsm] discharging
[2026-08-11 16:55:32.236292] [INFO] [task::fsm] idle
[2026-08-11 16:55:32.276199] [INFO] [task::fsm] idle
[2026-08-11 16:56:27.267933] [INFO] [task::fsm] charging
[2026-08-11 16:56:46.030868] [INFO] [task::fsm] discharging
[2026-08-11 16:56:46.050867] [INFO] [task::fsm] idle
[2026-08-11 16:56:46.070805] [INFO] [task::fsm] idle
[2026-08-11 16:57:41.104322] [INFO] [task::fsm] charging
[2026-08-11 16:57:59.886559] [INFO] [task::fsm] discharging
[2026-08-11 16:57:59.906516] [INFO] [task::fsm] idle
[2026-08-11 16:57:59.946432] [INFO] [task::fsm] idle
[2026-08-11 16:58:54.957463] [INFO] [task::fsm] charging
[2026-08-11 16:59:55.019860] [INFO] [task::fsm] push_done
[2026-08-11 16:59:55.079777] [INFO] [task::fsm] idle
[2026-08-11 17:01:06.957863] [INFO] [task::fsm] push_done
[2026-08-11 17:01:07.017704] [INFO] [task::fsm] charging
[2026-08-11 17:01:42.506602] [INFO] [task::fsm] discharging
[2026-08-11 17:01:42.526570] [INFO] [task::fsm] idle
[2026-08-11 17:01:42.566481] [INFO] [task::fsm] idle
[2026-08-11 17:02:37.575867] [INFO] [task::fsm] charging
[2026-08-11 17:02:56.358487] [INFO] [task::fsm] discharging
[2026-08-11 17:02:56.378399] [INFO] [task::fsm] idle
[2026-08-11 17:02:56.418360] [INFO] [task::fsm] idle
[2026-08-11 17:03:34.410487] [INFO] [task::fsm] 생성
[2026-08-11 17:03:34.410489] [INFO] [task::fsm] idle
[2026-08-11 17:03:35.670365] [INFO] [task::fsm] charging
[2026-08-11 17:03:58.604540] [INFO] [task::fsm] discharging
[2026-08-11 17:03:58.624467] [INFO] [task::fsm] idle
[2026-08-11 17:03:58.664461] [INFO] [task::fsm] idle
[2026-08-11 17:04:53.657273] [INFO] [task::fsm] charging
[2026-08-11 17:05:12.420181] [INFO] [task::fsm] discharging
[2026-08-11 17:05:12.440134] [INFO] [task::fsm] idle
[2026-08-11 17:05:12.480045] [INFO] [task::fsm] idle
[2026-08-11 17:06:07.490117] [INFO] [task::fsm] charging
[2026-08-11 17:06:26.272642] [INFO] [task::fsm] discharging
[2026-08-11 17:06:26.292550] [INFO] [task::fsm] idle
[2026-08-11 17:06:26.332530] [INFO] [task::fsm] idle
[2026-08-11 17:07:21.361667] [INFO] [task::fsm] charging
[2026-08-11 17:08:13.797012] [INFO] [task::fsm] push_done
[2026-08-11 17:08:13.856887] [INFO] [task::fsm] idle
[2026-08-11 17:09:23.899372] [INFO] [task::fsm] push_done
[2026-08-11 17:09:23.939345] [INFO] [task::fsm] charging
[2026-08-11 17:09:56.656773] [INFO] [task::fsm] discharging
[2026-08-11 17:09:56.676680] [INFO] [task::fsm] idle
[2026-08-11 17:09:56.716668] [INFO] [task::fsm] idle
[2026-08-11 17:10:51.708573] [INFO] [task::fsm] charging
[2026-08-11 17:11:10.471905] [INFO] [task::fsm] discharging
[2026-08-11 17:11:10.491858] [INFO] [task::fsm] idle
[2026-08-11 17:11:10.531778] [INFO] [task::fsm] idle
[2026-08-11 17:11:25.743260] [INFO] [task::fsm] idle
[2026-08-11 17:12:05.544234] [INFO] [task::fsm] charging
[2026-08-11 17:12:24.327958] [INFO] [task::fsm] discharging
[2026-08-11 17:12:24.347878] [INFO] [task::fsm] idle
[2026-08-11 17:12:24.387799] [INFO] [task::fsm] idle
