[2026-08-11 16:38:02.003646] [INFO] [load_handler] 생성
[2026-08-11 16:40:31.674317] [INFO] [load_handler] 생성
[2026-08-11 16:45:50.022781] [INFO] [load_handler] 생성
[2026-08-11 16:47:42.788785] [INFO] [load_handler] 생성
[2026-08-11 16:49:24.435552] [INFO] [load_handler] 생성
[2026-08-11 16:49:46.529516] [INFO] [load_handler] 생성
[2026-08-11 16:52:17.172150] [INFO] [load_handler] 생성
[2026-08-11 17:03:34.383001] [INFO] [load_handler] 생성
[2026-08-11 17:24:37.861748] [INFO] [load_handler] 생성
[2026-08-11 17:27:18.545129] [INFO] [load_handler] 생성
[2026-08-11 17:27:55.459121] [INFO] [load_handler] 생성
[2026-08-11 17:29:09.363156] [INFO] [load_handler] 상차 시작
[2026-08-11 17:29:11.379298] [INFO] [load_handler] 상차 완료
[2026-08-11 17:30:35.659501] [INFO] [load_handler] 하차 시작
[2026-08-11 17:30:37.675413] [INFO] [load_handler] 하차 완료
[2026-08-11 17:34:46.295968] [INFO] [load_handler] 생성
[2026-08-11 17:40:32.837232] [INFO] [load_handler] 생성
[2026-08-11 17:44:21.701789] [INFO] [load_handler] 생성
[2026-08-11 17:45:27.810864] [INFO] [load_handler] 생성
[2026-08-11 17:45:51.350261] [INFO] [load_handler] 생성
[2026-08-11 17:50:10.552856] [INFO] [load_handler] 생성
