[2026-08-11 16:38:01.959704] [INFO] [framework] 프로그램 시작
[2026-08-11 16:38:01.959710] [WARNING] [framework] 프로그램 시작
[2026-08-11 16:38:01.959711] [CRITICAL] [framework] 프로그램 시작
[2026-08-11 16:38:01.959711] [INFO] [framework] 설정 파일 위치 : ../configs/robot_1
[2026-08-11 16:38:01.959881] [INFO] [framework] ID[0, 1], 이름[김첫째], 제어주기[20ms], 버젼[], 장소[우리집], 환경모드[simulation]
[2026-08-11 16:38:02.003958] [INFO] [framework] after init 실행
[2026-08-11 16:38:02.004401] [INFO] [framework] 제어 쓰레드 시작
[2026-08-11 16:40:31.632071] [INFO] [framework] 프로그램 시작
[2026-08-11 16:40:31.632079] [CRITICAL] [framework] 프로그램 시작
[2026-08-11 16:40:31.632077] [WARNING] [framework] 프로그램 시작
[2026-08-11 16:40:31.632079] [INFO] [framework] 설정 파일 위치 : ../configs/robot_1
[2026-08-11 16:40:31.632247] [INFO] [framework] ID[0, 1], 이름[김첫째], 제어주기[20ms], 버젼[], 장소[우리집], 환경모드[simulation]
[2026-08-11 16:40:31.675177] [INFO] [framework] after init 실행
[2026-08-11 16:40:31.675602] [INFO] [framework] 제어 쓰레드 시작
[2026-08-11 16:45:49.978929] [INFO] [framework] 프로그램 시작
[2026-08-11 16:45:49.978937] [CRITICAL] [framework] 프로그램 시작
[2026-08-11 16:45:49.978935] [WARNING] [framework] 프로그램 시작
[2026-08-11 16:45:49.978938] [INFO] [framework] 설정 파일 위치 : ../configs/robot_1
[2026-08-11 16:45:49.979119] [INFO] [framework] ID[0, 1], 이름[김첫째], 제어주기[20ms], 버젼[], 장소[우리집], 환경모드[simulation]
[2026-08-11 16:45:50.023608] [INFO] [framework] after init 실행
[2026-08-11 16:45:50.024002] [INFO] [framework] 제어 쓰레드 시작
[2026-08-11 16:47:42.759995] [INFO] [framework] 프로그램 시작
[2026-08-11 16:47:42.759999] [WARNING] [framework] 프로그램 시작
[2026-08-11 16:47:42.760002] [INFO] [framework] 설정 파일 위치 : ../configs/robot_1
[2026-08-11 16:47:42.760001] [CRITICAL] [framework] 프로그램 시작
[2026-08-11 16:47:42.760142] [INFO] [framework] ID[0, 1], 이름[김첫째], 제어주기[20ms], 버젼[], 장소[우리집], 환경모드[simulation]
[2026-08-11 16:47:42.787518] [INFO] [framework] after init 실행
[2026-08-11 16:47:42.787806] [INFO] [framework] 제어 쓰레드 시작
[2026-08-11 16:49:24.392715] [INFO] [framework] 프로그램 시작
[2026-08-11 16:49:24.392729] [CRITICAL] [framework] 프로그램 시작
[2026-08-11 16:49:24.392721] [WARNING] [framework] 프로그램 시작
[2026-08-11 16:49:24.392730] [INFO] [framework] 설정 파일 위치 : ../configs/robot_1
[2026-08-11 16:49:24.392905] [INFO] [framework] ID[0, 1], 이름[김첫째], 제어주기[20ms], 버젼[], 장소[우리집], 환경모드[simulation]
[2026-08-11 16:49:24.437664] [INFO] [framework] after init 실행
[2026-08-11 16:49:24.438056] [INFO] [framework] 제어 쓰레드 시작
[2026-08-11 16:49:46.485253] [INFO] [framework] 프로그램 시작
[2026-08-11 16:49:46.485258] [WARNING] [framework] 프로그램 시작
[2026-08-11 16:49:46.485262] [INFO] [framework] 설정 파일 위치 : ../configs/robot_1
[2026-08-11 16:49:46.485262] [CRITICAL] [framework] 프로그램 시작
[2026-08-11 16:49:46.485428] [INFO] [framework] ID[0, 1], 이름[김첫째], 제어주기[20ms], 버젼[], 장소[우리집], 환경모드[simulation]
[2026-08-11 16:49:46.530842] [INFO] [framework] after init 실행
[2026-08-11 16:49:46.531102] [INFO] [framework] 제어 쓰레드 시작
[2026-08-11 16:49:58.385865] [INFO] [framework] 프로그램 시작
[2026-08-11 16:49:58.385874] [CRITICAL] [framework] 프로그램 시작
[2026-08-11 16:49:58.385871] [WARNING] [framework] 프로그램 시작
[2026-08-11 16:52:17.126411] [INFO] [framework] 프로그램 시작
[2026-08-11 16:52:17.126416] [CRITICAL] [framework] 프로그램 시작
[2026-08-11 16:52:17.126415] [WARNING] [framework] 프로그램 시작
[2026-08-11 16:52:17.126530] [INFO] [framework] ID[0, 1], 이름[김첫째], 제어주기[20ms], 버젼[], 장소[우리집], 환경모드[simulation]
[2026-08-11 16:52:17.126416] [INFO] [framework] 설정 파일 위치 : ../configs/robot_1
[2026-08-11 16:52:17.152768] [INFO] [framework] after init 실행
[2026-08-11 16:52:17.153038] [INFO] [framework] 제어 쓰레드 시작
[2026-08-11 17:03:34.355552] [INFO] [framework] 프로그램 시작
[2026-08-11 17:03:34.355561] [CRITICAL] [framework] 프로그램 시작
[2026-08-11 17:03:34.355559] [WARNING] [framework] 프로그램 시작
[2026-08-11 17:03:34.355748] [INFO] [framework] ID[0, 1], 이름[김첫째], 제어주기[20ms], 버젼[], 장소[우리집], 환경모드[simulation]
[2026-08-11 17:03:34.355562] [INFO] [framework] 설정 파일 위치 : ../configs/robot_1
[2026-08-11 17:03:34.396911] [INFO] [framework] after init 실행
[2026-08-11 17:03:34.397186] [INFO] [framework] 제어 쓰레드 시작
[2026-08-11 17:24:37.810910] [INFO] [framework] 프로그램 시작
[2026-08-11 17:24:37.810916] [WARNING] [framework] 프로그램 시작
[2026-08-11 17:24:37.810919] [CRITICAL] [framework] 프로그램 시작
[2026-08-11 17:24:37.810919] [INFO] [framework] 설정 파일 위치 : ../configs/robot_1
[2026-08-11 17:24:37.811104] [INFO] [framework] ID[0, 1], 이름[김첫째], 제어주기[20ms], 버젼[], 장소[우리집], 환경모드[simulation]
[2026-08-11 17:24:37.864405] [INFO] [framework] after init 실행
[2026-08-11 17:24:37.864929] [INFO] [framework] 제어 쓰레드 시작
[2026-08-11 17:26:43.229013] [INFO] [framework] 프로그램 시작
[2026-08-11 17:26:43.229017] [WARNING] [framework] 프로그램 시작
[2026-08-11 17:26:43.229019] [INFO] [framework] 설정 파일 위치 : ../configs/robot_1
[2026-08-11 17:26:43.229018] [CRITICAL] [framework] 프로그램 시작
[2026-08-11 17:27:18.492250] [INFO] [framework] 프로그램 시작
[2026-08-11 17:27:18.492255] [WARNING] [framework] 프로그램 시작
[2026-08-11 17:27:18.492255] [CRITICAL] [framework] 프로그램 시작
[2026-08-11 17:27:18.492444] [INFO] [framework] ID[0, 1], 이름[김첫째], 제어주기[20ms], 버젼[], 장소[우리집], 환경모드[simulation]
[2026-08-11 17:27:18.492256] [INFO] [framework] 설정 파일 위치 : ../configs/robot_1
[2026-08-11 17:27:18.544294] [INFO] [framework] after init 실행
[2026-08-11 17:27:18.544680] [INFO] [framework] 제어 쓰레드 시작
[2026-08-11 17:27:37.745858] [INFO] [framework] 프로그램 시작
[2026-08-11 17:27:37.745873] [WARNING] [framework] 프로그램 시작
[2026-08-11 17:27:37.745876] [CRITICAL] [framework] 프로그램 시작
[2026-08-11 17:27:37.745877] [INFO] [framework] 설정 파일 위치 : ../configs/robot_1
[2026-08-11 17:27:55.411589] [INFO] [framework] 프로그램 시작
[2026-08-11 17:27:55.411597] [WARNING] [framework] 프로그램 시작
[2026-08-11 17:27:55.411598] [CRITICAL] [framework] 프로그램 시작
[2026-08-11 17:27:55.411599] [INFO] [framework] 설정 파일 위치 : ../configs/robot_1
[2026-08-11 17:27:55.411775] [INFO] [framework] ID[0, 1], 이름[김첫째], 제어주기[20ms], 버젼[], 장소[우리집], 환경모드[simulation]
[2026-08-11 17:27:55.464518] [INFO] [framework] after init 실행
[2026-08-11 17:27:55.464956] [INFO] [framework] 제어 쓰레드 시작
[2026-08-11 17:34:34.359071] [INFO] [framework] 프로그램 시작
[2026-08-11 17:34:34.359077] [WARNING] [framework] 프로그램 시작
[2026-08-11 17:34:34.359079] [INFO] [framework] 설정 파일 위치 : ../configs/robot_1
[2026-08-11 17:34:34.359078] [CRITICAL] [framework] 프로그램 시작
[2026-08-11 17:34:46.262487] [INFO] [framework] 프로그램 시작
[2026-08-11 17:34:46.262492] [WARNING] [framework] 프로그램 시작
[2026-08-11 17:34:46.262507] [INFO] [framework] 설정 파일 위치 : ../configs/robot_1
[2026-08-11 17:34:46.262495] [CRITICAL] [framework] 프로그램 시작
[2026-08-11 17:34:46.262657] [INFO] [framework] ID[0, 1], 이름[김첫째], 제어주기[20ms], 버젼[], 장소[우리집], 환경모드[simulation]
[2026-08-11 17:34:46.294950] [INFO] [framework] after init 실행
[2026-08-11 17:34:46.295239] [INFO] [framework] 제어 쓰레드 시작
[2026-08-11 17:40:32.783510] [INFO] [framework] 프로그램 시작
[2026-08-11 17:40:32.783516] [CRITICAL] [framework] 프로그램 시작
[2026-08-11 17:40:32.783515] [WARNING] [framework] 프로그램 시작
[2026-08-11 17:40:32.783517] [INFO] [framework] 설정 파일 위치 : ../configs/robot_1
[2026-08-11 17:40:32.783693] [INFO] [framework] ID[0, 1], 이름[김첫째], 제어주기[20ms], 버젼[], 장소[우리집], 환경모드[simulation]
[2026-08-11 17:40:32.829495] [INFO] [framework] after init 실행
[2026-08-11 17:40:32.829941] [INFO] [framework] 제어 쓰레드 시작
[2026-08-11 17:43:43.833014] [INFO] [framework] 프로그램 시작
[2026-08-11 17:43:43.833020] [WARNING] [framework] 프로그램 시작
[2026-08-11 17:43:43.833021] [CRITICAL] [framework] 프로그램 시작
[2026-08-11 17:43:43.833022] [INFO] [framework] 설정 파일 위치 : ../configs/robot_1
[2026-08-11 17:43:43.833210] [INFO] [framework] ID[0, 1], 이름[김첫째], 제어주기[20ms], 버젼[], 장소[우리집], 환경모드[simulation]
[2026-08-11 17:43:43.885881] [INFO] [framework] after init 실행
[2026-08-11 17:43:43.886281] [INFO] [framework] 제어 쓰레드 시작
[2026-08-11 17:44:21.650317] [INFO] [framework] 프로그램 시작
[2026-08-11 17:44:21.650324] [CRITICAL] [framework] 프로그램 시작
[2026-08-11 17:44:21.650323] [WARNING] [framework] 프로그램 시작
[2026-08-11 17:44:21.650325] [INFO] [framework] 설정 파일 위치 : ../configs/robot_1
[2026-08-11 17:44:21.650503] [INFO] [framework] ID[0, 1], 이름[김첫째], 제어주기[20ms], 버젼[], 장소[우리집], 환경모드[simulation]
[2026-08-11 17:44:21.703052] [INFO] [framework] after init 실행
[2026-08-11 17:44:21.703280] [INFO] [framework] 제어 쓰레드 시작
[2026-08-11 17:45:27.758684] [INFO] [framework] 프로그램 시작
[2026-08-11 17:45:27.758694] [CRITICAL] [framework] 프로그램 시작
[2026-08-11 17:45:27.758691] [WARNING] [framework] 프로그램 시작
[2026-08-11 17:45:51.297464] [INFO] [framework] 프로그램 시작
[2026-08-11 17:45:51.297474] [CRITICAL] [framework] 프로그램 시작
[2026-08-11 17:45:51.297472] [WARNING] [framework] 프로그램 시작
[2026-08-11 17:45:51.297475] [INFO] [framework] 설정 파일 위치 : ../configs/robot_1
[2026-08-11 17:45:51.297650] [INFO] [framework] ID[0, 1], 이름[김첫째], 제어주기[20ms], 버젼[], 장소[우리집], 환경모드[simulation]
[2026-08-11 17:45:51.349293] [INFO] [framework] after init 실행
[2026-08-11 17:45:51.349711] [INFO] [framework] 제어 쓰레드 시작
[2026-08-11 17:50:10.509023] [INFO] [framework] 프로그램 시작
[2026-08-11 17:50:10.509030] [WARNING] [framework] 프로그램 시작
[2026-08-11 17:50:10.509032] [INFO] [framework] 설정 파일 위치 : ../configs/robot_1
[2026-08-11 17:50:10.509031] [CRITICAL] [framework] 프로그램 시작
[2026-08-11 17:50:10.509222] [INFO] [framework] ID[0, 1], 이름[김첫째], 제어주기[20ms], 버젼[], 장소[우리집], 환경모드[simulation]
[2026-08-11 17:50:10.557302] [INFO] [framework] after init 실행
[2026-08-11 17:50:10.557850] [INFO] [framework] 제어 쓰레드 시작
