[2026-08-11 16:38:01.990091] [INFO] [power_system] 생성
[2026-08-11 16:38:01.990198] [INFO] [power_system] 설정 정보 : remaining[40%, 10%, 5%]
[2026-08-11 16:38:01.990570] [INFO] [power_system] 알람 목록 : 
 • [100015, 100001] [INFO] 자동 충전 시작.
 • [100015, 100002] [INFO] 배터리 가득.
 • [100015, 400001] [CRIT] 배터리 남은 양 - 위험
 • [100015, 300001] [ERROR] 배터리 남은 양 - 에러
 • [100015, 200001] [WARN] 배터리 남은 양 - 주의
 • [100015, 100004] [INFO] 자동 충전 해제 완료.
 • [100015, 100003] [INFO] 자동 충전 해제 시작.
[2026-08-11 16:45:50.009791] [INFO] [power_system] 생성
[2026-08-11 16:45:50.009891] [INFO] [power_system] 설정 정보 : remaining[40%, 10%, 5%]
[2026-08-11 16:45:50.010293] [INFO] [power_system] 알람 목록 : 
 • [100015, 100001] [INFO] 자동 충전 시작.
 • [100015, 100002] [INFO] 배터리 가득.
 • [100015, 400001] [CRIT] 배터리 남은 양 - 위험
 • [100015, 300001] [ERROR] 배터리 남은 양 - 에러
 • [100015, 200001] [WARN] 배터리 남은 양 - 주의
 • [100015, 100004] [INFO] 자동 충전 해제 완료.
 • [100015, 100003] [INFO] 자동 충전 해제 시작.
[2026-08-11 16:45:50.130521] [INFO] [power_system] 충전 프로세스 시작
[2026-08-11 16:46:17.857648] [INFO] [power_system] 충전 완료
[2026-08-11 16:46:22.888188] [INFO] [power_system] 충전 해제 완료
[2026-08-11 16:46:22.908154] [INFO] [power_system] 충전 해제 프로세스 시작
[2026-08-11 16:47:17.961830] [INFO] [power_system] 충전 프로세스 시작
[2026-08-11 16:47:31.674604] [INFO] [power_system] 충전 완료
[2026-08-11 16:47:36.704611] [INFO] [power_system] 충전 해제 완료
[2026-08-11 16:47:36.724622] [INFO] [power_system] 충전 해제 프로세스 시작
[2026-08-11 16:49:24.444070] [INFO] [power_system] 생성
[2026-08-11 16:49:24.444208] [INFO] [power_system] 설정 정보 : remaining[40%, 10%, 5%]
[2026-08-11 16:49:24.444812] [INFO] [power_system] 알람 목록 : 
 • [100015, 100001] [INFO] 자동 충전 시작.
 • [100015, 100002] [INFO] 배터리 가득.
 • [100015, 400001] [CRIT] 배터리 남은 양 - 위험
 • [100015, 300001] [ERROR] 배터리 남은 양 - 에러
 • [100015, 200001] [WARN] 배터리 남은 양 - 주의
 • [100015, 100004] [INFO] 자동 충전 해제 완료.
 • [100015, 100003] [INFO] 자동 충전 해제 시작.
[2026-08-11 16:49:24.565168] [INFO] [power_system] 충전 프로세스 시작
[2026-08-11 16:49:58.419306] [INFO] [power_system] 생성
[2026-08-11 16:49:58.419417] [INFO] [power_system] 설정 정보 : remaining[40%, 10%, 5%]
[2026-08-11 16:49:58.419854] [INFO] [power_system] 알람 목록 : 
 • [100015, 100001] [INFO] 자동 충전 시작.
 • [100015, 100002] [INFO] 배터리 가득.
 • [100015, 400001] [CRIT] 배터리 남은 양 - 위험
 • [100015, 300001] [ERROR] 배터리 남은 양 - 에러
 • [100015, 200001] [WARN] 배터리 남은 양 - 주의
 • [100015, 100004] [INFO] 자동 충전 해제 완료.
 • [100015, 100003] [INFO] 자동 충전 해제 시작.
[2026-08-11 16:50:00.416999] [INFO] [power_system] 충전 프로세스 시작
[2026-08-11 16:50:28.384368] [INFO] [power_system] 충전 완료
[2026-08-11 16:51:42.289141] [INFO] [power_system] 충전 프로세스 시작
[2026-08-11 16:52:17.176507] [INFO] [power_system] 생성
[2026-08-11 16:52:17.176596] [INFO] [power_system] 설정 정보 : remaining[40%, 10%, 5%]
[2026-08-11 16:52:17.176978] [INFO] [power_system] 알람 목록 : 
 • [100015, 100001] [INFO] 자동 충전 시작.
 • [100015, 100002] [INFO] 배터리 가득.
 • [100015, 400001] [CRIT] 배터리 남은 양 - 위험
 • [100015, 300001] [ERROR] 배터리 남은 양 - 에러
 • [100015, 200001] [WARN] 배터리 남은 양 - 주의
 • [100015, 100004] [INFO] 자동 충전 해제 완료.
 • [100015, 100003] [INFO] 자동 충전 해제 시작.
[2026-08-11 16:52:24.145025] [INFO] [power_system] 충전 프로세스 시작
[2026-08-11 16:52:52.791781] [INFO] [power_system] 충전 완료
[2026-08-11 16:54:46.035528] [INFO] [power_system] 충전 프로세스 시작
[2026-08-11 16:55:14.798451] [INFO] [power_system] 충전 완료
[2026-08-11 16:55:19.828825] [INFO] [power_system] 충전 해제 완료
[2026-08-11 16:55:19.848792] [INFO] [power_system] 충전 해제 프로세스 시작
[2026-08-11 16:56:14.921493] [INFO] [power_system] 충전 프로세스 시작
[2026-08-11 16:56:28.654595] [INFO] [power_system] 충전 완료
[2026-08-11 16:56:33.684520] [INFO] [power_system] 충전 해제 완료
[2026-08-11 16:56:33.704582] [INFO] [power_system] 충전 해제 프로세스 시작
[2026-08-11 16:57:28.773467] [INFO] [power_system] 충전 프로세스 시작
[2026-08-11 16:57:42.506611] [INFO] [power_system] 충전 완료
[2026-08-11 16:57:47.536652] [INFO] [power_system] 충전 해제 완료
[2026-08-11 16:57:47.556566] [INFO] [power_system] 충전 해제 프로세스 시작
[2026-08-11 16:58:42.645650] [INFO] [power_system] 충전 프로세스 시작
[2026-08-11 16:58:56.378910] [INFO] [power_system] 충전 완료
[2026-08-11 16:59:01.411169] [INFO] [power_system] 충전 해제 완료
[2026-08-11 16:59:01.431143] [INFO] [power_system] 충전 해제 프로세스 시작
[2026-08-11 16:59:56.482749] [INFO] [power_system] 충전 프로세스 시작
[2026-08-11 17:00:10.195050] [INFO] [power_system] 충전 완료
[2026-08-11 17:01:55.467756] [INFO] [power_system] 충전 프로세스 시작
[2026-08-11 17:02:22.812514] [INFO] [power_system] 충전 완료
[2026-08-11 17:02:27.843218] [INFO] [power_system] 충전 해제 완료
[2026-08-11 17:02:27.863183] [INFO] [power_system] 충전 해제 프로세스 시작
[2026-08-11 17:03:34.389521] [INFO] [power_system] 생성
[2026-08-11 17:03:34.389644] [INFO] [power_system] 설정 정보 : remaining[40%, 10%, 5%]
[2026-08-11 17:03:34.390115] [INFO] [power_system] 알람 목록 : 
 • [100015, 100001] [INFO] 자동 충전 시작.
 • [100015, 100002] [INFO] 배터리 가득.
 • [100015, 400001] [CRIT] 배터리 남은 양 - 위험
 • [100015, 300001] [ERROR] 배터리 남은 양 - 에러
 • [100015, 200001] [WARN] 배터리 남은 양 - 주의
 • [100015, 100004] [INFO] 자동 충전 해제 완료.
 • [100015, 100003] [INFO] 자동 충전 해제 시작.
[2026-08-11 17:03:35.668325] [INFO] [power_system] 충전 프로세스 시작
[2026-08-11 17:04:03.554520] [INFO] [power_system] 충전 완료
[2026-08-11 17:04:08.584843] [INFO] [power_system] 충전 해제 완료
[2026-08-11 17:04:08.604831] [INFO] [power_system] 충전 해제 프로세스 시작
[2026-08-11 17:09:17.354909] [INFO] [power_system] 충전 프로세스 시작
[2026-08-11 17:09:57.995999] [INFO] [power_system] 충전 완료
[2026-08-11 17:10:03.025820] [INFO] [power_system] 충전 해제 완료
[2026-08-11 17:10:03.045802] [INFO] [power_system] 충전 해제 프로세스 시작
[2026-08-11 17:10:58.116563] [INFO] [power_system] 충전 프로세스 시작
[2026-08-11 17:11:11.849310] [INFO] [power_system] 충전 완료
[2026-08-11 17:11:16.879654] [INFO] [power_system] 충전 해제 완료
[2026-08-11 17:11:16.899620] [INFO] [power_system] 충전 해제 프로세스 시작
