[2026-08-11 16:38:02.003994] [INFO] [power_system] 생성
[2026-08-11 16:38:02.004094] [INFO] [power_system] 설정 정보 : remaining[40%, 10%, 5%]
[2026-08-11 16:38:02.004455] [INFO] [power_system] 알람 목록 : 
 • [100015, 100001] [INFO] 자동 충전 시작.
 • [100015, 100002] [INFO] 배터리 가득.
 • [100015, 400001] [CRIT] 배터리 남은 양 - 위험
 • [100015, 300001] [ERROR] 배터리 남은 양 - 에러
 • [100015, 200001] [WARN] 배터리 남은 양 - 주의
 • [100015, 100004] [INFO] 자동 충전 해제 완료.
 • [100015, 100003] [INFO] 자동 충전 해제 시작.
[2026-08-11 16:45:50.013764] [INFO] [power_system] 생성
[2026-08-11 16:45:50.013868] [INFO] [power_system] 설정 정보 : remaining[40%, 10%, 5%]
[2026-08-11 16:45:50.014278] [INFO] [power_system] 알람 목록 : 
 • [100015, 100001] [INFO] 자동 충전 시작.
 • [100015, 100002] [INFO] 배터리 가득.
 • [100015, 400001] [CRIT] 배터리 남은 양 - 위험
 • [100015, 300001] [ERROR] 배터리 남은 양 - 에러
 • [100015, 200001] [WARN] 배터리 남은 양 - 주의
 • [100015, 100004] [INFO] 자동 충전 해제 완료.
 • [100015, 100003] [INFO] 자동 충전 해제 시작.
[2026-08-11 16:46:38.884525] [INFO] [power_system] 충전 프로세스 시작
[2026-08-11 16:46:58.089894] [INFO] [power_system] 충전 완료
[2026-08-11 16:47:03.120632] [INFO] [power_system] 충전 해제 완료
[2026-08-11 16:47:03.140549] [INFO] [power_system] 충전 해제 프로세스 시작
[2026-08-11 16:49:24.444298] [INFO] [power_system] 생성
[2026-08-11 16:49:24.444385] [INFO] [power_system] 설정 정보 : remaining[40%, 10%, 5%]
[2026-08-11 16:49:24.444755] [INFO] [power_system] 알람 목록 : 
 • [100015, 100001] [INFO] 자동 충전 시작.
 • [100015, 100002] [INFO] 배터리 가득.
 • [100015, 400001] [CRIT] 배터리 남은 양 - 위험
 • [100015, 300001] [ERROR] 배터리 남은 양 - 에러
 • [100015, 200001] [WARN] 배터리 남은 양 - 주의
 • [100015, 100004] [INFO] 자동 충전 해제 완료.
 • [100015, 100003] [INFO] 자동 충전 해제 시작.
[2026-08-11 16:49:24.565119] [INFO] [power_system] 충전 프로세스 시작
[2026-08-11 16:49:46.520059] [INFO] [power_system] 생성
[2026-08-11 16:49:46.520199] [INFO] [power_system] 설정 정보 : remaining[40%, 10%, 5%]
[2026-08-11 16:49:46.520679] [INFO] [power_system] 알람 목록 : 
 • [100015, 100001] [INFO] 자동 충전 시작.
 • [100015, 100002] [INFO] 배터리 가득.
 • [100015, 400001] [CRIT] 배터리 남은 양 - 위험
 • [100015, 300001] [ERROR] 배터리 남은 양 - 에러
 • [100015, 200001] [WARN] 배터리 남은 양 - 주의
 • [100015, 100004] [INFO] 자동 충전 해제 완료.
 • [100015, 100003] [INFO] 자동 충전 해제 시작.
[2026-08-11 16:49:46.640920] [INFO] [power_system] 충전 프로세스 시작
[2026-08-11 16:49:58.420866] [INFO] [power_system] 생성
[2026-08-11 16:49:58.420967] [INFO] [power_system] 설정 정보 : remaining[40%, 10%, 5%]
[2026-08-11 16:49:58.421367] [INFO] [power_system] 알람 목록 : 
 • [100015, 100001] [INFO] 자동 충전 시작.
 • [100015, 100002] [INFO] 배터리 가득.
 • [100015, 400001] [CRIT] 배터리 남은 양 - 위험
 • [100015, 300001] [ERROR] 배터리 남은 양 - 에러
 • [100015, 200001] [WARN] 배터리 남은 양 - 주의
 • [100015, 100004] [INFO] 자동 충전 해제 완료.
 • [100015, 100003] [INFO] 자동 충전 해제 시작.
[2026-08-11 16:50:00.398282] [INFO] [power_system] 충전 프로세스 시작
[2026-08-11 16:50:17.585905] [INFO] [power_system] 충전 완료
[2026-08-11 16:50:22.616173] [INFO] [power_system] 충전 해제 완료
[2026-08-11 16:50:22.636135] [INFO] [power_system] 충전 해제 프로세스 시작
[2026-08-11 16:50:54.436794] [INFO] [power_system] 충전 프로세스 시작
[2026-08-11 16:51:00.885082] [INFO] [power_system] 충전 완료
[2026-08-11 16:51:05.916400] [INFO] [power_system] 충전 해제 완료
[2026-08-11 16:51:05.936343] [INFO] [power_system] 충전 해제 프로세스 시작
[2026-08-11 16:52:17.165581] [INFO] [power_system] 생성
[2026-08-11 16:52:17.165685] [INFO] [power_system] 설정 정보 : remaining[40%, 10%, 5%]
[2026-08-11 16:52:17.166077] [INFO] [power_system] 알람 목록 : 
 • [100015, 100001] [INFO] 자동 충전 시작.
 • [100015, 100002] [INFO] 배터리 가득.
 • [100015, 400001] [CRIT] 배터리 남은 양 - 위험
 • [100015, 300001] [ERROR] 배터리 남은 양 - 에러
 • [100015, 200001] [WARN] 배터리 남은 양 - 주의
 • [100015, 100004] [INFO] 자동 충전 해제 완료.
 • [100015, 100003] [INFO] 자동 충전 해제 시작.
[2026-08-11 16:52:24.153280] [INFO] [power_system] 충전 프로세스 시작
[2026-08-11 16:52:41.459836] [INFO] [power_system] 충전 완료
[2026-08-11 16:52:46.489941] [INFO] [power_system] 충전 해제 완료
[2026-08-11 16:52:46.509949] [INFO] [power_system] 충전 해제 프로세스 시작
[2026-08-11 16:59:45.999961] [INFO] [power_system] 충전 프로세스 시작
[2026-08-11 17:00:02.009343] [INFO] [power_system] 충전 완료
[2026-08-11 17:00:07.039365] [INFO] [power_system] 충전 해제 완료
[2026-08-11 17:00:07.059368] [INFO] [power_system] 충전 해제 프로세스 시작
[2026-08-11 17:03:34.390052] [INFO] [power_system] 생성
[2026-08-11 17:03:34.390155] [INFO] [power_system] 설정 정보 : remaining[40%, 10%, 5%]
[2026-08-11 17:03:34.390560] [INFO] [power_system] 알람 목록 : 
 • [100015, 100001] [INFO] 자동 충전 시작.
 • [100015, 100002] [INFO] 배터리 가득.
 • [100015, 400001] [CRIT] 배터리 남은 양 - 위험
 • [100015, 300001] [ERROR] 배터리 남은 양 - 에러
 • [100015, 200001] [WARN] 배터리 남은 양 - 주의
 • [100015, 100004] [INFO] 자동 충전 해제 완료.
 • [100015, 100003] [INFO] 자동 충전 해제 시작.
[2026-08-11 17:09:07.437721] [INFO] [power_system] 충전 프로세스 시작
[2026-08-11 17:09:32.711776] [INFO] [power_system] 충전 완료
[2026-08-11 17:09:37.741676] [INFO] [power_system] 충전 해제 완료
[2026-08-11 17:09:37.761692] [INFO] [power_system] 충전 해제 프로세스 시작
