[2026-08-11 16:38:02.003030] [INFO] [load_handler] 생성
[2026-08-11 16:40:31.674283] [INFO] [load_handler] 생성
[2026-08-11 16:45:50.023117] [INFO] [load_handler] 생성
[2026-08-11 16:47:42.786830] [INFO] [load_handler] 생성
[2026-08-11 16:49:24.436768] [INFO] [load_handler] 생성
[2026-08-11 16:49:46.529908] [INFO] [load_handler] 생성
[2026-08-11 16:52:17.151998] [INFO] [load_handler] 생성
[2026-08-11 17:03:34.396339] [INFO] [load_handler] 생성
[2026-08-11 17:24:37.862560] [INFO] [load_handler] 생성
[2026-08-11 17:27:18.543379] [INFO] [load_handler] 생성
[2026-08-11 17:27:55.463323] [INFO] [load_handler] 생성
[2026-08-11 17:29:03.756918] [INFO] [load_handler] 상차 시작
[2026-08-11 17:29:05.773130] [INFO] [load_handler] 상차 완료
[2026-08-11 17:30:28.202319] [INFO] [load_handler] 하차 시작
[2026-08-11 17:30:30.218480] [INFO] [load_handler] 하차 완료
[2026-08-11 17:34:46.294285] [INFO] [load_handler] 생성
[2026-08-11 17:40:32.828869] [INFO] [load_handler] 생성
[2026-08-11 17:43:43.884901] [INFO] [load_handler] 생성
[2026-08-11 17:44:21.702132] [INFO] [load_handler] 생성
[2026-08-11 17:45:51.348366] [INFO] [load_handler] 생성
[2026-08-11 17:50:10.556033] [INFO] [load_handler] 생성
