[2026-08-11 16:38:01.989307] [INFO] [task::fsm] 생성
[2026-08-11 16:38:01.989308] [INFO] [task::fsm] idle
[2026-08-11 16:45:50.009222] [INFO] [task::fsm] 생성
[2026-08-11 16:45:50.009223] [INFO] [task::fsm] idle
[2026-08-11 16:45:50.130513] [INFO] [task::fsm] charging
[2026-08-11 16:46:22.908145] [INFO] [task::fsm] discharging
[2026-08-11 16:46:22.928066] [INFO] [task::fsm] idle
[2026-08-11 16:46:22.968039] [INFO] [task::fsm] idle
[2026-08-11 16:47:17.961822] [INFO] [task::fsm] charging
[2026-08-11 16:47:36.724613] [INFO] [task::fsm] discharging
[2026-08-11 16:47:36.744574] [INFO] [task::fsm] idle
[2026-08-11 16:47:36.784517] [INFO] [task::fsm] idle
[2026-08-11 16:49:24.443267] [INFO] [task::fsm] 생성
[2026-08-11 16:49:24.443268] [INFO] [task::fsm] idle
[2026-08-11 16:49:24.565160] [INFO] [task::fsm] charging
[2026-08-11 16:49:58.418688] [INFO] [task::fsm] 생성
[2026-08-11 16:49:58.418689] [INFO] [task::fsm] idle
[2026-08-11 16:50:00.416992] [INFO] [task::fsm] charging
[2026-08-11 16:50:52.300884] [INFO] [task::fsm] push_done
[2026-08-11 16:50:52.340808] [INFO] [task::fsm] idle
[2026-08-11 16:51:42.229201] [INFO] [task::fsm] push_done
[2026-08-11 16:51:42.289133] [INFO] [task::fsm] charging
[2026-08-11 16:52:17.175956] [INFO] [task::fsm] 생성
[2026-08-11 16:52:17.175957] [INFO] [task::fsm] idle
[2026-08-11 16:52:24.145016] [INFO] [task::fsm] charging
[2026-08-11 16:53:32.035632] [INFO] [task::fsm] push_done
[2026-08-11 16:53:32.075599] [INFO] [task::fsm] idle
[2026-08-11 16:54:45.995537] [INFO] [task::fsm] push_done
[2026-08-11 16:54:46.035519] [INFO] [task::fsm] charging
[2026-08-11 16:55:19.848783] [INFO] [task::fsm] discharging
[2026-08-11 16:55:19.868827] [INFO] [task::fsm] idle
[2026-08-11 16:55:19.888750] [INFO] [task::fsm] idle
[2026-08-11 16:56:14.921482] [INFO] [task::fsm] charging
[2026-08-11 16:56:33.704567] [INFO] [task::fsm] discharging
[2026-08-11 16:56:33.724553] [INFO] [task::fsm] idle
[2026-08-11 16:56:33.764507] [INFO] [task::fsm] idle
[2026-08-11 16:57:28.773460] [INFO] [task::fsm] charging
[2026-08-11 16:57:47.556558] [INFO] [task::fsm] discharging
[2026-08-11 16:57:47.576569] [INFO] [task::fsm] idle
[2026-08-11 16:57:47.596527] [INFO] [task::fsm] idle
[2026-08-11 16:58:42.645642] [INFO] [task::fsm] charging
[2026-08-11 16:59:01.431135] [INFO] [task::fsm] discharging
[2026-08-11 16:59:01.451046] [INFO] [task::fsm] idle
[2026-08-11 16:59:01.491020] [INFO] [task::fsm] idle
[2026-08-11 16:59:56.482741] [INFO] [task::fsm] charging
[2026-08-11 17:00:54.886784] [INFO] [task::fsm] push_done
[2026-08-11 17:00:54.946640] [INFO] [task::fsm] idle
[2026-08-11 17:01:55.427766] [INFO] [task::fsm] push_done
[2026-08-11 17:01:55.467745] [INFO] [task::fsm] charging
[2026-08-11 17:02:27.863175] [INFO] [task::fsm] discharging
[2026-08-11 17:02:27.883081] [INFO] [task::fsm] idle
[2026-08-11 17:02:27.923057] [INFO] [task::fsm] idle
[2026-08-11 17:03:34.388868] [INFO] [task::fsm] 생성
[2026-08-11 17:03:34.388869] [INFO] [task::fsm] idle
[2026-08-11 17:03:35.668316] [INFO] [task::fsm] charging
[2026-08-11 17:04:08.604813] [INFO] [task::fsm] discharging
[2026-08-11 17:04:08.624889] [INFO] [task::fsm] idle
[2026-08-11 17:04:08.644849] [INFO] [task::fsm] idle
[2026-08-11 17:04:51.021384] [INFO] [task::fsm] push_done
[2026-08-11 17:04:51.081311] [INFO] [task::fsm] idle
[2026-08-11 17:09:17.295027] [INFO] [task::fsm] push_done
[2026-08-11 17:09:17.354901] [INFO] [task::fsm] charging
[2026-08-11 17:10:03.045796] [INFO] [task::fsm] discharging
[2026-08-11 17:10:03.065764] [INFO] [task::fsm] idle
[2026-08-11 17:10:03.105679] [INFO] [task::fsm] idle
[2026-08-11 17:10:58.116557] [INFO] [task::fsm] charging
[2026-08-11 17:11:16.899612] [INFO] [task::fsm] discharging
[2026-08-11 17:11:16.919515] [INFO] [task::fsm] idle
[2026-08-11 17:11:16.959484] [INFO] [task::fsm] idle
[2026-08-11 17:11:25.743450] [INFO] [task::fsm] idle
[2026-08-11 17:12:15.126176] [INFO] [task::fsm] push_done
[2026-08-11 17:12:15.186056] [INFO] [task::fsm] idle
