[2026-08-11 16:38:02.005400] [INFO] [task::fsm] 생성
[2026-08-11 16:38:02.005402] [INFO] [task::fsm] idle
[2026-08-11 16:45:50.025495] [INFO] [task::fsm] 생성
[2026-08-11 16:45:50.025497] [INFO] [task::fsm] idle
[2026-08-11 16:45:50.127557] [INFO] [task::fsm] charging
[2026-08-11 16:46:34.907637] [INFO] [task::fsm] discharging
[2026-08-11 16:46:34.927588] [INFO] [task::fsm] idle
[2026-08-11 16:46:34.967561] [INFO] [task::fsm] idle
[2026-08-11 16:47:29.966719] [INFO] [task::fsm] charging
[2026-08-11 16:49:24.439199] [INFO] [task::fsm] 생성
[2026-08-11 16:49:24.439201] [INFO] [task::fsm] idle
[2026-08-11 16:49:24.561729] [INFO] [task::fsm] charging
[2026-08-11 16:49:58.414353] [INFO] [task::fsm] 생성
[2026-08-11 16:49:58.414355] [INFO] [task::fsm] idle
[2026-08-11 16:50:00.412886] [INFO] [task::fsm] charging
[2026-08-11 16:50:37.304716] [INFO] [task::fsm] push_done
[2026-08-11 16:50:37.364643] [INFO] [task::fsm] idle
[2026-08-11 16:51:14.216411] [INFO] [task::fsm] push_done
[2026-08-11 16:51:14.276289] [INFO] [task::fsm] charging
[2026-08-11 16:52:17.175979] [INFO] [task::fsm] 생성
[2026-08-11 16:52:17.175981] [INFO] [task::fsm] idle
[2026-08-11 16:52:24.145575] [INFO] [task::fsm] charging
[2026-08-11 16:53:09.440281] [INFO] [task::fsm] discharging
[2026-08-11 16:53:09.460288] [INFO] [task::fsm] idle
[2026-08-11 16:53:09.480251] [INFO] [task::fsm] idle
[2026-08-11 16:54:04.512277] [INFO] [task::fsm] charging
[2026-08-11 16:54:36.412188] [INFO] [task::fsm] push_done
[2026-08-11 16:54:36.472115] [INFO] [task::fsm] idle
[2026-08-11 16:55:03.420456] [INFO] [task::fsm] push_done
[2026-08-11 16:55:03.480351] [INFO] [task::fsm] idle
[2026-08-11 16:56:32.326503] [INFO] [task::fsm] push_done
[2026-08-11 16:56:32.386355] [INFO] [task::fsm] charging
[2026-08-11 16:57:17.676260] [INFO] [task::fsm] discharging
[2026-08-11 16:57:17.696264] [INFO] [task::fsm] idle
[2026-08-11 16:57:17.716225] [INFO] [task::fsm] idle
[2026-08-11 16:58:12.746033] [INFO] [task::fsm] charging
[2026-08-11 16:58:31.528061] [INFO] [task::fsm] discharging
[2026-08-11 16:58:31.547964] [INFO] [task::fsm] idle
[2026-08-11 16:58:31.587922] [INFO] [task::fsm] idle
[2026-08-11 16:59:12.932643] [INFO] [task::fsm] push_done
[2026-08-11 16:59:12.992521] [INFO] [task::fsm] idle
[2026-08-11 17:00:35.011688] [INFO] [task::fsm] push_done
[2026-08-11 17:00:35.071549] [INFO] [task::fsm] charging
[2026-08-11 17:01:48.789319] [INFO] [task::fsm] push_done
[2026-08-11 17:01:48.849155] [INFO] [task::fsm] idle
[2026-08-11 17:03:34.401932] [INFO] [task::fsm] 생성
[2026-08-11 17:03:34.401933] [INFO] [task::fsm] idle
[2026-08-11 17:04:32.809448] [INFO] [task::fsm] push_done
[2026-08-11 17:04:32.869356] [INFO] [task::fsm] charging
[2026-08-11 17:05:18.164100] [INFO] [task::fsm] discharging
[2026-08-11 17:05:18.184011] [INFO] [task::fsm] idle
[2026-08-11 17:05:18.223978] [INFO] [task::fsm] idle
[2026-08-11 17:06:13.215393] [INFO] [task::fsm] charging
[2026-08-11 17:06:31.977719] [INFO] [task::fsm] discharging
[2026-08-11 17:06:31.997693] [INFO] [task::fsm] idle
[2026-08-11 17:06:32.037610] [INFO] [task::fsm] idle
[2026-08-11 17:07:20.401001] [INFO] [task::fsm] push_done
[2026-08-11 17:07:20.460874] [INFO] [task::fsm] idle
[2026-08-11 17:08:29.324404] [INFO] [task::fsm] push_done
[2026-08-11 17:08:29.384291] [INFO] [task::fsm] charging
[2026-08-11 17:09:40.036554] [INFO] [task::fsm] push_done
[2026-08-11 17:09:40.096454] [INFO] [task::fsm] idle
[2026-08-11 17:12:42.721228] [INFO] [task::fsm] push_done
[2026-08-11 17:12:42.781099] [INFO] [task::fsm] idle
