[2026-08-11 16:38:01.963036] [INFO] [framework] 프로그램 시작
[2026-08-11 16:38:01.963043] [CRITICAL] [framework] 프로그램 시작
[2026-08-11 16:38:01.963042] [WARNING] [framework] 프로그램 시작
[2026-08-11 16:38:01.963044] [INFO] [framework] 설정 파일 위치 : ../configs/robot_4
[2026-08-11 16:38:01.963199] [INFO] [framework] ID[0, 4], 이름[강포], 제어주기[20ms], 버젼[], 장소[우리집], 환경모드[simulation]
[2026-08-11 16:38:02.008380] [INFO] [framework] after init 실행
[2026-08-11 16:38:02.008863] [INFO] [framework] 제어 쓰레드 시작
[2026-08-11 16:40:31.633990] [INFO] [framework] 프로그램 시작
[2026-08-11 16:40:31.633999] [CRITICAL] [framework] 프로그램 시작
[2026-08-11 16:40:31.633996] [WARNING] [framework] 프로그램 시작
[2026-08-11 16:45:49.982244] [INFO] [framework] 프로그램 시작
[2026-08-11 16:45:49.982250] [WARNING] [framework] 프로그램 시작
[2026-08-11 16:45:49.982254] [INFO] [framework] 설정 파일 위치 : ../configs/robot_4
[2026-08-11 16:45:49.982253] [CRITICAL] [framework] 프로그램 시작
[2026-08-11 16:45:49.982406] [INFO] [framework] ID[0, 4], 이름[강포], 제어주기[20ms], 버젼[], 장소[우리집], 환경모드[simulation]
[2026-08-11 16:45:50.027224] [INFO] [framework] after init 실행
[2026-08-11 16:45:50.027646] [INFO] [framework] 제어 쓰레드 시작
[2026-08-11 16:47:42.764198] [INFO] [framework] 프로그램 시작
[2026-08-11 16:47:42.764207] [CRITICAL] [framework] 프로그램 시작
[2026-08-11 16:49:24.395429] [INFO] [framework] 프로그램 시작
[2026-08-11 16:49:24.395437] [WARNING] [framework] 프로그램 시작
[2026-08-11 16:49:24.395440] [CRITICAL] [framework] 프로그램 시작
[2026-08-11 16:49:24.395441] [INFO] [framework] 설정 파일 위치 : ../configs/robot_4
[2026-08-11 16:49:24.395594] [INFO] [framework] ID[0, 4], 이름[강포], 제어주기[20ms], 버젼[], 장소[우리집], 환경모드[simulation]
[2026-08-11 16:49:24.441479] [INFO] [framework] after init 실행
[2026-08-11 16:49:24.441878] [INFO] [framework] 제어 쓰레드 시작
[2026-08-11 16:49:46.488403] [INFO] [framework] 프로그램 시작
[2026-08-11 16:49:46.488407] [WARNING] [framework] 프로그램 시작
[2026-08-11 16:49:46.488410] [CRITICAL] [framework] 프로그램 시작
[2026-08-11 16:49:58.389031] [INFO] [framework] 프로그램 시작
[2026-08-11 16:49:58.389035] [WARNING] [framework] 프로그램 시작
[2026-08-11 16:49:58.389037] [INFO] [framework] 설정 파일 위치 : ../configs/robot_4
[2026-08-11 16:49:58.389037] [CRITICAL] [framework] 프로그램 시작
[2026-08-11 16:49:58.389164] [INFO] [framework] ID[0, 4], 이름[강포], 제어주기[20ms], 버젼[], 장소[우리집], 환경모드[simulation]
[2026-08-11 16:49:58.415696] [INFO] [framework] after init 실행
[2026-08-11 16:49:58.416082] [INFO] [framework] 제어 쓰레드 시작
[2026-08-11 16:52:17.131606] [INFO] [framework] 프로그램 시작
[2026-08-11 16:52:17.131613] [WARNING] [framework] 프로그램 시작
[2026-08-11 16:52:17.131616] [INFO] [framework] 설정 파일 위치 : ../configs/robot_4
[2026-08-11 16:52:17.131615] [CRITICAL] [framework] 프로그램 시작
[2026-08-11 16:52:17.131783] [INFO] [framework] ID[0, 4], 이름[강포], 제어주기[20ms], 버젼[], 장소[우리집], 환경모드[simulation]
[2026-08-11 16:52:17.177497] [INFO] [framework] after init 실행
[2026-08-11 16:52:17.177884] [INFO] [framework] 제어 쓰레드 시작
[2026-08-11 17:03:34.358227] [INFO] [framework] 프로그램 시작
[2026-08-11 17:03:34.358234] [WARNING] [framework] 프로그램 시작
[2026-08-11 17:03:34.358237] [INFO] [framework] 설정 파일 위치 : ../configs/robot_4
[2026-08-11 17:03:34.358236] [CRITICAL] [framework] 프로그램 시작
[2026-08-11 17:03:34.358393] [INFO] [framework] ID[0, 4], 이름[강포], 제어주기[20ms], 버젼[], 장소[우리집], 환경모드[simulation]
[2026-08-11 17:03:34.403682] [INFO] [framework] after init 실행
[2026-08-11 17:03:34.404149] [INFO] [framework] 제어 쓰레드 시작
[2026-08-11 17:24:37.812301] [WARNING] [framework] 프로그램 시작
[2026-08-11 17:24:37.812302] [CRITICAL] [framework] 프로그램 시작
[2026-08-11 17:24:37.812297] [INFO] [framework] 프로그램 시작
[2026-08-11 17:24:37.812303] [INFO] [framework] 설정 파일 위치 : ../configs/robot_4
[2026-08-11 17:24:37.812408] [INFO] [framework] ID[0, 4], 이름[강포], 제어주기[20ms], 버젼[], 장소[우리집], 환경모드[simulation]
[2026-08-11 17:24:37.843463] [INFO] [framework] after init 실행
[2026-08-11 17:24:37.843917] [INFO] [framework] 제어 쓰레드 시작
[2026-08-11 17:26:43.232793] [INFO] [framework] 프로그램 시작
[2026-08-11 17:26:43.232799] [WARNING] [framework] 프로그램 시작
[2026-08-11 17:26:43.232801] [INFO] [framework] 설정 파일 위치 : ../configs/robot_4
[2026-08-11 17:26:43.232800] [CRITICAL] [framework] 프로그램 시작
[2026-08-11 17:27:18.496478] [INFO] [framework] 프로그램 시작
[2026-08-11 17:27:18.496485] [WARNING] [framework] 프로그램 시작
[2026-08-11 17:27:18.496489] [INFO] [framework] 설정 파일 위치 : ../configs/robot_4
[2026-08-11 17:27:18.496667] [INFO] [framework] ID[0, 4], 이름[강포], 제어주기[20ms], 버젼[], 장소[우리집], 환경모드[simulation]
[2026-08-11 17:27:18.496488] [CRITICAL] [framework] 프로그램 시작
[2026-08-11 17:27:18.532559] [INFO] [framework] after init 실행
[2026-08-11 17:27:18.532835] [INFO] [framework] 제어 쓰레드 시작
[2026-08-11 17:27:37.748736] [INFO] [framework] 프로그램 시작
[2026-08-11 17:27:37.748741] [WARNING] [framework] 프로그램 시작
[2026-08-11 17:27:37.748742] [CRITICAL] [framework] 프로그램 시작
[2026-08-11 17:27:55.412592] [INFO] [framework] 프로그램 시작
[2026-08-11 17:27:55.412598] [CRITICAL] [framework] 프로그램 시작
[2026-08-11 17:27:55.412596] [WARNING] [framework] 프로그램 시작
[2026-08-11 17:27:55.412598] [INFO] [framework] 설정 파일 위치 : ../configs/robot_4
[2026-08-11 17:27:55.412701] [INFO] [framework] ID[0, 4], 이름[강포], 제어주기[20ms], 버젼[], 장소[우리집], 환경모드[simulation]
[2026-08-11 17:27:55.442280] [INFO] [framework] after init 실행
[2026-08-11 17:27:55.442656] [INFO] [framework] 제어 쓰레드 시작
[2026-08-11 17:34:34.362409] [INFO] [framework] 프로그램 시작
[2026-08-11 17:34:34.362416] [WARNING] [framework] 프로그램 시작
[2026-08-11 17:34:34.362418] [INFO] [framework] 설정 파일 위치 : ../configs/robot_4
[2026-08-11 17:34:34.362418] [CRITICAL] [framework] 프로그램 시작
[2026-08-11 17:34:46.267148] [INFO] [framework] 프로그램 시작
[2026-08-11 17:34:46.267153] [WARNING] [framework] 프로그램 시작
[2026-08-11 17:34:46.267155] [INFO] [framework] 설정 파일 위치 : ../configs/robot_4
[2026-08-11 17:34:46.267154] [CRITICAL] [framework] 프로그램 시작
[2026-08-11 17:34:46.267302] [INFO] [framework] ID[0, 4], 이름[강포], 제어주기[20ms], 버젼[], 장소[우리집], 환경모드[simulation]
[2026-08-11 17:34:46.320257] [INFO] [framework] after init 실행
[2026-08-11 17:34:46.320512] [INFO] [framework] 제어 쓰레드 시작
[2026-08-11 17:40:32.787969] [INFO] [framework] 프로그램 시작
[2026-08-11 17:40:32.787979] [CRITICAL] [framework] 프로그램 시작
[2026-08-11 17:40:32.787976] [WARNING] [framework] 프로그램 시작
[2026-08-11 17:40:32.787981] [INFO] [framework] 설정 파일 위치 : ../configs/robot_4
[2026-08-11 17:40:32.788145] [INFO] [framework] ID[0, 4], 이름[강포], 제어주기[20ms], 버젼[], 장소[우리집], 환경모드[simulation]
[2026-08-11 17:40:32.834670] [INFO] [framework] after init 실행
[2026-08-11 17:40:32.835254] [INFO] [framework] 제어 쓰레드 시작
[2026-08-11 17:43:43.836494] [INFO] [framework] 프로그램 시작
[2026-08-11 17:43:43.836498] [WARNING] [framework] 프로그램 시작
[2026-08-11 17:43:43.836502] [INFO] [framework] 설정 파일 위치 : ../configs/robot_4
[2026-08-11 17:43:43.836501] [CRITICAL] [framework] 프로그램 시작
[2026-08-11 17:44:21.652416] [INFO] [framework] 프로그램 시작
[2026-08-11 17:44:21.652424] [WARNING] [framework] 프로그램 시작
[2026-08-11 17:44:21.652427] [INFO] [framework] 설정 파일 위치 : ../configs/robot_4
[2026-08-11 17:44:21.652427] [CRITICAL] [framework] 프로그램 시작
[2026-08-11 17:44:21.652614] [INFO] [framework] ID[0, 4], 이름[강포], 제어주기[20ms], 버젼[], 장소[우리집], 환경모드[simulation]
[2026-08-11 17:44:21.705429] [INFO] [framework] after init 실행
[2026-08-11 17:44:21.705818] [INFO] [framework] 제어 쓰레드 시작
[2026-08-11 17:45:27.762122] [INFO] [framework] 프로그램 시작
[2026-08-11 17:45:27.762126] [WARNING] [framework] 프로그램 시작
[2026-08-11 17:45:27.762127] [CRITICAL] [framework] 프로그램 시작
[2026-08-11 17:45:27.762128] [INFO] [framework] 설정 파일 위치 : ../configs/robot_4
[2026-08-11 17:45:51.298963] [INFO] [framework] 프로그램 시작
[2026-08-11 17:45:51.298967] [WARNING] [framework] 프로그램 시작
[2026-08-11 17:45:51.298970] [INFO] [framework] 설정 파일 위치 : ../configs/robot_4
[2026-08-11 17:45:51.298969] [CRITICAL] [framework] 프로그램 시작
[2026-08-11 17:45:51.299065] [INFO] [framework] ID[0, 4], 이름[강포], 제어주기[20ms], 버젼[], 장소[우리집], 환경모드[simulation]
[2026-08-11 17:45:51.329810] [INFO] [framework] after init 실행
[2026-08-11 17:45:51.330068] [INFO] [framework] 제어 쓰레드 시작
[2026-08-11 17:50:10.511679] [INFO] [framework] 프로그램 시작
[2026-08-11 17:50:10.511686] [WARNING] [framework] 프로그램 시작
[2026-08-11 17:50:10.511688] [CRITICAL] [framework] 프로그램 시작
[2026-08-11 17:50:10.511689] [INFO] [framework] 설정 파일 위치 : ../configs/robot_4
[2026-08-11 17:50:10.511849] [INFO] [framework] ID[0, 4], 이름[강포], 제어주기[20ms], 버젼[], 장소[우리집], 환경모드[simulation]
[2026-08-11 17:50:10.564104] [INFO] [framework] after init 실행
[2026-08-11 17:50:10.564494] [INFO] [framework] 제어 쓰레드 시작
