[2026-08-11 16:38:01.961882] [INFO] [framework] 프로그램 시작
[2026-08-11 16:38:01.961889] [WARNING] [framework] 프로그램 시작
[2026-08-11 16:38:01.961893] [INFO] [framework] 설정 파일 위치 : ../configs/robot_3
[2026-08-11 16:38:01.961892] [CRITICAL] [framework] 프로그램 시작
[2026-08-11 16:38:01.962053] [INFO] [framework] ID[0, 3], 이름[박쓰리], 제어주기[20ms], 버젼[], 장소[우리집], 환경모드[simulation]
[2026-08-11 16:38:02.000170] [INFO] [framework] after init 실행
[2026-08-11 16:38:02.000634] [INFO] [framework] 제어 쓰레드 시작
[2026-08-11 16:40:31.632680] [INFO] [framework] 프로그램 시작
[2026-08-11 16:40:31.632685] [WARNING] [framework] 프로그램 시작
[2026-08-11 16:40:31.632687] [INFO] [framework] 설정 파일 위치 : ../configs/robot_3
[2026-08-11 16:40:31.632686] [CRITICAL] [framework] 프로그램 시작
[2026-08-11 16:45:49.980665] [INFO] [framework] 프로그램 시작
[2026-08-11 16:45:49.980674] [CRITICAL] [framework] 프로그램 시작
[2026-08-11 16:45:49.980675] [INFO] [framework] 설정 파일 위치 : ../configs/robot_3
[2026-08-11 16:45:49.980670] [WARNING] [framework] 프로그램 시작
[2026-08-11 16:45:49.980932] [INFO] [framework] ID[0, 3], 이름[박쓰리], 제어주기[20ms], 버젼[], 장소[우리집], 환경모드[simulation]
[2026-08-11 16:45:50.008044] [INFO] [framework] after init 실행
[2026-08-11 16:45:50.008465] [INFO] [framework] 제어 쓰레드 시작
[2026-08-11 16:47:42.762600] [INFO] [framework] 프로그램 시작
[2026-08-11 16:47:42.762604] [WARNING] [framework] 프로그램 시작
[2026-08-11 16:47:42.762606] [CRITICAL] [framework] 프로그램 시작
[2026-08-11 16:47:42.762606] [INFO] [framework] 설정 파일 위치 : ../configs/robot_3
[2026-08-11 16:47:42.762713] [INFO] [framework] ID[0, 3], 이름[박쓰리], 제어주기[20ms], 버젼[], 장소[우리집], 환경모드[simulation]
[2026-08-11 16:47:42.790654] [INFO] [framework] after init 실행
[2026-08-11 16:47:42.791012] [INFO] [framework] 제어 쓰레드 시작
[2026-08-11 16:49:24.394133] [INFO] [framework] 프로그램 시작
[2026-08-11 16:49:24.394137] [WARNING] [framework] 프로그램 시작
[2026-08-11 16:49:24.394140] [INFO] [framework] 설정 파일 위치 : ../configs/robot_3
[2026-08-11 16:49:24.394139] [CRITICAL] [framework] 프로그램 시작
[2026-08-11 16:49:24.394257] [INFO] [framework] ID[0, 3], 이름[박쓰리], 제어주기[20ms], 버젼[], 장소[우리집], 환경모드[simulation]
[2026-08-11 16:49:24.421539] [INFO] [framework] after init 실행
[2026-08-11 16:49:24.421973] [INFO] [framework] 제어 쓰레드 시작
[2026-08-11 16:49:46.487343] [INFO] [framework] 프로그램 시작
[2026-08-11 16:49:46.487348] [WARNING] [framework] 프로그램 시작
[2026-08-11 16:49:46.487353] [INFO] [framework] 설정 파일 위치 : ../configs/robot_3
[2026-08-11 16:49:46.487353] [CRITICAL] [framework] 프로그램 시작
[2026-08-11 16:49:46.487498] [INFO] [framework] ID[0, 3], 이름[박쓰리], 제어주기[20ms], 버젼[], 장소[우리집], 환경모드[simulation]
[2026-08-11 16:49:46.532671] [INFO] [framework] after init 실행
[2026-08-11 16:49:46.533126] [INFO] [framework] 제어 쓰레드 시작
[2026-08-11 16:49:58.387790] [INFO] [framework] 프로그램 시작
[2026-08-11 16:49:58.387799] [CRITICAL] [framework] 프로그램 시작
[2026-08-11 16:49:58.387796] [WARNING] [framework] 프로그램 시작
[2026-08-11 16:52:17.130001] [INFO] [framework] 프로그램 시작
[2026-08-11 16:52:17.130008] [WARNING] [framework] 프로그램 시작
[2026-08-11 16:52:17.130011] [INFO] [framework] 설정 파일 위치 : ../configs/robot_3
[2026-08-11 16:52:17.130011] [CRITICAL] [framework] 프로그램 시작
[2026-08-11 16:52:17.130157] [INFO] [framework] ID[0, 3], 이름[박쓰리], 제어주기[20ms], 버젼[], 장소[우리집], 환경모드[simulation]
[2026-08-11 16:52:17.174904] [INFO] [framework] after init 실행
[2026-08-11 16:52:17.175284] [INFO] [framework] 제어 쓰레드 시작
[2026-08-11 17:03:34.357084] [INFO] [framework] 프로그램 시작
[2026-08-11 17:03:34.357090] [WARNING] [framework] 프로그램 시작
[2026-08-11 17:03:34.357092] [CRITICAL] [framework] 프로그램 시작
[2026-08-11 17:03:34.357092] [INFO] [framework] 설정 파일 위치 : ../configs/robot_3
[2026-08-11 17:03:34.357214] [INFO] [framework] ID[0, 3], 이름[박쓰리], 제어주기[20ms], 버젼[], 장소[우리집], 환경모드[simulation]
[2026-08-11 17:03:34.398256] [INFO] [framework] after init 실행
[2026-08-11 17:03:34.398670] [INFO] [framework] 제어 쓰레드 시작
