[2026-08-11 16:38:01.997438] [INFO] [path_server] 생성
[2026-08-11 16:38:01.997537] [INFO] [path_server] 경로 삭제
[2026-08-11 16:38:01.999307] [INFO] [path_server] 노드 초기화 성공 : 로봇 좌표[5.504m 3.998m -179.459°] 최단 거리 노드[104] 거리(0.004079m)
[2026-08-11 16:40:31.665055] [INFO] [path_server] 생성
[2026-08-11 16:40:31.665089] [INFO] [path_server] 경로 삭제
[2026-08-11 16:40:31.666467] [INFO] [path_server] 노드 초기화 성공 : 로봇 좌표[5.504m 3.998m -179.459°] 최단 거리 노드[104] 거리(0.004079m)
[2026-08-11 16:42:38.936044] [INFO] [path_server] 경로 삭제
[2026-08-11 16:42:59.124403] [INFO] [path_server] 경로 삭제
[2026-08-11 16:43:06.133483] [INFO] [path_server] 새로운 경로 설정 : path[104 ➜ 205] time[0s] dist[30m] list[21] : 104-1181-1182-1183-1184-1045-1046-1047-1048-1001-1002-1003-1004-1013-1049-1050-1014-1201-1200-1202-205
[2026-08-11 16:43:13.300297] [INFO] [path_server] 노드 업데이트 : [1181] ➜ [1182]
[2026-08-11 16:43:13.400113] [INFO] [path_server] 새로운 경로 설정 : path[1181 ➜ 205] time[0s] dist[28.5m] list[20] : 1181-1182-1183-1184-1045-1046-1047-1048-1001-1002-1003-1004-1013-1049-1050-1014-1201-1200-1202-205
[2026-08-11 16:43:16.913471] [INFO] [path_server] 노드 업데이트 : [1182] ➜ [1183]
[2026-08-11 16:43:16.993404] [INFO] [path_server] 새로운 경로 설정 : path[1182 ➜ 205] time[0s] dist[27m] list[19] : 1182-1183-1184-1045-1046-1047-1048-1001-1002-1003-1004-1013-1049-1050-1014-1201-1200-1202-205
[2026-08-11 16:43:18.051235] [INFO] [path_server] 노드 업데이트 : [1183] ➜ [1184]
[2026-08-11 16:43:18.131185] [INFO] [path_server] 새로운 경로 설정 : path[1183 ➜ 205] time[0s] dist[25.5m] list[18] : 1183-1184-1045-1046-1047-1048-1001-1002-1003-1004-1013-1049-1050-1014-1201-1200-1202-205
[2026-08-11 16:43:18.870186] [INFO] [path_server] 노드 업데이트 : [1184] ➜ [1045]
[2026-08-11 16:43:18.930103] [INFO] [path_server] 새로운 경로 설정 : path[1184 ➜ 205] time[0s] dist[24m] list[17] : 1184-1045-1046-1047-1048-1001-1002-1003-1004-1013-1049-1050-1014-1201-1200-1202-205
[2026-08-11 16:43:20.207620] [INFO] [path_server] 노드 업데이트 : [1045] ➜ [1046]
[2026-08-11 16:43:20.287539] [INFO] [path_server] 새로운 경로 설정 : path[1045 ➜ 205] time[0s] dist[22.5m] list[16] : 1045-1046-1047-1048-1001-1002-1003-1004-1013-1049-1050-1014-1201-1200-1202-205
[2026-08-11 16:43:23.541486] [INFO] [path_server] 노드 업데이트 : [1046] ➜ [1047]
[2026-08-11 16:43:23.601389] [INFO] [path_server] 새로운 경로 설정 : path[1046 ➜ 205] time[0s] dist[21m] list[15] : 1046-1047-1048-1001-1002-1003-1004-1013-1049-1050-1014-1201-1200-1202-205
[2026-08-11 16:43:24.679456] [INFO] [path_server] 노드 업데이트 : [1047] ➜ [1048]
[2026-08-11 16:43:24.739373] [INFO] [path_server] 새로운 경로 설정 : path[1047 ➜ 205] time[0s] dist[19.5m] list[14] : 1047-1048-1001-1002-1003-1004-1013-1049-1050-1014-1201-1200-1202-205
[2026-08-11 16:43:25.497872] [INFO] [path_server] 노드 업데이트 : [1048] ➜ [1001]
[2026-08-11 16:43:25.577738] [INFO] [path_server] 새로운 경로 설정 : path[1048 ➜ 205] time[0s] dist[18m] list[13] : 1048-1001-1002-1003-1004-1013-1049-1050-1014-1201-1200-1202-205
[2026-08-11 16:43:26.256648] [INFO] [path_server] 노드 업데이트 : [1001] ➜ [1002]
[2026-08-11 16:43:26.336659] [INFO] [path_server] 새로운 경로 설정 : path[1001 ➜ 205] time[0s] dist[16.5m] list[12] : 1001-1002-1003-1004-1013-1049-1050-1014-1201-1200-1202-205
[2026-08-11 16:43:27.015345] [INFO] [path_server] 노드 업데이트 : [1002] ➜ [1003]
[2026-08-11 16:43:27.095256] [INFO] [path_server] 새로운 경로 설정 : path[1002 ➜ 205] time[0s] dist[15m] list[11] : 1002-1003-1004-1013-1049-1050-1014-1201-1200-1202-205
[2026-08-11 16:43:27.753912] [INFO] [path_server] 노드 업데이트 : [1003] ➜ [1004]
[2026-08-11 16:43:27.833790] [INFO] [path_server] 새로운 경로 설정 : path[1003 ➜ 205] time[0s] dist[13.5m] list[10] : 1003-1004-1013-1049-1050-1014-1201-1200-1202-205
[2026-08-11 16:43:29.071536] [INFO] [path_server] 노드 업데이트 : [1004] ➜ [1013]
[2026-08-11 16:43:29.151404] [INFO] [path_server] 새로운 경로 설정 : path[1004 ➜ 205] time[0s] dist[12m] list[9] : 1004-1013-1049-1050-1014-1201-1200-1202-205
[2026-08-11 16:43:32.425631] [INFO] [path_server] 노드 업데이트 : [1013] ➜ [1049]
[2026-08-11 16:43:32.505489] [INFO] [path_server] 새로운 경로 설정 : path[1013 ➜ 205] time[0s] dist[10.5m] list[8] : 1013-1049-1050-1014-1201-1200-1202-205
[2026-08-11 16:43:33.544222] [INFO] [path_server] 노드 업데이트 : [1049] ➜ [1050]
[2026-08-11 16:43:33.624180] [INFO] [path_server] 새로운 경로 설정 : path[1049 ➜ 205] time[0s] dist[9m] list[7] : 1049-1050-1014-1201-1200-1202-205
[2026-08-11 16:43:34.882896] [INFO] [path_server] 노드 업데이트 : [1050] ➜ [1014]
[2026-08-11 16:43:34.962750] [INFO] [path_server] 새로운 경로 설정 : path[1050 ➜ 205] time[0s] dist[7.5m] list[6] : 1050-1014-1201-1200-1202-205
[2026-08-11 16:43:38.277466] [INFO] [path_server] 노드 업데이트 : [1014] ➜ [1201]
[2026-08-11 16:43:38.357428] [INFO] [path_server] 새로운 경로 설정 : path[1014 ➜ 205] time[0s] dist[6m] list[5] : 1014-1201-1200-1202-205
[2026-08-11 16:43:39.395539] [INFO] [path_server] 노드 업데이트 : [1201] ➜ [1200]
[2026-08-11 16:43:39.455468] [INFO] [path_server] 새로운 경로 설정 : path[1201 ➜ 205] time[0s] dist[4.5m] list[4] : 1201-1200-1202-205
[2026-08-11 16:43:40.213964] [INFO] [path_server] 노드 업데이트 : [1200] ➜ [1202]
[2026-08-11 16:43:40.293821] [INFO] [path_server] 새로운 경로 설정 : path[1200 ➜ 205] time[0s] dist[3m] list[3] : 1200-1202-205
[2026-08-11 16:43:41.551624] [INFO] [path_server] 노드 업데이트 : [1202] ➜ [205]
[2026-08-11 16:43:41.611538] [INFO] [path_server] 새로운 경로 설정 : path[1202 ➜ 205] time[0s] dist[1.5m] list[2] : 1202-205
[2026-08-11 16:43:46.761629] [INFO] [path_server] 노드 업데이트 : [205] ➜ [-1]
[2026-08-11 16:43:49.696459] [INFO] [path_server] 노드 업데이트 : [205] ➜ [-1]
[2026-08-11 16:43:49.776356] [INFO] [path_server] 경로 삭제
[2026-08-11 16:43:54.867041] [INFO] [path_server] 새로운 경로 설정 : path[205 ➜ 111] time[0s] dist[33m] list[23] : 205-1202-1203-1204-1205-1206-1207-1208-1145-1146-1147-1148-1077-1029-1030-1031-1032-1033-1034-1007-1167-1168-111
[2026-08-11 16:43:59.758379] [INFO] [path_server] 노드 업데이트 : [1202] ➜ [1203]
[2026-08-11 16:43:59.838250] [INFO] [path_server] 새로운 경로 설정 : path[1202 ➜ 111] time[0s] dist[31.5m] list[22] : 1202-1203-1204-1205-1206-1207-1208-1145-1146-1147-1148-1077-1029-1030-1031-1032-1033-1034-1007-1167-1168-111
[2026-08-11 16:44:03.372346] [INFO] [path_server] 노드 업데이트 : [1203] ➜ [1204]
[2026-08-11 16:44:03.432251] [INFO] [path_server] 새로운 경로 설정 : path[1203 ➜ 111] time[0s] dist[30m] list[21] : 1203-1204-1205-1206-1207-1208-1145-1146-1147-1148-1077-1029-1030-1031-1032-1033-1034-1007-1167-1168-111
[2026-08-11 16:44:04.510241] [INFO] [path_server] 노드 업데이트 : [1204] ➜ [1205]
[2026-08-11 16:44:04.570168] [INFO] [path_server] 새로운 경로 설정 : path[1204 ➜ 111] time[0s] dist[28.5m] list[20] : 1204-1205-1206-1207-1208-1145-1146-1147-1148-1077-1029-1030-1031-1032-1033-1034-1007-1167-1168-111
[2026-08-11 16:44:05.328653] [INFO] [path_server] 노드 업데이트 : [1205] ➜ [1206]
[2026-08-11 16:44:05.408492] [INFO] [path_server] 새로운 경로 설정 : path[1205 ➜ 111] time[0s] dist[27m] list[19] : 1205-1206-1207-1208-1145-1146-1147-1148-1077-1029-1030-1031-1032-1033-1034-1007-1167-1168-111
[2026-08-11 16:44:06.087353] [INFO] [path_server] 노드 업데이트 : [1206] ➜ [1207]
[2026-08-11 16:44:06.167409] [INFO] [path_server] 새로운 경로 설정 : path[1206 ➜ 111] time[0s] dist[25.51m] list[18] : 1206-1207-1208-1145-1146-1147-1148-1077-1029-1030-1031-1032-1033-1034-1007-1167-1168-111
[2026-08-11 16:44:06.846205] [INFO] [path_server] 노드 업데이트 : [1207] ➜ [1208]
[2026-08-11 16:44:06.906130] [INFO] [path_server] 새로운 경로 설정 : path[1207 ➜ 111] time[0s] dist[24m] list[17] : 1207-1208-1145-1146-1147-1148-1077-1029-1030-1031-1032-1033-1034-1007-1167-1168-111
[2026-08-11 16:44:07.584728] [INFO] [path_server] 노드 업데이트 : [1208] ➜ [1145]
[2026-08-11 16:44:07.664662] [INFO] [path_server] 새로운 경로 설정 : path[1208 ➜ 111] time[0s] dist[22.5m] list[16] : 1208-1145-1146-1147-1148-1077-1029-1030-1031-1032-1033-1034-1007-1167-1168-111
[2026-08-11 16:44:08.902307] [INFO] [path_server] 노드 업데이트 : [1145] ➜ [1146]
[2026-08-11 16:44:08.982197] [INFO] [path_server] 새로운 경로 설정 : path[1145 ➜ 111] time[0s] dist[21m] list[15] : 1145-1146-1147-1148-1077-1029-1030-1031-1032-1033-1034-1007-1167-1168-111
[2026-08-11 16:44:12.256639] [INFO] [path_server] 노드 업데이트 : [1146] ➜ [1147]
[2026-08-11 16:44:12.336506] [INFO] [path_server] 새로운 경로 설정 : path[1146 ➜ 111] time[0s] dist[19.5m] list[14] : 1146-1147-1148-1077-1029-1030-1031-1032-1033-1034-1007-1167-1168-111
[2026-08-11 16:44:13.394718] [INFO] [path_server] 노드 업데이트 : [1147] ➜ [1148]
[2026-08-11 16:44:13.474564] [INFO] [path_server] 새로운 경로 설정 : path[1147 ➜ 111] time[0s] dist[18m] list[13] : 1147-1148-1077-1029-1030-1031-1032-1033-1034-1007-1167-1168-111
[2026-08-11 16:44:14.213096] [INFO] [path_server] 노드 업데이트 : [1148] ➜ [1077]
[2026-08-11 16:44:14.293048] [INFO] [path_server] 새로운 경로 설정 : path[1148 ➜ 111] time[0s] dist[16.5m] list[12] : 1148-1077-1029-1030-1031-1032-1033-1034-1007-1167-1168-111
[2026-08-11 16:44:15.550774] [INFO] [path_server] 노드 업데이트 : [1077] ➜ [1029]
[2026-08-11 16:44:15.630618] [INFO] [path_server] 새로운 경로 설정 : path[1077 ➜ 111] time[0s] dist[15m] list[11] : 1077-1029-1030-1031-1032-1033-1034-1007-1167-1168-111
[2026-08-11 16:44:18.884463] [INFO] [path_server] 노드 업데이트 : [1029] ➜ [1030]
[2026-08-11 16:44:18.964388] [INFO] [path_server] 새로운 경로 설정 : path[1029 ➜ 111] time[0s] dist[13.5m] list[10] : 1029-1030-1031-1032-1033-1034-1007-1167-1168-111
[2026-08-11 16:44:20.022472] [INFO] [path_server] 노드 업데이트 : [1030] ➜ [1031]
[2026-08-11 16:44:20.102415] [INFO] [path_server] 새로운 경로 설정 : path[1030 ➜ 111] time[0s] dist[12m] list[9] : 1030-1031-1032-1033-1034-1007-1167-1168-111
[2026-08-11 16:44:20.841097] [INFO] [path_server] 노드 업데이트 : [1031] ➜ [1032]
[2026-08-11 16:44:20.920996] [INFO] [path_server] 새로운 경로 설정 : path[1031 ➜ 111] time[0s] dist[10.5m] list[8] : 1031-1032-1033-1034-1007-1167-1168-111
[2026-08-11 16:44:21.599825] [INFO] [path_server] 노드 업데이트 : [1032] ➜ [1033]
[2026-08-11 16:44:21.699665] [INFO] [path_server] 새로운 경로 설정 : path[1032 ➜ 111] time[0s] dist[9m] list[7] : 1032-1033-1034-1007-1167-1168-111
[2026-08-11 16:44:22.358430] [INFO] [path_server] 노드 업데이트 : [1033] ➜ [1034]
[2026-08-11 16:44:22.438308] [INFO] [path_server] 새로운 경로 설정 : path[1033 ➜ 111] time[0s] dist[7.5m] list[6] : 1033-1034-1007-1167-1168-111
[2026-08-11 16:44:23.097095] [INFO] [path_server] 노드 업데이트 : [1034] ➜ [1007]
[2026-08-11 16:44:23.157041] [INFO] [path_server] 새로운 경로 설정 : path[1034 ➜ 111] time[0s] dist[6m] list[5] : 1034-1007-1167-1168-111
[2026-08-11 16:44:24.414760] [INFO] [path_server] 노드 업데이트 : [1007] ➜ [1167]
[2026-08-11 16:44:24.474674] [INFO] [path_server] 새로운 경로 설정 : path[1007 ➜ 111] time[0s] dist[4.5m] list[4] : 1007-1167-1168-111
[2026-08-11 16:44:27.788661] [INFO] [path_server] 노드 업데이트 : [1167] ➜ [1168]
[2026-08-11 16:44:27.868564] [INFO] [path_server] 새로운 경로 설정 : path[1167 ➜ 111] time[0s] dist[3m] list[3] : 1167-1168-111
[2026-08-11 16:44:29.206157] [INFO] [path_server] 노드 업데이트 : [1168] ➜ [111]
[2026-08-11 16:44:29.266100] [INFO] [path_server] 새로운 경로 설정 : path[1168 ➜ 111] time[0s] dist[1.5m] list[2] : 1168-111
[2026-08-11 16:44:34.796321] [INFO] [path_server] 노드 업데이트 : [111] ➜ [-1]
[2026-08-11 16:44:37.730710] [INFO] [path_server] 노드 업데이트 : [111] ➜ [-1]
[2026-08-11 16:45:12.789607] [INFO] [path_server] 경로 삭제
[2026-08-11 16:45:12.809569] [INFO] [path_server] 경로 삭제
[2026-08-11 16:45:50.022456] [INFO] [path_server] 생성
[2026-08-11 16:45:50.022495] [INFO] [path_server] 경로 삭제
[2026-08-11 16:45:50.024626] [INFO] [path_server] 노드 초기화 성공 : 로봇 좌표[22.003m 14.499m -179.565°] 최단 거리 노드[111] 거리(0.003320m)
[2026-08-11 16:45:50.044625] [INFO] [path_server] 경로 삭제
[2026-08-11 16:46:12.924144] [INFO] [path_server] 경로 삭제
[2026-08-11 16:46:12.964089] [INFO] [path_server] 경로 삭제
[2026-08-11 16:47:26.744490] [INFO] [path_server] 경로 삭제
[2026-08-11 16:47:26.764433] [INFO] [path_server] 경로 삭제
[2026-08-11 16:49:24.426482] [INFO] [path_server] 생성
[2026-08-11 16:49:24.426515] [INFO] [path_server] 경로 삭제
[2026-08-11 16:49:24.428046] [INFO] [path_server] 노드 초기화 성공 : 로봇 좌표[22.003m 14.499m -179.565°] 최단 거리 노드[111] 거리(0.003320m)
[2026-08-11 16:49:58.433066] [INFO] [path_server] 생성
[2026-08-11 16:49:58.433105] [INFO] [path_server] 경로 삭제
[2026-08-11 16:49:58.434800] [INFO] [path_server] 노드 초기화 성공 : 로봇 좌표[22.003m 14.499m -179.565°] 최단 거리 노드[111] 거리(0.003320m)
[2026-08-11 16:50:23.449380] [INFO] [path_server] 경로 삭제
[2026-08-11 16:50:23.489298] [INFO] [path_server] 경로 삭제
[2026-08-11 16:50:24.228024] [INFO] [path_server] 새로운 경로 설정 : path[111 ➜ 1025] time[0s] dist[37.5m] list[26] : 111-1168-1169-1170-1171-1172-1091-1092-1093-1094-1095-1074-1075-1076-1018-1019-1020-1011-1004-1005-1006-1021-1022-1023-1024-1025
[2026-08-11 16:50:28.919152] [INFO] [path_server] 노드 업데이트 : [1168] ➜ [1169]
[2026-08-11 16:50:28.999088] [INFO] [path_server] 새로운 경로 설정 : path[1168 ➜ 1025] time[0s] dist[36m] list[25] : 1168-1169-1170-1171-1172-1091-1092-1093-1094-1095-1074-1075-1076-1018-1019-1020-1011-1004-1005-1006-1021-1022-1023-1024-1025
[2026-08-11 16:50:32.611923] [INFO] [path_server] 노드 업데이트 : [1169] ➜ [1170]
[2026-08-11 16:50:32.691838] [INFO] [path_server] 새로운 경로 설정 : path[1169 ➜ 1025] time[0s] dist[34.5m] list[24] : 1169-1170-1171-1172-1091-1092-1093-1094-1095-1074-1075-1076-1018-1019-1020-1011-1004-1005-1006-1021-1022-1023-1024-1025
[2026-08-11 16:50:33.729838] [INFO] [path_server] 노드 업데이트 : [1170] ➜ [1171]
[2026-08-11 16:50:33.789713] [INFO] [path_server] 새로운 경로 설정 : path[1170 ➜ 1025] time[0s] dist[33m] list[23] : 1170-1171-1172-1091-1092-1093-1094-1095-1074-1075-1076-1018-1019-1020-1011-1004-1005-1006-1021-1022-1023-1024-1025
[2026-08-11 16:50:34.548515] [INFO] [path_server] 노드 업데이트 : [1171] ➜ [1172]
[2026-08-11 16:50:34.628365] [INFO] [path_server] 새로운 경로 설정 : path[1171 ➜ 1025] time[0s] dist[31.5m] list[22] : 1171-1172-1091-1092-1093-1094-1095-1074-1075-1076-1018-1019-1020-1011-1004-1005-1006-1021-1022-1023-1024-1025
[2026-08-11 16:50:35.287113] [INFO] [path_server] 노드 업데이트 : [1172] ➜ [1091]
[2026-08-11 16:50:35.347059] [INFO] [path_server] 새로운 경로 설정 : path[1172 ➜ 1025] time[0s] dist[30m] list[21] : 1172-1091-1092-1093-1094-1095-1074-1075-1076-1018-1019-1020-1011-1004-1005-1006-1021-1022-1023-1024-1025
[2026-08-11 16:50:36.345120] [INFO] [path_server] 노드 업데이트 : [1091] ➜ [1092]
[2026-08-11 16:50:36.424981] [INFO] [path_server] 새로운 경로 설정 : path[1091 ➜ 1025] time[0s] dist[28.5m] list[20] : 1091-1092-1093-1094-1095-1074-1075-1076-1018-1019-1020-1011-1004-1005-1006-1021-1022-1023-1024-1025
[2026-08-11 16:50:39.618641] [INFO] [path_server] 노드 업데이트 : [1092] ➜ [1093]
[2026-08-11 16:50:39.698573] [INFO] [path_server] 새로운 경로 설정 : path[1092 ➜ 1025] time[0s] dist[27m] list[19] : 1092-1093-1094-1095-1074-1075-1076-1018-1019-1020-1011-1004-1005-1006-1021-1022-1023-1024-1025
[2026-08-11 16:50:40.856340] [INFO] [path_server] 노드 업데이트 : [1093] ➜ [1094]
[2026-08-11 16:50:40.916236] [INFO] [path_server] 새로운 경로 설정 : path[1093 ➜ 1025] time[0s] dist[25.5m] list[18] : 1093-1094-1095-1074-1075-1076-1018-1019-1020-1011-1004-1005-1006-1021-1022-1023-1024-1025
[2026-08-11 16:50:41.734795] [INFO] [path_server] 노드 업데이트 : [1094] ➜ [1095]
[2026-08-11 16:50:41.814689] [INFO] [path_server] 새로운 경로 설정 : path[1094 ➜ 1025] time[0s] dist[24m] list[17] : 1094-1095-1074-1075-1076-1018-1019-1020-1011-1004-1005-1006-1021-1022-1023-1024-1025
[2026-08-11 16:50:43.052318] [INFO] [path_server] 노드 업데이트 : [1095] ➜ [1074]
[2026-08-11 16:50:43.112236] [INFO] [path_server] 새로운 경로 설정 : path[1095 ➜ 1025] time[0s] dist[22.5m] list[16] : 1095-1074-1075-1076-1018-1019-1020-1011-1004-1005-1006-1021-1022-1023-1024-1025
[2026-08-11 16:50:46.386318] [INFO] [path_server] 노드 업데이트 : [1074] ➜ [1075]
[2026-08-11 16:50:46.466180] [INFO] [path_server] 새로운 경로 설정 : path[1074 ➜ 1025] time[0s] dist[21m] list[15] : 1074-1075-1076-1018-1019-1020-1011-1004-1005-1006-1021-1022-1023-1024-1025
[2026-08-11 16:50:47.524021] [INFO] [path_server] 노드 업데이트 : [1075] ➜ [1076]
[2026-08-11 16:50:47.603856] [INFO] [path_server] 새로운 경로 설정 : path[1075 ➜ 1025] time[0s] dist[19.5m] list[14] : 1075-1076-1018-1019-1020-1011-1004-1005-1006-1021-1022-1023-1024-1025
[2026-08-11 16:50:48.342402] [INFO] [path_server] 노드 업데이트 : [1076] ➜ [1018]
[2026-08-11 16:50:48.422341] [INFO] [path_server] 새로운 경로 설정 : path[1076 ➜ 1025] time[0s] dist[18m] list[13] : 1076-1018-1019-1020-1011-1004-1005-1006-1021-1022-1023-1024-1025
[2026-08-11 16:50:49.101242] [INFO] [path_server] 노드 업데이트 : [1018] ➜ [1019]
[2026-08-11 16:50:49.161165] [INFO] [path_server] 새로운 경로 설정 : path[1018 ➜ 1025] time[0s] dist[16.5m] list[12] : 1018-1019-1020-1011-1004-1005-1006-1021-1022-1023-1024-1025
[2026-08-11 16:50:49.859889] [INFO] [path_server] 노드 업데이트 : [1019] ➜ [1020]
[2026-08-11 16:50:49.939744] [INFO] [path_server] 새로운 경로 설정 : path[1019 ➜ 1025] time[0s] dist[15m] list[11] : 1019-1020-1011-1004-1005-1006-1021-1022-1023-1024-1025
[2026-08-11 16:50:50.598427] [INFO] [path_server] 노드 업데이트 : [1020] ➜ [1011]
[2026-08-11 16:50:50.658331] [INFO] [path_server] 새로운 경로 설정 : path[1020 ➜ 1025] time[0s] dist[13.5m] list[10] : 1020-1011-1004-1005-1006-1021-1022-1023-1024-1025
[2026-08-11 16:50:51.356987] [INFO] [path_server] 노드 업데이트 : [1011] ➜ [1004]
[2026-08-11 16:50:51.436849] [INFO] [path_server] 새로운 경로 설정 : path[1011 ➜ 1025] time[0s] dist[12m] list[9] : 1011-1004-1005-1006-1021-1022-1023-1024-1025
[2026-08-11 16:50:52.674685] [INFO] [path_server] 노드 업데이트 : [1004] ➜ [1005]
[2026-08-11 16:50:52.754558] [INFO] [path_server] 새로운 경로 설정 : path[1004 ➜ 1025] time[0s] dist[10.5m] list[8] : 1004-1005-1006-1021-1022-1023-1024-1025
[2026-08-11 16:50:56.029062] [INFO] [path_server] 노드 업데이트 : [1005] ➜ [1006]
[2026-08-11 16:50:56.088991] [INFO] [path_server] 새로운 경로 설정 : path[1005 ➜ 1025] time[0s] dist[9m] list[7] : 1005-1006-1021-1022-1023-1024-1025
[2026-08-11 16:50:57.166870] [INFO] [path_server] 노드 업데이트 : [1006] ➜ [1021]
[2026-08-11 16:50:57.226798] [INFO] [path_server] 새로운 경로 설정 : path[1006 ➜ 1025] time[0s] dist[7.5m] list[6] : 1006-1021-1022-1023-1024-1025
[2026-08-11 16:50:57.985298] [INFO] [path_server] 노드 업데이트 : [1021] ➜ [1022]
[2026-08-11 16:50:58.065169] [INFO] [path_server] 새로운 경로 설정 : path[1021 ➜ 1025] time[0s] dist[6m] list[5] : 1021-1022-1023-1024-1025
[2026-08-11 16:50:58.743782] [INFO] [path_server] 노드 업데이트 : [1022] ➜ [1023]
[2026-08-11 16:50:58.823739] [INFO] [path_server] 새로운 경로 설정 : path[1022 ➜ 1025] time[0s] dist[4.5m] list[4] : 1022-1023-1024-1025
[2026-08-11 16:50:59.502386] [INFO] [path_server] 노드 업데이트 : [1023] ➜ [1024]
[2026-08-11 16:50:59.562300] [INFO] [path_server] 새로운 경로 설정 : path[1023 ➜ 1025] time[0s] dist[3m] list[3] : 1023-1024-1025
[2026-08-11 16:51:00.240885] [INFO] [path_server] 노드 업데이트 : [1024] ➜ [1025]
[2026-08-11 16:51:00.320784] [INFO] [path_server] 새로운 경로 설정 : path[1024 ➜ 1025] time[0s] dist[1.5m] list[2] : 1024-1025
[2026-08-11 16:51:02.476324] [INFO] [path_server] 노드 업데이트 : [1025] ➜ [-1]
[2026-08-11 16:51:05.410699] [INFO] [path_server] 노드 업데이트 : [1025] ➜ [-1]
[2026-08-11 16:51:05.490531] [INFO] [path_server] 경로 삭제
[2026-08-11 16:51:10.601091] [INFO] [path_server] 새로운 경로 설정 : path[1025 ➜ 109] time[0s] dist[25.5m] list[18] : 1025-1026-1027-1028-1148-1077-1029-1030-1031-1032-1033-1034-1007-1167-1168-1169-1170-109
[2026-08-11 16:51:12.936516] [INFO] [path_server] 노드 업데이트 : [1026] ➜ [1027]
[2026-08-11 16:51:13.016374] [INFO] [path_server] 새로운 경로 설정 : path[1026 ➜ 109] time[0s] dist[24m] list[17] : 1026-1027-1028-1148-1077-1029-1030-1031-1032-1033-1034-1007-1167-1168-1169-1170-109
[2026-08-11 16:51:13.994323] [INFO] [path_server] 노드 업데이트 : [1027] ➜ [1028]
[2026-08-11 16:51:14.074226] [INFO] [path_server] 새로운 경로 설정 : path[1027 ➜ 109] time[0s] dist[22.5m] list[16] : 1027-1028-1148-1077-1029-1030-1031-1032-1033-1034-1007-1167-1168-1169-1170-109
[2026-08-11 16:51:14.792681] [INFO] [path_server] 노드 업데이트 : [1028] ➜ [1148]
[2026-08-11 16:51:14.872610] [INFO] [path_server] 새로운 경로 설정 : path[1028 ➜ 109] time[0s] dist[21m] list[15] : 1028-1148-1077-1029-1030-1031-1032-1033-1034-1007-1167-1168-1169-1170-109
[2026-08-11 16:51:16.110046] [INFO] [path_server] 노드 업데이트 : [1148] ➜ [1077]
[2026-08-11 16:51:16.189916] [INFO] [path_server] 새로운 경로 설정 : path[1148 ➜ 109] time[0s] dist[19.5m] list[14] : 1148-1077-1029-1030-1031-1032-1033-1034-1007-1167-1168-1169-1170-109
[2026-08-11 16:51:19.184191] [INFO] [path_server] 노드 업데이트 : [1077] ➜ [1029]
[2026-08-11 16:51:19.264140] [INFO] [path_server] 새로운 경로 설정 : path[1077 ➜ 109] time[0s] dist[18m] list[13] : 1077-1029-1030-1031-1032-1033-1034-1007-1167-1168-1169-1170-109
[2026-08-11 16:51:22.557478] [INFO] [path_server] 노드 업데이트 : [1029] ➜ [1030]
[2026-08-11 16:51:22.637353] [INFO] [path_server] 새로운 경로 설정 : path[1029 ➜ 109] time[0s] dist[16.5m] list[12] : 1029-1030-1031-1032-1033-1034-1007-1167-1168-1169-1170-109
[2026-08-11 16:51:23.695256] [INFO] [path_server] 노드 업데이트 : [1030] ➜ [1031]
[2026-08-11 16:51:23.775122] [INFO] [path_server] 새로운 경로 설정 : path[1030 ➜ 109] time[0s] dist[15m] list[11] : 1030-1031-1032-1033-1034-1007-1167-1168-1169-1170-109
[2026-08-11 16:51:24.513635] [INFO] [path_server] 노드 업데이트 : [1031] ➜ [1032]
[2026-08-11 16:51:24.593576] [INFO] [path_server] 새로운 경로 설정 : path[1031 ➜ 109] time[0s] dist[13.5m] list[10] : 1031-1032-1033-1034-1007-1167-1168-1169-1170-109
[2026-08-11 16:51:25.272065] [INFO] [path_server] 노드 업데이트 : [1032] ➜ [1033]
[2026-08-11 16:51:25.331984] [INFO] [path_server] 새로운 경로 설정 : path[1032 ➜ 109] time[0s] dist[12m] list[9] : 1032-1033-1034-1007-1167-1168-1169-1170-109
[2026-08-11 16:51:26.030483] [INFO] [path_server] 노드 업데이트 : [1033] ➜ [1034]
[2026-08-11 16:51:26.110364] [INFO] [path_server] 새로운 경로 설정 : path[1033 ➜ 109] time[0s] dist[10.5m] list[8] : 1033-1034-1007-1167-1168-1169-1170-109
[2026-08-11 16:51:26.769303] [INFO] [path_server] 노드 업데이트 : [1034] ➜ [1007]
[2026-08-11 16:51:26.829215] [INFO] [path_server] 새로운 경로 설정 : path[1034 ➜ 109] time[0s] dist[9m] list[7] : 1034-1007-1167-1168-1169-1170-109
[2026-08-11 16:51:28.086665] [INFO] [path_server] 노드 업데이트 : [1007] ➜ [1167]
[2026-08-11 16:51:28.146562] [INFO] [path_server] 새로운 경로 설정 : path[1007 ➜ 109] time[0s] dist[7.5m] list[6] : 1007-1167-1168-1169-1170-109
[2026-08-11 16:51:31.460092] [INFO] [path_server] 노드 업데이트 : [1167] ➜ [1168]
[2026-08-11 16:51:31.539956] [INFO] [path_server] 새로운 경로 설정 : path[1167 ➜ 109] time[0s] dist[6m] list[5] : 1167-1168-1169-1170-109
[2026-08-11 16:51:32.577842] [INFO] [path_server] 노드 업데이트 : [1168] ➜ [1169]
[2026-08-11 16:51:32.657815] [INFO] [path_server] 새로운 경로 설정 : path[1168 ➜ 109] time[0s] dist[4.5m] list[4] : 1168-1169-1170-109
[2026-08-11 16:51:33.396346] [INFO] [path_server] 노드 업데이트 : [1169] ➜ [1170]
[2026-08-11 16:51:33.456244] [INFO] [path_server] 새로운 경로 설정 : path[1169 ➜ 109] time[0s] dist[3m] list[3] : 1169-1170-109
[2026-08-11 16:51:34.813734] [INFO] [path_server] 노드 업데이트 : [1170] ➜ [109]
[2026-08-11 16:51:34.893586] [INFO] [path_server] 새로운 경로 설정 : path[1170 ➜ 109] time[0s] dist[1.5m] list[2] : 1170-109
[2026-08-11 16:51:40.382693] [INFO] [path_server] 노드 업데이트 : [109] ➜ [-1]
[2026-08-11 16:51:43.297217] [INFO] [path_server] 노드 업데이트 : [109] ➜ [-1]
[2026-08-11 16:52:17.168373] [INFO] [path_server] 생성
[2026-08-11 16:52:17.168418] [INFO] [path_server] 경로 삭제
[2026-08-11 16:52:17.170035] [INFO] [path_server] 노드 초기화 성공 : 로봇 좌표[22.004m 17.498m -179.726°] 최단 거리 노드[109] 거리(0.004217m)
[2026-08-11 16:52:47.870568] [INFO] [path_server] 경로 삭제
[2026-08-11 16:52:47.910500] [INFO] [path_server] 경로 삭제
[2026-08-11 16:53:49.511926] [INFO] [path_server] 새로운 경로 설정 : path[109 ➜ 1099] time[0s] dist[18m] list[13] : 109-1170-1171-1172-1091-1092-1093-1094-1095-1096-1097-1098-1099
[2026-08-11 16:53:54.203159] [INFO] [path_server] 노드 업데이트 : [1170] ➜ [1171]
[2026-08-11 16:53:54.283057] [INFO] [path_server] 새로운 경로 설정 : path[1170 ➜ 1099] time[0s] dist[16.5m] list[12] : 1170-1171-1172-1091-1092-1093-1094-1095-1096-1097-1098-1099
[2026-08-11 16:53:57.896081] [INFO] [path_server] 노드 업데이트 : [1171] ➜ [1172]
[2026-08-11 16:53:57.976023] [INFO] [path_server] 새로운 경로 설정 : path[1171 ➜ 1099] time[0s] dist[15m] list[11] : 1171-1172-1091-1092-1093-1094-1095-1096-1097-1098-1099
[2026-08-11 16:53:59.014004] [INFO] [path_server] 노드 업데이트 : [1172] ➜ [1091]
[2026-08-11 16:53:59.073906] [INFO] [path_server] 새로운 경로 설정 : path[1172 ➜ 1099] time[0s] dist[13.5m] list[10] : 1172-1091-1092-1093-1094-1095-1096-1097-1098-1099
[2026-08-11 16:54:00.051955] [INFO] [path_server] 노드 업데이트 : [1091] ➜ [1092]
[2026-08-11 16:54:00.131836] [INFO] [path_server] 새로운 경로 설정 : path[1091 ➜ 1099] time[0s] dist[12m] list[9] : 1091-1092-1093-1094-1095-1096-1097-1098-1099
[2026-08-11 16:54:03.305645] [INFO] [path_server] 노드 업데이트 : [1092] ➜ [1093]
[2026-08-11 16:54:03.385549] [INFO] [path_server] 새로운 경로 설정 : path[1092 ➜ 1099] time[0s] dist[10.5m] list[8] : 1092-1093-1094-1095-1096-1097-1098-1099
[2026-08-11 16:54:04.563255] [INFO] [path_server] 노드 업데이트 : [1093] ➜ [1094]
[2026-08-11 16:54:04.663103] [INFO] [path_server] 새로운 경로 설정 : path[1093 ➜ 1099] time[0s] dist[9m] list[7] : 1093-1094-1095-1096-1097-1098-1099
[2026-08-11 16:54:05.421692] [INFO] [path_server] 노드 업데이트 : [1094] ➜ [1095]
[2026-08-11 16:54:05.501586] [INFO] [path_server] 새로운 경로 설정 : path[1094 ➜ 1099] time[0s] dist[7.5m] list[6] : 1094-1095-1096-1097-1098-1099
[2026-08-11 16:54:06.180236] [INFO] [path_server] 노드 업데이트 : [1095] ➜ [1096]
[2026-08-11 16:54:06.240155] [INFO] [path_server] 새로운 경로 설정 : path[1095 ➜ 1099] time[0s] dist[6m] list[5] : 1095-1096-1097-1098-1099
[2026-08-11 16:54:06.918769] [INFO] [path_server] 노드 업데이트 : [1096] ➜ [1097]
[2026-08-11 16:54:06.998697] [INFO] [path_server] 새로운 경로 설정 : path[1096 ➜ 1099] time[0s] dist[4.5m] list[4] : 1096-1097-1098-1099
[2026-08-11 16:54:07.677406] [INFO] [path_server] 노드 업데이트 : [1097] ➜ [1098]
[2026-08-11 16:54:07.737321] [INFO] [path_server] 새로운 경로 설정 : path[1097 ➜ 1099] time[0s] dist[3m] list[3] : 1097-1098-1099
[2026-08-11 16:54:08.416012] [INFO] [path_server] 노드 업데이트 : [1098] ➜ [1099]
[2026-08-11 16:54:08.495885] [INFO] [path_server] 새로운 경로 설정 : path[1098 ➜ 1099] time[0s] dist[1.5m] list[2] : 1098-1099
[2026-08-11 16:54:10.671891] [INFO] [path_server] 노드 업데이트 : [1099] ➜ [-1]
[2026-08-11 16:54:13.586484] [INFO] [path_server] 노드 업데이트 : [1099] ➜ [-1]
[2026-08-11 16:54:13.666351] [INFO] [path_server] 경로 삭제
[2026-08-11 16:54:18.777539] [INFO] [path_server] 새로운 경로 설정 : path[1099 ➜ 105] time[0s] dist[40.5003m] list[28] : 1099-1100-1101-1102-1103-1104-1105-1106-1107-1108-1109-1110-1111-1112-1113-1114-1115-1116-1117-1118-1119-1120-1121-1122-1123-1179-1180-105
[2026-08-11 16:54:21.113815] [INFO] [path_server] 노드 업데이트 : [1100] ➜ [1101]
[2026-08-11 16:54:21.193945] [INFO] [path_server] 새로운 경로 설정 : path[1100 ➜ 105] time[0s] dist[39.0003m] list[27] : 1100-1101-1102-1103-1104-1105-1106-1107-1108-1109-1110-1111-1112-1113-1114-1115-1116-1117-1118-1119-1120-1121-1122-1123-1179-1180-105
[2026-08-11 16:54:22.171730] [INFO] [path_server] 노드 업데이트 : [1101] ➜ [1102]
[2026-08-11 16:54:22.251677] [INFO] [path_server] 새로운 경로 설정 : path[1101 ➜ 105] time[0s] dist[37.5003m] list[26] : 1101-1102-1103-1104-1105-1106-1107-1108-1109-1110-1111-1112-1113-1114-1115-1116-1117-1118-1119-1120-1121-1122-1123-1179-1180-105
[2026-08-11 16:54:22.970242] [INFO] [path_server] 노드 업데이트 : [1102] ➜ [1103]
[2026-08-11 16:54:23.050051] [INFO] [path_server] 새로운 경로 설정 : path[1102 ➜ 105] time[0s] dist[36.0003m] list[25] : 1102-1103-1104-1105-1106-1107-1108-1109-1110-1111-1112-1113-1114-1115-1116-1117-1118-1119-1120-1121-1122-1123-1179-1180-105
[2026-08-11 16:54:23.728738] [INFO] [path_server] 노드 업데이트 : [1103] ➜ [1104]
[2026-08-11 16:54:23.808685] [INFO] [path_server] 새로운 경로 설정 : path[1103 ➜ 105] time[0s] dist[34.5003m] list[24] : 1103-1104-1105-1106-1107-1108-1109-1110-1111-1112-1113-1114-1115-1116-1117-1118-1119-1120-1121-1122-1123-1179-1180-105
[2026-08-11 16:54:24.467430] [INFO] [path_server] 노드 업데이트 : [1104] ➜ [1105]
[2026-08-11 16:54:24.547324] [INFO] [path_server] 새로운 경로 설정 : path[1104 ➜ 105] time[0s] dist[33.0003m] list[23] : 1104-1105-1106-1107-1108-1109-1110-1111-1112-1113-1114-1115-1116-1117-1118-1119-1120-1121-1122-1123-1179-1180-105
[2026-08-11 16:54:25.884563] [INFO] [path_server] 노드 업데이트 : [1105] ➜ [1106]
[2026-08-11 16:54:25.964495] [INFO] [path_server] 새로운 경로 설정 : path[1105 ➜ 105] time[0s] dist[31.5003m] list[22] : 1105-1106-1107-1108-1109-1110-1111-1112-1113-1114-1115-1116-1117-1118-1119-1120-1121-1122-1123-1179-1180-105
[2026-08-11 16:54:29.338180] [INFO] [path_server] 노드 업데이트 : [1106] ➜ [1107]
[2026-08-11 16:54:29.398097] [INFO] [path_server] 새로운 경로 설정 : path[1106 ➜ 105] time[0s] dist[30.0001m] list[21] : 1106-1107-1108-1109-1110-1111-1112-1113-1114-1115-1116-1117-1118-1119-1120-1121-1122-1123-1179-1180-105
[2026-08-11 16:54:30.456026] [INFO] [path_server] 노드 업데이트 : [1107] ➜ [1108]
[2026-08-11 16:54:30.535914] [INFO] [path_server] 새로운 경로 설정 : path[1107 ➜ 105] time[0s] dist[28.5m] list[20] : 1107-1108-1109-1110-1111-1112-1113-1114-1115-1116-1117-1118-1119-1120-1121-1122-1123-1179-1180-105
[2026-08-11 16:54:31.274276] [INFO] [path_server] 노드 업데이트 : [1108] ➜ [1109]
[2026-08-11 16:54:31.354205] [INFO] [path_server] 새로운 경로 설정 : path[1108 ➜ 105] time[0s] dist[27m] list[19] : 1108-1109-1110-1111-1112-1113-1114-1115-1116-1117-1118-1119-1120-1121-1122-1123-1179-1180-105
[2026-08-11 16:54:32.012930] [INFO] [path_server] 노드 업데이트 : [1109] ➜ [1110]
[2026-08-11 16:54:32.092810] [INFO] [path_server] 새로운 경로 설정 : path[1109 ➜ 105] time[0s] dist[25.5m] list[18] : 1109-1110-1111-1112-1113-1114-1115-1116-1117-1118-1119-1120-1121-1122-1123-1179-1180-105
[2026-08-11 16:54:32.771436] [INFO] [path_server] 노드 업데이트 : [1110] ➜ [1111]
[2026-08-11 16:54:32.851365] [INFO] [path_server] 새로운 경로 설정 : path[1110 ➜ 105] time[0s] dist[24m] list[17] : 1110-1111-1112-1113-1114-1115-1116-1117-1118-1119-1120-1121-1122-1123-1179-1180-105
[2026-08-11 16:54:33.510068] [INFO] [path_server] 노드 업데이트 : [1111] ➜ [1112]
[2026-08-11 16:54:33.609901] [INFO] [path_server] 새로운 경로 설정 : path[1111 ➜ 105] time[0s] dist[22.5m] list[16] : 1111-1112-1113-1114-1115-1116-1117-1118-1119-1120-1121-1122-1123-1179-1180-105
[2026-08-11 16:54:34.268544] [INFO] [path_server] 노드 업데이트 : [1112] ➜ [1113]
[2026-08-11 16:54:34.348405] [INFO] [path_server] 새로운 경로 설정 : path[1112 ➜ 105] time[0s] dist[21m] list[15] : 1112-1113-1114-1115-1116-1117-1118-1119-1120-1121-1122-1123-1179-1180-105
[2026-08-11 16:54:35.027082] [INFO] [path_server] 노드 업데이트 : [1113] ➜ [1114]
[2026-08-11 16:54:35.106983] [INFO] [path_server] 새로운 경로 설정 : path[1113 ➜ 105] time[0s] dist[19.5m] list[14] : 1113-1114-1115-1116-1117-1118-1119-1120-1121-1122-1123-1179-1180-105
[2026-08-11 16:54:35.765700] [INFO] [path_server] 노드 업데이트 : [1114] ➜ [1115]
[2026-08-11 16:54:35.845598] [INFO] [path_server] 새로운 경로 설정 : path[1114 ➜ 105] time[0s] dist[18m] list[13] : 1114-1115-1116-1117-1118-1119-1120-1121-1122-1123-1179-1180-105
[2026-08-11 16:54:36.524212] [INFO] [path_server] 노드 업데이트 : [1115] ➜ [1116]
[2026-08-11 16:54:36.604157] [INFO] [path_server] 새로운 경로 설정 : path[1115 ➜ 105] time[0s] dist[16.5m] list[12] : 1115-1116-1117-1118-1119-1120-1121-1122-1123-1179-1180-105
[2026-08-11 16:54:37.262823] [INFO] [path_server] 노드 업데이트 : [1116] ➜ [1117]
[2026-08-11 16:54:37.342680] [INFO] [path_server] 새로운 경로 설정 : path[1116 ➜ 105] time[0s] dist[15m] list[11] : 1116-1117-1118-1119-1120-1121-1122-1123-1179-1180-105
[2026-08-11 16:54:38.021310] [INFO] [path_server] 노드 업데이트 : [1117] ➜ [1118]
[2026-08-11 16:54:38.101223] [INFO] [path_server] 새로운 경로 설정 : path[1117 ➜ 105] time[0s] dist[13.5m] list[10] : 1117-1118-1119-1120-1121-1122-1123-1179-1180-105
[2026-08-11 16:54:38.759914] [INFO] [path_server] 노드 업데이트 : [1118] ➜ [1119]
[2026-08-11 16:54:38.839803] [INFO] [path_server] 새로운 경로 설정 : path[1118 ➜ 105] time[0s] dist[12m] list[9] : 1118-1119-1120-1121-1122-1123-1179-1180-105
[2026-08-11 16:54:39.518347] [INFO] [path_server] 노드 업데이트 : [1119] ➜ [1120]
[2026-08-11 16:54:39.598260] [INFO] [path_server] 새로운 경로 설정 : path[1119 ➜ 105] time[0s] dist[10.5m] list[8] : 1119-1120-1121-1122-1123-1179-1180-105
[2026-08-11 16:54:40.356682] [INFO] [path_server] 노드 업데이트 : [1120] ➜ [1121]
[2026-08-11 16:54:40.436566] [INFO] [path_server] 새로운 경로 설정 : path[1120 ➜ 105] time[0s] dist[9m] list[7] : 1120-1121-1122-1123-1179-1180-105
[2026-08-11 16:54:44.009653] [INFO] [path_server] 노드 업데이트 : [1121] ➜ [1122]
[2026-08-11 16:54:44.089699] [INFO] [path_server] 새로운 경로 설정 : path[1121 ➜ 105] time[0s] dist[7.5m] list[6] : 1121-1122-1123-1179-1180-105
[2026-08-11 16:54:45.367146] [INFO] [path_server] 노드 업데이트 : [1122] ➜ [1123]
[2026-08-11 16:54:45.447071] [INFO] [path_server] 새로운 경로 설정 : path[1122 ➜ 105] time[0s] dist[6m] list[5] : 1122-1123-1179-1180-105
[2026-08-11 16:54:46.425362] [INFO] [path_server] 노드 업데이트 : [1123] ➜ [1179]
[2026-08-11 16:54:46.485299] [INFO] [path_server] 새로운 경로 설정 : path[1123 ➜ 105] time[0s] dist[4.5m] list[4] : 1123-1179-1180-105
[2026-08-11 16:54:49.738834] [INFO] [path_server] 노드 업데이트 : [1179] ➜ [1180]
[2026-08-11 16:54:49.818762] [INFO] [path_server] 새로운 경로 설정 : path[1179 ➜ 105] time[0s] dist[3m] list[3] : 1179-1180-105
[2026-08-11 16:54:51.116061] [INFO] [path_server] 노드 업데이트 : [1180] ➜ [105]
[2026-08-11 16:54:51.195982] [INFO] [path_server] 새로운 경로 설정 : path[1180 ➜ 105] time[0s] dist[1.5m] list[2] : 1180-105
[2026-08-11 16:54:56.325999] [INFO] [path_server] 노드 업데이트 : [105] ➜ [-1]
[2026-08-11 16:54:59.240346] [INFO] [path_server] 노드 업데이트 : [105] ➜ [-1]
[2026-08-11 16:55:32.236301] [INFO] [path_server] 경로 삭제
[2026-08-11 16:55:32.276207] [INFO] [path_server] 경로 삭제
[2026-08-11 16:56:46.050872] [INFO] [path_server] 경로 삭제
[2026-08-11 16:56:46.070811] [INFO] [path_server] 경로 삭제
[2026-08-11 16:57:59.906522] [INFO] [path_server] 경로 삭제
[2026-08-11 16:57:59.946438] [INFO] [path_server] 경로 삭제
[2026-08-11 16:59:08.411579] [INFO] [path_server] 새로운 경로 설정 : path[105 ➜ 206] time[0s] dist[33m] list[23] : 105-1180-1181-1182-1183-1184-1045-1046-1047-1048-1001-1002-1003-1004-1013-1049-1050-1014-1201-1200-1202-1203-206
[2026-08-11 16:59:11.265768] [INFO] [path_server] 새로운 경로 설정 : path[1180 ➜ 201] time[0s] dist[34.5m] list[25] : 105-1180-1181-1182-1183-1184-1045-1046-1047-1048-1001-1002-1003-1004-1005-1010-1017-1063-1064-1018-1158-1159-1160-1161-201
[2026-08-11 16:59:15.577988] [INFO] [path_server] 노드 업데이트 : [1180] ➜ [1181]
[2026-08-11 16:59:15.657877] [INFO] [path_server] 새로운 경로 설정 : path[1180 ➜ 201] time[0s] dist[34.5m] list[24] : 1180-1181-1182-1183-1184-1045-1046-1047-1048-1001-1002-1003-1004-1005-1010-1017-1063-1064-1018-1158-1159-1160-1161-201
[2026-08-11 16:59:19.191054] [INFO] [path_server] 노드 업데이트 : [1181] ➜ [1182]
[2026-08-11 16:59:19.271008] [INFO] [path_server] 새로운 경로 설정 : path[1181 ➜ 201] time[0s] dist[33m] list[23] : 1181-1182-1183-1184-1045-1046-1047-1048-1001-1002-1003-1004-1005-1010-1017-1063-1064-1018-1158-1159-1160-1161-201
[2026-08-11 16:59:20.328674] [INFO] [path_server] 노드 업데이트 : [1182] ➜ [1183]
[2026-08-11 16:59:20.408597] [INFO] [path_server] 새로운 경로 설정 : path[1182 ➜ 201] time[0s] dist[31.5m] list[22] : 1182-1183-1184-1045-1046-1047-1048-1001-1002-1003-1004-1005-1010-1017-1063-1064-1018-1158-1159-1160-1161-201
[2026-08-11 16:59:21.147238] [INFO] [path_server] 노드 업데이트 : [1183] ➜ [1184]
[2026-08-11 16:59:21.207145] [INFO] [path_server] 새로운 경로 설정 : path[1183 ➜ 201] time[0s] dist[30m] list[21] : 1183-1184-1045-1046-1047-1048-1001-1002-1003-1004-1005-1010-1017-1063-1064-1018-1158-1159-1160-1161-201
[2026-08-11 16:59:21.905706] [INFO] [path_server] 노드 업데이트 : [1184] ➜ [1045]
[2026-08-11 16:59:21.985545] [INFO] [path_server] 새로운 경로 설정 : path[1184 ➜ 201] time[0s] dist[28.5m] list[20] : 1184-1045-1046-1047-1048-1001-1002-1003-1004-1005-1010-1017-1063-1064-1018-1158-1159-1160-1161-201
[2026-08-11 16:59:23.223027] [INFO] [path_server] 노드 업데이트 : [1045] ➜ [1046]
[2026-08-11 16:59:23.302889] [INFO] [path_server] 새로운 경로 설정 : path[1045 ➜ 201] time[0s] dist[27m] list[19] : 1045-1046-1047-1048-1001-1002-1003-1004-1005-1010-1017-1063-1064-1018-1158-1159-1160-1161-201
[2026-08-11 16:59:26.576225] [INFO] [path_server] 노드 업데이트 : [1046] ➜ [1047]
[2026-08-11 16:59:26.656102] [INFO] [path_server] 새로운 경로 설정 : path[1046 ➜ 201] time[0s] dist[25.5m] list[18] : 1046-1047-1048-1001-1002-1003-1004-1005-1010-1017-1063-1064-1018-1158-1159-1160-1161-201
[2026-08-11 16:59:27.693917] [INFO] [path_server] 노드 업데이트 : [1047] ➜ [1048]
[2026-08-11 16:59:27.773818] [INFO] [path_server] 새로운 경로 설정 : path[1047 ➜ 201] time[0s] dist[24m] list[17] : 1047-1048-1001-1002-1003-1004-1005-1010-1017-1063-1064-1018-1158-1159-1160-1161-201
[2026-08-11 16:59:28.532140] [INFO] [path_server] 노드 업데이트 : [1048] ➜ [1001]
[2026-08-11 16:59:28.612065] [INFO] [path_server] 새로운 경로 설정 : path[1048 ➜ 201] time[0s] dist[22.5m] list[16] : 1048-1001-1002-1003-1004-1005-1010-1017-1063-1064-1018-1158-1159-1160-1161-201
[2026-08-11 16:59:29.270678] [INFO] [path_server] 노드 업데이트 : [1001] ➜ [1002]
[2026-08-11 16:59:29.350563] [INFO] [path_server] 새로운 경로 설정 : path[1001 ➜ 201] time[0s] dist[21m] list[15] : 1001-1002-1003-1004-1005-1010-1017-1063-1064-1018-1158-1159-1160-1161-201
[2026-08-11 16:59:30.029083] [INFO] [path_server] 노드 업데이트 : [1002] ➜ [1003]
[2026-08-11 16:59:30.109017] [INFO] [path_server] 새로운 경로 설정 : path[1002 ➜ 201] time[0s] dist[19.5m] list[14] : 1002-1003-1004-1005-1010-1017-1063-1064-1018-1158-1159-1160-1161-201
[2026-08-11 16:59:30.767664] [INFO] [path_server] 노드 업데이트 : [1003] ➜ [1004]
[2026-08-11 16:59:30.827568] [INFO] [path_server] 새로운 경로 설정 : path[1003 ➜ 201] time[0s] dist[18m] list[13] : 1003-1004-1005-1010-1017-1063-1064-1018-1158-1159-1160-1161-201
[2026-08-11 16:59:31.526149] [INFO] [path_server] 노드 업데이트 : [1004] ➜ [1005]
[2026-08-11 16:59:31.606027] [INFO] [path_server] 새로운 경로 설정 : path[1004 ➜ 201] time[0s] dist[16.5m] list[12] : 1004-1005-1010-1017-1063-1064-1018-1158-1159-1160-1161-201
[2026-08-11 16:59:32.843585] [INFO] [path_server] 노드 업데이트 : [1005] ➜ [1010]
[2026-08-11 16:59:32.923449] [INFO] [path_server] 새로운 경로 설정 : path[1005 ➜ 201] time[0s] dist[15m] list[11] : 1005-1010-1017-1063-1064-1018-1158-1159-1160-1161-201
[2026-08-11 16:59:36.216776] [INFO] [path_server] 노드 업데이트 : [1010] ➜ [1017]
[2026-08-11 16:59:36.276702] [INFO] [path_server] 새로운 경로 설정 : path[1010 ➜ 201] time[0s] dist[13.5m] list[10] : 1010-1017-1063-1064-1018-1158-1159-1160-1161-201
[2026-08-11 16:59:37.334840] [INFO] [path_server] 노드 업데이트 : [1017] ➜ [1063]
[2026-08-11 16:59:37.414630] [INFO] [path_server] 새로운 경로 설정 : path[1017 ➜ 201] time[0s] dist[12m] list[9] : 1017-1063-1064-1018-1158-1159-1160-1161-201
[2026-08-11 16:59:38.153165] [INFO] [path_server] 노드 업데이트 : [1063] ➜ [1064]
[2026-08-11 16:59:38.233132] [INFO] [path_server] 새로운 경로 설정 : path[1063 ➜ 201] time[0s] dist[10.5m] list[8] : 1063-1064-1018-1158-1159-1160-1161-201
[2026-08-11 16:59:39.490512] [INFO] [path_server] 노드 업데이트 : [1064] ➜ [1018]
[2026-08-11 16:59:39.570391] [INFO] [path_server] 새로운 경로 설정 : path[1064 ➜ 201] time[0s] dist[9m] list[7] : 1064-1018-1158-1159-1160-1161-201
[2026-08-11 16:59:42.823813] [INFO] [path_server] 노드 업데이트 : [1018] ➜ [1158]
[2026-08-11 16:59:42.903659] [INFO] [path_server] 새로운 경로 설정 : path[1018 ➜ 201] time[0s] dist[7.5m] list[6] : 1018-1158-1159-1160-1161-201
[2026-08-11 16:59:43.961501] [INFO] [path_server] 노드 업데이트 : [1158] ➜ [1159]
[2026-08-11 16:59:44.041364] [INFO] [path_server] 새로운 경로 설정 : path[1158 ➜ 201] time[0s] dist[6m] list[5] : 1158-1159-1160-1161-201
[2026-08-11 16:59:44.779890] [INFO] [path_server] 노드 업데이트 : [1159] ➜ [1160]
[2026-08-11 16:59:44.859764] [INFO] [path_server] 새로운 경로 설정 : path[1159 ➜ 201] time[0s] dist[4.5m] list[4] : 1159-1160-1161-201
[2026-08-11 16:59:45.538396] [INFO] [path_server] 노드 업데이트 : [1160] ➜ [1161]
[2026-08-11 16:59:45.598289] [INFO] [path_server] 새로운 경로 설정 : path[1160 ➜ 201] time[0s] dist[3m] list[3] : 1160-1161-201
[2026-08-11 16:59:46.855634] [INFO] [path_server] 노드 업데이트 : [1161] ➜ [201]
[2026-08-11 16:59:46.915538] [INFO] [path_server] 새로운 경로 설정 : path[1161 ➜ 201] time[0s] dist[1.5m] list[2] : 1161-201
[2026-08-11 16:59:52.065363] [INFO] [path_server] 노드 업데이트 : [201] ➜ [-1]
[2026-08-11 16:59:54.999882] [INFO] [path_server] 노드 업데이트 : [201] ➜ [-1]
[2026-08-11 16:59:55.079786] [INFO] [path_server] 경로 삭제
[2026-08-11 17:00:16.117811] [INFO] [path_server] 새로운 경로 설정 : path[201 ➜ 108] time[0s] dist[48m] list[33] : 201-1161-1162-1163-1164-1165-1166-1109-1110-1111-1112-1113-1043-1044-1045-1046-1047-1048-1001-1002-1003-1004-1005-1006-1021-1022-1007-1167-1168-1169-1170-1171-108
[2026-08-11 17:00:21.007899] [INFO] [path_server] 노드 업데이트 : [1161] ➜ [1162]
[2026-08-11 17:00:21.087882] [INFO] [path_server] 새로운 경로 설정 : path[1161 ➜ 108] time[0s] dist[46.5m] list[32] : 1161-1162-1163-1164-1165-1166-1109-1110-1111-1112-1113-1043-1044-1045-1046-1047-1048-1001-1002-1003-1004-1005-1006-1021-1022-1007-1167-1168-1169-1170-1171-108
[2026-08-11 17:00:24.640709] [INFO] [path_server] 노드 업데이트 : [1162] ➜ [1163]
[2026-08-11 17:00:24.700638] [INFO] [path_server] 새로운 경로 설정 : path[1162 ➜ 108] time[0s] dist[45m] list[31] : 1162-1163-1164-1165-1166-1109-1110-1111-1112-1113-1043-1044-1045-1046-1047-1048-1001-1002-1003-1004-1005-1006-1021-1022-1007-1167-1168-1169-1170-1171-108
[2026-08-11 17:00:25.758454] [INFO] [path_server] 노드 업데이트 : [1163] ➜ [1164]
[2026-08-11 17:00:25.838339] [INFO] [path_server] 새로운 경로 설정 : path[1163 ➜ 108] time[0s] dist[43.5m] list[30] : 1163-1164-1165-1166-1109-1110-1111-1112-1113-1043-1044-1045-1046-1047-1048-1001-1002-1003-1004-1005-1006-1021-1022-1007-1167-1168-1169-1170-1171-108
[2026-08-11 17:00:26.576717] [INFO] [path_server] 노드 업데이트 : [1164] ➜ [1165]
[2026-08-11 17:00:26.656670] [INFO] [path_server] 새로운 경로 설정 : path[1164 ➜ 108] time[0s] dist[42m] list[29] : 1164-1165-1166-1109-1110-1111-1112-1113-1043-1044-1045-1046-1047-1048-1001-1002-1003-1004-1005-1006-1021-1022-1007-1167-1168-1169-1170-1171-108
[2026-08-11 17:00:27.335247] [INFO] [path_server] 노드 업데이트 : [1165] ➜ [1166]
[2026-08-11 17:00:27.395199] [INFO] [path_server] 새로운 경로 설정 : path[1165 ➜ 108] time[0s] dist[40.5m] list[28] : 1165-1166-1109-1110-1111-1112-1113-1043-1044-1045-1046-1047-1048-1001-1002-1003-1004-1005-1006-1021-1022-1007-1167-1168-1169-1170-1171-108
[2026-08-11 17:00:28.093867] [INFO] [path_server] 노드 업데이트 : [1166] ➜ [1109]
[2026-08-11 17:00:28.153761] [INFO] [path_server] 새로운 경로 설정 : path[1166 ➜ 108] time[0s] dist[39m] list[27] : 1166-1109-1110-1111-1112-1113-1043-1044-1045-1046-1047-1048-1001-1002-1003-1004-1005-1006-1021-1022-1007-1167-1168-1169-1170-1171-108
[2026-08-11 17:00:28.912338] [INFO] [path_server] 노드 업데이트 : [1109] ➜ [1110]
[2026-08-11 17:00:28.992240] [INFO] [path_server] 새로운 경로 설정 : path[1109 ➜ 108] time[0s] dist[37.5m] list[26] : 1109-1110-1111-1112-1113-1043-1044-1045-1046-1047-1048-1001-1002-1003-1004-1005-1006-1021-1022-1007-1167-1168-1169-1170-1171-108
[2026-08-11 17:00:32.565188] [INFO] [path_server] 노드 업데이트 : [1110] ➜ [1111]
[2026-08-11 17:00:32.645050] [INFO] [path_server] 새로운 경로 설정 : path[1110 ➜ 108] time[0s] dist[36m] list[25] : 1110-1111-1112-1113-1043-1044-1045-1046-1047-1048-1001-1002-1003-1004-1005-1006-1021-1022-1007-1167-1168-1169-1170-1171-108
[2026-08-11 17:00:33.922588] [INFO] [path_server] 노드 업데이트 : [1111] ➜ [1112]
[2026-08-11 17:00:34.002536] [INFO] [path_server] 새로운 경로 설정 : path[1111 ➜ 108] time[0s] dist[34.5m] list[24] : 1111-1112-1113-1043-1044-1045-1046-1047-1048-1001-1002-1003-1004-1005-1006-1021-1022-1007-1167-1168-1169-1170-1171-108
[2026-08-11 17:00:34.820900] [INFO] [path_server] 노드 업데이트 : [1112] ➜ [1113]
[2026-08-11 17:00:34.900803] [INFO] [path_server] 새로운 경로 설정 : path[1112 ➜ 108] time[0s] dist[33m] list[23] : 1112-1113-1043-1044-1045-1046-1047-1048-1001-1002-1003-1004-1005-1006-1021-1022-1007-1167-1168-1169-1170-1171-108
[2026-08-11 17:00:36.138398] [INFO] [path_server] 노드 업데이트 : [1113] ➜ [1043]
[2026-08-11 17:00:36.218372] [INFO] [path_server] 새로운 경로 설정 : path[1113 ➜ 108] time[0s] dist[31.5m] list[22] : 1113-1043-1044-1045-1046-1047-1048-1001-1002-1003-1004-1005-1006-1021-1022-1007-1167-1168-1169-1170-1171-108
[2026-08-11 17:00:39.472159] [INFO] [path_server] 노드 업데이트 : [1043] ➜ [1044]
[2026-08-11 17:00:39.532079] [INFO] [path_server] 새로운 경로 설정 : path[1043 ➜ 108] time[0s] dist[30m] list[21] : 1043-1044-1045-1046-1047-1048-1001-1002-1003-1004-1005-1006-1021-1022-1007-1167-1168-1169-1170-1171-108
[2026-08-11 17:00:40.609857] [INFO] [path_server] 노드 업데이트 : [1044] ➜ [1045]
[2026-08-11 17:00:40.669818] [INFO] [path_server] 새로운 경로 설정 : path[1044 ➜ 108] time[0s] dist[28.5m] list[20] : 1044-1045-1046-1047-1048-1001-1002-1003-1004-1005-1006-1021-1022-1007-1167-1168-1169-1170-1171-108
[2026-08-11 17:00:41.428163] [INFO] [path_server] 노드 업데이트 : [1045] ➜ [1046]
[2026-08-11 17:00:41.528013] [INFO] [path_server] 새로운 경로 설정 : path[1045 ➜ 108] time[0s] dist[27m] list[19] : 1045-1046-1047-1048-1001-1002-1003-1004-1005-1006-1021-1022-1007-1167-1168-1169-1170-1171-108
[2026-08-11 17:00:42.186645] [INFO] [path_server] 노드 업데이트 : [1046] ➜ [1047]
[2026-08-11 17:00:42.266538] [INFO] [path_server] 새로운 경로 설정 : path[1046 ➜ 108] time[0s] dist[25.5m] list[18] : 1046-1047-1048-1001-1002-1003-1004-1005-1006-1021-1022-1007-1167-1168-1169-1170-1171-108
[2026-08-11 17:00:42.945114] [INFO] [path_server] 노드 업데이트 : [1047] ➜ [1048]
[2026-08-11 17:00:43.025051] [INFO] [path_server] 새로운 경로 설정 : path[1047 ➜ 108] time[0s] dist[24m] list[17] : 1047-1048-1001-1002-1003-1004-1005-1006-1021-1022-1007-1167-1168-1169-1170-1171-108
[2026-08-11 17:00:43.684086] [INFO] [path_server] 노드 업데이트 : [1048] ➜ [1001]
[2026-08-11 17:00:43.763963] [INFO] [path_server] 새로운 경로 설정 : path[1048 ➜ 108] time[0s] dist[22.5m] list[16] : 1048-1001-1002-1003-1004-1005-1006-1021-1022-1007-1167-1168-1169-1170-1171-108
[2026-08-11 17:00:44.442520] [INFO] [path_server] 노드 업데이트 : [1001] ➜ [1002]
[2026-08-11 17:00:44.522446] [INFO] [path_server] 새로운 경로 설정 : path[1001 ➜ 108] time[0s] dist[21m] list[15] : 1001-1002-1003-1004-1005-1006-1021-1022-1007-1167-1168-1169-1170-1171-108
[2026-08-11 17:00:45.180998] [INFO] [path_server] 노드 업데이트 : [1002] ➜ [1003]
[2026-08-11 17:00:45.260948] [INFO] [path_server] 새로운 경로 설정 : path[1002 ➜ 108] time[0s] dist[19.5m] list[14] : 1002-1003-1004-1005-1006-1021-1022-1007-1167-1168-1169-1170-1171-108
[2026-08-11 17:00:45.939351] [INFO] [path_server] 노드 업데이트 : [1003] ➜ [1004]
[2026-08-11 17:00:46.019289] [INFO] [path_server] 새로운 경로 설정 : path[1003 ➜ 108] time[0s] dist[18m] list[13] : 1003-1004-1005-1006-1021-1022-1007-1167-1168-1169-1170-1171-108
[2026-08-11 17:00:46.678058] [INFO] [path_server] 노드 업데이트 : [1004] ➜ [1005]
[2026-08-11 17:00:46.757887] [INFO] [path_server] 새로운 경로 설정 : path[1004 ➜ 108] time[0s] dist[16.5m] list[12] : 1004-1005-1006-1021-1022-1007-1167-1168-1169-1170-1171-108
[2026-08-11 17:00:47.436431] [INFO] [path_server] 노드 업데이트 : [1005] ➜ [1006]
[2026-08-11 17:00:47.516366] [INFO] [path_server] 새로운 경로 설정 : path[1005 ➜ 108] time[0s] dist[15m] list[11] : 1005-1006-1021-1022-1007-1167-1168-1169-1170-1171-108
[2026-08-11 17:00:48.194942] [INFO] [path_server] 노드 업데이트 : [1006] ➜ [1021]
[2026-08-11 17:00:48.254861] [INFO] [path_server] 새로운 경로 설정 : path[1006 ➜ 108] time[0s] dist[13.5m] list[10] : 1006-1021-1022-1007-1167-1168-1169-1170-1171-108
[2026-08-11 17:00:48.933368] [INFO] [path_server] 노드 업데이트 : [1021] ➜ [1022]
[2026-08-11 17:00:49.013284] [INFO] [path_server] 새로운 경로 설정 : path[1021 ➜ 108] time[0s] dist[12m] list[9] : 1021-1022-1007-1167-1168-1169-1170-1171-108
[2026-08-11 17:00:50.250653] [INFO] [path_server] 노드 업데이트 : [1022] ➜ [1007]
[2026-08-11 17:00:50.330583] [INFO] [path_server] 새로운 경로 설정 : path[1022 ➜ 108] time[0s] dist[10.5m] list[8] : 1022-1007-1167-1168-1169-1170-1171-108
[2026-08-11 17:00:53.603877] [INFO] [path_server] 노드 업데이트 : [1007] ➜ [1167]
[2026-08-11 17:00:53.683795] [INFO] [path_server] 새로운 경로 설정 : path[1007 ➜ 108] time[0s] dist[9m] list[7] : 1007-1167-1168-1169-1170-1171-108
[2026-08-11 17:00:54.741657] [INFO] [path_server] 노드 업데이트 : [1167] ➜ [1168]
[2026-08-11 17:00:54.821534] [INFO] [path_server] 새로운 경로 설정 : path[1167 ➜ 108] time[0s] dist[7.5m] list[6] : 1167-1168-1169-1170-1171-108
[2026-08-11 17:00:55.560002] [INFO] [path_server] 노드 업데이트 : [1168] ➜ [1169]
[2026-08-11 17:00:55.639937] [INFO] [path_server] 새로운 경로 설정 : path[1168 ➜ 108] time[0s] dist[6m] list[5] : 1168-1169-1170-1171-108
[2026-08-11 17:00:56.318615] [INFO] [path_server] 노드 업데이트 : [1169] ➜ [1170]
[2026-08-11 17:00:56.378480] [INFO] [path_server] 새로운 경로 설정 : path[1169 ➜ 108] time[0s] dist[4.5m] list[4] : 1169-1170-1171-108
[2026-08-11 17:00:57.077007] [INFO] [path_server] 노드 업데이트 : [1170] ➜ [1171]
[2026-08-11 17:00:57.156848] [INFO] [path_server] 새로운 경로 설정 : path[1170 ➜ 108] time[0s] dist[3m] list[3] : 1170-1171-108
[2026-08-11 17:00:58.474169] [INFO] [path_server] 노드 업데이트 : [1171] ➜ [108]
[2026-08-11 17:00:58.534065] [INFO] [path_server] 새로운 경로 설정 : path[1171 ➜ 108] time[0s] dist[1.5m] list[2] : 1171-108
[2026-08-11 17:01:04.022986] [INFO] [path_server] 노드 업데이트 : [108] ➜ [-1]
[2026-08-11 17:01:06.937917] [INFO] [path_server] 노드 업데이트 : [108] ➜ [-1]
[2026-08-11 17:01:42.526576] [INFO] [path_server] 경로 삭제
[2026-08-11 17:01:42.566488] [INFO] [path_server] 경로 삭제
[2026-08-11 17:02:56.378410] [INFO] [path_server] 경로 삭제
[2026-08-11 17:02:56.418367] [INFO] [path_server] 경로 삭제
[2026-08-11 17:03:34.410447] [INFO] [path_server] 생성
[2026-08-11 17:03:34.410501] [INFO] [path_server] 경로 삭제
[2026-08-11 17:03:34.412760] [INFO] [path_server] 노드 초기화 성공 : 로봇 좌표[22.004m 18.998m -179.903°] 최단 거리 노드[108] 거리(0.004096m)
[2026-08-11 17:03:58.624473] [INFO] [path_server] 경로 삭제
[2026-08-11 17:03:58.664472] [INFO] [path_server] 경로 삭제
[2026-08-11 17:05:12.440139] [INFO] [path_server] 경로 삭제
[2026-08-11 17:05:12.480051] [INFO] [path_server] 경로 삭제
[2026-08-11 17:06:26.292555] [INFO] [path_server] 경로 삭제
[2026-08-11 17:06:26.332537] [INFO] [path_server] 경로 삭제
[2026-08-11 17:07:36.970545] [INFO] [path_server] 새로운 경로 설정 : path[108 ➜ 202] time[0s] dist[22.5m] list[16] : 108-1171-1172-1091-1092-1093-1094-1095-1074-1075-1076-1018-1158-1159-1160-202
[2026-08-11 17:07:41.661285] [INFO] [path_server] 노드 업데이트 : [1171] ➜ [1172]
[2026-08-11 17:07:41.741218] [INFO] [path_server] 새로운 경로 설정 : path[1171 ➜ 202] time[0s] dist[21m] list[15] : 1171-1172-1091-1092-1093-1094-1095-1074-1075-1076-1018-1158-1159-1160-202
[2026-08-11 17:07:45.353753] [INFO] [path_server] 노드 업데이트 : [1172] ➜ [1091]
[2026-08-11 17:07:45.413646] [INFO] [path_server] 새로운 경로 설정 : path[1172 ➜ 202] time[0s] dist[19.5m] list[14] : 1172-1091-1092-1093-1094-1095-1074-1075-1076-1018-1158-1159-1160-202
[2026-08-11 17:07:46.431648] [INFO] [path_server] 노드 업데이트 : [1091] ➜ [1092]
[2026-08-11 17:07:46.491545] [INFO] [path_server] 새로운 경로 설정 : path[1091 ➜ 202] time[0s] dist[18m] list[13] : 1091-1092-1093-1094-1095-1074-1075-1076-1018-1158-1159-1160-202
[2026-08-11 17:07:49.685488] [INFO] [path_server] 노드 업데이트 : [1092] ➜ [1093]
[2026-08-11 17:07:49.765402] [INFO] [path_server] 새로운 경로 설정 : path[1092 ➜ 202] time[0s] dist[16.5m] list[12] : 1092-1093-1094-1095-1074-1075-1076-1018-1158-1159-1160-202
[2026-08-11 17:07:50.942981] [INFO] [path_server] 노드 업데이트 : [1093] ➜ [1094]
[2026-08-11 17:07:51.022911] [INFO] [path_server] 새로운 경로 설정 : path[1093 ➜ 202] time[0s] dist[15m] list[11] : 1093-1094-1095-1074-1075-1076-1018-1158-1159-1160-202
[2026-08-11 17:07:51.801515] [INFO] [path_server] 노드 업데이트 : [1094] ➜ [1095]
[2026-08-11 17:07:51.881386] [INFO] [path_server] 새로운 경로 설정 : path[1094 ➜ 202] time[0s] dist[13.5m] list[10] : 1094-1095-1074-1075-1076-1018-1158-1159-1160-202
[2026-08-11 17:07:53.118861] [INFO] [path_server] 노드 업데이트 : [1095] ➜ [1074]
[2026-08-11 17:07:53.198744] [INFO] [path_server] 새로운 경로 설정 : path[1095 ➜ 202] time[0s] dist[12m] list[9] : 1095-1074-1075-1076-1018-1158-1159-1160-202
[2026-08-11 17:07:56.452160] [INFO] [path_server] 노드 업데이트 : [1074] ➜ [1075]
[2026-08-11 17:07:56.532028] [INFO] [path_server] 새로운 경로 설정 : path[1074 ➜ 202] time[0s] dist[10.5m] list[8] : 1074-1075-1076-1018-1158-1159-1160-202
[2026-08-11 17:07:57.589961] [INFO] [path_server] 노드 업데이트 : [1075] ➜ [1076]
[2026-08-11 17:07:57.669815] [INFO] [path_server] 새로운 경로 설정 : path[1075 ➜ 202] time[0s] dist[9m] list[7] : 1075-1076-1018-1158-1159-1160-202
[2026-08-11 17:07:58.408347] [INFO] [path_server] 노드 업데이트 : [1076] ➜ [1018]
[2026-08-11 17:07:58.488246] [INFO] [path_server] 새로운 경로 설정 : path[1076 ➜ 202] time[0s] dist[7.5m] list[6] : 1076-1018-1158-1159-1160-202
[2026-08-11 17:07:59.745612] [INFO] [path_server] 노드 업데이트 : [1018] ➜ [1158]
[2026-08-11 17:07:59.825468] [INFO] [path_server] 새로운 경로 설정 : path[1018 ➜ 202] time[0s] dist[6m] list[5] : 1018-1158-1159-1160-202
[2026-08-11 17:08:03.118615] [INFO] [path_server] 노드 업데이트 : [1158] ➜ [1159]
[2026-08-11 17:08:03.178502] [INFO] [path_server] 새로운 경로 설정 : path[1158 ➜ 202] time[0s] dist[4.5m] list[4] : 1158-1159-1160-202
[2026-08-11 17:08:04.256354] [INFO] [path_server] 노드 업데이트 : [1159] ➜ [1160]
[2026-08-11 17:08:04.316270] [INFO] [path_server] 새로운 경로 설정 : path[1159 ➜ 202] time[0s] dist[3m] list[3] : 1159-1160-202
[2026-08-11 17:08:05.593588] [INFO] [path_server] 노드 업데이트 : [1160] ➜ [202]
[2026-08-11 17:08:05.673499] [INFO] [path_server] 새로운 경로 설정 : path[1160 ➜ 202] time[0s] dist[1.5m] list[2] : 1160-202
[2026-08-11 17:08:10.843156] [INFO] [path_server] 노드 업데이트 : [202] ➜ [-1]
[2026-08-11 17:08:13.777013] [INFO] [path_server] 노드 업데이트 : [202] ➜ [-1]
[2026-08-11 17:08:13.856895] [INFO] [path_server] 경로 삭제
[2026-08-11 17:08:36.891733] [INFO] [path_server] 새로운 경로 설정 : path[202 ➜ 105] time[0s] dist[37.5m] list[26] : 202-1160-1161-1162-1163-1164-1165-1166-1109-1110-1111-1112-1113-1114-1115-1116-1117-1118-1119-1120-1121-1122-1123-1179-1180-105
[2026-08-11 17:08:43.179450] [INFO] [path_server] 노드 업데이트 : [1160] ➜ [1161]
[2026-08-11 17:08:43.239366] [INFO] [path_server] 새로운 경로 설정 : path[1160 ➜ 105] time[0s] dist[36m] list[25] : 1160-1161-1162-1163-1164-1165-1166-1109-1110-1111-1112-1113-1114-1115-1116-1117-1118-1119-1120-1121-1122-1123-1179-1180-105
[2026-08-11 17:08:46.832381] [INFO] [path_server] 노드 업데이트 : [1161] ➜ [1162]
[2026-08-11 17:08:46.912362] [INFO] [path_server] 새로운 경로 설정 : path[1161 ➜ 105] time[0s] dist[34.5m] list[24] : 1161-1162-1163-1164-1165-1166-1109-1110-1111-1112-1113-1114-1115-1116-1117-1118-1119-1120-1121-1122-1123-1179-1180-105
[2026-08-11 17:08:47.950308] [INFO] [path_server] 노드 업데이트 : [1162] ➜ [1163]
[2026-08-11 17:08:48.010222] [INFO] [path_server] 새로운 경로 설정 : path[1162 ➜ 105] time[0s] dist[33m] list[23] : 1162-1163-1164-1165-1166-1109-1110-1111-1112-1113-1114-1115-1116-1117-1118-1119-1120-1121-1122-1123-1179-1180-105
[2026-08-11 17:08:48.808485] [INFO] [path_server] 노드 업데이트 : [1163] ➜ [1164]
[2026-08-11 17:08:48.888404] [INFO] [path_server] 새로운 경로 설정 : path[1163 ➜ 105] time[0s] dist[31.5m] list[22] : 1163-1164-1165-1166-1109-1110-1111-1112-1113-1114-1115-1116-1117-1118-1119-1120-1121-1122-1123-1179-1180-105
[2026-08-11 17:08:49.786611] [INFO] [path_server] 노드 업데이트 : [1164] ➜ [1165]
[2026-08-11 17:08:49.866516] [INFO] [path_server] 새로운 경로 설정 : path[1164 ➜ 105] time[0s] dist[30m] list[21] : 1164-1165-1166-1109-1110-1111-1112-1113-1114-1115-1116-1117-1118-1119-1120-1121-1122-1123-1179-1180-105
[2026-08-11 17:08:50.844361] [INFO] [path_server] 노드 업데이트 : [1165] ➜ [1166]
[2026-08-11 17:08:50.924296] [INFO] [path_server] 새로운 경로 설정 : path[1165 ➜ 105] time[0s] dist[28.5m] list[20] : 1165-1166-1109-1110-1111-1112-1113-1114-1115-1116-1117-1118-1119-1120-1121-1122-1123-1179-1180-105
[2026-08-11 17:08:51.882251] [INFO] [path_server] 노드 업데이트 : [1166] ➜ [1109]
[2026-08-11 17:08:51.962114] [INFO] [path_server] 새로운 경로 설정 : path[1166 ➜ 105] time[0s] dist[27m] list[19] : 1166-1109-1110-1111-1112-1113-1114-1115-1116-1117-1118-1119-1120-1121-1122-1123-1179-1180-105
[2026-08-11 17:08:52.740468] [INFO] [path_server] 노드 업데이트 : [1109] ➜ [1110]
[2026-08-11 17:08:52.800379] [INFO] [path_server] 새로운 경로 설정 : path[1109 ➜ 105] time[0s] dist[25.5m] list[18] : 1109-1110-1111-1112-1113-1114-1115-1116-1117-1118-1119-1120-1121-1122-1123-1179-1180-105
[2026-08-11 17:08:56.393060] [INFO] [path_server] 노드 업데이트 : [1110] ➜ [1111]
[2026-08-11 17:08:56.452952] [INFO] [path_server] 새로운 경로 설정 : path[1110 ➜ 105] time[0s] dist[24m] list[17] : 1110-1111-1112-1113-1114-1115-1116-1117-1118-1119-1120-1121-1122-1123-1179-1180-105
[2026-08-11 17:08:57.750515] [INFO] [path_server] 노드 업데이트 : [1111] ➜ [1112]
[2026-08-11 17:08:57.810433] [INFO] [path_server] 새로운 경로 설정 : path[1111 ➜ 105] time[0s] dist[22.5m] list[16] : 1111-1112-1113-1114-1115-1116-1117-1118-1119-1120-1121-1122-1123-1179-1180-105
[2026-08-11 17:08:58.648690] [INFO] [path_server] 노드 업데이트 : [1112] ➜ [1113]
[2026-08-11 17:08:58.708596] [INFO] [path_server] 새로운 경로 설정 : path[1112 ➜ 105] time[0s] dist[21m] list[15] : 1112-1113-1114-1115-1116-1117-1118-1119-1120-1121-1122-1123-1179-1180-105
[2026-08-11 17:08:59.407102] [INFO] [path_server] 노드 업데이트 : [1113] ➜ [1114]
[2026-08-11 17:08:59.486966] [INFO] [path_server] 새로운 경로 설정 : path[1113 ➜ 105] time[0s] dist[19.5m] list[14] : 1113-1114-1115-1116-1117-1118-1119-1120-1121-1122-1123-1179-1180-105
[2026-08-11 17:09:00.145591] [INFO] [path_server] 노드 업데이트 : [1114] ➜ [1115]
[2026-08-11 17:09:00.205488] [INFO] [path_server] 새로운 경로 설정 : path[1114 ➜ 105] time[0s] dist[18m] list[13] : 1114-1115-1116-1117-1118-1119-1120-1121-1122-1123-1179-1180-105
[2026-08-11 17:09:00.904036] [INFO] [path_server] 노드 업데이트 : [1115] ➜ [1116]
[2026-08-11 17:09:00.983925] [INFO] [path_server] 새로운 경로 설정 : path[1115 ➜ 105] time[0s] dist[16.5m] list[12] : 1115-1116-1117-1118-1119-1120-1121-1122-1123-1179-1180-105
[2026-08-11 17:09:01.642500] [INFO] [path_server] 노드 업데이트 : [1116] ➜ [1117]
[2026-08-11 17:09:01.702404] [INFO] [path_server] 새로운 경로 설정 : path[1116 ➜ 105] time[0s] dist[15m] list[11] : 1116-1117-1118-1119-1120-1121-1122-1123-1179-1180-105
[2026-08-11 17:09:02.460876] [INFO] [path_server] 노드 업데이트 : [1117] ➜ [1118]
[2026-08-11 17:09:02.540697] [INFO] [path_server] 새로운 경로 설정 : path[1117 ➜ 105] time[0s] dist[13.5m] list[10] : 1117-1118-1119-1120-1121-1122-1123-1179-1180-105
[2026-08-11 17:09:03.299546] [INFO] [path_server] 노드 업데이트 : [1118] ➜ [1119]
[2026-08-11 17:09:03.379423] [INFO] [path_server] 새로운 경로 설정 : path[1118 ➜ 105] time[0s] dist[12m] list[9] : 1118-1119-1120-1121-1122-1123-1179-1180-105
[2026-08-11 17:09:04.118031] [INFO] [path_server] 노드 업데이트 : [1119] ➜ [1120]
[2026-08-11 17:09:04.197949] [INFO] [path_server] 새로운 경로 설정 : path[1119 ➜ 105] time[0s] dist[10.5m] list[8] : 1119-1120-1121-1122-1123-1179-1180-105
[2026-08-11 17:09:04.996336] [INFO] [path_server] 노드 업데이트 : [1120] ➜ [1121]
[2026-08-11 17:09:05.056246] [INFO] [path_server] 새로운 경로 설정 : path[1120 ➜ 105] time[0s] dist[9m] list[7] : 1120-1121-1122-1123-1179-1180-105
[2026-08-11 17:09:08.649084] [INFO] [path_server] 노드 업데이트 : [1121] ➜ [1122]
[2026-08-11 17:09:08.708988] [INFO] [path_server] 새로운 경로 설정 : path[1121 ➜ 105] time[0s] dist[7.5m] list[6] : 1121-1122-1123-1179-1180-105
[2026-08-11 17:09:10.006366] [INFO] [path_server] 노드 업데이트 : [1122] ➜ [1123]
[2026-08-11 17:09:10.086242] [INFO] [path_server] 새로운 경로 설정 : path[1122 ➜ 105] time[0s] dist[6m] list[5] : 1122-1123-1179-1180-105
[2026-08-11 17:09:11.064136] [INFO] [path_server] 노드 업데이트 : [1123] ➜ [1179]
[2026-08-11 17:09:11.143984] [INFO] [path_server] 새로운 경로 설정 : path[1123 ➜ 105] time[0s] dist[4.5m] list[4] : 1123-1179-1180-105
[2026-08-11 17:09:14.377268] [INFO] [path_server] 노드 업데이트 : [1179] ➜ [1180]
[2026-08-11 17:09:14.437174] [INFO] [path_server] 새로운 경로 설정 : path[1179 ➜ 105] time[0s] dist[3m] list[3] : 1179-1180-105
[2026-08-11 17:09:15.754588] [INFO] [path_server] 노드 업데이트 : [1180] ➜ [105]
[2026-08-11 17:09:15.814533] [INFO] [path_server] 새로운 경로 설정 : path[1180 ➜ 105] time[0s] dist[1.5m] list[2] : 1180-105
[2026-08-11 17:09:20.964660] [INFO] [path_server] 노드 업데이트 : [105] ➜ [-1]
[2026-08-11 17:09:23.879446] [INFO] [path_server] 노드 업데이트 : [105] ➜ [-1]
[2026-08-11 17:09:56.676686] [INFO] [path_server] 경로 삭제
[2026-08-11 17:09:56.716676] [INFO] [path_server] 경로 삭제
[2026-08-11 17:11:10.491865] [INFO] [path_server] 경로 삭제
[2026-08-11 17:11:10.531786] [INFO] [path_server] 경로 삭제
[2026-08-11 17:11:25.743269] [INFO] [path_server] 경로 삭제
[2026-08-11 17:12:24.347885] [INFO] [path_server] 경로 삭제
[2026-08-11 17:12:24.387806] [INFO] [path_server] 경로 삭제
