[2026-08-11 16:38:01.960731] [INFO] [framework] 프로그램 시작
[2026-08-11 16:38:01.960736] [WARNING] [framework] 프로그램 시작
[2026-08-11 16:38:01.960738] [INFO] [framework] 설정 파일 위치 : ../configs/robot_2
[2026-08-11 16:38:01.960737] [CRITICAL] [framework] 프로그램 시작
[2026-08-11 16:38:01.960897] [INFO] [framework] ID[0, 2], 이름[이돌돌], 제어주기[20ms], 버젼[], 장소[우리집], 환경모드[simulation]
[2026-08-11 16:38:02.004595] [INFO] [framework] after init 실행
[2026-08-11 16:38:02.004860] [INFO] [framework] 제어 쓰레드 시작
[2026-08-11 16:40:31.632163] [INFO] [framework] 프로그램 시작
[2026-08-11 16:40:31.632170] [WARNING] [framework] 프로그램 시작
[2026-08-11 16:40:31.632171] [CRITICAL] [framework] 프로그램 시작
[2026-08-11 16:40:31.632172] [INFO] [framework] 설정 파일 위치 : ../configs/robot_2
[2026-08-11 16:40:31.632326] [INFO] [framework] ID[0, 2], 이름[이돌돌], 제어주기[20ms], 버젼[], 장소[우리집], 환경모드[simulation]
[2026-08-11 16:40:31.675244] [INFO] [framework] after init 실행
[2026-08-11 16:40:31.675485] [INFO] [framework] 제어 쓰레드 시작
[2026-08-11 16:45:49.979351] [INFO] [framework] 프로그램 시작
[2026-08-11 16:45:49.979357] [WARNING] [framework] 프로그램 시작
[2026-08-11 16:45:49.979361] [INFO] [framework] 설정 파일 위치 : ../configs/robot_2
[2026-08-11 16:45:49.979360] [CRITICAL] [framework] 프로그램 시작
[2026-08-11 16:45:49.979520] [INFO] [framework] ID[0, 2], 이름[이돌돌], 제어주기[20ms], 버젼[], 장소[우리집], 환경모드[simulation]
[2026-08-11 16:45:50.023704] [INFO] [framework] after init 실행
[2026-08-11 16:45:50.024026] [INFO] [framework] 제어 쓰레드 시작
[2026-08-11 16:47:42.762470] [INFO] [framework] 프로그램 시작
[2026-08-11 16:47:42.762474] [WARNING] [framework] 프로그램 시작
[2026-08-11 16:47:42.762478] [CRITICAL] [framework] 프로그램 시작
[2026-08-11 16:47:42.762478] [INFO] [framework] 설정 파일 위치 : ../configs/robot_2
[2026-08-11 16:47:42.762610] [INFO] [framework] ID[0, 2], 이름[이돌돌], 제어주기[20ms], 버젼[], 장소[우리집], 환경모드[simulation]
[2026-08-11 16:47:42.789389] [INFO] [framework] after init 실행
[2026-08-11 16:47:42.789775] [INFO] [framework] 제어 쓰레드 시작
[2026-08-11 16:49:24.392807] [INFO] [framework] 프로그램 시작
[2026-08-11 16:49:24.392813] [WARNING] [framework] 프로그램 시작
[2026-08-11 16:49:24.392816] [CRITICAL] [framework] 프로그램 시작
[2026-08-11 16:49:24.392816] [INFO] [framework] 설정 파일 위치 : ../configs/robot_2
[2026-08-11 16:49:24.392984] [INFO] [framework] ID[0, 2], 이름[이돌돌], 제어주기[20ms], 버젼[], 장소[우리집], 환경모드[simulation]
[2026-08-11 16:49:24.436420] [INFO] [framework] after init 실행
[2026-08-11 16:49:24.436810] [INFO] [framework] 제어 쓰레드 시작
[2026-08-11 16:49:46.484178] [INFO] [framework] 프로그램 시작
[2026-08-11 16:49:46.484182] [WARNING] [framework] 프로그램 시작
[2026-08-11 16:49:46.484183] [INFO] [framework] 설정 파일 위치 : ../configs/robot_2
[2026-08-11 16:49:46.484183] [CRITICAL] [framework] 프로그램 시작
[2026-08-11 16:49:46.484284] [INFO] [framework] ID[0, 2], 이름[이돌돌], 제어주기[20ms], 버젼[], 장소[우리집], 환경모드[simulation]
[2026-08-11 16:49:46.530485] [INFO] [framework] after init 실행
[2026-08-11 16:49:46.530987] [INFO] [framework] 제어 쓰레드 시작
[2026-08-11 16:49:58.386815] [INFO] [framework] 프로그램 시작
[2026-08-11 16:49:58.386822] [WARNING] [framework] 프로그램 시작
[2026-08-11 16:49:58.386825] [CRITICAL] [framework] 프로그램 시작
[2026-08-11 16:49:58.386826] [INFO] [framework] 설정 파일 위치 : ../configs/robot_2
[2026-08-11 16:52:17.128395] [INFO] [framework] 프로그램 시작
[2026-08-11 16:52:17.128400] [WARNING] [framework] 프로그램 시작
[2026-08-11 16:52:17.128401] [CRITICAL] [framework] 프로그램 시작
[2026-08-11 16:52:17.128402] [INFO] [framework] 설정 파일 위치 : ../configs/robot_2
[2026-08-11 16:52:17.128551] [INFO] [framework] ID[0, 2], 이름[이돌돌], 제어주기[20ms], 버젼[], 장소[우리집], 환경모드[simulation]
[2026-08-11 16:52:17.173108] [INFO] [framework] after init 실행
[2026-08-11 16:52:17.173484] [INFO] [framework] 제어 쓰레드 시작
[2026-08-11 17:03:34.356336] [INFO] [framework] 프로그램 시작
[2026-08-11 17:03:34.356340] [WARNING] [framework] 프로그램 시작
[2026-08-11 17:03:34.356341] [CRITICAL] [framework] 프로그램 시작
[2026-08-11 17:03:34.356341] [INFO] [framework] 설정 파일 위치 : ../configs/robot_2
[2026-08-11 17:03:34.356455] [INFO] [framework] ID[0, 2], 이름[이돌돌], 제어주기[20ms], 버젼[], 장소[우리집], 환경모드[simulation]
[2026-08-11 17:03:34.383688] [INFO] [framework] after init 실행
[2026-08-11 17:03:34.383987] [INFO] [framework] 제어 쓰레드 시작
[2026-08-11 17:24:37.812453] [INFO] [framework] 프로그램 시작
[2026-08-11 17:24:37.812461] [CRITICAL] [framework] 프로그램 시작
[2026-08-11 17:24:37.812459] [WARNING] [framework] 프로그램 시작
[2026-08-11 17:24:37.812461] [INFO] [framework] 설정 파일 위치 : ../configs/robot_2
[2026-08-11 17:24:37.812618] [INFO] [framework] ID[0, 2], 이름[이돌돌], 제어주기[20ms], 버젼[], 장소[우리집], 환경모드[simulation]
[2026-08-11 17:24:37.862261] [INFO] [framework] after init 실행
[2026-08-11 17:24:37.862506] [INFO] [framework] 제어 쓰레드 시작
[2026-08-11 17:26:43.230510] [INFO] [framework] 프로그램 시작
[2026-08-11 17:26:43.230518] [CRITICAL] [framework] 프로그램 시작
[2026-08-11 17:26:43.230515] [WARNING] [framework] 프로그램 시작
[2026-08-11 17:27:18.493789] [INFO] [framework] 프로그램 시작
[2026-08-11 17:27:18.493798] [CRITICAL] [framework] 프로그램 시작
[2026-08-11 17:27:18.493795] [WARNING] [framework] 프로그램 시작
[2026-08-11 17:27:18.493800] [INFO] [framework] 설정 파일 위치 : ../configs/robot_2
[2026-08-11 17:27:18.493976] [INFO] [framework] ID[0, 2], 이름[이돌돌], 제어주기[20ms], 버젼[], 장소[우리집], 환경모드[simulation]
[2026-08-11 17:27:18.546012] [INFO] [framework] after init 실행
[2026-08-11 17:27:18.546275] [INFO] [framework] 제어 쓰레드 시작
[2026-08-11 17:27:37.746505] [INFO] [framework] 프로그램 시작
[2026-08-11 17:27:37.746509] [WARNING] [framework] 프로그램 시작
[2026-08-11 17:27:37.746512] [CRITICAL] [framework] 프로그램 시작
[2026-08-11 17:27:37.746513] [INFO] [framework] 설정 파일 위치 : ../configs/robot_2
[2026-08-11 17:27:55.411239] [INFO] [framework] 프로그램 시작
[2026-08-11 17:27:55.411244] [WARNING] [framework] 프로그램 시작
[2026-08-11 17:27:55.411247] [INFO] [framework] 설정 파일 위치 : ../configs/robot_2
[2026-08-11 17:27:55.411246] [CRITICAL] [framework] 프로그램 시작
[2026-08-11 17:27:55.411394] [INFO] [framework] ID[0, 2], 이름[이돌돌], 제어주기[20ms], 버젼[], 장소[우리집], 환경모드[simulation]
[2026-08-11 17:27:55.459669] [INFO] [framework] after init 실행
[2026-08-11 17:27:55.460065] [INFO] [framework] 제어 쓰레드 시작
[2026-08-11 17:34:34.359801] [INFO] [framework] 프로그램 시작
[2026-08-11 17:34:34.359810] [CRITICAL] [framework] 프로그램 시작
[2026-08-11 17:34:34.359806] [WARNING] [framework] 프로그램 시작
[2026-08-11 17:34:34.359810] [INFO] [framework] 설정 파일 위치 : ../configs/robot_2
[2026-08-11 17:34:46.264440] [INFO] [framework] 프로그램 시작
[2026-08-11 17:34:46.264445] [WARNING] [framework] 프로그램 시작
[2026-08-11 17:34:46.264449] [CRITICAL] [framework] 프로그램 시작
[2026-08-11 17:34:46.264450] [INFO] [framework] 설정 파일 위치 : ../configs/robot_2
[2026-08-11 17:34:46.264635] [INFO] [framework] ID[0, 2], 이름[이돌돌], 제어주기[20ms], 버젼[], 장소[우리집], 환경모드[simulation]
[2026-08-11 17:34:46.296639] [INFO] [framework] after init 실행
[2026-08-11 17:34:46.296963] [INFO] [framework] 제어 쓰레드 시작
[2026-08-11 17:40:32.785717] [INFO] [framework] 프로그램 시작
[2026-08-11 17:40:32.785736] [CRITICAL] [framework] 프로그램 시작
[2026-08-11 17:40:32.785733] [WARNING] [framework] 프로그램 시작
[2026-08-11 17:40:32.785736] [INFO] [framework] 설정 파일 위치 : ../configs/robot_2
[2026-08-11 17:40:32.785899] [INFO] [framework] ID[0, 2], 이름[이돌돌], 제어주기[20ms], 버젼[], 장소[우리집], 환경모드[simulation]
[2026-08-11 17:40:32.838102] [INFO] [framework] after init 실행
[2026-08-11 17:40:32.838503] [INFO] [framework] 제어 쓰레드 시작
[2026-08-11 17:43:43.834823] [INFO] [framework] 프로그램 시작
[2026-08-11 17:43:43.834830] [WARNING] [framework] 프로그램 시작
[2026-08-11 17:43:43.834833] [INFO] [framework] 설정 파일 위치 : ../configs/robot_2
[2026-08-11 17:43:43.834832] [CRITICAL] [framework] 프로그램 시작
[2026-08-11 17:44:21.650764] [INFO] [framework] 프로그램 시작
[2026-08-11 17:44:21.650774] [CRITICAL] [framework] 프로그램 시작
[2026-08-11 17:44:21.650772] [WARNING] [framework] 프로그램 시작
[2026-08-11 17:44:21.650775] [INFO] [framework] 설정 파일 위치 : ../configs/robot_2
[2026-08-11 17:44:21.650941] [INFO] [framework] ID[0, 2], 이름[이돌돌], 제어주기[20ms], 버젼[], 장소[우리집], 환경모드[simulation]
[2026-08-11 17:44:21.702403] [INFO] [framework] after init 실행
[2026-08-11 17:44:21.702658] [INFO] [framework] 제어 쓰레드 시작
[2026-08-11 17:45:27.759444] [INFO] [framework] 프로그램 시작
[2026-08-11 17:45:27.759451] [CRITICAL] [framework] 프로그램 시작
[2026-08-11 17:45:27.759450] [WARNING] [framework] 프로그램 시작
[2026-08-11 17:45:27.759452] [INFO] [framework] 설정 파일 위치 : ../configs/robot_2
[2026-08-11 17:45:27.759602] [INFO] [framework] ID[0, 2], 이름[이돌돌], 제어주기[20ms], 버젼[], 장소[우리집], 환경모드[simulation]
[2026-08-11 17:45:27.812121] [INFO] [framework] after init 실행
[2026-08-11 17:45:27.812834] [INFO] [framework] 제어 쓰레드 시작
[2026-08-11 17:45:51.298711] [INFO] [framework] 프로그램 시작
[2026-08-11 17:45:51.298718] [WARNING] [framework] 프로그램 시작
[2026-08-11 17:45:51.298721] [INFO] [framework] 설정 파일 위치 : ../configs/robot_2
[2026-08-11 17:45:51.298720] [CRITICAL] [framework] 프로그램 시작
[2026-08-11 17:45:51.298887] [INFO] [framework] ID[0, 2], 이름[이돌돌], 제어주기[20ms], 버젼[], 장소[우리집], 환경모드[simulation]
[2026-08-11 17:45:51.351142] [INFO] [framework] after init 실행
[2026-08-11 17:45:51.351531] [INFO] [framework] 제어 쓰레드 시작
[2026-08-11 17:50:10.509509] [INFO] [framework] 프로그램 시작
[2026-08-11 17:50:10.509514] [WARNING] [framework] 프로그램 시작
[2026-08-11 17:50:10.509516] [INFO] [framework] 설정 파일 위치 : ../configs/robot_2
[2026-08-11 17:50:10.509516] [CRITICAL] [framework] 프로그램 시작
[2026-08-11 17:50:10.509671] [INFO] [framework] ID[0, 2], 이름[이돌돌], 제어주기[20ms], 버젼[], 장소[우리집], 환경모드[simulation]
[2026-08-11 17:50:10.553542] [INFO] [framework] after init 실행
[2026-08-11 17:50:10.553934] [INFO] [framework] 제어 쓰레드 시작
