[2026-08-11 16:38:02.009523] [INFO] [path_server] 생성
[2026-08-11 16:38:02.009580] [INFO] [path_server] 경로 삭제
[2026-08-11 16:38:02.011220] [INFO] [path_server] 노드 초기화 성공 : 로봇 좌표[22.004m 17.498m -179.934°] 최단 거리 노드[109] 거리(0.004143m)
[2026-08-11 16:45:50.025702] [INFO] [path_server] 생성
[2026-08-11 16:45:50.025768] [INFO] [path_server] 경로 삭제
[2026-08-11 16:45:50.028005] [INFO] [path_server] 노드 초기화 성공 : 로봇 좌표[22.004m 17.498m -179.934°] 최단 거리 노드[109] 거리(0.004143m)
[2026-08-11 16:46:34.923512] [INFO] [path_server] 경로 삭제
[2026-08-11 16:46:34.963448] [INFO] [path_server] 경로 삭제
[2026-08-11 16:49:24.433327] [INFO] [path_server] 생성
[2026-08-11 16:49:24.433367] [INFO] [path_server] 경로 삭제
[2026-08-11 16:49:24.434935] [INFO] [path_server] 노드 초기화 성공 : 로봇 좌표[5.504m 6.998m -179.385°] 최단 거리 노드[102] 거리(0.004241m)
[2026-08-11 16:49:58.415624] [INFO] [path_server] 생성
[2026-08-11 16:49:58.415663] [INFO] [path_server] 경로 삭제
[2026-08-11 16:49:58.417448] [INFO] [path_server] 노드 초기화 성공 : 로봇 좌표[5.504m 6.998m -179.385°] 최단 거리 노드[102] 거리(0.004241m)
[2026-08-11 16:50:08.838252] [INFO] [path_server] 새로운 경로 설정 : path[102 ➜ 1159] time[0s] dist[27m] list[19] : 102-1183-1184-1045-1046-1047-1048-1001-1002-1003-1004-1005-1010-1017-1063-1064-1018-1158-1159
[2026-08-11 16:50:16.004863] [INFO] [path_server] 노드 업데이트 : [1183] ➜ [1184]
[2026-08-11 16:50:16.084827] [INFO] [path_server] 새로운 경로 설정 : path[1183 ➜ 1159] time[0s] dist[25.5m] list[18] : 1183-1184-1045-1046-1047-1048-1001-1002-1003-1004-1005-1010-1017-1063-1064-1018-1158-1159
[2026-08-11 16:50:19.618030] [INFO] [path_server] 노드 업데이트 : [1184] ➜ [1045]
[2026-08-11 16:50:19.717879] [INFO] [path_server] 새로운 경로 설정 : path[1184 ➜ 1159] time[0s] dist[24m] list[17] : 1184-1045-1046-1047-1048-1001-1002-1003-1004-1005-1010-1017-1063-1064-1018-1158-1159
[2026-08-11 16:50:20.975426] [INFO] [path_server] 노드 업데이트 : [1045] ➜ [1046]
[2026-08-11 16:50:21.055311] [INFO] [path_server] 새로운 경로 설정 : path[1045 ➜ 1159] time[0s] dist[22.5m] list[16] : 1045-1046-1047-1048-1001-1002-1003-1004-1005-1010-1017-1063-1064-1018-1158-1159
[2026-08-11 16:50:24.310366] [INFO] [path_server] 노드 업데이트 : [1046] ➜ [1047]
[2026-08-11 16:50:24.390310] [INFO] [path_server] 새로운 경로 설정 : path[1046 ➜ 1159] time[0s] dist[21m] list[15] : 1046-1047-1048-1001-1002-1003-1004-1005-1010-1017-1063-1064-1018-1158-1159
[2026-08-11 16:50:25.428277] [INFO] [path_server] 노드 업데이트 : [1047] ➜ [1048]
[2026-08-11 16:50:25.488219] [INFO] [path_server] 새로운 경로 설정 : path[1047 ➜ 1159] time[0s] dist[19.5m] list[14] : 1047-1048-1001-1002-1003-1004-1005-1010-1017-1063-1064-1018-1158-1159
[2026-08-11 16:50:26.246755] [INFO] [path_server] 노드 업데이트 : [1048] ➜ [1001]
[2026-08-11 16:50:26.326645] [INFO] [path_server] 새로운 경로 설정 : path[1048 ➜ 1159] time[0s] dist[18m] list[13] : 1048-1001-1002-1003-1004-1005-1010-1017-1063-1064-1018-1158-1159
[2026-08-11 16:50:27.005246] [INFO] [path_server] 노드 업데이트 : [1001] ➜ [1002]
[2026-08-11 16:50:27.085157] [INFO] [path_server] 새로운 경로 설정 : path[1001 ➜ 1159] time[0s] dist[16.5m] list[12] : 1001-1002-1003-1004-1005-1010-1017-1063-1064-1018-1158-1159
[2026-08-11 16:50:27.763850] [INFO] [path_server] 노드 업데이트 : [1002] ➜ [1003]
[2026-08-11 16:50:27.823782] [INFO] [path_server] 새로운 경로 설정 : path[1002 ➜ 1159] time[0s] dist[15m] list[11] : 1002-1003-1004-1005-1010-1017-1063-1064-1018-1158-1159
[2026-08-11 16:50:28.502422] [INFO] [path_server] 노드 업데이트 : [1003] ➜ [1004]
[2026-08-11 16:50:28.582366] [INFO] [path_server] 새로운 경로 설정 : path[1003 ➜ 1159] time[0s] dist[13.5m] list[10] : 1003-1004-1005-1010-1017-1063-1064-1018-1158-1159
[2026-08-11 16:50:29.261029] [INFO] [path_server] 노드 업데이트 : [1004] ➜ [1005]
[2026-08-11 16:50:29.320942] [INFO] [path_server] 새로운 경로 설정 : path[1004 ➜ 1159] time[0s] dist[12m] list[9] : 1004-1005-1010-1017-1063-1064-1018-1158-1159
[2026-08-11 16:50:30.578530] [INFO] [path_server] 노드 업데이트 : [1005] ➜ [1010]
[2026-08-11 16:50:30.638444] [INFO] [path_server] 새로운 경로 설정 : path[1005 ➜ 1159] time[0s] dist[10.5m] list[8] : 1005-1010-1017-1063-1064-1018-1158-1159
[2026-08-11 16:50:33.951951] [INFO] [path_server] 노드 업데이트 : [1010] ➜ [1017]
[2026-08-11 16:50:34.031907] [INFO] [path_server] 새로운 경로 설정 : path[1010 ➜ 1159] time[0s] dist[9m] list[7] : 1010-1017-1063-1064-1018-1158-1159
[2026-08-11 16:50:35.069868] [INFO] [path_server] 노드 업데이트 : [1017] ➜ [1063]
[2026-08-11 16:50:35.149790] [INFO] [path_server] 새로운 경로 설정 : path[1017 ➜ 1159] time[0s] dist[7.5m] list[6] : 1017-1063-1064-1018-1158-1159
[2026-08-11 16:50:35.888678] [INFO] [path_server] 노드 업데이트 : [1063] ➜ [1064]
[2026-08-11 16:50:35.948576] [INFO] [path_server] 새로운 경로 설정 : path[1063 ➜ 1159] time[0s] dist[6m] list[5] : 1063-1064-1018-1158-1159
[2026-08-11 16:50:37.226025] [INFO] [path_server] 노드 업데이트 : [1064] ➜ [1018]
[2026-08-11 16:50:37.305957] [INFO] [path_server] 새로운 경로 설정 : path[1064 ➜ 1159] time[0s] dist[4.5m] list[4] : 1064-1018-1158-1159
[2026-08-11 16:50:40.559666] [INFO] [path_server] 노드 업데이트 : [1018] ➜ [1158]
[2026-08-11 16:50:40.619573] [INFO] [path_server] 새로운 경로 설정 : path[1018 ➜ 1159] time[0s] dist[3m] list[3] : 1018-1158-1159
[2026-08-11 16:50:41.697479] [INFO] [path_server] 노드 업데이트 : [1158] ➜ [1159]
[2026-08-11 16:50:41.757372] [INFO] [path_server] 새로운 경로 설정 : path[1158 ➜ 1159] time[0s] dist[1.5m] list[2] : 1158-1159
[2026-08-11 16:50:43.913512] [INFO] [path_server] 노드 업데이트 : [1159] ➜ [-1]
[2026-08-11 16:50:47.426872] [INFO] [path_server] 노드 업데이트 : [1159] ➜ [-1]
[2026-08-11 16:50:47.486756] [INFO] [path_server] 경로 삭제
[2026-08-11 16:50:52.577648] [INFO] [path_server] 새로운 경로 설정 : path[1159 ➜ 104] time[0s] dist[39m] list[27] : 1159-1160-1161-1162-1163-1164-1165-1166-1109-1110-1111-1112-1113-1114-1115-1116-1117-1118-1119-1120-1121-1122-1123-1179-1180-1181-104
[2026-08-11 16:50:54.913274] [INFO] [path_server] 노드 업데이트 : [1160] ➜ [1161]
[2026-08-11 16:50:54.973224] [INFO] [path_server] 새로운 경로 설정 : path[1160 ➜ 104] time[0s] dist[37.5m] list[26] : 1160-1161-1162-1163-1164-1165-1166-1109-1110-1111-1112-1113-1114-1115-1116-1117-1118-1119-1120-1121-1122-1123-1179-1180-1181-104
[2026-08-11 16:50:55.971291] [INFO] [path_server] 노드 업데이트 : [1161] ➜ [1162]
[2026-08-11 16:50:56.051170] [INFO] [path_server] 새로운 경로 설정 : path[1161 ➜ 104] time[0s] dist[36m] list[25] : 1161-1162-1163-1164-1165-1166-1109-1110-1111-1112-1113-1114-1115-1116-1117-1118-1119-1120-1121-1122-1123-1179-1180-1181-104
[2026-08-11 16:50:56.769720] [INFO] [path_server] 노드 업데이트 : [1162] ➜ [1163]
[2026-08-11 16:50:56.829614] [INFO] [path_server] 새로운 경로 설정 : path[1162 ➜ 104] time[0s] dist[34.5m] list[24] : 1162-1163-1164-1165-1166-1109-1110-1111-1112-1113-1114-1115-1116-1117-1118-1119-1120-1121-1122-1123-1179-1180-1181-104
[2026-08-11 16:50:57.528311] [INFO] [path_server] 노드 업데이트 : [1163] ➜ [1164]
[2026-08-11 16:50:57.608156] [INFO] [path_server] 새로운 경로 설정 : path[1163 ➜ 104] time[0s] dist[33m] list[23] : 1163-1164-1165-1166-1109-1110-1111-1112-1113-1114-1115-1116-1117-1118-1119-1120-1121-1122-1123-1179-1180-1181-104
[2026-08-11 16:50:58.266792] [INFO] [path_server] 노드 업데이트 : [1164] ➜ [1165]
[2026-08-11 16:50:58.346641] [INFO] [path_server] 새로운 경로 설정 : path[1164 ➜ 104] time[0s] dist[31.5m] list[22] : 1164-1165-1166-1109-1110-1111-1112-1113-1114-1115-1116-1117-1118-1119-1120-1121-1122-1123-1179-1180-1181-104
[2026-08-11 16:50:59.025417] [INFO] [path_server] 노드 업데이트 : [1165] ➜ [1166]
[2026-08-11 16:50:59.125291] [INFO] [path_server] 새로운 경로 설정 : path[1165 ➜ 104] time[0s] dist[30m] list[21] : 1165-1166-1109-1110-1111-1112-1113-1114-1115-1116-1117-1118-1119-1120-1121-1122-1123-1179-1180-1181-104
[2026-08-11 16:50:59.763926] [INFO] [path_server] 노드 업데이트 : [1166] ➜ [1109]
[2026-08-11 16:50:59.843841] [INFO] [path_server] 새로운 경로 설정 : path[1166 ➜ 104] time[0s] dist[28.5m] list[20] : 1166-1109-1110-1111-1112-1113-1114-1115-1116-1117-1118-1119-1120-1121-1122-1123-1179-1180-1181-104
[2026-08-11 16:51:00.622232] [INFO] [path_server] 노드 업데이트 : [1109] ➜ [1110]
[2026-08-11 16:51:00.702105] [INFO] [path_server] 새로운 경로 설정 : path[1109 ➜ 104] time[0s] dist[27m] list[19] : 1109-1110-1111-1112-1113-1114-1115-1116-1117-1118-1119-1120-1121-1122-1123-1179-1180-1181-104
[2026-08-11 16:51:04.275045] [INFO] [path_server] 노드 업데이트 : [1110] ➜ [1111]
[2026-08-11 16:51:04.354919] [INFO] [path_server] 새로운 경로 설정 : path[1110 ➜ 104] time[0s] dist[25.5m] list[18] : 1110-1111-1112-1113-1114-1115-1116-1117-1118-1119-1120-1121-1122-1123-1179-1180-1181-104
[2026-08-11 16:51:05.632317] [INFO] [path_server] 노드 업데이트 : [1111] ➜ [1112]
[2026-08-11 16:51:05.712232] [INFO] [path_server] 새로운 경로 설정 : path[1111 ➜ 104] time[0s] dist[24m] list[17] : 1111-1112-1113-1114-1115-1116-1117-1118-1119-1120-1121-1122-1123-1179-1180-1181-104
[2026-08-11 16:51:06.530563] [INFO] [path_server] 노드 업데이트 : [1112] ➜ [1113]
[2026-08-11 16:51:06.610502] [INFO] [path_server] 새로운 경로 설정 : path[1112 ➜ 104] time[0s] dist[22.5m] list[16] : 1112-1113-1114-1115-1116-1117-1118-1119-1120-1121-1122-1123-1179-1180-1181-104
[2026-08-11 16:51:07.289229] [INFO] [path_server] 노드 업데이트 : [1113] ➜ [1114]
[2026-08-11 16:51:07.349134] [INFO] [path_server] 새로운 경로 설정 : path[1113 ➜ 104] time[0s] dist[21m] list[15] : 1113-1114-1115-1116-1117-1118-1119-1120-1121-1122-1123-1179-1180-1181-104
[2026-08-11 16:51:08.027691] [INFO] [path_server] 노드 업데이트 : [1114] ➜ [1115]
[2026-08-11 16:51:08.107614] [INFO] [path_server] 새로운 경로 설정 : path[1114 ➜ 104] time[0s] dist[19.5m] list[14] : 1114-1115-1116-1117-1118-1119-1120-1121-1122-1123-1179-1180-1181-104
[2026-08-11 16:51:08.786248] [INFO] [path_server] 노드 업데이트 : [1115] ➜ [1116]
[2026-08-11 16:51:08.846138] [INFO] [path_server] 새로운 경로 설정 : path[1115 ➜ 104] time[0s] dist[18m] list[13] : 1115-1116-1117-1118-1119-1120-1121-1122-1123-1179-1180-1181-104
[2026-08-11 16:51:09.524922] [INFO] [path_server] 노드 업데이트 : [1116] ➜ [1117]
[2026-08-11 16:51:09.604868] [INFO] [path_server] 새로운 경로 설정 : path[1116 ➜ 104] time[0s] dist[16.5m] list[12] : 1116-1117-1118-1119-1120-1121-1122-1123-1179-1180-1181-104
[2026-08-11 16:51:10.283461] [INFO] [path_server] 노드 업데이트 : [1117] ➜ [1118]
[2026-08-11 16:51:10.363362] [INFO] [path_server] 새로운 경로 설정 : path[1117 ➜ 104] time[0s] dist[15m] list[11] : 1117-1118-1119-1120-1121-1122-1123-1179-1180-1181-104
[2026-08-11 16:51:11.022076] [INFO] [path_server] 노드 업데이트 : [1118] ➜ [1119]
[2026-08-11 16:51:11.101937] [INFO] [path_server] 새로운 경로 설정 : path[1118 ➜ 104] time[0s] dist[13.5m] list[10] : 1118-1119-1120-1121-1122-1123-1179-1180-1181-104
[2026-08-11 16:51:11.780551] [INFO] [path_server] 노드 업데이트 : [1119] ➜ [1120]
[2026-08-11 16:51:11.860480] [INFO] [path_server] 새로운 경로 설정 : path[1119 ➜ 104] time[0s] dist[12m] list[9] : 1119-1120-1121-1122-1123-1179-1180-1181-104
[2026-08-11 16:51:12.618901] [INFO] [path_server] 노드 업데이트 : [1120] ➜ [1121]
[2026-08-11 16:51:12.698841] [INFO] [path_server] 새로운 경로 설정 : path[1120 ➜ 104] time[0s] dist[10.5m] list[8] : 1120-1121-1122-1123-1179-1180-1181-104
[2026-08-11 16:51:16.271542] [INFO] [path_server] 노드 업데이트 : [1121] ➜ [1122]
[2026-08-11 16:51:16.351458] [INFO] [path_server] 새로운 경로 설정 : path[1121 ➜ 104] time[0s] dist[9m] list[7] : 1121-1122-1123-1179-1180-1181-104
[2026-08-11 16:51:17.628987] [INFO] [path_server] 노드 업데이트 : [1122] ➜ [1123]
[2026-08-11 16:51:17.688931] [INFO] [path_server] 새로운 경로 설정 : path[1122 ➜ 104] time[0s] dist[7.5m] list[6] : 1122-1123-1179-1180-1181-104
[2026-08-11 16:51:18.686818] [INFO] [path_server] 노드 업데이트 : [1123] ➜ [1179]
[2026-08-11 16:51:18.766807] [INFO] [path_server] 새로운 경로 설정 : path[1123 ➜ 104] time[0s] dist[6m] list[5] : 1123-1179-1180-1181-104
[2026-08-11 16:51:22.001020] [INFO] [path_server] 노드 업데이트 : [1179] ➜ [1180]
[2026-08-11 16:51:22.081020] [INFO] [path_server] 새로운 경로 설정 : path[1179 ➜ 104] time[0s] dist[4.5m] list[4] : 1179-1180-1181-104
[2026-08-11 16:51:23.238948] [INFO] [path_server] 노드 업데이트 : [1180] ➜ [1181]
[2026-08-11 16:51:23.298797] [INFO] [path_server] 새로운 경로 설정 : path[1180 ➜ 104] time[0s] dist[3m] list[3] : 1180-1181-104
[2026-08-11 16:51:24.577641] [INFO] [path_server] 노드 업데이트 : [1181] ➜ [104]
[2026-08-11 16:51:24.657986] [INFO] [path_server] 새로운 경로 설정 : path[1181 ➜ 104] time[0s] dist[1.5m] list[2] : 1181-104
[2026-08-11 16:51:29.775543] [INFO] [path_server] 노드 업데이트 : [104] ➜ [-1]
[2026-08-11 16:51:32.709694] [INFO] [path_server] 노드 업데이트 : [104] ➜ [-1]
[2026-08-11 16:52:17.176968] [INFO] [path_server] 생성
[2026-08-11 16:52:17.177040] [INFO] [path_server] 경로 삭제
[2026-08-11 16:52:17.179065] [INFO] [path_server] 노드 초기화 성공 : 로봇 좌표[5.504m 3.998m -179.421°] 최단 거리 노드[104] 거리(0.004267m)
[2026-08-11 16:53:09.458595] [INFO] [path_server] 경로 삭제
[2026-08-11 16:53:09.478566] [INFO] [path_server] 경로 삭제
[2026-08-11 16:54:02.615883] [INFO] [path_server] 새로운 경로 설정 : path[104 ➜ 1003] time[0s] dist[16.5m] list[12] : 104-1181-1182-1183-1184-1045-1046-1047-1048-1001-1002-1003
[2026-08-11 16:54:09.781758] [INFO] [path_server] 노드 업데이트 : [1181] ➜ [1182]
[2026-08-11 16:54:09.861606] [INFO] [path_server] 새로운 경로 설정 : path[1181 ➜ 1003] time[0s] dist[15m] list[11] : 1181-1182-1183-1184-1045-1046-1047-1048-1001-1002-1003
[2026-08-11 16:54:13.394895] [INFO] [path_server] 노드 업데이트 : [1182] ➜ [1183]
[2026-08-11 16:54:13.454764] [INFO] [path_server] 새로운 경로 설정 : path[1182 ➜ 1003] time[0s] dist[13.5m] list[10] : 1182-1183-1184-1045-1046-1047-1048-1001-1002-1003
[2026-08-11 16:54:14.532544] [INFO] [path_server] 노드 업데이트 : [1183] ➜ [1184]
[2026-08-11 16:54:14.612409] [INFO] [path_server] 새로운 경로 설정 : path[1183 ➜ 1003] time[0s] dist[12m] list[9] : 1183-1184-1045-1046-1047-1048-1001-1002-1003
[2026-08-11 16:54:15.350974] [INFO] [path_server] 노드 업데이트 : [1184] ➜ [1045]
[2026-08-11 16:54:15.450819] [INFO] [path_server] 새로운 경로 설정 : path[1184 ➜ 1003] time[0s] dist[10.5m] list[8] : 1184-1045-1046-1047-1048-1001-1002-1003
[2026-08-11 16:54:16.688740] [INFO] [path_server] 노드 업데이트 : [1045] ➜ [1046]
[2026-08-11 16:54:16.768661] [INFO] [path_server] 새로운 경로 설정 : path[1045 ➜ 1003] time[0s] dist[9m] list[7] : 1045-1046-1047-1048-1001-1002-1003
[2026-08-11 16:54:20.022356] [INFO] [path_server] 노드 업데이트 : [1046] ➜ [1047]
[2026-08-11 16:54:20.082271] [INFO] [path_server] 새로운 경로 설정 : path[1046 ➜ 1003] time[0s] dist[7.5m] list[6] : 1046-1047-1048-1001-1002-1003
[2026-08-11 16:54:21.160137] [INFO] [path_server] 노드 업데이트 : [1047] ➜ [1048]
[2026-08-11 16:54:21.220058] [INFO] [path_server] 새로운 경로 설정 : path[1047 ➜ 1003] time[0s] dist[6m] list[5] : 1047-1048-1001-1002-1003
[2026-08-11 16:54:21.978517] [INFO] [path_server] 노드 업데이트 : [1048] ➜ [1001]
[2026-08-11 16:54:22.058399] [INFO] [path_server] 새로운 경로 설정 : path[1048 ➜ 1003] time[0s] dist[4.5m] list[4] : 1048-1001-1002-1003
[2026-08-11 16:54:22.737005] [INFO] [path_server] 노드 업데이트 : [1001] ➜ [1002]
[2026-08-11 16:54:22.816879] [INFO] [path_server] 새로운 경로 설정 : path[1001 ➜ 1003] time[0s] dist[3m] list[3] : 1001-1002-1003
[2026-08-11 16:54:23.495487] [INFO] [path_server] 노드 업데이트 : [1002] ➜ [1003]
[2026-08-11 16:54:23.555396] [INFO] [path_server] 새로운 경로 설정 : path[1002 ➜ 1003] time[0s] dist[1.5m] list[2] : 1002-1003
[2026-08-11 16:54:25.710998] [INFO] [path_server] 노드 업데이트 : [1003] ➜ [-1]
[2026-08-11 16:54:28.645340] [INFO] [path_server] 노드 업데이트 : [1003] ➜ [-1]
[2026-08-11 16:54:28.725285] [INFO] [path_server] 경로 삭제
[2026-08-11 16:54:33.815645] [INFO] [path_server] 새로운 경로 설정 : path[1003 ➜ 109] time[0s] dist[16.5m] list[12] : 1003-1004-1005-1006-1021-1022-1007-1167-1168-1169-1170-109
[2026-08-11 16:54:36.151427] [INFO] [path_server] 노드 업데이트 : [1004] ➜ [1005]
[2026-08-11 16:54:36.231308] [INFO] [path_server] 새로운 경로 설정 : path[1004 ➜ 109] time[0s] dist[15m] list[11] : 1004-1005-1006-1021-1022-1007-1167-1168-1169-1170-109
[2026-08-11 16:54:37.209360] [INFO] [path_server] 노드 업데이트 : [1005] ➜ [1006]
[2026-08-11 16:54:37.289276] [INFO] [path_server] 새로운 경로 설정 : path[1005 ➜ 109] time[0s] dist[13.5m] list[10] : 1005-1006-1021-1022-1007-1167-1168-1169-1170-109
[2026-08-11 16:54:38.007983] [INFO] [path_server] 노드 업데이트 : [1006] ➜ [1021]
[2026-08-11 16:54:38.087871] [INFO] [path_server] 새로운 경로 설정 : path[1006 ➜ 109] time[0s] dist[12m] list[9] : 1006-1021-1022-1007-1167-1168-1169-1170-109
[2026-08-11 16:54:38.766453] [INFO] [path_server] 노드 업데이트 : [1021] ➜ [1022]
[2026-08-11 16:54:38.846379] [INFO] [path_server] 새로운 경로 설정 : path[1021 ➜ 109] time[0s] dist[10.5m] list[8] : 1021-1022-1007-1167-1168-1169-1170-109
[2026-08-11 16:54:40.063918] [INFO] [path_server] 노드 업데이트 : [1022] ➜ [1007]
[2026-08-11 16:54:40.123809] [INFO] [path_server] 새로운 경로 설정 : path[1022 ➜ 109] time[0s] dist[9m] list[7] : 1022-1007-1167-1168-1169-1170-109
[2026-08-11 16:54:43.417396] [INFO] [path_server] 노드 업데이트 : [1007] ➜ [1167]
[2026-08-11 16:54:43.497309] [INFO] [path_server] 새로운 경로 설정 : path[1007 ➜ 109] time[0s] dist[7.5m] list[6] : 1007-1167-1168-1169-1170-109
[2026-08-11 16:54:44.555314] [INFO] [path_server] 노드 업데이트 : [1167] ➜ [1168]
[2026-08-11 16:54:44.635243] [INFO] [path_server] 새로운 경로 설정 : path[1167 ➜ 109] time[0s] dist[6m] list[5] : 1167-1168-1169-1170-109
[2026-08-11 16:54:45.373750] [INFO] [path_server] 노드 업데이트 : [1168] ➜ [1169]
[2026-08-11 16:54:45.433683] [INFO] [path_server] 새로운 경로 설정 : path[1168 ➜ 109] time[0s] dist[4.5m] list[4] : 1168-1169-1170-109
[2026-08-11 16:54:46.132299] [INFO] [path_server] 노드 업데이트 : [1169] ➜ [1170]
[2026-08-11 16:54:46.212158] [INFO] [path_server] 새로운 경로 설정 : path[1169 ➜ 109] time[0s] dist[3m] list[3] : 1169-1170-109
[2026-08-11 16:54:47.529616] [INFO] [path_server] 노드 업데이트 : [1170] ➜ [109]
[2026-08-11 16:54:47.589513] [INFO] [path_server] 새로운 경로 설정 : path[1170 ➜ 109] time[0s] dist[1.5m] list[2] : 1170-109
[2026-08-11 16:54:53.059301] [INFO] [path_server] 노드 업데이트 : [109] ➜ [-1]
[2026-08-11 16:54:55.993552] [INFO] [path_server] 노드 업데이트 : [109] ➜ [-1]
[2026-08-11 16:55:26.013325] [INFO] [path_server] 경로 삭제
[2026-08-11 16:55:26.033248] [INFO] [path_server] 경로 삭제
[2026-08-11 16:56:39.831681] [INFO] [path_server] 경로 삭제
[2026-08-11 16:56:39.871642] [INFO] [path_server] 경로 삭제
[2026-08-11 16:57:53.704494] [INFO] [path_server] 경로 삭제
[2026-08-11 16:57:53.744396] [INFO] [path_server] 경로 삭제
[2026-08-11 16:59:07.561616] [INFO] [path_server] 경로 삭제
[2026-08-11 16:59:07.601605] [INFO] [path_server] 경로 삭제
[2026-08-11 17:00:21.436164] [INFO] [path_server] 경로 삭제
[2026-08-11 17:00:21.476071] [INFO] [path_server] 경로 삭제
[2026-08-11 17:01:35.291875] [INFO] [path_server] 경로 삭제
[2026-08-11 17:01:35.331803] [INFO] [path_server] 경로 삭제
[2026-08-11 17:02:49.144557] [INFO] [path_server] 경로 삭제
[2026-08-11 17:02:49.164501] [INFO] [path_server] 경로 삭제
[2026-08-11 17:03:34.403547] [INFO] [path_server] 생성
[2026-08-11 17:03:34.403626] [INFO] [path_server] 경로 삭제
[2026-08-11 17:03:34.405593] [INFO] [path_server] 노드 초기화 성공 : 로봇 좌표[22.004m 17.498m -179.835°] 최단 거리 노드[109] 거리(0.003972m)
[2026-08-11 17:04:20.617271] [INFO] [path_server] 경로 삭제
[2026-08-11 17:04:20.637247] [INFO] [path_server] 경로 삭제
[2026-08-11 17:05:34.434320] [INFO] [path_server] 경로 삭제
[2026-08-11 17:05:34.474244] [INFO] [path_server] 경로 삭제
[2026-08-11 17:06:48.248171] [INFO] [path_server] 경로 삭제
[2026-08-11 17:06:48.268109] [INFO] [path_server] 경로 삭제
[2026-08-11 17:08:02.063876] [INFO] [path_server] 경로 삭제
[2026-08-11 17:08:02.103812] [INFO] [path_server] 경로 삭제
[2026-08-11 17:09:15.881354] [INFO] [path_server] 경로 삭제
[2026-08-11 17:09:15.901316] [INFO] [path_server] 경로 삭제
[2026-08-11 17:10:29.735220] [INFO] [path_server] 경로 삭제
[2026-08-11 17:10:29.775156] [INFO] [path_server] 경로 삭제
[2026-08-11 17:11:25.747056] [INFO] [path_server] 경로 삭제
[2026-08-11 17:11:44.730441] [INFO] [path_server] 경로 삭제
[2026-08-11 17:11:44.750423] [INFO] [path_server] 경로 삭제
[2026-08-11 17:12:00.839482] [INFO] [path_server] 새로운 경로 설정 : path[109 ➜ 202] time[0s] dist[24m] list[17] : 109-1170-1171-1172-1091-1092-1093-1094-1095-1074-1075-1076-1018-1158-1159-1160-202
[2026-08-11 17:12:05.530167] [INFO] [path_server] 노드 업데이트 : [1170] ➜ [1171]
[2026-08-11 17:12:05.610100] [INFO] [path_server] 새로운 경로 설정 : path[1170 ➜ 202] time[0s] dist[22.5m] list[16] : 1170-1171-1172-1091-1092-1093-1094-1095-1074-1075-1076-1018-1158-1159-1160-202
[2026-08-11 17:12:09.223397] [INFO] [path_server] 노드 업데이트 : [1171] ➜ [1172]
[2026-08-11 17:12:09.283319] [INFO] [path_server] 새로운 경로 설정 : path[1171 ➜ 202] time[0s] dist[21m] list[15] : 1171-1172-1091-1092-1093-1094-1095-1074-1075-1076-1018-1158-1159-1160-202
[2026-08-11 17:12:10.341205] [INFO] [path_server] 노드 업데이트 : [1172] ➜ [1091]
[2026-08-11 17:12:10.421034] [INFO] [path_server] 새로운 경로 설정 : path[1172 ➜ 202] time[0s] dist[19.5m] list[14] : 1172-1091-1092-1093-1094-1095-1074-1075-1076-1018-1158-1159-1160-202
[2026-08-11 17:12:11.379185] [INFO] [path_server] 노드 업데이트 : [1091] ➜ [1092]
[2026-08-11 17:12:11.439057] [INFO] [path_server] 새로운 경로 설정 : path[1091 ➜ 202] time[0s] dist[18m] list[13] : 1091-1092-1093-1094-1095-1074-1075-1076-1018-1158-1159-1160-202
[2026-08-11 17:12:14.632867] [INFO] [path_server] 노드 업데이트 : [1092] ➜ [1093]
[2026-08-11 17:12:14.712755] [INFO] [path_server] 새로운 경로 설정 : path[1092 ➜ 202] time[0s] dist[16.5m] list[12] : 1092-1093-1094-1095-1074-1075-1076-1018-1158-1159-1160-202
[2026-08-11 17:12:15.890504] [INFO] [path_server] 노드 업데이트 : [1093] ➜ [1094]
[2026-08-11 17:12:15.970374] [INFO] [path_server] 새로운 경로 설정 : path[1093 ➜ 202] time[0s] dist[15m] list[11] : 1093-1094-1095-1074-1075-1076-1018-1158-1159-1160-202
[2026-08-11 17:12:16.748745] [INFO] [path_server] 노드 업데이트 : [1094] ➜ [1095]
[2026-08-11 17:12:16.808651] [INFO] [path_server] 새로운 경로 설정 : path[1094 ➜ 202] time[0s] dist[13.5m] list[10] : 1094-1095-1074-1075-1076-1018-1158-1159-1160-202
[2026-08-11 17:12:18.066236] [INFO] [path_server] 노드 업데이트 : [1095] ➜ [1074]
[2026-08-11 17:12:18.126139] [INFO] [path_server] 새로운 경로 설정 : path[1095 ➜ 202] time[0s] dist[12m] list[9] : 1095-1074-1075-1076-1018-1158-1159-1160-202
[2026-08-11 17:12:21.399440] [INFO] [path_server] 노드 업데이트 : [1074] ➜ [1075]
[2026-08-11 17:12:21.479295] [INFO] [path_server] 새로운 경로 설정 : path[1074 ➜ 202] time[0s] dist[10.5m] list[8] : 1074-1075-1076-1018-1158-1159-1160-202
[2026-08-11 17:12:22.537120] [INFO] [path_server] 노드 업데이트 : [1075] ➜ [1076]
[2026-08-11 17:12:22.616989] [INFO] [path_server] 새로운 경로 설정 : path[1075 ➜ 202] time[0s] dist[9m] list[7] : 1075-1076-1018-1158-1159-1160-202
[2026-08-11 17:12:23.355419] [INFO] [path_server] 노드 업데이트 : [1076] ➜ [1018]
[2026-08-11 17:12:23.435333] [INFO] [path_server] 새로운 경로 설정 : path[1076 ➜ 202] time[0s] dist[7.5m] list[6] : 1076-1018-1158-1159-1160-202
[2026-08-11 17:12:24.692863] [INFO] [path_server] 노드 업데이트 : [1018] ➜ [1158]
[2026-08-11 17:12:24.772711] [INFO] [path_server] 새로운 경로 설정 : path[1018 ➜ 202] time[0s] dist[6m] list[5] : 1018-1158-1159-1160-202
[2026-08-11 17:12:28.066157] [INFO] [path_server] 노드 업데이트 : [1158] ➜ [1159]
[2026-08-11 17:12:28.146075] [INFO] [path_server] 새로운 경로 설정 : path[1158 ➜ 202] time[0s] dist[4.5m] list[4] : 1158-1159-1160-202
[2026-08-11 17:12:29.204115] [INFO] [path_server] 노드 업데이트 : [1159] ➜ [1160]
[2026-08-11 17:12:29.284039] [INFO] [path_server] 새로운 경로 설정 : path[1159 ➜ 202] time[0s] dist[3m] list[3] : 1159-1160-202
[2026-08-11 17:12:30.541408] [INFO] [path_server] 노드 업데이트 : [1160] ➜ [202]
[2026-08-11 17:12:30.621269] [INFO] [path_server] 새로운 경로 설정 : path[1160 ➜ 202] time[0s] dist[1.5m] list[2] : 1160-202
[2026-08-11 17:12:35.790649] [INFO] [path_server] 노드 업데이트 : [202] ➜ [-1]
[2026-08-11 17:12:38.724475] [INFO] [path_server] 노드 업데이트 : [202] ➜ [-1]
[2026-08-11 17:12:38.804369] [INFO] [path_server] 경로 삭제
