>>> Robot 10 실행 중: /opt/drone/bin/app_robot ../configs/robot_10
 매개변수 갯수 : 2
argv[1]../configs/robot_10
Create node::Manager 
LinkManger : ../configs/robot_10/mediator/graph_manager
insert link : 1302->1302 already exist
insert link : 1303->1303 already exist
../configs/robot_10/mediator/config.yaml
timer_ms : 50 thread_num : 1 port : 22010
Acceptor [Start] :137604671232448
[VelocityProfileManager] cofnig file : ../configs/robot_10/mediator/connectors/motions/velocity_profile.yaml
Driver Type: differential
Wheel Base: 0.5 m
Wheel Radius: 0.08 m

Constraints:
type : manual max_icc_radius : 2.5 max_wheel_speed : 0.6 max_linear_speed : 0.5 max_angular_speed : 45
type : manual_turbo max_icc_radius : 2.5 max_wheel_speed : 1.2 max_linear_speed : 1 max_angular_speed : 90
type : automatic max_icc_radius : -1 max_wheel_speed : 2.2 max_linear_speed : 2 max_angular_speed : 40
 pose_values[2] : 89.9974 temp_info.pose.heading : 1.57075
 [24.4999, 24.5775, 89.9974°]
 [0.5m, 10°, 3sec]
simul battery driver
capacity[100, 10, 70] time[300, 180, 40] 
simul charger driver
[Path::clear_path_before_node_current][163] list empty

Ctrl+C 시그널 감지, 종료 준비 중...
프로그램 종료 중...
~Application()
~Mediator()
terminate called without an active exception
