[2026-08-11 16:38:01.970364] [INFO] [framework] 프로그램 시작
[2026-08-11 16:38:01.970370] [WARNING] [framework] 프로그램 시작
[2026-08-11 16:38:01.970374] [INFO] [framework] 설정 파일 위치 : ../configs/robot_9
[2026-08-11 16:38:01.970373] [CRITICAL] [framework] 프로그램 시작
[2026-08-11 16:38:01.970549] [INFO] [framework] ID[0, 9], 이름[임나인], 제어주기[20ms], 버젼[], 장소[우리집], 환경모드[simulation]
[2026-08-11 16:38:02.004514] [INFO] [framework] after init 실행
[2026-08-11 16:38:02.004873] [INFO] [framework] 제어 쓰레드 시작
[2026-08-11 16:40:31.639102] [INFO] [framework] 프로그램 시작
[2026-08-11 16:40:31.639107] [WARNING] [framework] 프로그램 시작
[2026-08-11 16:40:31.639108] [INFO] [framework] 설정 파일 위치 : ../configs/robot_9
[2026-08-11 16:40:31.639108] [CRITICAL] [framework] 프로그램 시작
[2026-08-11 16:45:49.988140] [INFO] [framework] 프로그램 시작
[2026-08-11 16:45:49.988143] [WARNING] [framework] 프로그램 시작
[2026-08-11 16:45:49.988146] [INFO] [framework] 설정 파일 위치 : ../configs/robot_9
[2026-08-11 16:45:49.988145] [CRITICAL] [framework] 프로그램 시작
[2026-08-11 16:45:49.988254] [INFO] [framework] ID[0, 9], 이름[임나인], 제어주기[20ms], 버젼[], 장소[우리집], 환경모드[simulation]
[2026-08-11 16:45:50.014343] [INFO] [framework] after init 실행
[2026-08-11 16:45:50.014600] [INFO] [framework] 제어 쓰레드 시작
[2026-08-11 16:47:42.769929] [INFO] [framework] 프로그램 시작
[2026-08-11 16:47:42.769938] [CRITICAL] [framework] 프로그램 시작
[2026-08-11 16:47:42.769934] [WARNING] [framework] 프로그램 시작
[2026-08-11 16:49:24.400472] [INFO] [framework] 프로그램 시작
[2026-08-11 16:49:24.400482] [CRITICAL] [framework] 프로그램 시작
[2026-08-11 16:49:24.400477] [WARNING] [framework] 프로그램 시작
[2026-08-11 16:49:24.400482] [INFO] [framework] 설정 파일 위치 : ../configs/robot_9
[2026-08-11 16:49:24.400634] [INFO] [framework] ID[0, 9], 이름[임나인], 제어주기[20ms], 버젼[], 장소[우리집], 환경모드[simulation]
[2026-08-11 16:49:24.444810] [INFO] [framework] after init 실행
[2026-08-11 16:49:24.445176] [INFO] [framework] 제어 쓰레드 시작
[2026-08-11 16:49:46.492242] [INFO] [framework] 프로그램 시작
[2026-08-11 16:49:46.492246] [WARNING] [framework] 프로그램 시작
[2026-08-11 16:49:46.492248] [INFO] [framework] 설정 파일 위치 : ../configs/robot_9
[2026-08-11 16:49:46.492247] [CRITICAL] [framework] 프로그램 시작
[2026-08-11 16:49:46.492353] [INFO] [framework] ID[0, 9], 이름[임나인], 제어주기[20ms], 버젼[], 장소[우리집], 환경모드[simulation]
[2026-08-11 16:49:46.520766] [INFO] [framework] after init 실행
[2026-08-11 16:49:46.521080] [INFO] [framework] 제어 쓰레드 시작
[2026-08-11 16:49:58.394105] [INFO] [framework] 프로그램 시작
[2026-08-11 16:49:58.394111] [WARNING] [framework] 프로그램 시작
[2026-08-11 16:49:58.394114] [INFO] [framework] 설정 파일 위치 : ../configs/robot_9
[2026-08-11 16:49:58.394113] [CRITICAL] [framework] 프로그램 시작
[2026-08-11 16:49:58.394229] [INFO] [framework] ID[0, 9], 이름[임나인], 제어주기[20ms], 버젼[], 장소[우리집], 환경모드[simulation]
[2026-08-11 16:49:58.421445] [INFO] [framework] after init 실행
[2026-08-11 16:49:58.421816] [INFO] [framework] 제어 쓰레드 시작
[2026-08-11 16:52:17.137314] [INFO] [framework] 프로그램 시작
[2026-08-11 16:52:17.137317] [WARNING] [framework] 프로그램 시작
[2026-08-11 16:52:17.137319] [INFO] [framework] 설정 파일 위치 : ../configs/robot_9
[2026-08-11 16:52:17.137318] [CRITICAL] [framework] 프로그램 시작
[2026-08-11 16:52:17.137436] [INFO] [framework] ID[0, 9], 이름[임나인], 제어주기[20ms], 버젼[], 장소[우리집], 환경모드[simulation]
[2026-08-11 16:52:17.166154] [INFO] [framework] after init 실행
[2026-08-11 16:52:17.166430] [INFO] [framework] 제어 쓰레드 시작
[2026-08-11 17:03:34.365434] [INFO] [framework] 프로그램 시작
[2026-08-11 17:03:34.365440] [CRITICAL] [framework] 프로그램 시작
[2026-08-11 17:03:34.365441] [INFO] [framework] 설정 파일 위치 : ../configs/robot_9
[2026-08-11 17:03:34.365438] [WARNING] [framework] 프로그램 시작
[2026-08-11 17:03:34.365556] [INFO] [framework] ID[0, 9], 이름[임나인], 제어주기[20ms], 버젼[], 장소[우리집], 환경모드[simulation]
[2026-08-11 17:03:34.390628] [INFO] [framework] after init 실행
[2026-08-11 17:03:34.390977] [INFO] [framework] 제어 쓰레드 시작
[2026-08-11 17:24:37.819397] [INFO] [framework] 프로그램 시작
[2026-08-11 17:24:37.819403] [WARNING] [framework] 프로그램 시작
[2026-08-11 17:24:37.819445] [CRITICAL] [framework] 프로그램 시작
[2026-08-11 17:24:37.819460] [INFO] [framework] 설정 파일 위치 : ../configs/robot_9
[2026-08-11 17:24:37.819623] [INFO] [framework] ID[0, 9], 이름[임나인], 제어주기[20ms], 버젼[], 장소[우리집], 환경모드[simulation]
[2026-08-11 17:24:37.866631] [INFO] [framework] after init 실행
[2026-08-11 17:24:37.866996] [INFO] [framework] 제어 쓰레드 시작
[2026-08-11 17:26:43.237664] [INFO] [framework] 프로그램 시작
[2026-08-11 17:26:43.237667] [WARNING] [framework] 프로그램 시작
[2026-08-11 17:26:43.237670] [INFO] [framework] 설정 파일 위치 : ../configs/robot_9
[2026-08-11 17:26:43.237670] [CRITICAL] [framework] 프로그램 시작
[2026-08-11 17:27:18.502309] [INFO] [framework] 프로그램 시작
[2026-08-11 17:27:18.502313] [WARNING] [framework] 프로그램 시작
[2026-08-11 17:27:18.502317] [CRITICAL] [framework] 프로그램 시작
[2026-08-11 17:27:18.502317] [INFO] [framework] 설정 파일 위치 : ../configs/robot_9
[2026-08-11 17:27:18.502458] [INFO] [framework] ID[0, 9], 이름[임나인], 제어주기[20ms], 버젼[], 장소[우리집], 환경모드[simulation]
[2026-08-11 17:27:18.543271] [INFO] [framework] after init 실행
[2026-08-11 17:27:18.543551] [INFO] [framework] 제어 쓰레드 시작
[2026-08-11 17:27:37.754076] [INFO] [framework] 프로그램 시작
[2026-08-11 17:27:37.754080] [WARNING] [framework] 프로그램 시작
[2026-08-11 17:27:37.754081] [INFO] [framework] 설정 파일 위치 : ../configs/robot_9
[2026-08-11 17:27:37.754081] [CRITICAL] [framework] 프로그램 시작
[2026-08-11 17:27:55.419398] [INFO] [framework] 프로그램 시작
[2026-08-11 17:27:55.419401] [WARNING] [framework] 프로그램 시작
[2026-08-11 17:27:55.419405] [INFO] [framework] 설정 파일 위치 : ../configs/robot_9
[2026-08-11 17:27:55.419404] [CRITICAL] [framework] 프로그램 시작
[2026-08-11 17:27:55.419546] [INFO] [framework] ID[0, 9], 이름[임나인], 제어주기[20ms], 버젼[], 장소[우리집], 환경모드[simulation]
[2026-08-11 17:27:55.459991] [INFO] [framework] after init 실행
[2026-08-11 17:27:55.460305] [INFO] [framework] 제어 쓰레드 시작
[2026-08-11 17:34:34.369172] [INFO] [framework] 프로그램 시작
[2026-08-11 17:34:34.369177] [WARNING] [framework] 프로그램 시작
[2026-08-11 17:34:34.369181] [CRITICAL] [framework] 프로그램 시작
[2026-08-11 17:34:34.369182] [INFO] [framework] 설정 파일 위치 : ../configs/robot_9
[2026-08-11 17:34:46.272374] [INFO] [framework] 프로그램 시작
[2026-08-11 17:34:46.272379] [CRITICAL] [framework] 프로그램 시작
[2026-08-11 17:34:46.272379] [INFO] [framework] 설정 파일 위치 : ../configs/robot_9
[2026-08-11 17:34:46.272377] [WARNING] [framework] 프로그램 시작
[2026-08-11 17:34:46.272487] [INFO] [framework] ID[0, 9], 이름[임나인], 제어주기[20ms], 버젼[], 장소[우리집], 환경모드[simulation]
[2026-08-11 17:34:46.317565] [INFO] [framework] after init 실행
[2026-08-11 17:34:46.317997] [INFO] [framework] 제어 쓰레드 시작
[2026-08-11 17:40:32.793909] [INFO] [framework] 프로그램 시작
[2026-08-11 17:40:32.793914] [WARNING] [framework] 프로그램 시작
[2026-08-11 17:40:32.793915] [INFO] [framework] 설정 파일 위치 : ../configs/robot_9
[2026-08-11 17:40:32.793915] [CRITICAL] [framework] 프로그램 시작
[2026-08-11 17:40:32.794039] [INFO] [framework] ID[0, 9], 이름[임나인], 제어주기[20ms], 버젼[], 장소[우리집], 환경모드[simulation]
[2026-08-11 17:40:32.828114] [INFO] [framework] after init 실행
[2026-08-11 17:40:32.828526] [INFO] [framework] 제어 쓰레드 시작
[2026-08-11 17:43:43.843816] [INFO] [framework] 프로그램 시작
[2026-08-11 17:43:43.843821] [WARNING] [framework] 프로그램 시작
[2026-08-11 17:43:43.843826] [INFO] [framework] 설정 파일 위치 : ../configs/robot_9
[2026-08-11 17:43:43.843825] [CRITICAL] [framework] 프로그램 시작
[2026-08-11 17:44:21.656406] [INFO] [framework] 프로그램 시작
[2026-08-11 17:44:21.656409] [WARNING] [framework] 프로그램 시작
[2026-08-11 17:44:21.656411] [INFO] [framework] 설정 파일 위치 : ../configs/robot_9
[2026-08-11 17:44:21.656410] [CRITICAL] [framework] 프로그램 시작
[2026-08-11 17:44:21.656540] [INFO] [framework] ID[0, 9], 이름[임나인], 제어주기[20ms], 버젼[], 장소[우리집], 환경모드[simulation]
[2026-08-11 17:44:21.690798] [INFO] [framework] after init 실행
[2026-08-11 17:44:21.691061] [INFO] [framework] 제어 쓰레드 시작
[2026-08-11 17:45:27.766361] [INFO] [framework] 프로그램 시작
[2026-08-11 17:45:27.766366] [CRITICAL] [framework] 프로그램 시작
[2026-08-11 17:45:27.766364] [WARNING] [framework] 프로그램 시작
[2026-08-11 17:45:27.766366] [INFO] [framework] 설정 파일 위치 : ../configs/robot_9
[2026-08-11 17:45:27.766481] [INFO] [framework] ID[0, 9], 이름[임나인], 제어주기[20ms], 버젼[], 장소[우리집], 환경모드[simulation]
[2026-08-11 17:45:27.797209] [INFO] [framework] after init 실행
[2026-08-11 17:45:27.797603] [INFO] [framework] 제어 쓰레드 시작
[2026-08-11 17:45:51.304854] [INFO] [framework] 프로그램 시작
[2026-08-11 17:45:51.304860] [WARNING] [framework] 프로그램 시작
[2026-08-11 17:45:51.304863] [INFO] [framework] 설정 파일 위치 : ../configs/robot_9
[2026-08-11 17:45:51.304862] [CRITICAL] [framework] 프로그램 시작
[2026-08-11 17:45:51.305013] [INFO] [framework] ID[0, 9], 이름[임나인], 제어주기[20ms], 버젼[], 장소[우리집], 환경모드[simulation]
[2026-08-11 17:45:51.347592] [INFO] [framework] after init 실행
[2026-08-11 17:45:51.347981] [INFO] [framework] 제어 쓰레드 시작
[2026-08-11 17:50:10.518470] [INFO] [framework] 프로그램 시작
[2026-08-11 17:50:10.518480] [CRITICAL] [framework] 프로그램 시작
[2026-08-11 17:50:10.518477] [WARNING] [framework] 프로그램 시작
[2026-08-11 17:50:10.518481] [INFO] [framework] 설정 파일 위치 : ../configs/robot_9
[2026-08-11 17:50:10.518637] [INFO] [framework] ID[0, 9], 이름[임나인], 제어주기[20ms], 버젼[], 장소[우리집], 환경모드[simulation]
[2026-08-11 17:50:10.566717] [INFO] [framework] after init 실행
[2026-08-11 17:50:10.567108] [INFO] [framework] 제어 쓰레드 시작
