[2026-08-11 16:38:01.965873] [INFO] [framework] 프로그램 시작
[2026-08-11 16:38:01.965875] [WARNING] [framework] 프로그램 시작
[2026-08-11 16:38:01.965878] [INFO] [framework] 설정 파일 위치 : ../configs/robot_8
[2026-08-11 16:38:01.965878] [CRITICAL] [framework] 프로그램 시작
[2026-08-11 16:38:01.965995] [INFO] [framework] ID[0, 8], 이름[조두팔], 제어주기[20ms], 버젼[], 장소[우리집], 환경모드[simulation]
[2026-08-11 16:38:01.990642] [INFO] [framework] after init 실행
[2026-08-11 16:38:01.990953] [INFO] [framework] 제어 쓰레드 시작
[2026-08-11 16:40:31.639703] [INFO] [framework] 프로그램 시작
[2026-08-11 16:40:31.639709] [WARNING] [framework] 프로그램 시작
[2026-08-11 16:40:31.639710] [CRITICAL] [framework] 프로그램 시작
[2026-08-11 16:40:31.639710] [INFO] [framework] 설정 파일 위치 : ../configs/robot_8
[2026-08-11 16:45:49.985314] [INFO] [framework] 프로그램 시작
[2026-08-11 16:45:49.985317] [WARNING] [framework] 프로그램 시작
[2026-08-11 16:45:49.985320] [INFO] [framework] 설정 파일 위치 : ../configs/robot_8
[2026-08-11 16:45:49.985319] [CRITICAL] [framework] 프로그램 시작
[2026-08-11 16:45:49.985434] [INFO] [framework] ID[0, 8], 이름[조두팔], 제어주기[20ms], 버젼[], 장소[우리집], 환경모드[simulation]
[2026-08-11 16:45:50.010361] [INFO] [framework] after init 실행
[2026-08-11 16:45:50.010661] [INFO] [framework] 제어 쓰레드 시작
[2026-08-11 16:47:42.769293] [INFO] [framework] 프로그램 시작
[2026-08-11 16:47:42.769299] [WARNING] [framework] 프로그램 시작
[2026-08-11 16:47:42.769303] [CRITICAL] [framework] 프로그램 시작
[2026-08-11 16:47:42.769303] [INFO] [framework] 설정 파일 위치 : ../configs/robot_8
[2026-08-11 16:49:24.400593] [INFO] [framework] 프로그램 시작
[2026-08-11 16:49:24.400598] [WARNING] [framework] 프로그램 시작
[2026-08-11 16:49:24.400600] [CRITICAL] [framework] 프로그램 시작
[2026-08-11 16:49:24.400601] [INFO] [framework] 설정 파일 위치 : ../configs/robot_8
[2026-08-11 16:49:24.400716] [INFO] [framework] ID[0, 8], 이름[조두팔], 제어주기[20ms], 버젼[], 장소[우리집], 환경모드[simulation]
[2026-08-11 16:49:24.444890] [INFO] [framework] after init 실행
[2026-08-11 16:49:24.445301] [INFO] [framework] 제어 쓰레드 시작
[2026-08-11 16:49:46.493667] [INFO] [framework] 프로그램 시작
[2026-08-11 16:49:46.493672] [WARNING] [framework] 프로그램 시작
[2026-08-11 16:49:46.493677] [CRITICAL] [framework] 프로그램 시작
[2026-08-11 16:49:46.493678] [INFO] [framework] 설정 파일 위치 : ../configs/robot_8
[2026-08-11 16:49:58.392908] [INFO] [framework] 프로그램 시작
[2026-08-11 16:49:58.392911] [WARNING] [framework] 프로그램 시작
[2026-08-11 16:49:58.392913] [INFO] [framework] 설정 파일 위치 : ../configs/robot_8
[2026-08-11 16:49:58.392913] [CRITICAL] [framework] 프로그램 시작
[2026-08-11 16:49:58.393023] [INFO] [framework] ID[0, 8], 이름[조두팔], 제어주기[20ms], 버젼[], 장소[우리집], 환경모드[simulation]
[2026-08-11 16:49:58.419922] [INFO] [framework] after init 실행
[2026-08-11 16:49:58.420266] [INFO] [framework] 제어 쓰레드 시작
[2026-08-11 16:52:17.138170] [INFO] [framework] 프로그램 시작
[2026-08-11 16:52:17.138178] [CRITICAL] [framework] 프로그램 시작
[2026-08-11 16:52:17.138175] [WARNING] [framework] 프로그램 시작
[2026-08-11 16:52:17.138180] [INFO] [framework] 설정 파일 위치 : ../configs/robot_8
[2026-08-11 16:52:17.138338] [INFO] [framework] ID[0, 8], 이름[조두팔], 제어주기[20ms], 버젼[], 장소[우리집], 환경모드[simulation]
[2026-08-11 16:52:17.177041] [INFO] [framework] after init 실행
[2026-08-11 16:52:17.177392] [INFO] [framework] 제어 쓰레드 시작
[2026-08-11 17:03:34.363099] [INFO] [framework] 프로그램 시작
[2026-08-11 17:03:34.363102] [WARNING] [framework] 프로그램 시작
[2026-08-11 17:03:34.363105] [INFO] [framework] 설정 파일 위치 : ../configs/robot_8
[2026-08-11 17:03:34.363105] [CRITICAL] [framework] 프로그램 시작
[2026-08-11 17:03:34.363232] [INFO] [framework] ID[0, 8], 이름[조두팔], 제어주기[20ms], 버젼[], 장소[우리집], 환경모드[simulation]
[2026-08-11 17:03:34.390189] [INFO] [framework] after init 실행
[2026-08-11 17:03:34.390562] [INFO] [framework] 제어 쓰레드 시작
[2026-08-11 17:24:37.819312] [INFO] [framework] 프로그램 시작
[2026-08-11 17:24:37.819319] [WARNING] [framework] 프로그램 시작
[2026-08-11 17:24:37.819325] [CRITICAL] [framework] 프로그램 시작
[2026-08-11 17:24:37.819326] [INFO] [framework] 설정 파일 위치 : ../configs/robot_8
[2026-08-11 17:24:37.819489] [INFO] [framework] ID[0, 8], 이름[조두팔], 제어주기[20ms], 버젼[], 장소[우리집], 환경모드[simulation]
[2026-08-11 17:24:37.870693] [INFO] [framework] after init 실행
[2026-08-11 17:24:37.871230] [INFO] [framework] 제어 쓰레드 시작
[2026-08-11 17:26:43.237267] [INFO] [framework] 프로그램 시작
[2026-08-11 17:26:43.237275] [WARNING] [framework] 프로그램 시작
[2026-08-11 17:26:43.237278] [CRITICAL] [framework] 프로그램 시작
[2026-08-11 17:27:18.501353] [INFO] [framework] 프로그램 시작
[2026-08-11 17:27:18.501361] [CRITICAL] [framework] 프로그램 시작
[2026-08-11 17:27:18.501359] [WARNING] [framework] 프로그램 시작
[2026-08-11 17:27:18.501362] [INFO] [framework] 설정 파일 위치 : ../configs/robot_8
[2026-08-11 17:27:18.501515] [INFO] [framework] ID[0, 8], 이름[조두팔], 제어주기[20ms], 버젼[], 장소[우리집], 환경모드[simulation]
[2026-08-11 17:27:18.537388] [INFO] [framework] after init 실행
[2026-08-11 17:27:18.537803] [INFO] [framework] 제어 쓰레드 시작
[2026-08-11 17:27:37.754574] [INFO] [framework] 프로그램 시작
[2026-08-11 17:27:37.754579] [WARNING] [framework] 프로그램 시작
[2026-08-11 17:27:37.754581] [INFO] [framework] 설정 파일 위치 : ../configs/robot_8
[2026-08-11 17:27:37.754580] [CRITICAL] [framework] 프로그램 시작
[2026-08-11 17:27:55.418977] [INFO] [framework] 프로그램 시작
[2026-08-11 17:27:55.418985] [CRITICAL] [framework] 프로그램 시작
[2026-08-11 17:27:55.418982] [WARNING] [framework] 프로그램 시작
[2026-08-11 17:27:55.418986] [INFO] [framework] 설정 파일 위치 : ../configs/robot_8
[2026-08-11 17:27:55.419142] [INFO] [framework] ID[0, 8], 이름[조두팔], 제어주기[20ms], 버젼[], 장소[우리집], 환경모드[simulation]
[2026-08-11 17:27:55.470087] [INFO] [framework] after init 실행
[2026-08-11 17:27:55.470441] [INFO] [framework] 제어 쓰레드 시작
[2026-08-11 17:34:34.367893] [INFO] [framework] 프로그램 시작
[2026-08-11 17:34:34.367900] [WARNING] [framework] 프로그램 시작
[2026-08-11 17:34:34.367904] [CRITICAL] [framework] 프로그램 시작
[2026-08-11 17:34:34.367905] [INFO] [framework] 설정 파일 위치 : ../configs/robot_8
[2026-08-11 17:34:46.272360] [INFO] [framework] 프로그램 시작
[2026-08-11 17:34:46.272367] [WARNING] [framework] 프로그램 시작
[2026-08-11 17:34:46.272369] [CRITICAL] [framework] 프로그램 시작
[2026-08-11 17:34:46.272370] [INFO] [framework] 설정 파일 위치 : ../configs/robot_8
[2026-08-11 17:40:32.792467] [INFO] [framework] 프로그램 시작
[2026-08-11 17:40:32.792473] [WARNING] [framework] 프로그램 시작
[2026-08-11 17:40:32.792475] [INFO] [framework] 설정 파일 위치 : ../configs/robot_8
[2026-08-11 17:40:32.792475] [CRITICAL] [framework] 프로그램 시작
[2026-08-11 17:40:32.792626] [INFO] [framework] ID[0, 8], 이름[조두팔], 제어주기[20ms], 버젼[], 장소[우리집], 환경모드[simulation]
[2026-08-11 17:40:32.830272] [INFO] [framework] after init 실행
[2026-08-11 17:40:32.830680] [INFO] [framework] 제어 쓰레드 시작
[2026-08-11 17:43:43.841017] [INFO] [framework] 프로그램 시작
[2026-08-11 17:43:43.841023] [CRITICAL] [framework] 프로그램 시작
[2026-08-11 17:43:43.841021] [WARNING] [framework] 프로그램 시작
[2026-08-11 17:44:21.657424] [INFO] [framework] 프로그램 시작
[2026-08-11 17:44:21.657430] [WARNING] [framework] 프로그램 시작
[2026-08-11 17:44:21.657433] [CRITICAL] [framework] 프로그램 시작
[2026-08-11 17:44:21.657434] [INFO] [framework] 설정 파일 위치 : ../configs/robot_8
[2026-08-11 17:44:21.657586] [INFO] [framework] ID[0, 8], 이름[조두팔], 제어주기[20ms], 버젼[], 장소[우리집], 환경모드[simulation]
[2026-08-11 17:44:21.702412] [INFO] [framework] after init 실행
[2026-08-11 17:44:21.702846] [INFO] [framework] 제어 쓰레드 시작
[2026-08-11 17:45:27.767361] [INFO] [framework] 프로그램 시작
[2026-08-11 17:45:27.767366] [WARNING] [framework] 프로그램 시작
[2026-08-11 17:45:27.767369] [CRITICAL] [framework] 프로그램 시작
[2026-08-11 17:45:27.767369] [INFO] [framework] 설정 파일 위치 : ../configs/robot_8
[2026-08-11 17:45:51.302373] [INFO] [framework] 프로그램 시작
[2026-08-11 17:45:51.302376] [WARNING] [framework] 프로그램 시작
[2026-08-11 17:45:51.302379] [INFO] [framework] 설정 파일 위치 : ../configs/robot_8
[2026-08-11 17:45:51.302378] [CRITICAL] [framework] 프로그램 시작
[2026-08-11 17:45:51.302494] [INFO] [framework] ID[0, 8], 이름[조두팔], 제어주기[20ms], 버젼[], 장소[우리집], 환경모드[simulation]
[2026-08-11 17:45:51.333648] [INFO] [framework] after init 실행
[2026-08-11 17:45:51.333926] [INFO] [framework] 제어 쓰레드 시작
[2026-08-11 17:50:10.516037] [INFO] [framework] 프로그램 시작
[2026-08-11 17:50:10.516043] [CRITICAL] [framework] 프로그램 시작
[2026-08-11 17:50:10.516042] [WARNING] [framework] 프로그램 시작
[2026-08-11 17:50:10.516043] [INFO] [framework] 설정 파일 위치 : ../configs/robot_8
[2026-08-11 17:50:10.516155] [INFO] [framework] ID[0, 8], 이름[조두팔], 제어주기[20ms], 버젼[], 장소[우리집], 환경모드[simulation]
[2026-08-11 17:50:10.548545] [INFO] [framework] after init 실행
[2026-08-11 17:50:10.548956] [INFO] [framework] 제어 쓰레드 시작
