[2026-08-11 16:38:01.999604] [INFO] [load_handler] 생성
[2026-08-11 16:45:50.007390] [INFO] [load_handler] 생성
[2026-08-11 16:47:42.790017] [INFO] [load_handler] 생성
[2026-08-11 16:49:24.420942] [INFO] [load_handler] 생성
[2026-08-11 16:49:46.532116] [INFO] [load_handler] 생성
[2026-08-11 16:52:17.173953] [INFO] [load_handler] 생성
[2026-08-11 17:03:34.397348] [INFO] [load_handler] 생성
[2026-08-11 17:24:37.860913] [INFO] [load_handler] 생성
[2026-08-11 17:27:18.544608] [INFO] [load_handler] 생성
[2026-08-11 17:27:55.463621] [INFO] [load_handler] 생성
[2026-08-11 17:29:09.923916] [INFO] [load_handler] 상차 시작
[2026-08-11 17:29:11.940018] [INFO] [load_handler] 상차 완료
[2026-08-11 17:30:34.613168] [INFO] [load_handler] 하차 시작
[2026-08-11 17:30:36.628944] [INFO] [load_handler] 하차 완료
[2026-08-11 17:34:46.318243] [INFO] [load_handler] 생성
[2026-08-11 17:40:32.816558] [INFO] [load_handler] 생성
[2026-08-11 17:43:43.867953] [INFO] [load_handler] 생성
[2026-08-11 17:44:21.704176] [INFO] [load_handler] 생성
[2026-08-11 17:45:27.790664] [INFO] [load_handler] 생성
[2026-08-11 17:45:51.329279] [INFO] [load_handler] 생성
[2026-08-11 17:50:10.543114] [INFO] [load_handler] 생성
