[2026-08-11 16:38:01.964496] [INFO] [framework] 프로그램 시작
[2026-08-11 16:38:01.964499] [WARNING] [framework] 프로그램 시작
[2026-08-11 16:38:01.964500] [CRITICAL] [framework] 프로그램 시작
[2026-08-11 16:38:01.964501] [INFO] [framework] 설정 파일 위치 : ../configs/robot_6
[2026-08-11 16:38:01.964604] [INFO] [framework] ID[0, 6], 이름[양식스], 제어주기[20ms], 버젼[], 장소[우리집], 환경모드[simulation]
[2026-08-11 16:38:01.991135] [INFO] [framework] after init 실행
[2026-08-11 16:38:01.991413] [INFO] [framework] 제어 쓰레드 시작
[2026-08-11 16:40:31.635753] [INFO] [framework] 프로그램 시작
[2026-08-11 16:40:31.635758] [CRITICAL] [framework] 프로그램 시작
[2026-08-11 16:40:31.635757] [WARNING] [framework] 프로그램 시작
[2026-08-11 16:40:31.635759] [INFO] [framework] 설정 파일 위치 : ../configs/robot_6
[2026-08-11 16:40:31.635849] [INFO] [framework] ID[0, 6], 이름[양식스], 제어주기[20ms], 버젼[], 장소[우리집], 환경모드[simulation]
[2026-08-11 16:40:31.660168] [INFO] [framework] after init 실행
[2026-08-11 16:40:31.660511] [INFO] [framework] 제어 쓰레드 시작
[2026-08-11 16:45:49.983346] [INFO] [framework] 프로그램 시작
[2026-08-11 16:45:49.983349] [WARNING] [framework] 프로그램 시작
[2026-08-11 16:45:49.983351] [INFO] [framework] 설정 파일 위치 : ../configs/robot_6
[2026-08-11 16:45:49.983350] [CRITICAL] [framework] 프로그램 시작
[2026-08-11 16:45:49.983462] [INFO] [framework] ID[0, 6], 이름[양식스], 제어주기[20ms], 버젼[], 장소[우리집], 환경모드[simulation]
[2026-08-11 16:45:50.009984] [INFO] [framework] after init 실행
[2026-08-11 16:45:50.010384] [INFO] [framework] 제어 쓰레드 시작
[2026-08-11 16:47:42.766634] [INFO] [framework] 프로그램 시작
[2026-08-11 16:47:42.766639] [WARNING] [framework] 프로그램 시작
[2026-08-11 16:47:42.766641] [INFO] [framework] 설정 파일 위치 : ../configs/robot_6
[2026-08-11 16:47:42.766640] [CRITICAL] [framework] 프로그램 시작
[2026-08-11 16:49:24.396263] [INFO] [framework] 프로그램 시작
[2026-08-11 16:49:24.396267] [WARNING] [framework] 프로그램 시작
[2026-08-11 16:49:24.396269] [INFO] [framework] 설정 파일 위치 : ../configs/robot_6
[2026-08-11 16:49:24.396269] [CRITICAL] [framework] 프로그램 시작
[2026-08-11 16:49:24.396397] [INFO] [framework] ID[0, 6], 이름[양식스], 제어주기[20ms], 버젼[], 장소[우리집], 환경모드[simulation]
[2026-08-11 16:49:24.422850] [INFO] [framework] after init 실행
[2026-08-11 16:49:24.423186] [INFO] [framework] 제어 쓰레드 시작
[2026-08-11 16:49:46.488996] [INFO] [framework] 프로그램 시작
[2026-08-11 16:49:46.489002] [WARNING] [framework] 프로그램 시작
[2026-08-11 16:49:46.489004] [CRITICAL] [framework] 프로그램 시작
[2026-08-11 16:49:58.390849] [INFO] [framework] 프로그램 시작
[2026-08-11 16:49:58.390852] [WARNING] [framework] 프로그램 시작
[2026-08-11 16:49:58.390854] [INFO] [framework] 설정 파일 위치 : ../configs/robot_6
[2026-08-11 16:49:58.390853] [CRITICAL] [framework] 프로그램 시작
[2026-08-11 16:49:58.390960] [INFO] [framework] ID[0, 6], 이름[양식스], 제어주기[20ms], 버젼[], 장소[우리집], 환경모드[simulation]
[2026-08-11 16:49:58.417404] [INFO] [framework] after init 실행
[2026-08-11 16:49:58.417653] [INFO] [framework] 제어 쓰레드 시작
[2026-08-11 16:52:17.133671] [INFO] [framework] 프로그램 시작
[2026-08-11 16:52:17.133676] [CRITICAL] [framework] 프로그램 시작
[2026-08-11 16:52:17.133677] [INFO] [framework] 설정 파일 위치 : ../configs/robot_6
[2026-08-11 16:52:17.133674] [WARNING] [framework] 프로그램 시작
[2026-08-11 16:52:17.133802] [INFO] [framework] ID[0, 6], 이름[양식스], 제어주기[20ms], 버젼[], 장소[우리집], 환경모드[simulation]
[2026-08-11 16:52:17.163347] [INFO] [framework] after init 실행
[2026-08-11 16:52:17.163657] [INFO] [framework] 제어 쓰레드 시작
[2026-08-11 17:03:34.361694] [INFO] [framework] 프로그램 시작
[2026-08-11 17:03:34.361699] [WARNING] [framework] 프로그램 시작
[2026-08-11 17:03:34.361702] [INFO] [framework] 설정 파일 위치 : ../configs/robot_6
[2026-08-11 17:03:34.361702] [CRITICAL] [framework] 프로그램 시작
[2026-08-11 17:03:34.361864] [INFO] [framework] ID[0, 6], 이름[양식스], 제어주기[20ms], 버젼[], 장소[우리집], 환경모드[simulation]
[2026-08-11 17:03:34.400004] [INFO] [framework] after init 실행
[2026-08-11 17:03:34.400425] [INFO] [framework] 제어 쓰레드 시작
[2026-08-11 17:24:37.814705] [INFO] [framework] 프로그램 시작
[2026-08-11 17:24:37.814709] [WARNING] [framework] 프로그램 시작
[2026-08-11 17:24:37.814713] [INFO] [framework] 설정 파일 위치 : ../configs/robot_6
[2026-08-11 17:24:37.814712] [CRITICAL] [framework] 프로그램 시작
[2026-08-11 17:24:37.814847] [INFO] [framework] ID[0, 6], 이름[양식스], 제어주기[20ms], 버젼[], 장소[우리집], 환경모드[simulation]
[2026-08-11 17:24:37.845478] [INFO] [framework] after init 실행
[2026-08-11 17:24:37.845764] [INFO] [framework] 제어 쓰레드 시작
[2026-08-11 17:26:43.234811] [INFO] [framework] 프로그램 시작
[2026-08-11 17:26:43.234817] [WARNING] [framework] 프로그램 시작
[2026-08-11 17:26:43.234819] [CRITICAL] [framework] 프로그램 시작
[2026-08-11 17:26:43.234820] [INFO] [framework] 설정 파일 위치 : ../configs/robot_6
[2026-08-11 17:27:18.498293] [INFO] [framework] 프로그램 시작
[2026-08-11 17:27:18.498297] [WARNING] [framework] 프로그램 시작
[2026-08-11 17:27:18.498302] [CRITICAL] [framework] 프로그램 시작
[2026-08-11 17:27:18.498303] [INFO] [framework] 설정 파일 위치 : ../configs/robot_6
[2026-08-11 17:27:18.498506] [INFO] [framework] ID[0, 6], 이름[양식스], 제어주기[20ms], 버젼[], 장소[우리집], 환경모드[simulation]
[2026-08-11 17:27:18.529755] [INFO] [framework] after init 실행
[2026-08-11 17:27:18.530014] [INFO] [framework] 제어 쓰레드 시작
[2026-08-11 17:27:37.751866] [INFO] [framework] 프로그램 시작
[2026-08-11 17:27:37.751872] [WARNING] [framework] 프로그램 시작
[2026-08-11 17:27:37.751874] [INFO] [framework] 설정 파일 위치 : ../configs/robot_6
[2026-08-11 17:27:37.751873] [CRITICAL] [framework] 프로그램 시작
[2026-08-11 17:27:55.415398] [INFO] [framework] 프로그램 시작
[2026-08-11 17:27:55.415403] [WARNING] [framework] 프로그램 시작
[2026-08-11 17:27:55.415405] [INFO] [framework] 설정 파일 위치 : ../configs/robot_6
[2026-08-11 17:27:55.415404] [CRITICAL] [framework] 프로그램 시작
[2026-08-11 17:27:55.415582] [INFO] [framework] ID[0, 6], 이름[양식스], 제어주기[20ms], 버젼[], 장소[우리집], 환경모드[simulation]
[2026-08-11 17:27:55.471407] [INFO] [framework] after init 실행
[2026-08-11 17:27:55.471889] [INFO] [framework] 제어 쓰레드 시작
[2026-08-11 17:34:34.363311] [INFO] [framework] 프로그램 시작
[2026-08-11 17:34:34.363314] [WARNING] [framework] 프로그램 시작
[2026-08-11 17:34:34.363317] [INFO] [framework] 설정 파일 위치 : ../configs/robot_6
[2026-08-11 17:34:34.363316] [CRITICAL] [framework] 프로그램 시작
[2026-08-11 17:34:46.269250] [INFO] [framework] 프로그램 시작
[2026-08-11 17:34:46.269253] [WARNING] [framework] 프로그램 시작
[2026-08-11 17:34:46.269257] [INFO] [framework] 설정 파일 위치 : ../configs/robot_6
[2026-08-11 17:34:46.269256] [CRITICAL] [framework] 프로그램 시작
[2026-08-11 17:34:46.269399] [INFO] [framework] ID[0, 6], 이름[양식스], 제어주기[20ms], 버젼[], 장소[우리집], 환경모드[simulation]
[2026-08-11 17:34:46.319640] [INFO] [framework] after init 실행
[2026-08-11 17:34:46.320289] [INFO] [framework] 제어 쓰레드 시작
[2026-08-11 17:40:32.788837] [INFO] [framework] 프로그램 시작
[2026-08-11 17:40:32.788840] [WARNING] [framework] 프로그램 시작
[2026-08-11 17:40:32.788844] [INFO] [framework] 설정 파일 위치 : ../configs/robot_6
[2026-08-11 17:40:32.788843] [CRITICAL] [framework] 프로그램 시작
[2026-08-11 17:40:32.788948] [INFO] [framework] ID[0, 6], 이름[양식스], 제어주기[20ms], 버젼[], 장소[우리집], 환경모드[simulation]
[2026-08-11 17:40:32.819898] [INFO] [framework] after init 실행
[2026-08-11 17:40:32.820316] [INFO] [framework] 제어 쓰레드 시작
[2026-08-11 17:43:43.839995] [INFO] [framework] 프로그램 시작
[2026-08-11 17:43:43.840000] [CRITICAL] [framework] 프로그램 시작
[2026-08-11 17:43:43.839999] [WARNING] [framework] 프로그램 시작
[2026-08-11 17:44:21.655702] [INFO] [framework] 프로그램 시작
[2026-08-11 17:44:21.655708] [WARNING] [framework] 프로그램 시작
[2026-08-11 17:44:21.655713] [INFO] [framework] 설정 파일 위치 : ../configs/robot_6
[2026-08-11 17:44:21.655712] [CRITICAL] [framework] 프로그램 시작
[2026-08-11 17:44:21.655877] [INFO] [framework] ID[0, 6], 이름[양식스], 제어주기[20ms], 버젼[], 장소[우리집], 환경모드[simulation]
[2026-08-11 17:44:21.708619] [INFO] [framework] after init 실행
[2026-08-11 17:44:21.708991] [INFO] [framework] 제어 쓰레드 시작
[2026-08-11 17:45:27.764646] [INFO] [framework] 프로그램 시작
[2026-08-11 17:45:27.764653] [WARNING] [framework] 프로그램 시작
[2026-08-11 17:45:27.764654] [CRITICAL] [framework] 프로그램 시작
[2026-08-11 17:45:27.764655] [INFO] [framework] 설정 파일 위치 : ../configs/robot_6
[2026-08-11 17:45:51.302746] [INFO] [framework] 프로그램 시작
[2026-08-11 17:45:51.302751] [WARNING] [framework] 프로그램 시작
[2026-08-11 17:45:51.302753] [INFO] [framework] 설정 파일 위치 : ../configs/robot_6
[2026-08-11 17:45:51.302753] [CRITICAL] [framework] 프로그램 시작
[2026-08-11 17:45:51.302899] [INFO] [framework] ID[0, 6], 이름[양식스], 제어주기[20ms], 버젼[], 장소[우리집], 환경모드[simulation]
[2026-08-11 17:45:51.344901] [INFO] [framework] after init 실행
[2026-08-11 17:45:51.345321] [INFO] [framework] 제어 쓰레드 시작
[2026-08-11 17:50:10.514522] [INFO] [framework] 프로그램 시작
[2026-08-11 17:50:10.514527] [WARNING] [framework] 프로그램 시작
[2026-08-11 17:50:10.514530] [INFO] [framework] 설정 파일 위치 : ../configs/robot_6
[2026-08-11 17:50:10.514529] [CRITICAL] [framework] 프로그램 시작
[2026-08-11 17:50:10.514659] [INFO] [framework] ID[0, 6], 이름[양식스], 제어주기[20ms], 버젼[], 장소[우리집], 환경모드[simulation]
[2026-08-11 17:50:10.554199] [INFO] [framework] after init 실행
[2026-08-11 17:50:10.554641] [INFO] [framework] 제어 쓰레드 시작
