[2026-08-11 16:38:02.002567] [INFO] [task::fsm] 생성
[2026-08-11 16:38:02.002568] [INFO] [task::fsm] idle
[2026-08-11 16:40:31.673502] [INFO] [task::fsm] 생성
[2026-08-11 16:40:31.673503] [INFO] [task::fsm] idle
[2026-08-11 16:42:03.859798] [INFO] [task::fsm] charging
[2026-08-11 16:42:26.438921] [INFO] [task::fsm] discharging
[2026-08-11 16:42:26.458903] [INFO] [task::fsm] idle
[2026-08-11 16:42:59.122934] [INFO] [task::fsm] idle
[2026-08-11 16:43:59.288175] [INFO] [task::fsm] push_done
[2026-08-11 16:43:59.328149] [INFO] [task::fsm] idle
[2026-08-11 16:44:47.642765] [INFO] [task::fsm] push_done
[2026-08-11 16:44:47.702671] [INFO] [task::fsm] charging
[2026-08-11 16:45:13.715639] [INFO] [task::fsm] discharging
[2026-08-11 16:45:13.735532] [INFO] [task::fsm] idle
[2026-08-11 16:45:13.775507] [INFO] [task::fsm] idle
[2026-08-11 16:45:50.021912] [INFO] [task::fsm] 생성
[2026-08-11 16:45:50.021914] [INFO] [task::fsm] idle
[2026-08-11 16:45:50.044071] [INFO] [task::fsm] idle
[2026-08-11 16:46:20.128502] [INFO] [task::fsm] charging
[2026-08-11 16:46:38.553092] [INFO] [task::fsm] discharging
[2026-08-11 16:46:38.572995] [INFO] [task::fsm] idle
[2026-08-11 16:46:38.612972] [INFO] [task::fsm] idle
[2026-08-11 16:47:33.569042] [INFO] [task::fsm] push_done
[2026-08-11 16:47:33.628944] [INFO] [task::fsm] idle
[2026-08-11 16:47:42.788189] [INFO] [task::fsm] 생성
[2026-08-11 16:47:42.788190] [INFO] [task::fsm] idle
[2026-08-11 16:47:42.809861] [INFO] [task::fsm] idle
[2026-08-11 16:48:11.437071] [INFO] [task::fsm] idle
[2026-08-11 16:49:02.393211] [INFO] [task::fsm] push_done
[2026-08-11 16:49:02.433209] [INFO] [task::fsm] charging
[2026-08-11 16:49:24.434747] [INFO] [task::fsm] 생성
[2026-08-11 16:49:24.434748] [INFO] [task::fsm] idle
[2026-08-11 16:49:24.476844] [INFO] [task::fsm] charging
[2026-08-11 16:49:46.528519] [INFO] [task::fsm] 생성
[2026-08-11 16:49:46.528522] [INFO] [task::fsm] idle
[2026-08-11 16:52:17.171298] [INFO] [task::fsm] 생성
[2026-08-11 16:52:17.171300] [INFO] [task::fsm] idle
[2026-08-11 16:52:47.273867] [INFO] [task::fsm] charging
[2026-08-11 16:53:05.699067] [INFO] [task::fsm] discharging
[2026-08-11 16:53:05.718947] [INFO] [task::fsm] idle
[2026-08-11 16:53:05.778873] [INFO] [task::fsm] idle
[2026-08-11 16:54:51.757019] [INFO] [task::fsm] push_done
[2026-08-11 16:54:51.816918] [INFO] [task::fsm] idle
[2026-08-11 16:55:20.980542] [INFO] [task::fsm] push_done
[2026-08-11 16:55:21.040429] [INFO] [task::fsm] idle
[2026-08-11 16:57:00.807596] [INFO] [task::fsm] push_done
[2026-08-11 16:57:00.847574] [INFO] [task::fsm] charging
[2026-08-11 16:57:36.515972] [INFO] [task::fsm] discharging
[2026-08-11 16:57:36.535944] [INFO] [task::fsm] idle
[2026-08-11 16:57:36.575842] [INFO] [task::fsm] idle
[2026-08-11 16:59:31.581329] [INFO] [task::fsm] charging
[2026-08-11 16:59:50.006643] [INFO] [task::fsm] discharging
[2026-08-11 16:59:50.026594] [INFO] [task::fsm] idle
[2026-08-11 16:59:50.066513] [INFO] [task::fsm] idle
[2026-08-11 17:01:45.080925] [INFO] [task::fsm] charging
[2026-08-11 17:02:03.504051] [INFO] [task::fsm] discharging
[2026-08-11 17:02:03.524025] [INFO] [task::fsm] idle
[2026-08-11 17:02:03.563932] [INFO] [task::fsm] idle
[2026-08-11 17:03:34.382354] [INFO] [task::fsm] 생성
[2026-08-11 17:03:34.382356] [INFO] [task::fsm] idle
[2026-08-11 17:04:04.488501] [INFO] [task::fsm] charging
[2026-08-11 17:04:22.912769] [INFO] [task::fsm] discharging
[2026-08-11 17:04:22.932679] [INFO] [task::fsm] idle
[2026-08-11 17:04:22.972636] [INFO] [task::fsm] idle
[2026-08-11 17:05:15.390794] [INFO] [task::fsm] push_done
[2026-08-11 17:05:15.450666] [INFO] [task::fsm] idle
[2026-08-11 17:07:15.554337] [INFO] [task::fsm] push_done
[2026-08-11 17:07:15.594326] [INFO] [task::fsm] charging
[2026-08-11 17:07:42.262313] [INFO] [task::fsm] discharging
[2026-08-11 17:07:42.282224] [INFO] [task::fsm] idle
[2026-08-11 17:07:42.322203] [INFO] [task::fsm] idle
[2026-08-11 17:09:49.674040] [INFO] [task::fsm] push_done
[2026-08-11 17:09:49.733915] [INFO] [task::fsm] idle
[2026-08-11 17:10:28.677054] [INFO] [task::fsm] push_done
[2026-08-11 17:10:28.717027] [INFO] [task::fsm] idle
[2026-08-11 17:11:44.609535] [INFO] [task::fsm] push_done
[2026-08-11 17:11:44.669436] [INFO] [task::fsm] charging
[2026-08-11 17:12:20.480476] [INFO] [task::fsm] discharging
[2026-08-11 17:12:20.500489] [INFO] [task::fsm] idle
[2026-08-11 17:12:20.520445] [INFO] [task::fsm] idle
[2026-08-11 17:24:37.860720] [INFO] [task::fsm] 생성
[2026-08-11 17:24:37.860721] [INFO] [task::fsm] idle
[2026-08-11 17:27:18.544290] [INFO] [task::fsm] 생성
[2026-08-11 17:27:18.544291] [INFO] [task::fsm] idle
[2026-08-11 17:27:55.458591] [INFO] [task::fsm] 생성
[2026-08-11 17:27:55.458592] [INFO] [task::fsm] idle
[2026-08-11 17:29:09.303236] [INFO] [task::fsm] go_from_done
[2026-08-11 17:29:09.363148] [INFO] [task::fsm] loading
[2026-08-11 17:29:11.399308] [INFO] [task::fsm] loading_done
[2026-08-11 17:30:35.599615] [INFO] [task::fsm] go_to_done
[2026-08-11 17:30:35.659494] [INFO] [task::fsm] unloading
[2026-08-11 17:30:37.695366] [INFO] [task::fsm] unloading_done
[2026-08-11 17:30:37.755287] [INFO] [task::fsm] idle
[2026-08-11 17:31:27.900259] [INFO] [task::fsm] push_done
[2026-08-11 17:31:27.960144] [INFO] [task::fsm] charging
[2026-08-11 17:32:10.654440] [INFO] [task::fsm] discharging
[2026-08-11 17:32:10.674347] [INFO] [task::fsm] idle
[2026-08-11 17:32:10.714327] [INFO] [task::fsm] idle
[2026-08-11 17:34:05.732395] [INFO] [task::fsm] charging
[2026-08-11 17:34:24.158061] [INFO] [task::fsm] discharging
[2026-08-11 17:34:24.178016] [INFO] [task::fsm] idle
[2026-08-11 17:34:24.217935] [INFO] [task::fsm] idle
[2026-08-11 17:34:46.295405] [INFO] [task::fsm] 생성
[2026-08-11 17:34:46.295406] [INFO] [task::fsm] idle
[2026-08-11 17:35:16.398114] [INFO] [task::fsm] charging
[2026-08-11 17:35:34.821984] [INFO] [task::fsm] discharging
[2026-08-11 17:35:34.841893] [INFO] [task::fsm] idle
[2026-08-11 17:35:34.881863] [INFO] [task::fsm] idle
[2026-08-11 17:37:29.905785] [INFO] [task::fsm] charging
[2026-08-11 17:37:48.330893] [INFO] [task::fsm] discharging
[2026-08-11 17:37:48.350903] [INFO] [task::fsm] idle
[2026-08-11 17:37:48.390830] [INFO] [task::fsm] idle
[2026-08-11 17:39:43.395837] [INFO] [task::fsm] charging
[2026-08-11 17:40:01.822912] [INFO] [task::fsm] discharging
[2026-08-11 17:40:01.842819] [INFO] [task::fsm] idle
[2026-08-11 17:40:01.902762] [INFO] [task::fsm] idle
[2026-08-11 17:40:32.836428] [INFO] [task::fsm] 생성
[2026-08-11 17:40:32.836429] [INFO] [task::fsm] idle
[2026-08-11 17:41:02.960536] [INFO] [task::fsm] charging
[2026-08-11 17:41:51.267574] [INFO] [task::fsm] push_done
[2026-08-11 17:41:51.327445] [INFO] [task::fsm] idle
[2026-08-11 17:44:21.701179] [INFO] [task::fsm] 생성
[2026-08-11 17:44:21.701180] [INFO] [task::fsm] idle
[2026-08-11 17:45:27.809453] [INFO] [task::fsm] 생성
[2026-08-11 17:45:27.809453] [INFO] [task::fsm] idle
[2026-08-11 17:45:51.349425] [INFO] [task::fsm] 생성
[2026-08-11 17:45:51.349427] [INFO] [task::fsm] idle
[2026-08-11 17:50:10.552201] [INFO] [task::fsm] 생성
[2026-08-11 17:50:10.552202] [INFO] [task::fsm] idle
[2026-08-11 17:52:36.549634] [INFO] [task::fsm] push_done
[2026-08-11 17:52:36.609564] [INFO] [task::fsm] charging
[2026-08-11 17:53:04.234590] [INFO] [task::fsm] discharging
[2026-08-11 17:53:04.254616] [INFO] [task::fsm] idle
[2026-08-11 17:53:04.274563] [INFO] [task::fsm] idle
[2026-08-11 17:54:14.914381] [INFO] [task::fsm] push_done
[2026-08-11 17:54:14.974262] [INFO] [task::fsm] idle
[2026-08-11 17:55:34.570730] [INFO] [task::fsm] push_done
[2026-08-11 17:55:34.630608] [INFO] [task::fsm] charging
[2026-08-11 17:56:00.998847] [INFO] [task::fsm] discharging
[2026-08-11 17:56:01.018791] [INFO] [task::fsm] idle
[2026-08-11 17:56:01.058753] [INFO] [task::fsm] idle
[2026-08-11 17:56:43.695753] [INFO] [task::fsm] push_done
[2026-08-11 17:56:43.755616] [INFO] [task::fsm] idle
