[2026-08-11 16:38:01.990513] [INFO] [power_system] 생성
[2026-08-11 16:38:01.990623] [INFO] [power_system] 설정 정보 : remaining[40%, 10%, 5%]
[2026-08-11 16:38:01.991065] [INFO] [power_system] 알람 목록 : 
 • [100015, 100001] [INFO] 자동 충전 시작.
 • [100015, 100002] [INFO] 배터리 가득.
 • [100015, 400001] [CRIT] 배터리 남은 양 - 위험
 • [100015, 300001] [ERROR] 배터리 남은 양 - 에러
 • [100015, 200001] [WARN] 배터리 남은 양 - 주의
 • [100015, 100004] [INFO] 자동 충전 해제 완료.
 • [100015, 100003] [INFO] 자동 충전 해제 시작.
[2026-08-11 16:40:31.659607] [INFO] [power_system] 생성
[2026-08-11 16:40:31.659702] [INFO] [power_system] 설정 정보 : remaining[40%, 10%, 5%]
[2026-08-11 16:40:31.660104] [INFO] [power_system] 알람 목록 : 
 • [100015, 100001] [INFO] 자동 충전 시작.
 • [100015, 100002] [INFO] 배터리 가득.
 • [100015, 400001] [CRIT] 배터리 남은 양 - 위험
 • [100015, 300001] [ERROR] 배터리 남은 양 - 에러
 • [100015, 200001] [WARN] 배터리 남은 양 - 주의
 • [100015, 100004] [INFO] 자동 충전 해제 완료.
 • [100015, 100003] [INFO] 자동 충전 해제 시작.
[2026-08-11 16:42:03.860737] [INFO] [power_system] 충전 프로세스 시작
[2026-08-11 16:42:44.907899] [INFO] [power_system] 충전 완료
[2026-08-11 16:42:49.938939] [INFO] [power_system] 충전 해제 완료
[2026-08-11 16:42:49.958920] [INFO] [power_system] 충전 해제 프로세스 시작
[2026-08-11 16:44:18.180040] [INFO] [power_system] 충전 프로세스 시작
[2026-08-11 16:44:34.191205] [INFO] [power_system] 충전 완료
[2026-08-11 16:44:39.222467] [INFO] [power_system] 충전 해제 완료
[2026-08-11 16:44:39.242429] [INFO] [power_system] 충전 해제 프로세스 시작
[2026-08-11 16:45:50.009369] [INFO] [power_system] 생성
[2026-08-11 16:45:50.009474] [INFO] [power_system] 설정 정보 : remaining[40%, 10%, 5%]
[2026-08-11 16:45:50.009915] [INFO] [power_system] 알람 목록 : 
 • [100015, 100001] [INFO] 자동 충전 시작.
 • [100015, 100002] [INFO] 배터리 가득.
 • [100015, 400001] [CRIT] 배터리 남은 양 - 위험
 • [100015, 300001] [ERROR] 배터리 남은 양 - 에러
 • [100015, 200001] [WARN] 배터리 남은 양 - 주의
 • [100015, 100004] [INFO] 자동 충전 해제 완료.
 • [100015, 100003] [INFO] 자동 충전 해제 시작.
[2026-08-11 16:45:50.130278] [INFO] [power_system] 충전 프로세스 시작
[2026-08-11 16:47:39.124508] [INFO] [power_system] 충전 프로세스 시작
[2026-08-11 16:49:24.422138] [INFO] [power_system] 생성
[2026-08-11 16:49:24.422271] [INFO] [power_system] 설정 정보 : remaining[40%, 10%, 5%]
[2026-08-11 16:49:24.422771] [INFO] [power_system] 알람 목록 : 
 • [100015, 100001] [INFO] 자동 충전 시작.
 • [100015, 100002] [INFO] 배터리 가득.
 • [100015, 400001] [CRIT] 배터리 남은 양 - 위험
 • [100015, 300001] [ERROR] 배터리 남은 양 - 에러
 • [100015, 200001] [WARN] 배터리 남은 양 - 주의
 • [100015, 100004] [INFO] 자동 충전 해제 완료.
 • [100015, 100003] [INFO] 자동 충전 해제 시작.
[2026-08-11 16:49:24.523064] [INFO] [power_system] 충전 프로세스 시작
[2026-08-11 16:49:58.416782] [INFO] [power_system] 생성
[2026-08-11 16:49:58.416892] [INFO] [power_system] 설정 정보 : remaining[40%, 10%, 5%]
[2026-08-11 16:49:58.417329] [INFO] [power_system] 알람 목록 : 
 • [100015, 100001] [INFO] 자동 충전 시작.
 • [100015, 100002] [INFO] 배터리 가득.
 • [100015, 400001] [CRIT] 배터리 남은 양 - 위험
 • [100015, 300001] [ERROR] 배터리 남은 양 - 에러
 • [100015, 200001] [WARN] 배터리 남은 양 - 주의
 • [100015, 100004] [INFO] 자동 충전 해제 완료.
 • [100015, 100003] [INFO] 자동 충전 해제 시작.
[2026-08-11 16:50:00.414594] [INFO] [power_system] 충전 프로세스 시작
[2026-08-11 16:52:17.162621] [INFO] [power_system] 생성
[2026-08-11 16:52:17.162769] [INFO] [power_system] 설정 정보 : remaining[40%, 10%, 5%]
[2026-08-11 16:52:17.163258] [INFO] [power_system] 알람 목록 : 
 • [100015, 100001] [INFO] 자동 충전 시작.
 • [100015, 100002] [INFO] 배터리 가득.
 • [100015, 400001] [CRIT] 배터리 남은 양 - 위험
 • [100015, 300001] [ERROR] 배터리 남은 양 - 에러
 • [100015, 200001] [WARN] 배터리 남은 양 - 주의
 • [100015, 100004] [INFO] 자동 충전 해제 완료.
 • [100015, 100003] [INFO] 자동 충전 해제 시작.
[2026-08-11 16:53:24.140103] [INFO] [power_system] 충전 프로세스 시작
[2026-08-11 16:55:05.661653] [INFO] [power_system] 충전 프로세스 시작
[2026-08-11 16:55:32.509973] [INFO] [power_system] 충전 완료
[2026-08-11 16:55:37.540182] [INFO] [power_system] 충전 해제 완료
[2026-08-11 16:55:37.560104] [INFO] [power_system] 충전 해제 프로세스 시작
[2026-08-11 16:59:55.755812] [INFO] [power_system] 충전 프로세스 시작
[2026-08-11 17:00:26.255602] [INFO] [power_system] 충전 완료
[2026-08-11 17:00:31.285600] [INFO] [power_system] 충전 해제 완료
[2026-08-11 17:00:31.305621] [INFO] [power_system] 충전 해제 프로세스 시작
[2026-08-11 17:03:34.399364] [INFO] [power_system] 생성
[2026-08-11 17:03:34.399473] [INFO] [power_system] 설정 정보 : remaining[40%, 10%, 5%]
[2026-08-11 17:03:34.399933] [INFO] [power_system] 알람 목록 : 
 • [100015, 100001] [INFO] 자동 충전 시작.
 • [100015, 100002] [INFO] 배터리 가득.
 • [100015, 400001] [CRIT] 배터리 남은 양 - 위험
 • [100015, 300001] [ERROR] 배터리 남은 양 - 에러
 • [100015, 200001] [WARN] 배터리 남은 양 - 주의
 • [100015, 100004] [INFO] 자동 충전 해제 완료.
 • [100015, 100003] [INFO] 자동 충전 해제 시작.
[2026-08-11 17:05:58.260030] [INFO] [power_system] 충전 프로세스 시작
[2026-08-11 17:06:39.298595] [INFO] [power_system] 충전 완료
[2026-08-11 17:06:44.329536] [INFO] [power_system] 충전 해제 완료
[2026-08-11 17:06:44.349504] [INFO] [power_system] 충전 해제 프로세스 시작
[2026-08-11 17:12:21.188511] [INFO] [power_system] 충전 프로세스 시작
[2026-08-11 17:24:37.844872] [INFO] [power_system] 생성
[2026-08-11 17:24:37.844981] [INFO] [power_system] 설정 정보 : remaining[40%, 10%, 5%]
[2026-08-11 17:24:37.845408] [INFO] [power_system] 알람 목록 : 
 • [100015, 100001] [INFO] 자동 충전 시작.
 • [100015, 100002] [INFO] 배터리 가득.
 • [100015, 400001] [CRIT] 배터리 남은 양 - 위험
 • [100015, 300001] [ERROR] 배터리 남은 양 - 에러
 • [100015, 200001] [WARN] 배터리 남은 양 - 주의
 • [100015, 100004] [INFO] 자동 충전 해제 완료.
 • [100015, 100003] [INFO] 자동 충전 해제 시작.
[2026-08-11 17:27:18.529155] [INFO] [power_system] 생성
[2026-08-11 17:27:18.529257] [INFO] [power_system] 설정 정보 : remaining[40%, 10%, 5%]
[2026-08-11 17:27:18.529677] [INFO] [power_system] 알람 목록 : 
 • [100015, 100001] [INFO] 자동 충전 시작.
 • [100015, 100002] [INFO] 배터리 가득.
 • [100015, 400001] [CRIT] 배터리 남은 양 - 위험
 • [100015, 300001] [ERROR] 배터리 남은 양 - 에러
 • [100015, 200001] [WARN] 배터리 남은 양 - 주의
 • [100015, 100004] [INFO] 자동 충전 해제 완료.
 • [100015, 100003] [INFO] 자동 충전 해제 시작.
[2026-08-11 17:27:18.649883] [INFO] [power_system] 충전 프로세스 시작
[2026-08-11 17:27:55.470827] [INFO] [power_system] 생성
[2026-08-11 17:27:55.470932] [INFO] [power_system] 설정 정보 : remaining[40%, 10%, 5%]
[2026-08-11 17:27:55.471340] [INFO] [power_system] 알람 목록 : 
 • [100015, 100001] [INFO] 자동 충전 시작.
 • [100015, 100002] [INFO] 배터리 가득.
 • [100015, 400001] [CRIT] 배터리 남은 양 - 위험
 • [100015, 300001] [ERROR] 배터리 남은 양 - 에러
 • [100015, 200001] [WARN] 배터리 남은 양 - 주의
 • [100015, 100004] [INFO] 자동 충전 해제 완료.
 • [100015, 100003] [INFO] 자동 충전 해제 시작.
[2026-08-11 17:27:55.591771] [INFO] [power_system] 충전 프로세스 시작
[2026-08-11 17:28:34.977893] [INFO] [power_system] 충전 완료
[2026-08-11 17:32:03.737622] [INFO] [power_system] 충전 프로세스 시작
[2026-08-11 17:32:36.334677] [INFO] [power_system] 충전 완료
[2026-08-11 17:32:41.364820] [INFO] [power_system] 충전 해제 완료
[2026-08-11 17:32:41.384713] [INFO] [power_system] 충전 해제 프로세스 시작
[2026-08-11 17:34:46.318749] [INFO] [power_system] 생성
[2026-08-11 17:34:46.318907] [INFO] [power_system] 설정 정보 : remaining[40%, 10%, 5%]
[2026-08-11 17:34:46.319556] [INFO] [power_system] 알람 목록 : 
 • [100015, 100001] [INFO] 자동 충전 시작.
 • [100015, 100002] [INFO] 배터리 가득.
 • [100015, 400001] [CRIT] 배터리 남은 양 - 위험
 • [100015, 300001] [ERROR] 배터리 남은 양 - 에러
 • [100015, 200001] [WARN] 배터리 남은 양 - 주의
 • [100015, 100004] [INFO] 자동 충전 해제 완료.
 • [100015, 100003] [INFO] 자동 충전 해제 시작.
[2026-08-11 17:34:49.874468] [INFO] [power_system] 충전 프로세스 시작
[2026-08-11 17:35:29.495802] [INFO] [power_system] 충전 완료
[2026-08-11 17:35:34.525808] [INFO] [power_system] 충전 해제 완료
[2026-08-11 17:35:34.545773] [INFO] [power_system] 충전 해제 프로세스 시작
[2026-08-11 17:37:29.604446] [INFO] [power_system] 충전 프로세스 시작
[2026-08-11 17:37:42.981005] [INFO] [power_system] 충전 완료
[2026-08-11 17:37:48.011966] [INFO] [power_system] 충전 해제 완료
[2026-08-11 17:37:48.031979] [INFO] [power_system] 충전 해제 프로세스 시작
[2026-08-11 17:39:43.103939] [INFO] [power_system] 충전 프로세스 시작
[2026-08-11 17:39:56.478849] [INFO] [power_system] 충전 완료
[2026-08-11 17:40:01.510415] [INFO] [power_system] 충전 해제 완료
[2026-08-11 17:40:01.530377] [INFO] [power_system] 충전 해제 프로세스 시작
[2026-08-11 17:40:32.819305] [INFO] [power_system] 생성
[2026-08-11 17:40:32.819412] [INFO] [power_system] 설정 정보 : remaining[40%, 10%, 5%]
[2026-08-11 17:40:32.819837] [INFO] [power_system] 알람 목록 : 
 • [100015, 100001] [INFO] 자동 충전 시작.
 • [100015, 100002] [INFO] 배터리 가득.
 • [100015, 400001] [CRIT] 배터리 남은 양 - 위험
 • [100015, 300001] [ERROR] 배터리 남은 양 - 에러
 • [100015, 200001] [WARN] 배터리 남은 양 - 주의
 • [100015, 100004] [INFO] 자동 충전 해제 완료.
 • [100015, 100003] [INFO] 자동 충전 해제 시작.
[2026-08-11 17:40:32.940274] [INFO] [power_system] 충전 프로세스 시작
[2026-08-11 17:41:12.324719] [INFO] [power_system] 충전 완료
[2026-08-11 17:41:17.355366] [INFO] [power_system] 충전 해제 완료
[2026-08-11 17:41:17.375391] [INFO] [power_system] 충전 해제 프로세스 시작
[2026-08-11 17:44:21.707756] [INFO] [power_system] 생성
[2026-08-11 17:44:21.707923] [INFO] [power_system] 설정 정보 : remaining[40%, 10%, 5%]
[2026-08-11 17:44:21.708520] [INFO] [power_system] 알람 목록 : 
 • [100015, 100001] [INFO] 자동 충전 시작.
 • [100015, 100002] [INFO] 배터리 가득.
 • [100015, 400001] [CRIT] 배터리 남은 양 - 위험
 • [100015, 300001] [ERROR] 배터리 남은 양 - 에러
 • [100015, 200001] [WARN] 배터리 남은 양 - 주의
 • [100015, 100004] [INFO] 자동 충전 해제 완료.
 • [100015, 100003] [INFO] 자동 충전 해제 시작.
[2026-08-11 17:44:21.808940] [INFO] [power_system] 충전 프로세스 시작
[2026-08-11 17:45:01.196560] [INFO] [power_system] 충전 완료
[2026-08-11 17:45:06.227967] [INFO] [power_system] 충전 해제 완료
[2026-08-11 17:45:06.247877] [INFO] [power_system] 충전 해제 프로세스 시작
[2026-08-11 17:45:51.344304] [INFO] [power_system] 생성
[2026-08-11 17:45:51.344415] [INFO] [power_system] 설정 정보 : remaining[40%, 10%, 5%]
[2026-08-11 17:45:51.344834] [INFO] [power_system] 알람 목록 : 
 • [100015, 100001] [INFO] 자동 충전 시작.
 • [100015, 100002] [INFO] 배터리 가득.
 • [100015, 400001] [CRIT] 배터리 남은 양 - 위험
 • [100015, 300001] [ERROR] 배터리 남은 양 - 에러
 • [100015, 200001] [WARN] 배터리 남은 양 - 주의
 • [100015, 100004] [INFO] 자동 충전 해제 완료.
 • [100015, 100003] [INFO] 자동 충전 해제 시작.
[2026-08-11 17:45:51.465262] [INFO] [power_system] 충전 프로세스 시작
[2026-08-11 17:46:30.850587] [INFO] [power_system] 충전 완료
[2026-08-11 17:46:35.880462] [INFO] [power_system] 충전 해제 완료
[2026-08-11 17:46:35.900483] [INFO] [power_system] 충전 해제 프로세스 시작
[2026-08-11 17:50:10.553236] [INFO] [power_system] 생성
[2026-08-11 17:50:10.553399] [INFO] [power_system] 설정 정보 : remaining[40%, 10%, 5%]
[2026-08-11 17:50:10.554096] [INFO] [power_system] 알람 목록 : 
 • [100015, 100001] [INFO] 자동 충전 시작.
 • [100015, 100002] [INFO] 배터리 가득.
 • [100015, 400001] [CRIT] 배터리 남은 양 - 위험
 • [100015, 300001] [ERROR] 배터리 남은 양 - 에러
 • [100015, 200001] [WARN] 배터리 남은 양 - 주의
 • [100015, 100004] [INFO] 자동 충전 해제 완료.
 • [100015, 100003] [INFO] 자동 충전 해제 시작.
[2026-08-11 17:50:10.654659] [INFO] [power_system] 충전 프로세스 시작
[2026-08-11 17:50:50.038678] [INFO] [power_system] 충전 완료
[2026-08-11 17:50:55.069552] [INFO] [power_system] 충전 해제 완료
[2026-08-11 17:50:55.089549] [INFO] [power_system] 충전 해제 프로세스 시작
[2026-08-11 17:52:50.161817] [INFO] [power_system] 충전 프로세스 시작
[2026-08-11 17:53:03.536011] [INFO] [power_system] 충전 완료
[2026-08-11 17:53:08.566506] [INFO] [power_system] 충전 해제 완료
[2026-08-11 17:53:08.586568] [INFO] [power_system] 충전 해제 프로세스 시작
[2026-08-11 17:56:03.142481] [INFO] [power_system] 충전 프로세스 시작
[2026-08-11 17:56:25.856938] [INFO] [power_system] 충전 완료
[2026-08-11 17:56:30.887307] [INFO] [power_system] 충전 해제 완료
[2026-08-11 17:56:30.907303] [INFO] [power_system] 충전 해제 프로세스 시작
