[2026-08-11 16:38:01.968880] [INFO] [framework] 프로그램 시작
[2026-08-11 16:38:01.968885] [WARNING] [framework] 프로그램 시작
[2026-08-11 16:38:01.968887] [CRITICAL] [framework] 프로그램 시작
[2026-08-11 16:38:01.968888] [INFO] [framework] 설정 파일 위치 : ../configs/robot_10
[2026-08-11 16:38:01.968989] [INFO] [framework] ID[0, 10], 이름[전시입], 제어주기[20ms], 버젼[], 장소[우리집], 환경모드[simulation]
[2026-08-11 16:38:01.995341] [INFO] [framework] after init 실행
[2026-08-11 16:38:01.995987] [INFO] [framework] 제어 쓰레드 시작
[2026-08-11 16:40:31.639385] [INFO] [framework] 프로그램 시작
[2026-08-11 16:40:31.639389] [WARNING] [framework] 프로그램 시작
[2026-08-11 16:40:31.639392] [INFO] [framework] 설정 파일 위치 : ../configs/robot_10
[2026-08-11 16:40:31.639392] [CRITICAL] [framework] 프로그램 시작
[2026-08-11 16:45:49.987991] [INFO] [framework] 프로그램 시작
[2026-08-11 16:45:49.987994] [WARNING] [framework] 프로그램 시작
[2026-08-11 16:45:49.987998] [INFO] [framework] 설정 파일 위치 : ../configs/robot_10
[2026-08-11 16:45:49.987997] [CRITICAL] [framework] 프로그램 시작
[2026-08-11 16:45:49.988119] [INFO] [framework] ID[0, 10], 이름[전시입], 제어주기[20ms], 버젼[], 장소[우리집], 환경모드[simulation]
[2026-08-11 16:45:50.015014] [INFO] [framework] after init 실행
[2026-08-11 16:45:50.015267] [INFO] [framework] 제어 쓰레드 시작
[2026-08-11 16:47:42.771791] [INFO] [framework] 프로그램 시작
[2026-08-11 16:47:42.771796] [WARNING] [framework] 프로그램 시작
[2026-08-11 16:47:42.771801] [INFO] [framework] 설정 파일 위치 : ../configs/robot_10
[2026-08-11 16:47:42.771800] [CRITICAL] [framework] 프로그램 시작
[2026-08-11 16:49:24.400075] [INFO] [framework] 프로그램 시작
[2026-08-11 16:49:24.400078] [WARNING] [framework] 프로그램 시작
[2026-08-11 16:49:24.400082] [INFO] [framework] 설정 파일 위치 : ../configs/robot_10
[2026-08-11 16:49:24.400081] [CRITICAL] [framework] 프로그램 시작
[2026-08-11 16:49:24.400199] [INFO] [framework] ID[0, 10], 이름[전시입], 제어주기[20ms], 버젼[], 장소[우리집], 환경모드[simulation]
[2026-08-11 16:49:24.426306] [INFO] [framework] after init 실행
[2026-08-11 16:49:24.426705] [INFO] [framework] 제어 쓰레드 시작
[2026-08-11 16:49:46.496561] [INFO] [framework] 프로그램 시작
[2026-08-11 16:49:46.496564] [WARNING] [framework] 프로그램 시작
[2026-08-11 16:49:46.496565] [CRITICAL] [framework] 프로그램 시작
[2026-08-11 16:49:46.496566] [INFO] [framework] 설정 파일 위치 : ../configs/robot_10
[2026-08-11 16:49:58.397378] [INFO] [framework] 프로그램 시작
[2026-08-11 16:49:58.397384] [WARNING] [framework] 프로그램 시작
[2026-08-11 16:49:58.397385] [INFO] [framework] 설정 파일 위치 : ../configs/robot_10
[2026-08-11 16:49:58.397385] [CRITICAL] [framework] 프로그램 시작
[2026-08-11 16:49:58.397534] [INFO] [framework] ID[0, 10], 이름[전시입], 제어주기[20ms], 버젼[], 장소[우리집], 환경모드[simulation]
[2026-08-11 16:49:58.429007] [INFO] [framework] after init 실행
[2026-08-11 16:49:58.429389] [INFO] [framework] 제어 쓰레드 시작
[2026-08-11 16:52:17.139356] [INFO] [framework] 프로그램 시작
[2026-08-11 16:52:17.139364] [CRITICAL] [framework] 프로그램 시작
[2026-08-11 16:52:17.139360] [WARNING] [framework] 프로그램 시작
[2026-08-11 16:52:17.139366] [INFO] [framework] 설정 파일 위치 : ../configs/robot_10
[2026-08-11 16:52:17.139522] [INFO] [framework] ID[0, 10], 이름[전시입], 제어주기[20ms], 버젼[], 장소[우리집], 환경모드[simulation]
[2026-08-11 16:52:17.170357] [INFO] [framework] after init 실행
[2026-08-11 16:52:17.170596] [INFO] [framework] 제어 쓰레드 시작
[2026-08-11 17:03:34.366405] [INFO] [framework] 프로그램 시작
[2026-08-11 17:03:34.366408] [WARNING] [framework] 프로그램 시작
[2026-08-11 17:03:34.366413] [INFO] [framework] 설정 파일 위치 : ../configs/robot_10
[2026-08-11 17:03:34.366412] [CRITICAL] [framework] 프로그램 시작
[2026-08-11 17:03:34.366557] [INFO] [framework] ID[0, 10], 이름[전시입], 제어주기[20ms], 버젼[], 장소[우리집], 환경모드[simulation]
[2026-08-11 17:03:34.392732] [INFO] [framework] after init 실행
[2026-08-11 17:03:34.393118] [INFO] [framework] 제어 쓰레드 시작
