[2026-08-11 16:38:01.998953] [INFO] [path_server] 생성
[2026-08-11 16:38:01.999017] [INFO] [path_server] 경로 삭제
[2026-08-11 16:38:02.000688] [INFO] [path_server] 노드 초기화 성공 : 로봇 좌표[21.551m 22.027m 179.546°] 최단 거리 노드[1092] 거리(0.449392m)
[2026-08-11 16:45:50.006714] [INFO] [path_server] 생성
[2026-08-11 16:45:50.006753] [INFO] [path_server] 경로 삭제
[2026-08-11 16:45:50.008533] [INFO] [path_server] 노드 초기화 성공 : 로봇 좌표[21.551m 22.027m 179.546°] 최단 거리 노드[1092] 거리(0.449392m)
[2026-08-11 16:45:55.138491] [INFO] [path_server] 새로운 경로 설정 : path[1092 ➜ 108] time[0s] dist[33m] list[23] : 1092-1093-1094-1095-1074-1075-1076-1018-1019-1020-1011-1004-1005-1006-1021-1022-1007-1167-1168-1169-1170-1171-108
[2026-08-11 16:45:57.054617] [INFO] [path_server] 노드 업데이트 : [1093] ➜ [1094]
[2026-08-11 16:45:57.134494] [INFO] [path_server] 새로운 경로 설정 : path[1093 ➜ 108] time[0s] dist[31.5m] list[22] : 1093-1094-1095-1074-1075-1076-1018-1019-1020-1011-1004-1005-1006-1021-1022-1007-1167-1168-1169-1170-1171-108
[2026-08-11 16:45:58.252180] [INFO] [path_server] 노드 업데이트 : [1094] ➜ [1095]
[2026-08-11 16:45:58.332082] [INFO] [path_server] 새로운 경로 설정 : path[1094 ➜ 108] time[0s] dist[30m] list[21] : 1094-1095-1074-1075-1076-1018-1019-1020-1011-1004-1005-1006-1021-1022-1007-1167-1168-1169-1170-1171-108
[2026-08-11 16:45:59.589383] [INFO] [path_server] 노드 업데이트 : [1095] ➜ [1074]
[2026-08-11 16:45:59.649297] [INFO] [path_server] 새로운 경로 설정 : path[1095 ➜ 108] time[0s] dist[28.5m] list[20] : 1095-1074-1075-1076-1018-1019-1020-1011-1004-1005-1006-1021-1022-1007-1167-1168-1169-1170-1171-108
[2026-08-11 16:46:02.962951] [INFO] [path_server] 노드 업데이트 : [1074] ➜ [1075]
[2026-08-11 16:46:03.042833] [INFO] [path_server] 새로운 경로 설정 : path[1074 ➜ 108] time[0s] dist[27m] list[19] : 1074-1075-1076-1018-1019-1020-1011-1004-1005-1006-1021-1022-1007-1167-1168-1169-1170-1171-108
[2026-08-11 16:46:04.080655] [INFO] [path_server] 노드 업데이트 : [1075] ➜ [1076]
[2026-08-11 16:46:04.160603] [INFO] [path_server] 새로운 경로 설정 : path[1075 ➜ 108] time[0s] dist[25.5m] list[18] : 1075-1076-1018-1019-1020-1011-1004-1005-1006-1021-1022-1007-1167-1168-1169-1170-1171-108
[2026-08-11 16:46:04.919028] [INFO] [path_server] 노드 업데이트 : [1076] ➜ [1018]
[2026-08-11 16:46:04.998954] [INFO] [path_server] 새로운 경로 설정 : path[1076 ➜ 108] time[0s] dist[24m] list[17] : 1076-1018-1019-1020-1011-1004-1005-1006-1021-1022-1007-1167-1168-1169-1170-1171-108
[2026-08-11 16:46:05.657620] [INFO] [path_server] 노드 업데이트 : [1018] ➜ [1019]
[2026-08-11 16:46:05.737528] [INFO] [path_server] 새로운 경로 설정 : path[1018 ➜ 108] time[0s] dist[22.5m] list[16] : 1018-1019-1020-1011-1004-1005-1006-1021-1022-1007-1167-1168-1169-1170-1171-108
[2026-08-11 16:46:06.416116] [INFO] [path_server] 노드 업데이트 : [1019] ➜ [1020]
[2026-08-11 16:46:06.496056] [INFO] [path_server] 새로운 경로 설정 : path[1019 ➜ 108] time[0s] dist[21m] list[15] : 1019-1020-1011-1004-1005-1006-1021-1022-1007-1167-1168-1169-1170-1171-108
[2026-08-11 16:46:07.154752] [INFO] [path_server] 노드 업데이트 : [1020] ➜ [1011]
[2026-08-11 16:46:07.234609] [INFO] [path_server] 새로운 경로 설정 : path[1020 ➜ 108] time[0s] dist[19.5m] list[14] : 1020-1011-1004-1005-1006-1021-1022-1007-1167-1168-1169-1170-1171-108
[2026-08-11 16:46:07.913266] [INFO] [path_server] 노드 업데이트 : [1011] ➜ [1004]
[2026-08-11 16:46:07.993200] [INFO] [path_server] 새로운 경로 설정 : path[1011 ➜ 108] time[0s] dist[18m] list[13] : 1011-1004-1005-1006-1021-1022-1007-1167-1168-1169-1170-1171-108
[2026-08-11 16:46:09.230801] [INFO] [path_server] 노드 업데이트 : [1004] ➜ [1005]
[2026-08-11 16:46:09.310745] [INFO] [path_server] 새로운 경로 설정 : path[1004 ➜ 108] time[0s] dist[16.5m] list[12] : 1004-1005-1006-1021-1022-1007-1167-1168-1169-1170-1171-108
[2026-08-11 16:46:12.584611] [INFO] [path_server] 노드 업데이트 : [1005] ➜ [1006]
[2026-08-11 16:46:12.664518] [INFO] [path_server] 새로운 경로 설정 : path[1005 ➜ 108] time[0s] dist[15m] list[11] : 1005-1006-1021-1022-1007-1167-1168-1169-1170-1171-108
[2026-08-11 16:46:13.722317] [INFO] [path_server] 노드 업데이트 : [1006] ➜ [1021]
[2026-08-11 16:46:13.802248] [INFO] [path_server] 새로운 경로 설정 : path[1006 ➜ 108] time[0s] dist[13.5m] list[10] : 1006-1021-1022-1007-1167-1168-1169-1170-1171-108
[2026-08-11 16:46:14.541088] [INFO] [path_server] 노드 업데이트 : [1021] ➜ [1022]
[2026-08-11 16:46:14.601359] [INFO] [path_server] 새로운 경로 설정 : path[1021 ➜ 108] time[0s] dist[12m] list[9] : 1021-1022-1007-1167-1168-1169-1170-1171-108
[2026-08-11 16:46:15.879112] [INFO] [path_server] 노드 업데이트 : [1022] ➜ [1007]
[2026-08-11 16:46:15.959025] [INFO] [path_server] 새로운 경로 설정 : path[1022 ➜ 108] time[0s] dist[10.5m] list[8] : 1022-1007-1167-1168-1169-1170-1171-108
[2026-08-11 16:46:19.213210] [INFO] [path_server] 노드 업데이트 : [1007] ➜ [1167]
[2026-08-11 16:46:19.293183] [INFO] [path_server] 새로운 경로 설정 : path[1007 ➜ 108] time[0s] dist[9m] list[7] : 1007-1167-1168-1169-1170-1171-108
[2026-08-11 16:46:20.351130] [INFO] [path_server] 노드 업데이트 : [1167] ➜ [1168]
[2026-08-11 16:46:20.431013] [INFO] [path_server] 새로운 경로 설정 : path[1167 ➜ 108] time[0s] dist[7.5m] list[6] : 1167-1168-1169-1170-1171-108
[2026-08-11 16:46:21.169599] [INFO] [path_server] 노드 업데이트 : [1168] ➜ [1169]
[2026-08-11 16:46:21.229505] [INFO] [path_server] 새로운 경로 설정 : path[1168 ➜ 108] time[0s] dist[6m] list[5] : 1168-1169-1170-1171-108
[2026-08-11 16:46:21.928051] [INFO] [path_server] 노드 업데이트 : [1169] ➜ [1170]
[2026-08-11 16:46:22.007943] [INFO] [path_server] 새로운 경로 설정 : path[1169 ➜ 108] time[0s] dist[4.5m] list[4] : 1169-1170-1171-108
[2026-08-11 16:46:22.686635] [INFO] [path_server] 노드 업데이트 : [1170] ➜ [1171]
[2026-08-11 16:46:22.766628] [INFO] [path_server] 새로운 경로 설정 : path[1170 ➜ 108] time[0s] dist[3m] list[3] : 1170-1171-108
[2026-08-11 16:46:24.084079] [INFO] [path_server] 노드 업데이트 : [1171] ➜ [108]
[2026-08-11 16:46:24.163945] [INFO] [path_server] 새로운 경로 설정 : path[1171 ➜ 108] time[0s] dist[1.5m] list[2] : 1171-108
[2026-08-11 16:46:29.613569] [INFO] [path_server] 노드 업데이트 : [108] ➜ [-1]
[2026-08-11 16:46:32.547888] [INFO] [path_server] 노드 업데이트 : [108] ➜ [-1]
[2026-08-11 16:47:18.740531] [INFO] [path_server] 경로 삭제
[2026-08-11 16:47:18.760479] [INFO] [path_server] 경로 삭제
[2026-08-11 16:47:42.789364] [INFO] [path_server] 생성
[2026-08-11 16:47:42.789409] [INFO] [path_server] 경로 삭제
[2026-08-11 16:47:42.791055] [INFO] [path_server] 노드 초기화 성공 : 로봇 좌표[22.004m 18.998m -179.876°] 최단 거리 노드[108] 거리(0.004369m)
[2026-08-11 16:47:42.811121] [INFO] [path_server] 경로 삭제
[2026-08-11 16:48:11.420790] [INFO] [path_server] 경로 삭제
[2026-08-11 16:48:33.460682] [INFO] [path_server] 경로 삭제
[2026-08-11 16:48:33.480643] [INFO] [path_server] 경로 삭제
[2026-08-11 16:48:37.932652] [INFO] [path_server] 새로운 경로 설정 : path[108 ➜ 111] time[0s] dist[34.5m] list[24] : 108-1171-1172-1091-1092-1093-1094-1095-1074-1075-1076-1018-1019-1020-1011-1004-1005-1006-1021-1022-1007-1167-1168-111
[2026-08-11 16:48:42.623906] [INFO] [path_server] 노드 업데이트 : [1171] ➜ [1172]
[2026-08-11 16:48:42.683856] [INFO] [path_server] 새로운 경로 설정 : path[1171 ➜ 111] time[0s] dist[33m] list[23] : 1171-1172-1091-1092-1093-1094-1095-1074-1075-1076-1018-1019-1020-1011-1004-1005-1006-1021-1022-1007-1167-1168-111
[2026-08-11 16:48:46.317334] [INFO] [path_server] 노드 업데이트 : [1172] ➜ [1091]
[2026-08-11 16:48:46.397212] [INFO] [path_server] 새로운 경로 설정 : path[1172 ➜ 111] time[0s] dist[31.5m] list[22] : 1172-1091-1092-1093-1094-1095-1074-1075-1076-1018-1019-1020-1011-1004-1005-1006-1021-1022-1007-1167-1168-111
[2026-08-11 16:48:47.395402] [INFO] [path_server] 노드 업데이트 : [1091] ➜ [1092]
[2026-08-11 16:48:47.475293] [INFO] [path_server] 새로운 경로 설정 : path[1091 ➜ 111] time[0s] dist[30m] list[21] : 1091-1092-1093-1094-1095-1074-1075-1076-1018-1019-1020-1011-1004-1005-1006-1021-1022-1007-1167-1168-111
[2026-08-11 16:48:50.649579] [INFO] [path_server] 노드 업데이트 : [1092] ➜ [1093]
[2026-08-11 16:48:50.729513] [INFO] [path_server] 새로운 경로 설정 : path[1092 ➜ 111] time[0s] dist[28.5m] list[20] : 1092-1093-1094-1095-1074-1075-1076-1018-1019-1020-1011-1004-1005-1006-1021-1022-1007-1167-1168-111
[2026-08-11 16:48:51.907094] [INFO] [path_server] 노드 업데이트 : [1093] ➜ [1094]
[2026-08-11 16:48:51.987029] [INFO] [path_server] 새로운 경로 설정 : path[1093 ➜ 111] time[0s] dist[27m] list[19] : 1093-1094-1095-1074-1075-1076-1018-1019-1020-1011-1004-1005-1006-1021-1022-1007-1167-1168-111
[2026-08-11 16:48:52.765988] [INFO] [path_server] 노드 업데이트 : [1094] ➜ [1095]
[2026-08-11 16:48:52.845853] [INFO] [path_server] 새로운 경로 설정 : path[1094 ➜ 111] time[0s] dist[25.5m] list[18] : 1094-1095-1074-1075-1076-1018-1019-1020-1011-1004-1005-1006-1021-1022-1007-1167-1168-111
[2026-08-11 16:48:54.083400] [INFO] [path_server] 노드 업데이트 : [1095] ➜ [1074]
[2026-08-11 16:48:54.163260] [INFO] [path_server] 새로운 경로 설정 : path[1095 ➜ 111] time[0s] dist[24m] list[17] : 1095-1074-1075-1076-1018-1019-1020-1011-1004-1005-1006-1021-1022-1007-1167-1168-111
[2026-08-11 16:48:57.417473] [INFO] [path_server] 노드 업데이트 : [1074] ➜ [1075]
[2026-08-11 16:48:57.497455] [INFO] [path_server] 새로운 경로 설정 : path[1074 ➜ 111] time[0s] dist[22.5m] list[16] : 1074-1075-1076-1018-1019-1020-1011-1004-1005-1006-1021-1022-1007-1167-1168-111
[2026-08-11 16:48:58.555818] [INFO] [path_server] 노드 업데이트 : [1075] ➜ [1076]
[2026-08-11 16:48:58.635828] [INFO] [path_server] 새로운 경로 설정 : path[1075 ➜ 111] time[0s] dist[21m] list[15] : 1075-1076-1018-1019-1020-1011-1004-1005-1006-1021-1022-1007-1167-1168-111
[2026-08-11 16:48:59.374453] [INFO] [path_server] 노드 업데이트 : [1076] ➜ [1018]
[2026-08-11 16:48:59.434364] [INFO] [path_server] 새로운 경로 설정 : path[1076 ➜ 111] time[0s] dist[19.5m] list[14] : 1076-1018-1019-1020-1011-1004-1005-1006-1021-1022-1007-1167-1168-111
[2026-08-11 16:49:00.133099] [INFO] [path_server] 노드 업데이트 : [1018] ➜ [1019]
[2026-08-11 16:49:00.212958] [INFO] [path_server] 새로운 경로 설정 : path[1018 ➜ 111] time[0s] dist[18m] list[13] : 1018-1019-1020-1011-1004-1005-1006-1021-1022-1007-1167-1168-111
[2026-08-11 16:49:00.891634] [INFO] [path_server] 노드 업데이트 : [1019] ➜ [1020]
[2026-08-11 16:49:00.971589] [INFO] [path_server] 새로운 경로 설정 : path[1019 ➜ 111] time[0s] dist[16.5m] list[12] : 1019-1020-1011-1004-1005-1006-1021-1022-1007-1167-1168-111
[2026-08-11 16:49:01.630366] [INFO] [path_server] 노드 업데이트 : [1020] ➜ [1011]
[2026-08-11 16:49:01.690337] [INFO] [path_server] 새로운 경로 설정 : path[1020 ➜ 111] time[0s] dist[15m] list[11] : 1020-1011-1004-1005-1006-1021-1022-1007-1167-1168-111
[2026-08-11 16:49:02.390228] [INFO] [path_server] 노드 업데이트 : [1011] ➜ [1004]
[2026-08-11 16:49:02.470213] [INFO] [path_server] 새로운 경로 설정 : path[1011 ➜ 111] time[0s] dist[13.5m] list[10] : 1011-1004-1005-1006-1021-1022-1007-1167-1168-111
[2026-08-11 16:49:03.209619] [INFO] [path_server] 새로운 경로 설정 : path[1004 ➜ 1006] time[0s] dist[3m] list[4] : 1011-1004-1005-1006
[2026-08-11 16:49:03.689038] [INFO] [path_server] 노드 업데이트 : [1004] ➜ [1005]
[2026-08-11 16:49:03.768871] [INFO] [path_server] 새로운 경로 설정 : path[1004 ➜ 1006] time[0s] dist[3m] list[3] : 1004-1005-1006
[2026-08-11 16:49:07.042981] [INFO] [path_server] 노드 업데이트 : [1005] ➜ [1006]
[2026-08-11 16:49:07.122951] [INFO] [path_server] 새로운 경로 설정 : path[1005 ➜ 1006] time[0s] dist[1.5m] list[2] : 1005-1006
[2026-08-11 16:49:09.239038] [INFO] [path_server] 노드 업데이트 : [1006] ➜ [-1]
[2026-08-11 16:49:24.420277] [INFO] [path_server] 생성
[2026-08-11 16:49:24.420317] [INFO] [path_server] 경로 삭제
[2026-08-11 16:49:24.422037] [INFO] [path_server] 노드 초기화 성공 : 로봇 좌표[20.496m 9.992m -0.088°] 최단 거리 노드[1006] 거리(0.008634m)
[2026-08-11 16:49:24.442057] [INFO] [path_server] 새로운 경로 설정 : path[1006 ➜ 111] time[0s] dist[9m] list[7] : 1006-1021-1022-1007-1167-1168-111
[2026-08-11 16:49:26.797814] [INFO] [path_server] 노드 업데이트 : [1021] ➜ [1022]
[2026-08-11 16:49:26.857734] [INFO] [path_server] 새로운 경로 설정 : path[1021 ➜ 111] time[0s] dist[7.5m] list[6] : 1021-1022-1007-1167-1168-111
[2026-08-11 16:49:28.155138] [INFO] [path_server] 노드 업데이트 : [1022] ➜ [1007]
[2026-08-11 16:49:28.234999] [INFO] [path_server] 새로운 경로 설정 : path[1022 ➜ 111] time[0s] dist[6m] list[5] : 1022-1007-1167-1168-111
[2026-08-11 16:49:31.528363] [INFO] [path_server] 노드 업데이트 : [1007] ➜ [1167]
[2026-08-11 16:49:31.608302] [INFO] [path_server] 새로운 경로 설정 : path[1007 ➜ 111] time[0s] dist[4.5m] list[4] : 1007-1167-1168-111
[2026-08-11 16:49:32.646266] [INFO] [path_server] 노드 업데이트 : [1167] ➜ [1168]
[2026-08-11 16:49:32.706210] [INFO] [path_server] 새로운 경로 설정 : path[1167 ➜ 111] time[0s] dist[3m] list[3] : 1167-1168-111
[2026-08-11 16:49:34.063675] [INFO] [path_server] 노드 업데이트 : [1168] ➜ [111]
[2026-08-11 16:49:34.143583] [INFO] [path_server] 새로운 경로 설정 : path[1168 ➜ 111] time[0s] dist[1.5m] list[2] : 1168-111
[2026-08-11 16:49:46.530836] [INFO] [path_server] 생성
[2026-08-11 16:49:46.530900] [INFO] [path_server] 경로 삭제
[2026-08-11 16:49:46.533161] [INFO] [path_server] 노드 초기화 성공 : 로봇 좌표[22.004m 14.498m -179.956°] 최단 거리 노드[111] 거리(0.004375m)
[2026-08-11 16:52:17.173073] [INFO] [path_server] 생성
[2026-08-11 16:52:17.173119] [INFO] [path_server] 경로 삭제
[2026-08-11 16:52:17.175343] [INFO] [path_server] 노드 초기화 성공 : 로봇 좌표[22.004m 14.498m -179.956°] 최단 거리 노드[111] 거리(0.004375m)
[2026-08-11 16:53:09.853280] [INFO] [path_server] 경로 삭제
[2026-08-11 16:53:09.873223] [INFO] [path_server] 경로 삭제
[2026-08-11 16:53:55.206497] [INFO] [path_server] 새로운 경로 설정 : path[111 ➜ 1096] time[0s] dist[16.5m] list[12] : 111-1168-1169-1170-1171-1172-1091-1092-1093-1094-1095-1096
[2026-08-11 16:53:59.897763] [INFO] [path_server] 노드 업데이트 : [1168] ➜ [1169]
[2026-08-11 16:53:59.977623] [INFO] [path_server] 새로운 경로 설정 : path[1168 ➜ 1096] time[0s] dist[15m] list[11] : 1168-1169-1170-1171-1172-1091-1092-1093-1094-1095-1096
[2026-08-11 16:54:03.590548] [INFO] [path_server] 노드 업데이트 : [1169] ➜ [1170]
[2026-08-11 16:54:03.670480] [INFO] [path_server] 새로운 경로 설정 : path[1169 ➜ 1096] time[0s] dist[13.5m] list[10] : 1169-1170-1171-1172-1091-1092-1093-1094-1095-1096
[2026-08-11 16:54:04.708388] [INFO] [path_server] 노드 업데이트 : [1170] ➜ [1171]
[2026-08-11 16:54:04.768451] [INFO] [path_server] 새로운 경로 설정 : path[1170 ➜ 1096] time[0s] dist[12m] list[9] : 1170-1171-1172-1091-1092-1093-1094-1095-1096
[2026-08-11 16:54:05.526932] [INFO] [path_server] 노드 업데이트 : [1171] ➜ [1172]
[2026-08-11 16:54:05.606802] [INFO] [path_server] 새로운 경로 설정 : path[1171 ➜ 1096] time[0s] dist[10.5m] list[8] : 1171-1172-1091-1092-1093-1094-1095-1096
[2026-08-11 16:54:06.265465] [INFO] [path_server] 노드 업데이트 : [1172] ➜ [1091]
[2026-08-11 16:54:06.325369] [INFO] [path_server] 새로운 경로 설정 : path[1172 ➜ 1096] time[0s] dist[9m] list[7] : 1172-1091-1092-1093-1094-1095-1096
[2026-08-11 16:54:07.323394] [INFO] [path_server] 노드 업데이트 : [1091] ➜ [1092]
[2026-08-11 16:54:07.403246] [INFO] [path_server] 새로운 경로 설정 : path[1091 ➜ 1096] time[0s] dist[7.5m] list[6] : 1091-1092-1093-1094-1095-1096
[2026-08-11 16:54:10.596759] [INFO] [path_server] 노드 업데이트 : [1092] ➜ [1093]
[2026-08-11 16:54:10.676680] [INFO] [path_server] 새로운 경로 설정 : path[1092 ➜ 1096] time[0s] dist[6m] list[5] : 1092-1093-1094-1095-1096
[2026-08-11 16:54:11.854337] [INFO] [path_server] 노드 업데이트 : [1093] ➜ [1094]
[2026-08-11 16:54:11.934185] [INFO] [path_server] 새로운 경로 설정 : path[1093 ➜ 1096] time[0s] dist[4.5m] list[4] : 1093-1094-1095-1096
[2026-08-11 16:54:12.712590] [INFO] [path_server] 노드 업데이트 : [1094] ➜ [1095]
[2026-08-11 16:54:12.772497] [INFO] [path_server] 새로운 경로 설정 : path[1094 ➜ 1096] time[0s] dist[3m] list[3] : 1094-1095-1096
[2026-08-11 16:54:13.471115] [INFO] [path_server] 노드 업데이트 : [1095] ➜ [1096]
[2026-08-11 16:54:13.550973] [INFO] [path_server] 새로운 경로 설정 : path[1095 ➜ 1096] time[0s] dist[1.5m] list[2] : 1095-1096
[2026-08-11 16:54:15.686705] [INFO] [path_server] 노드 업데이트 : [1096] ➜ [-1]
[2026-08-11 16:54:18.861005] [INFO] [path_server] 노드 업데이트 : [1096] ➜ [-1]
[2026-08-11 16:54:18.940977] [INFO] [path_server] 경로 삭제
[2026-08-11 16:54:24.031313] [INFO] [path_server] 새로운 경로 설정 : path[1096 ➜ 110] time[0s] dist[54.0003m] list[37] : 1096-1097-1098-1099-1100-1101-1102-1103-1104-1105-1106-1107-1149-1150-1151-1152-1153-1154-1155-1156-1157-1075-1076-1018-1019-1020-1011-1004-1005-1006-1021-1022-1007-1167-1168-1169-110
[2026-08-11 16:54:26.366536] [INFO] [path_server] 노드 업데이트 : [1097] ➜ [1098]
[2026-08-11 16:54:26.446475] [INFO] [path_server] 새로운 경로 설정 : path[1097 ➜ 110] time[0s] dist[52.5003m] list[36] : 1097-1098-1099-1100-1101-1102-1103-1104-1105-1106-1107-1149-1150-1151-1152-1153-1154-1155-1156-1157-1075-1076-1018-1019-1020-1011-1004-1005-1006-1021-1022-1007-1167-1168-1169-110
[2026-08-11 16:54:27.424614] [INFO] [path_server] 노드 업데이트 : [1098] ➜ [1099]
[2026-08-11 16:54:27.484535] [INFO] [path_server] 새로운 경로 설정 : path[1098 ➜ 110] time[0s] dist[51.0003m] list[35] : 1098-1099-1100-1101-1102-1103-1104-1105-1106-1107-1149-1150-1151-1152-1153-1154-1155-1156-1157-1075-1076-1018-1019-1020-1011-1004-1005-1006-1021-1022-1007-1167-1168-1169-110
[2026-08-11 16:54:28.223028] [INFO] [path_server] 노드 업데이트 : [1099] ➜ [1100]
[2026-08-11 16:54:28.302983] [INFO] [path_server] 새로운 경로 설정 : path[1099 ➜ 110] time[0s] dist[49.5003m] list[34] : 1099-1100-1101-1102-1103-1104-1105-1106-1107-1149-1150-1151-1152-1153-1154-1155-1156-1157-1075-1076-1018-1019-1020-1011-1004-1005-1006-1021-1022-1007-1167-1168-1169-110
[2026-08-11 16:54:28.981624] [INFO] [path_server] 노드 업데이트 : [1100] ➜ [1101]
[2026-08-11 16:54:29.041534] [INFO] [path_server] 새로운 경로 설정 : path[1100 ➜ 110] time[0s] dist[48.0003m] list[33] : 1100-1101-1102-1103-1104-1105-1106-1107-1149-1150-1151-1152-1153-1154-1155-1156-1157-1075-1076-1018-1019-1020-1011-1004-1005-1006-1021-1022-1007-1167-1168-1169-110
[2026-08-11 16:54:29.720140] [INFO] [path_server] 노드 업데이트 : [1101] ➜ [1102]
[2026-08-11 16:54:29.800050] [INFO] [path_server] 새로운 경로 설정 : path[1101 ➜ 110] time[0s] dist[46.5003m] list[32] : 1101-1102-1103-1104-1105-1106-1107-1149-1150-1151-1152-1153-1154-1155-1156-1157-1075-1076-1018-1019-1020-1011-1004-1005-1006-1021-1022-1007-1167-1168-1169-110
[2026-08-11 16:54:30.478927] [INFO] [path_server] 노드 업데이트 : [1102] ➜ [1103]
[2026-08-11 16:54:30.538874] [INFO] [path_server] 새로운 경로 설정 : path[1102 ➜ 110] time[0s] dist[45.0003m] list[31] : 1102-1103-1104-1105-1106-1107-1149-1150-1151-1152-1153-1154-1155-1156-1157-1075-1076-1018-1019-1020-1011-1004-1005-1006-1021-1022-1007-1167-1168-1169-110
[2026-08-11 16:54:31.217524] [INFO] [path_server] 노드 업데이트 : [1103] ➜ [1104]
[2026-08-11 16:54:31.297515] [INFO] [path_server] 새로운 경로 설정 : path[1103 ➜ 110] time[0s] dist[43.5003m] list[30] : 1103-1104-1105-1106-1107-1149-1150-1151-1152-1153-1154-1155-1156-1157-1075-1076-1018-1019-1020-1011-1004-1005-1006-1021-1022-1007-1167-1168-1169-110
[2026-08-11 16:54:31.976028] [INFO] [path_server] 노드 업데이트 : [1104] ➜ [1105]
[2026-08-11 16:54:32.035971] [INFO] [path_server] 새로운 경로 설정 : path[1104 ➜ 110] time[0s] dist[42.0003m] list[29] : 1104-1105-1106-1107-1149-1150-1151-1152-1153-1154-1155-1156-1157-1075-1076-1018-1019-1020-1011-1004-1005-1006-1021-1022-1007-1167-1168-1169-110
[2026-08-11 16:54:33.373434] [INFO] [path_server] 노드 업데이트 : [1105] ➜ [1106]
[2026-08-11 16:54:33.453379] [INFO] [path_server] 새로운 경로 설정 : path[1105 ➜ 110] time[0s] dist[40.5003m] list[28] : 1105-1106-1107-1149-1150-1151-1152-1153-1154-1155-1156-1157-1075-1076-1018-1019-1020-1011-1004-1005-1006-1021-1022-1007-1167-1168-1169-110
[2026-08-11 16:54:36.826899] [INFO] [path_server] 노드 업데이트 : [1106] ➜ [1107]
[2026-08-11 16:54:36.906801] [INFO] [path_server] 새로운 경로 설정 : path[1106 ➜ 110] time[0s] dist[39.0002m] list[27] : 1106-1107-1149-1150-1151-1152-1153-1154-1155-1156-1157-1075-1076-1018-1019-1020-1011-1004-1005-1006-1021-1022-1007-1167-1168-1169-110
[2026-08-11 16:54:38.264271] [INFO] [path_server] 노드 업데이트 : [1107] ➜ [1149]
[2026-08-11 16:54:38.344201] [INFO] [path_server] 새로운 경로 설정 : path[1107 ➜ 110] time[0s] dist[37.5m] list[26] : 1107-1149-1150-1151-1152-1153-1154-1155-1156-1157-1075-1076-1018-1019-1020-1011-1004-1005-1006-1021-1022-1007-1167-1168-1169-110
[2026-08-11 16:54:41.657637] [INFO] [path_server] 노드 업데이트 : [1149] ➜ [1150]
[2026-08-11 16:54:41.717597] [INFO] [path_server] 새로운 경로 설정 : path[1149 ➜ 110] time[0s] dist[36m] list[25] : 1149-1150-1151-1152-1153-1154-1155-1156-1157-1075-1076-1018-1019-1020-1011-1004-1005-1006-1021-1022-1007-1167-1168-1169-110
[2026-08-11 16:54:42.755347] [INFO] [path_server] 노드 업데이트 : [1150] ➜ [1151]
[2026-08-11 16:54:42.835292] [INFO] [path_server] 새로운 경로 설정 : path[1150 ➜ 110] time[0s] dist[34.5m] list[24] : 1150-1151-1152-1153-1154-1155-1156-1157-1075-1076-1018-1019-1020-1011-1004-1005-1006-1021-1022-1007-1167-1168-1169-110
[2026-08-11 16:54:43.553787] [INFO] [path_server] 노드 업데이트 : [1151] ➜ [1152]
[2026-08-11 16:54:43.633645] [INFO] [path_server] 새로운 경로 설정 : path[1151 ➜ 110] time[0s] dist[33.01m] list[23] : 1151-1152-1153-1154-1155-1156-1157-1075-1076-1018-1019-1020-1011-1004-1005-1006-1021-1022-1007-1167-1168-1169-110
[2026-08-11 16:54:44.312216] [INFO] [path_server] 노드 업데이트 : [1152] ➜ [1153]
[2026-08-11 16:54:44.392156] [INFO] [path_server] 새로운 경로 설정 : path[1152 ➜ 110] time[0s] dist[31.5m] list[22] : 1152-1153-1154-1155-1156-1157-1075-1076-1018-1019-1020-1011-1004-1005-1006-1021-1022-1007-1167-1168-1169-110
[2026-08-11 16:54:45.070851] [INFO] [path_server] 노드 업데이트 : [1153] ➜ [1154]
[2026-08-11 16:54:45.130739] [INFO] [path_server] 새로운 경로 설정 : path[1153 ➜ 110] time[0s] dist[30m] list[21] : 1153-1154-1155-1156-1157-1075-1076-1018-1019-1020-1011-1004-1005-1006-1021-1022-1007-1167-1168-1169-110
[2026-08-11 16:54:45.809287] [INFO] [path_server] 노드 업데이트 : [1154] ➜ [1155]
[2026-08-11 16:54:45.889242] [INFO] [path_server] 새로운 경로 설정 : path[1154 ➜ 110] time[0s] dist[28.5m] list[20] : 1154-1155-1156-1157-1075-1076-1018-1019-1020-1011-1004-1005-1006-1021-1022-1007-1167-1168-1169-110
[2026-08-11 16:54:46.567814] [INFO] [path_server] 노드 업데이트 : [1155] ➜ [1156]
[2026-08-11 16:54:46.627748] [INFO] [path_server] 새로운 경로 설정 : path[1155 ➜ 110] time[0s] dist[27m] list[19] : 1155-1156-1157-1075-1076-1018-1019-1020-1011-1004-1005-1006-1021-1022-1007-1167-1168-1169-110
[2026-08-11 16:54:47.306523] [INFO] [path_server] 노드 업데이트 : [1156] ➜ [1157]
[2026-08-11 16:54:47.386479] [INFO] [path_server] 새로운 경로 설정 : path[1156 ➜ 110] time[0s] dist[25.5m] list[18] : 1156-1157-1075-1076-1018-1019-1020-1011-1004-1005-1006-1021-1022-1007-1167-1168-1169-110
[2026-08-11 16:54:48.065440] [INFO] [path_server] 노드 업데이트 : [1157] ➜ [1075]
[2026-08-11 16:54:48.125303] [INFO] [path_server] 새로운 경로 설정 : path[1157 ➜ 110] time[0s] dist[24m] list[17] : 1157-1075-1076-1018-1019-1020-1011-1004-1005-1006-1021-1022-1007-1167-1168-1169-110
[2026-08-11 16:54:49.383249] [INFO] [path_server] 노드 업데이트 : [1075] ➜ [1076]
[2026-08-11 16:54:49.463181] [INFO] [path_server] 새로운 경로 설정 : path[1075 ➜ 110] time[0s] dist[22.5m] list[16] : 1075-1076-1018-1019-1020-1011-1004-1005-1006-1021-1022-1007-1167-1168-1169-110
[2026-08-11 16:54:52.736398] [INFO] [path_server] 노드 업데이트 : [1076] ➜ [1018]
[2026-08-11 16:54:52.816350] [INFO] [path_server] 새로운 경로 설정 : path[1076 ➜ 110] time[0s] dist[21m] list[15] : 1076-1018-1019-1020-1011-1004-1005-1006-1021-1022-1007-1167-1168-1169-110
[2026-08-11 16:54:53.874087] [INFO] [path_server] 노드 업데이트 : [1018] ➜ [1019]
[2026-08-11 16:54:53.954020] [INFO] [path_server] 새로운 경로 설정 : path[1018 ➜ 110] time[0s] dist[19.5m] list[14] : 1018-1019-1020-1011-1004-1005-1006-1021-1022-1007-1167-1168-1169-110
[2026-08-11 16:54:54.692464] [INFO] [path_server] 노드 업데이트 : [1019] ➜ [1020]
[2026-08-11 16:54:54.752376] [INFO] [path_server] 새로운 경로 설정 : path[1019 ➜ 110] time[0s] dist[18m] list[13] : 1019-1020-1011-1004-1005-1006-1021-1022-1007-1167-1168-1169-110
[2026-08-11 16:54:55.450889] [INFO] [path_server] 노드 업데이트 : [1020] ➜ [1011]
[2026-08-11 16:54:55.530751] [INFO] [path_server] 새로운 경로 설정 : path[1020 ➜ 110] time[0s] dist[16.5m] list[12] : 1020-1011-1004-1005-1006-1021-1022-1007-1167-1168-1169-110
[2026-08-11 16:54:56.209343] [INFO] [path_server] 노드 업데이트 : [1011] ➜ [1004]
[2026-08-11 16:54:56.289278] [INFO] [path_server] 새로운 경로 설정 : path[1011 ➜ 110] time[0s] dist[15m] list[11] : 1011-1004-1005-1006-1021-1022-1007-1167-1168-1169-110
[2026-08-11 16:54:57.506690] [INFO] [path_server] 노드 업데이트 : [1004] ➜ [1005]
[2026-08-11 16:54:57.566597] [INFO] [path_server] 새로운 경로 설정 : path[1004 ➜ 110] time[0s] dist[13.5m] list[10] : 1004-1005-1006-1021-1022-1007-1167-1168-1169-110
[2026-08-11 16:55:00.880647] [INFO] [path_server] 노드 업데이트 : [1005] ➜ [1006]
[2026-08-11 16:55:00.960565] [INFO] [path_server] 새로운 경로 설정 : path[1005 ➜ 110] time[0s] dist[12m] list[9] : 1005-1006-1021-1022-1007-1167-1168-1169-110
[2026-08-11 16:55:01.998502] [INFO] [path_server] 노드 업데이트 : [1006] ➜ [1021]
[2026-08-11 16:55:02.078591] [INFO] [path_server] 새로운 경로 설정 : path[1006 ➜ 110] time[0s] dist[10.5m] list[8] : 1006-1021-1022-1007-1167-1168-1169-110
[2026-08-11 16:55:02.817233] [INFO] [path_server] 노드 업데이트 : [1021] ➜ [1022]
[2026-08-11 16:55:02.877231] [INFO] [path_server] 새로운 경로 설정 : path[1021 ➜ 110] time[0s] dist[9.00003m] list[7] : 1021-1022-1007-1167-1168-1169-110
[2026-08-11 16:55:04.154598] [INFO] [path_server] 노드 업데이트 : [1022] ➜ [1007]
[2026-08-11 16:55:04.234511] [INFO] [path_server] 새로운 경로 설정 : path[1022 ➜ 110] time[0s] dist[7.50003m] list[6] : 1022-1007-1167-1168-1169-110
[2026-08-11 16:55:07.488117] [INFO] [path_server] 노드 업데이트 : [1007] ➜ [1167]
[2026-08-11 16:55:07.547988] [INFO] [path_server] 새로운 경로 설정 : path[1007 ➜ 110] time[0s] dist[6.00003m] list[5] : 1007-1167-1168-1169-110
[2026-08-11 16:55:08.625850] [INFO] [path_server] 노드 업데이트 : [1167] ➜ [1168]
[2026-08-11 16:55:08.685732] [INFO] [path_server] 새로운 경로 설정 : path[1167 ➜ 110] time[0s] dist[4.50003m] list[4] : 1167-1168-1169-110
[2026-08-11 16:55:09.444209] [INFO] [path_server] 노드 업데이트 : [1168] ➜ [1169]
[2026-08-11 16:55:09.524072] [INFO] [path_server] 새로운 경로 설정 : path[1168 ➜ 110] time[0s] dist[3.00003m] list[3] : 1168-1169-110
[2026-08-11 16:55:10.861197] [INFO] [path_server] 노드 업데이트 : [1169] ➜ [110]
[2026-08-11 16:55:10.941120] [INFO] [path_server] 새로운 경로 설정 : path[1169 ➜ 110] time[0s] dist[1.50003m] list[2] : 1169-110
[2026-08-11 16:55:16.390750] [INFO] [path_server] 노드 업데이트 : [110] ➜ [-1]
[2026-08-11 16:55:19.325054] [INFO] [path_server] 노드 업데이트 : [110] ➜ [-1]
[2026-08-11 16:55:55.116280] [INFO] [path_server] 경로 삭제
[2026-08-11 16:55:55.136221] [INFO] [path_server] 경로 삭제
[2026-08-11 16:57:08.932293] [INFO] [path_server] 경로 삭제
[2026-08-11 16:57:08.972195] [INFO] [path_server] 경로 삭제
[2026-08-11 16:58:22.745993] [INFO] [path_server] 경로 삭제
[2026-08-11 16:58:22.785921] [INFO] [path_server] 경로 삭제
[2026-08-11 16:59:36.600342] [INFO] [path_server] 경로 삭제
[2026-08-11 16:59:36.640323] [INFO] [path_server] 경로 삭제
[2026-08-11 17:00:50.415735] [INFO] [path_server] 경로 삭제
[2026-08-11 17:00:50.455659] [INFO] [path_server] 경로 삭제
[2026-08-11 17:02:04.270013] [INFO] [path_server] 경로 삭제
[2026-08-11 17:02:04.309985] [INFO] [path_server] 경로 삭제
[2026-08-11 17:03:34.396490] [INFO] [path_server] 생성
[2026-08-11 17:03:34.396536] [INFO] [path_server] 경로 삭제
[2026-08-11 17:03:34.398742] [INFO] [path_server] 노드 초기화 성공 : 로봇 좌표[22.004m 15.988m -179.507°] 최단 거리 노드[110] 거리(0.004218m)
[2026-08-11 17:04:20.609170] [INFO] [path_server] 경로 삭제
[2026-08-11 17:04:20.629172] [INFO] [path_server] 경로 삭제
[2026-08-11 17:05:34.463412] [INFO] [path_server] 경로 삭제
[2026-08-11 17:05:34.503431] [INFO] [path_server] 경로 삭제
[2026-08-11 17:06:48.315717] [INFO] [path_server] 경로 삭제
[2026-08-11 17:06:48.355675] [INFO] [path_server] 경로 삭제
[2026-08-11 17:08:02.187178] [INFO] [path_server] 경로 삭제
[2026-08-11 17:08:02.227152] [INFO] [path_server] 경로 삭제
[2026-08-11 17:08:06.897554] [INFO] [path_server] 새로운 경로 설정 : path[110 ➜ 205] time[0s] dist[37.5m] list[26] : 110-1169-1170-1171-1172-1091-1092-1093-1094-1095-1074-1075-1076-1018-1019-1020-1011-1004-1013-1049-1050-1014-1201-1200-1202-205
[2026-08-11 17:08:11.587847] [INFO] [path_server] 노드 업데이트 : [1169] ➜ [1170]
[2026-08-11 17:08:11.667743] [INFO] [path_server] 새로운 경로 설정 : path[1169 ➜ 205] time[0s] dist[36m] list[25] : 1169-1170-1171-1172-1091-1092-1093-1094-1095-1074-1075-1076-1018-1019-1020-1011-1004-1013-1049-1050-1014-1201-1200-1202-205
[2026-08-11 17:08:15.280431] [INFO] [path_server] 노드 업데이트 : [1170] ➜ [1171]
[2026-08-11 17:08:15.360427] [INFO] [path_server] 새로운 경로 설정 : path[1170 ➜ 205] time[0s] dist[34.5m] list[24] : 1170-1171-1172-1091-1092-1093-1094-1095-1074-1075-1076-1018-1019-1020-1011-1004-1013-1049-1050-1014-1201-1200-1202-205
[2026-08-11 17:08:16.398620] [INFO] [path_server] 노드 업데이트 : [1171] ➜ [1172]
[2026-08-11 17:08:16.458529] [INFO] [path_server] 새로운 경로 설정 : path[1171 ➜ 205] time[0s] dist[33m] list[23] : 1171-1172-1091-1092-1093-1094-1095-1074-1075-1076-1018-1019-1020-1011-1004-1013-1049-1050-1014-1201-1200-1202-205
[2026-08-11 17:08:17.216934] [INFO] [path_server] 노드 업데이트 : [1172] ➜ [1091]
[2026-08-11 17:08:17.296746] [INFO] [path_server] 새로운 경로 설정 : path[1172 ➜ 205] time[0s] dist[31.5m] list[22] : 1172-1091-1092-1093-1094-1095-1074-1075-1076-1018-1019-1020-1011-1004-1013-1049-1050-1014-1201-1200-1202-205
[2026-08-11 17:08:18.254961] [INFO] [path_server] 노드 업데이트 : [1091] ➜ [1092]
[2026-08-11 17:08:18.314812] [INFO] [path_server] 새로운 경로 설정 : path[1091 ➜ 205] time[0s] dist[30m] list[21] : 1091-1092-1093-1094-1095-1074-1075-1076-1018-1019-1020-1011-1004-1013-1049-1050-1014-1201-1200-1202-205
[2026-08-11 17:08:21.528253] [INFO] [path_server] 노드 업데이트 : [1092] ➜ [1093]
[2026-08-11 17:08:21.608146] [INFO] [path_server] 새로운 경로 설정 : path[1092 ➜ 205] time[0s] dist[28.5m] list[20] : 1092-1093-1094-1095-1074-1075-1076-1018-1019-1020-1011-1004-1013-1049-1050-1014-1201-1200-1202-205
[2026-08-11 17:08:22.765682] [INFO] [path_server] 노드 업데이트 : [1093] ➜ [1094]
[2026-08-11 17:08:22.845617] [INFO] [path_server] 새로운 경로 설정 : path[1093 ➜ 205] time[0s] dist[27m] list[19] : 1093-1094-1095-1074-1075-1076-1018-1019-1020-1011-1004-1013-1049-1050-1014-1201-1200-1202-205
[2026-08-11 17:08:23.643999] [INFO] [path_server] 노드 업데이트 : [1094] ➜ [1095]
[2026-08-11 17:08:23.703931] [INFO] [path_server] 새로운 경로 설정 : path[1094 ➜ 205] time[0s] dist[25.5m] list[18] : 1094-1095-1074-1075-1076-1018-1019-1020-1011-1004-1013-1049-1050-1014-1201-1200-1202-205
[2026-08-11 17:08:24.961554] [INFO] [path_server] 노드 업데이트 : [1095] ➜ [1074]
[2026-08-11 17:08:25.021478] [INFO] [path_server] 새로운 경로 설정 : path[1095 ➜ 205] time[0s] dist[24m] list[17] : 1095-1074-1075-1076-1018-1019-1020-1011-1004-1013-1049-1050-1014-1201-1200-1202-205
[2026-08-11 17:08:28.295329] [INFO] [path_server] 노드 업데이트 : [1074] ➜ [1075]
[2026-08-11 17:08:28.355250] [INFO] [path_server] 새로운 경로 설정 : path[1074 ➜ 205] time[0s] dist[22.5m] list[16] : 1074-1075-1076-1018-1019-1020-1011-1004-1013-1049-1050-1014-1201-1200-1202-205
[2026-08-11 17:08:29.433178] [INFO] [path_server] 노드 업데이트 : [1075] ➜ [1076]
[2026-08-11 17:08:29.493089] [INFO] [path_server] 새로운 경로 설정 : path[1075 ➜ 205] time[0s] dist[21m] list[15] : 1075-1076-1018-1019-1020-1011-1004-1013-1049-1050-1014-1201-1200-1202-205
[2026-08-11 17:08:30.254497] [INFO] [path_server] 노드 업데이트 : [1076] ➜ [1018]
[2026-08-11 17:08:30.334959] [INFO] [path_server] 새로운 경로 설정 : path[1076 ➜ 205] time[0s] dist[19.5m] list[14] : 1076-1018-1019-1020-1011-1004-1013-1049-1050-1014-1201-1200-1202-205
[2026-08-11 17:08:31.015241] [INFO] [path_server] 노드 업데이트 : [1018] ➜ [1019]
[2026-08-11 17:08:31.075160] [INFO] [path_server] 새로운 경로 설정 : path[1018 ➜ 205] time[0s] dist[18m] list[13] : 1018-1019-1020-1011-1004-1013-1049-1050-1014-1201-1200-1202-205
[2026-08-11 17:08:31.753687] [INFO] [path_server] 노드 업데이트 : [1019] ➜ [1020]
[2026-08-11 17:08:31.833610] [INFO] [path_server] 새로운 경로 설정 : path[1019 ➜ 205] time[0s] dist[16.5m] list[12] : 1019-1020-1011-1004-1013-1049-1050-1014-1201-1200-1202-205
[2026-08-11 17:08:32.512250] [INFO] [path_server] 노드 업데이트 : [1020] ➜ [1011]
[2026-08-11 17:08:32.572124] [INFO] [path_server] 새로운 경로 설정 : path[1020 ➜ 205] time[0s] dist[15m] list[11] : 1020-1011-1004-1013-1049-1050-1014-1201-1200-1202-205
[2026-08-11 17:08:33.250649] [INFO] [path_server] 노드 업데이트 : [1011] ➜ [1004]
[2026-08-11 17:08:33.330564] [INFO] [path_server] 새로운 경로 설정 : path[1011 ➜ 205] time[0s] dist[13.5m] list[10] : 1011-1004-1013-1049-1050-1014-1201-1200-1202-205
[2026-08-11 17:08:34.009161] [INFO] [path_server] 노드 업데이트 : [1004] ➜ [1013]
[2026-08-11 17:08:34.089093] [INFO] [path_server] 새로운 경로 설정 : path[1004 ➜ 205] time[0s] dist[12m] list[9] : 1004-1013-1049-1050-1014-1201-1200-1202-205
[2026-08-11 17:08:34.767524] [INFO] [path_server] 노드 업데이트 : [1013] ➜ [1049]
[2026-08-11 17:08:34.827429] [INFO] [path_server] 새로운 경로 설정 : path[1013 ➜ 205] time[0s] dist[10.5m] list[8] : 1013-1049-1050-1014-1201-1200-1202-205
[2026-08-11 17:08:35.505943] [INFO] [path_server] 노드 업데이트 : [1049] ➜ [1050]
[2026-08-11 17:08:35.585824] [INFO] [path_server] 새로운 경로 설정 : path[1049 ➜ 205] time[0s] dist[9m] list[7] : 1049-1050-1014-1201-1200-1202-205
[2026-08-11 17:08:36.843242] [INFO] [path_server] 노드 업데이트 : [1050] ➜ [1014]
[2026-08-11 17:08:36.923095] [INFO] [path_server] 새로운 경로 설정 : path[1050 ➜ 205] time[0s] dist[7.5m] list[6] : 1050-1014-1201-1200-1202-205
[2026-08-11 17:08:40.196626] [INFO] [path_server] 노드 업데이트 : [1014] ➜ [1201]
[2026-08-11 17:08:40.276508] [INFO] [path_server] 새로운 경로 설정 : path[1014 ➜ 205] time[0s] dist[6m] list[5] : 1014-1201-1200-1202-205
[2026-08-11 17:08:41.334344] [INFO] [path_server] 노드 업데이트 : [1201] ➜ [1200]
[2026-08-11 17:08:41.414212] [INFO] [path_server] 새로운 경로 설정 : path[1201 ➜ 205] time[0s] dist[4.5m] list[4] : 1201-1200-1202-205
[2026-08-11 17:08:42.152697] [INFO] [path_server] 노드 업데이트 : [1200] ➜ [1202]
[2026-08-11 17:08:42.232599] [INFO] [path_server] 새로운 경로 설정 : path[1200 ➜ 205] time[0s] dist[3m] list[3] : 1200-1202-205
[2026-08-11 17:08:43.489985] [INFO] [path_server] 노드 업데이트 : [1202] ➜ [205]
[2026-08-11 17:08:43.569806] [INFO] [path_server] 새로운 경로 설정 : path[1202 ➜ 205] time[0s] dist[1.5m] list[2] : 1202-205
[2026-08-11 17:08:48.700024] [INFO] [path_server] 노드 업데이트 : [205] ➜ [-1]
[2026-08-11 17:08:51.634284] [INFO] [path_server] 노드 업데이트 : [205] ➜ [-1]
[2026-08-11 17:08:51.694166] [INFO] [path_server] 경로 삭제
[2026-08-11 17:09:08.001460] [INFO] [path_server] 새로운 경로 설정 : path[205 ➜ 108] time[0s] dist[37.5m] list[26] : 205-1202-1203-1204-1205-1206-1207-1208-1145-1146-1147-1148-1077-1029-1030-1031-1032-1033-1034-1007-1167-1168-1169-1170-1171-108
[2026-08-11 17:09:12.891827] [INFO] [path_server] 노드 업데이트 : [1202] ➜ [1203]
[2026-08-11 17:09:12.971708] [INFO] [path_server] 새로운 경로 설정 : path[1202 ➜ 108] time[0s] dist[36m] list[25] : 1202-1203-1204-1205-1206-1207-1208-1145-1146-1147-1148-1077-1029-1030-1031-1032-1033-1034-1007-1167-1168-1169-1170-1171-108
[2026-08-11 17:09:16.504578] [INFO] [path_server] 노드 업데이트 : [1203] ➜ [1204]
[2026-08-11 17:09:16.564485] [INFO] [path_server] 새로운 경로 설정 : path[1203 ➜ 108] time[0s] dist[34.5m] list[24] : 1203-1204-1205-1206-1207-1208-1145-1146-1147-1148-1077-1029-1030-1031-1032-1033-1034-1007-1167-1168-1169-1170-1171-108
[2026-08-11 17:09:17.642376] [INFO] [path_server] 노드 업데이트 : [1204] ➜ [1205]
[2026-08-11 17:09:17.702297] [INFO] [path_server] 새로운 경로 설정 : path[1204 ➜ 108] time[0s] dist[33m] list[23] : 1204-1205-1206-1207-1208-1145-1146-1147-1148-1077-1029-1030-1031-1032-1033-1034-1007-1167-1168-1169-1170-1171-108
[2026-08-11 17:09:18.461205] [INFO] [path_server] 노드 업데이트 : [1205] ➜ [1206]
[2026-08-11 17:09:18.541049] [INFO] [path_server] 새로운 경로 설정 : path[1205 ➜ 108] time[0s] dist[31.5m] list[22] : 1205-1206-1207-1208-1145-1146-1147-1148-1077-1029-1030-1031-1032-1033-1034-1007-1167-1168-1169-1170-1171-108
[2026-08-11 17:09:19.219629] [INFO] [path_server] 노드 업데이트 : [1206] ➜ [1207]
[2026-08-11 17:09:19.299585] [INFO] [path_server] 새로운 경로 설정 : path[1206 ➜ 108] time[0s] dist[30.01m] list[21] : 1206-1207-1208-1145-1146-1147-1148-1077-1029-1030-1031-1032-1033-1034-1007-1167-1168-1169-1170-1171-108
[2026-08-11 17:09:19.978205] [INFO] [path_server] 노드 업데이트 : [1207] ➜ [1208]
[2026-08-11 17:09:20.038127] [INFO] [path_server] 새로운 경로 설정 : path[1207 ➜ 108] time[0s] dist[28.5m] list[20] : 1207-1208-1145-1146-1147-1148-1077-1029-1030-1031-1032-1033-1034-1007-1167-1168-1169-1170-1171-108
[2026-08-11 17:09:20.716826] [INFO] [path_server] 노드 업데이트 : [1208] ➜ [1145]
[2026-08-11 17:09:20.796754] [INFO] [path_server] 새로운 경로 설정 : path[1208 ➜ 108] time[0s] dist[27m] list[19] : 1208-1145-1146-1147-1148-1077-1029-1030-1031-1032-1033-1034-1007-1167-1168-1169-1170-1171-108
[2026-08-11 17:09:22.034282] [INFO] [path_server] 노드 업데이트 : [1145] ➜ [1146]
[2026-08-11 17:09:22.114278] [INFO] [path_server] 새로운 경로 설정 : path[1145 ➜ 108] time[0s] dist[25.5m] list[18] : 1145-1146-1147-1148-1077-1029-1030-1031-1032-1033-1034-1007-1167-1168-1169-1170-1171-108
[2026-08-11 17:09:25.408093] [INFO] [path_server] 노드 업데이트 : [1146] ➜ [1147]
[2026-08-11 17:09:25.487981] [INFO] [path_server] 새로운 경로 설정 : path[1146 ➜ 108] time[0s] dist[24m] list[17] : 1146-1147-1148-1077-1029-1030-1031-1032-1033-1034-1007-1167-1168-1169-1170-1171-108
[2026-08-11 17:09:26.525818] [INFO] [path_server] 노드 업데이트 : [1147] ➜ [1148]
[2026-08-11 17:09:26.605693] [INFO] [path_server] 새로운 경로 설정 : path[1147 ➜ 108] time[0s] dist[22.5m] list[16] : 1147-1148-1077-1029-1030-1031-1032-1033-1034-1007-1167-1168-1169-1170-1171-108
[2026-08-11 17:09:27.344262] [INFO] [path_server] 노드 업데이트 : [1148] ➜ [1077]
[2026-08-11 17:09:27.424223] [INFO] [path_server] 새로운 경로 설정 : path[1148 ➜ 108] time[0s] dist[21m] list[15] : 1148-1077-1029-1030-1031-1032-1033-1034-1007-1167-1168-1169-1170-1171-108
[2026-08-11 17:09:28.681850] [INFO] [path_server] 노드 업데이트 : [1077] ➜ [1029]
[2026-08-11 17:09:28.761700] [INFO] [path_server] 새로운 경로 설정 : path[1077 ➜ 108] time[0s] dist[19.5m] list[14] : 1077-1029-1030-1031-1032-1033-1034-1007-1167-1168-1169-1170-1171-108
[2026-08-11 17:09:32.015407] [INFO] [path_server] 노드 업데이트 : [1029] ➜ [1030]
[2026-08-11 17:09:32.095389] [INFO] [path_server] 새로운 경로 설정 : path[1029 ➜ 108] time[0s] dist[18m] list[13] : 1029-1030-1031-1032-1033-1034-1007-1167-1168-1169-1170-1171-108
[2026-08-11 17:09:33.153120] [INFO] [path_server] 노드 업데이트 : [1030] ➜ [1031]
[2026-08-11 17:09:33.233050] [INFO] [path_server] 새로운 경로 설정 : path[1030 ➜ 108] time[0s] dist[16.5m] list[12] : 1030-1031-1032-1033-1034-1007-1167-1168-1169-1170-1171-108
[2026-08-11 17:09:33.971511] [INFO] [path_server] 노드 업데이트 : [1031] ➜ [1032]
[2026-08-11 17:09:34.031391] [INFO] [path_server] 새로운 경로 설정 : path[1031 ➜ 108] time[0s] dist[15m] list[11] : 1031-1032-1033-1034-1007-1167-1168-1169-1170-1171-108
[2026-08-11 17:09:34.730128] [INFO] [path_server] 노드 업데이트 : [1032] ➜ [1033]
[2026-08-11 17:09:34.809946] [INFO] [path_server] 새로운 경로 설정 : path[1032 ➜ 108] time[0s] dist[13.5m] list[10] : 1032-1033-1034-1007-1167-1168-1169-1170-1171-108
[2026-08-11 17:09:36.446672] [INFO] [path_server] 노드 업데이트 : [1033] ➜ [1034]
[2026-08-11 17:09:36.526574] [INFO] [path_server] 새로운 경로 설정 : path[1033 ➜ 108] time[0s] dist[12m] list[9] : 1033-1034-1007-1167-1168-1169-1170-1171-108
[2026-08-11 17:09:41.257527] [INFO] [path_server] 노드 업데이트 : [1034] ➜ [1007]
[2026-08-11 17:09:41.317450] [INFO] [path_server] 새로운 경로 설정 : path[1034 ➜ 108] time[0s] dist[10.5m] list[8] : 1034-1007-1167-1168-1169-1170-1171-108
[2026-08-11 17:09:44.132630] [INFO] [path_server] 노드 업데이트 : [1007] ➜ [1167]
[2026-08-11 17:09:44.192548] [INFO] [path_server] 새로운 경로 설정 : path[1007 ➜ 108] time[0s] dist[9m] list[7] : 1007-1167-1168-1169-1170-1171-108
[2026-08-11 17:09:47.565722] [INFO] [path_server] 노드 업데이트 : [1167] ➜ [1168]
[2026-08-11 17:09:47.645626] [INFO] [path_server] 새로운 경로 설정 : path[1167 ➜ 108] time[0s] dist[7.5m] list[6] : 1167-1168-1169-1170-1171-108
[2026-08-11 17:09:52.396278] [INFO] [path_server] 노드 업데이트 : [1168] ➜ [1169]
[2026-08-11 17:09:52.476188] [INFO] [path_server] 새로운 경로 설정 : path[1168 ➜ 108] time[0s] dist[6m] list[5] : 1168-1169-1170-1171-108
[2026-08-11 17:09:54.312368] [INFO] [path_server] 노드 업데이트 : [1169] ➜ [1170]
[2026-08-11 17:09:54.392291] [INFO] [path_server] 새로운 경로 설정 : path[1169 ➜ 108] time[0s] dist[4.5m] list[4] : 1169-1170-1171-108
[2026-08-11 17:09:55.310473] [INFO] [path_server] 노드 업데이트 : [1170] ➜ [1171]
[2026-08-11 17:09:55.370368] [INFO] [path_server] 새로운 경로 설정 : path[1170 ➜ 108] time[0s] dist[3m] list[3] : 1170-1171-108
[2026-08-11 17:09:56.727616] [INFO] [path_server] 노드 업데이트 : [1171] ➜ [108]
[2026-08-11 17:09:56.807494] [INFO] [path_server] 새로운 경로 설정 : path[1171 ➜ 108] time[0s] dist[1.5m] list[2] : 1171-108
[2026-08-11 17:10:02.276554] [INFO] [path_server] 노드 업데이트 : [108] ➜ [-1]
[2026-08-11 17:10:05.210565] [INFO] [path_server] 노드 업데이트 : [108] ➜ [-1]
[2026-08-11 17:10:39.303594] [INFO] [path_server] 새로운 경로 설정 : path[108 ➜ 202] time[0s] dist[22.5m] list[16] : 108-1171-1172-1091-1092-1093-1094-1095-1074-1075-1076-1018-1158-1159-1160-202
[2026-08-11 17:10:43.994720] [INFO] [path_server] 노드 업데이트 : [1171] ➜ [1172]
[2026-08-11 17:10:44.074673] [INFO] [path_server] 새로운 경로 설정 : path[1171 ➜ 202] time[0s] dist[21m] list[15] : 1171-1172-1091-1092-1093-1094-1095-1074-1075-1076-1018-1158-1159-1160-202
[2026-08-11 17:10:47.687603] [INFO] [path_server] 노드 업데이트 : [1172] ➜ [1091]
[2026-08-11 17:10:47.747488] [INFO] [path_server] 새로운 경로 설정 : path[1172 ➜ 202] time[0s] dist[19.5m] list[14] : 1172-1091-1092-1093-1094-1095-1074-1075-1076-1018-1158-1159-1160-202
[2026-08-11 17:10:48.765339] [INFO] [path_server] 노드 업데이트 : [1091] ➜ [1092]
[2026-08-11 17:10:48.825251] [INFO] [path_server] 새로운 경로 설정 : path[1091 ➜ 202] time[0s] dist[18m] list[13] : 1091-1092-1093-1094-1095-1074-1075-1076-1018-1158-1159-1160-202
[2026-08-11 17:10:52.018954] [INFO] [path_server] 노드 업데이트 : [1092] ➜ [1093]
[2026-08-11 17:10:52.098829] [INFO] [path_server] 새로운 경로 설정 : path[1092 ➜ 202] time[0s] dist[16.5m] list[12] : 1092-1093-1094-1095-1074-1075-1076-1018-1158-1159-1160-202
[2026-08-11 17:10:53.276607] [INFO] [path_server] 노드 업데이트 : [1093] ➜ [1094]
[2026-08-11 17:10:53.356497] [INFO] [path_server] 새로운 경로 설정 : path[1093 ➜ 202] time[0s] dist[15m] list[11] : 1093-1094-1095-1074-1075-1076-1018-1158-1159-1160-202
[2026-08-11 17:10:54.134907] [INFO] [path_server] 노드 업데이트 : [1094] ➜ [1095]
[2026-08-11 17:10:54.194811] [INFO] [path_server] 새로운 경로 설정 : path[1094 ➜ 202] time[0s] dist[13.5m] list[10] : 1094-1095-1074-1075-1076-1018-1158-1159-1160-202
[2026-08-11 17:10:55.452374] [INFO] [path_server] 노드 업데이트 : [1095] ➜ [1074]
[2026-08-11 17:10:55.512304] [INFO] [path_server] 새로운 경로 설정 : path[1095 ➜ 202] time[0s] dist[12m] list[9] : 1095-1074-1075-1076-1018-1158-1159-1160-202
[2026-08-11 17:10:58.785808] [INFO] [path_server] 노드 업데이트 : [1074] ➜ [1075]
[2026-08-11 17:10:58.865681] [INFO] [path_server] 새로운 경로 설정 : path[1074 ➜ 202] time[0s] dist[10.5m] list[8] : 1074-1075-1076-1018-1158-1159-1160-202
[2026-08-11 17:10:59.923545] [INFO] [path_server] 노드 업데이트 : [1075] ➜ [1076]
[2026-08-11 17:11:00.003432] [INFO] [path_server] 새로운 경로 설정 : path[1075 ➜ 202] time[0s] dist[9m] list[7] : 1075-1076-1018-1158-1159-1160-202
[2026-08-11 17:11:00.741898] [INFO] [path_server] 노드 업데이트 : [1076] ➜ [1018]
[2026-08-11 17:11:00.821829] [INFO] [path_server] 새로운 경로 설정 : path[1076 ➜ 202] time[0s] dist[7.5m] list[6] : 1076-1018-1158-1159-1160-202
[2026-08-11 17:11:02.079396] [INFO] [path_server] 노드 업데이트 : [1018] ➜ [1158]
[2026-08-11 17:11:02.159247] [INFO] [path_server] 새로운 경로 설정 : path[1018 ➜ 202] time[0s] dist[6m] list[5] : 1018-1158-1159-1160-202
[2026-08-11 17:11:05.452829] [INFO] [path_server] 노드 업데이트 : [1158] ➜ [1159]
[2026-08-11 17:11:05.532679] [INFO] [path_server] 새로운 경로 설정 : path[1158 ➜ 202] time[0s] dist[4.5m] list[4] : 1158-1159-1160-202
[2026-08-11 17:11:06.570522] [INFO] [path_server] 노드 업데이트 : [1159] ➜ [1160]
[2026-08-11 17:11:06.630414] [INFO] [path_server] 새로운 경로 설정 : path[1159 ➜ 202] time[0s] dist[3m] list[3] : 1159-1160-202
[2026-08-11 17:11:07.908123] [INFO] [path_server] 노드 업데이트 : [1160] ➜ [202]
[2026-08-11 17:11:07.988040] [INFO] [path_server] 새로운 경로 설정 : path[1160 ➜ 202] time[0s] dist[1.5m] list[2] : 1160-202
[2026-08-11 17:11:13.158489] [INFO] [path_server] 노드 업데이트 : [202] ➜ [-1]
[2026-08-11 17:11:16.093435] [INFO] [path_server] 노드 업데이트 : [202] ➜ [-1]
[2026-08-11 17:11:16.153351] [INFO] [path_server] 경로 삭제
[2026-08-11 17:11:25.755946] [INFO] [path_server] 경로 삭제
[2026-08-11 17:11:30.825713] [INFO] [path_server] 새로운 경로 설정 : path[202 ➜ 102] time[0s] dist[42m] list[29] : 202-1160-1161-1162-1163-1164-1165-1166-1109-1110-1111-1112-1113-1114-1115-1116-1117-1118-1119-1120-1121-1122-1123-1179-1180-1181-1182-1183-102
[2026-08-11 17:11:35.716649] [INFO] [path_server] 노드 업데이트 : [1160] ➜ [1161]
[2026-08-11 17:11:35.796589] [INFO] [path_server] 새로운 경로 설정 : path[1160 ➜ 102] time[0s] dist[40.5m] list[28] : 1160-1161-1162-1163-1164-1165-1166-1109-1110-1111-1112-1113-1114-1115-1116-1117-1118-1119-1120-1121-1122-1123-1179-1180-1181-1182-1183-102
[2026-08-11 17:11:39.349562] [INFO] [path_server] 노드 업데이트 : [1161] ➜ [1162]
[2026-08-11 17:11:39.409477] [INFO] [path_server] 새로운 경로 설정 : path[1161 ➜ 102] time[0s] dist[39m] list[27] : 1161-1162-1163-1164-1165-1166-1109-1110-1111-1112-1113-1114-1115-1116-1117-1118-1119-1120-1121-1122-1123-1179-1180-1181-1182-1183-102
[2026-08-11 17:11:40.467320] [INFO] [path_server] 노드 업데이트 : [1162] ➜ [1163]
[2026-08-11 17:11:40.547193] [INFO] [path_server] 새로운 경로 설정 : path[1162 ➜ 102] time[0s] dist[37.5m] list[26] : 1162-1163-1164-1165-1166-1109-1110-1111-1112-1113-1114-1115-1116-1117-1118-1119-1120-1121-1122-1123-1179-1180-1181-1182-1183-102
[2026-08-11 17:11:41.285607] [INFO] [path_server] 노드 업데이트 : [1163] ➜ [1164]
[2026-08-11 17:11:41.365536] [INFO] [path_server] 새로운 경로 설정 : path[1163 ➜ 102] time[0s] dist[36m] list[25] : 1163-1164-1165-1166-1109-1110-1111-1112-1113-1114-1115-1116-1117-1118-1119-1120-1121-1122-1123-1179-1180-1181-1182-1183-102
[2026-08-11 17:11:42.044103] [INFO] [path_server] 노드 업데이트 : [1164] ➜ [1165]
[2026-08-11 17:11:42.104044] [INFO] [path_server] 새로운 경로 설정 : path[1164 ➜ 102] time[0s] dist[34.5m] list[24] : 1164-1165-1166-1109-1110-1111-1112-1113-1114-1115-1116-1117-1118-1119-1120-1121-1122-1123-1179-1180-1181-1182-1183-102
[2026-08-11 17:11:42.802571] [INFO] [path_server] 노드 업데이트 : [1165] ➜ [1166]
[2026-08-11 17:11:42.902423] [INFO] [path_server] 새로운 경로 설정 : path[1165 ➜ 102] time[0s] dist[33m] list[23] : 1165-1166-1109-1110-1111-1112-1113-1114-1115-1116-1117-1118-1119-1120-1121-1122-1123-1179-1180-1181-1182-1183-102
[2026-08-11 17:11:43.541079] [INFO] [path_server] 노드 업데이트 : [1166] ➜ [1109]
[2026-08-11 17:11:43.620933] [INFO] [path_server] 새로운 경로 설정 : path[1166 ➜ 102] time[0s] dist[31.5m] list[22] : 1166-1109-1110-1111-1112-1113-1114-1115-1116-1117-1118-1119-1120-1121-1122-1123-1179-1180-1181-1182-1183-102
[2026-08-11 17:11:44.399284] [INFO] [path_server] 노드 업데이트 : [1109] ➜ [1110]
[2026-08-11 17:11:44.479149] [INFO] [path_server] 새로운 경로 설정 : path[1109 ➜ 102] time[0s] dist[30m] list[21] : 1109-1110-1111-1112-1113-1114-1115-1116-1117-1118-1119-1120-1121-1122-1123-1179-1180-1181-1182-1183-102
[2026-08-11 17:11:48.051928] [INFO] [path_server] 노드 업데이트 : [1110] ➜ [1111]
[2026-08-11 17:11:48.131799] [INFO] [path_server] 새로운 경로 설정 : path[1110 ➜ 102] time[0s] dist[28.5m] list[20] : 1110-1111-1112-1113-1114-1115-1116-1117-1118-1119-1120-1121-1122-1123-1179-1180-1181-1182-1183-102
[2026-08-11 17:11:49.409148] [INFO] [path_server] 노드 업데이트 : [1111] ➜ [1112]
[2026-08-11 17:11:49.489071] [INFO] [path_server] 새로운 경로 설정 : path[1111 ➜ 102] time[0s] dist[27m] list[19] : 1111-1112-1113-1114-1115-1116-1117-1118-1119-1120-1121-1122-1123-1179-1180-1181-1182-1183-102
[2026-08-11 17:11:50.307374] [INFO] [path_server] 노드 업데이트 : [1112] ➜ [1113]
[2026-08-11 17:11:50.387303] [INFO] [path_server] 새로운 경로 설정 : path[1112 ➜ 102] time[0s] dist[25.5m] list[18] : 1112-1113-1114-1115-1116-1117-1118-1119-1120-1121-1122-1123-1179-1180-1181-1182-1183-102
[2026-08-11 17:11:51.065935] [INFO] [path_server] 노드 업데이트 : [1113] ➜ [1114]
[2026-08-11 17:11:51.125840] [INFO] [path_server] 새로운 경로 설정 : path[1113 ➜ 102] time[0s] dist[24m] list[17] : 1113-1114-1115-1116-1117-1118-1119-1120-1121-1122-1123-1179-1180-1181-1182-1183-102
[2026-08-11 17:11:51.804384] [INFO] [path_server] 노드 업데이트 : [1114] ➜ [1115]
[2026-08-11 17:11:51.884316] [INFO] [path_server] 새로운 경로 설정 : path[1114 ➜ 102] time[0s] dist[22.5m] list[16] : 1114-1115-1116-1117-1118-1119-1120-1121-1122-1123-1179-1180-1181-1182-1183-102
[2026-08-11 17:11:52.562967] [INFO] [path_server] 노드 업데이트 : [1115] ➜ [1116]
[2026-08-11 17:11:52.622842] [INFO] [path_server] 새로운 경로 설정 : path[1115 ➜ 102] time[0s] dist[21m] list[15] : 1115-1116-1117-1118-1119-1120-1121-1122-1123-1179-1180-1181-1182-1183-102
[2026-08-11 17:11:53.301426] [INFO] [path_server] 노드 업데이트 : [1116] ➜ [1117]
[2026-08-11 17:11:53.381365] [INFO] [path_server] 새로운 경로 설정 : path[1116 ➜ 102] time[0s] dist[19.5m] list[14] : 1116-1117-1118-1119-1120-1121-1122-1123-1179-1180-1181-1182-1183-102
[2026-08-11 17:11:54.059986] [INFO] [path_server] 노드 업데이트 : [1117] ➜ [1118]
[2026-08-11 17:11:54.119874] [INFO] [path_server] 새로운 경로 설정 : path[1117 ➜ 102] time[0s] dist[18m] list[13] : 1117-1118-1119-1120-1121-1122-1123-1179-1180-1181-1182-1183-102
[2026-08-11 17:11:54.798455] [INFO] [path_server] 노드 업데이트 : [1118] ➜ [1119]
[2026-08-11 17:11:54.878376] [INFO] [path_server] 새로운 경로 설정 : path[1118 ➜ 102] time[0s] dist[16.5m] list[12] : 1118-1119-1120-1121-1122-1123-1179-1180-1181-1182-1183-102
[2026-08-11 17:11:55.557017] [INFO] [path_server] 노드 업데이트 : [1119] ➜ [1120]
[2026-08-11 17:11:55.617092] [INFO] [path_server] 새로운 경로 설정 : path[1119 ➜ 102] time[0s] dist[15m] list[11] : 1119-1120-1121-1122-1123-1179-1180-1181-1182-1183-102
[2026-08-11 17:11:56.395545] [INFO] [path_server] 노드 업데이트 : [1120] ➜ [1121]
[2026-08-11 17:11:56.475414] [INFO] [path_server] 새로운 경로 설정 : path[1120 ➜ 102] time[0s] dist[13.5m] list[10] : 1120-1121-1122-1123-1179-1180-1181-1182-1183-102
[2026-08-11 17:12:00.048200] [INFO] [path_server] 노드 업데이트 : [1121] ➜ [1122]
[2026-08-11 17:12:00.128122] [INFO] [path_server] 새로운 경로 설정 : path[1121 ➜ 102] time[0s] dist[12m] list[9] : 1121-1122-1123-1179-1180-1181-1182-1183-102
[2026-08-11 17:12:01.405414] [INFO] [path_server] 노드 업데이트 : [1122] ➜ [1123]
[2026-08-11 17:12:01.465314] [INFO] [path_server] 새로운 경로 설정 : path[1122 ➜ 102] time[0s] dist[10.5m] list[8] : 1122-1123-1179-1180-1181-1182-1183-102
[2026-08-11 17:12:02.463358] [INFO] [path_server] 노드 업데이트 : [1123] ➜ [1179]
[2026-08-11 17:12:02.543215] [INFO] [path_server] 새로운 경로 설정 : path[1123 ➜ 102] time[0s] dist[9m] list[7] : 1123-1179-1180-1181-1182-1183-102
[2026-08-11 17:12:05.776928] [INFO] [path_server] 노드 업데이트 : [1179] ➜ [1180]
[2026-08-11 17:12:05.836834] [INFO] [path_server] 새로운 경로 설정 : path[1179 ➜ 102] time[0s] dist[7.5m] list[6] : 1179-1180-1181-1182-1183-102
[2026-08-11 17:12:07.034486] [INFO] [path_server] 노드 업데이트 : [1180] ➜ [1181]
[2026-08-11 17:12:07.094397] [INFO] [path_server] 새로운 경로 설정 : path[1180 ➜ 102] time[0s] dist[6m] list[5] : 1180-1181-1182-1183-102
[2026-08-11 17:12:07.892630] [INFO] [path_server] 노드 업데이트 : [1181] ➜ [1182]
[2026-08-11 17:12:07.972561] [INFO] [path_server] 새로운 경로 설정 : path[1181 ➜ 102] time[0s] dist[4.5m] list[4] : 1181-1182-1183-102
[2026-08-11 17:12:08.651329] [INFO] [path_server] 노드 업데이트 : [1182] ➜ [1183]
[2026-08-11 17:12:08.711234] [INFO] [path_server] 새로운 경로 설정 : path[1182 ➜ 102] time[0s] dist[3m] list[3] : 1182-1183-102
[2026-08-11 17:12:09.948907] [INFO] [path_server] 노드 업데이트 : [1183] ➜ [102]
[2026-08-11 17:12:10.008832] [INFO] [path_server] 새로운 경로 설정 : path[1183 ➜ 102] time[0s] dist[1.5m] list[2] : 1183-102
[2026-08-11 17:12:15.159067] [INFO] [path_server] 노드 업데이트 : [102] ➜ [-1]
[2026-08-11 17:12:18.093213] [INFO] [path_server] 노드 업데이트 : [102] ➜ [-1]
