[2026-08-11 16:38:02.005400] [INFO] [task::fsm] 생성
[2026-08-11 16:38:02.005402] [INFO] [task::fsm] idle
[2026-08-11 16:45:50.025495] [INFO] [task::fsm] 생성
[2026-08-11 16:45:50.025497] [INFO] [task::fsm] idle
[2026-08-11 16:45:50.127557] [INFO] [task::fsm] charging
[2026-08-11 16:46:34.907637] [INFO] [task::fsm] discharging
[2026-08-11 16:46:34.927588] [INFO] [task::fsm] idle
[2026-08-11 16:46:34.967561] [INFO] [task::fsm] idle
[2026-08-11 16:47:29.966719] [INFO] [task::fsm] charging
[2026-08-11 16:49:24.439199] [INFO] [task::fsm] 생성
[2026-08-11 16:49:24.439201] [INFO] [task::fsm] idle
[2026-08-11 16:49:24.561729] [INFO] [task::fsm] charging
[2026-08-11 16:49:58.414353] [INFO] [task::fsm] 생성
[2026-08-11 16:49:58.414355] [INFO] [task::fsm] idle
[2026-08-11 16:50:00.412886] [INFO] [task::fsm] charging
[2026-08-11 16:50:37.304716] [INFO] [task::fsm] push_done
[2026-08-11 16:50:37.364643] [INFO] [task::fsm] idle
[2026-08-11 16:51:14.216411] [INFO] [task::fsm] push_done
[2026-08-11 16:51:14.276289] [INFO] [task::fsm] charging
[2026-08-11 16:52:17.175979] [INFO] [task::fsm] 생성
[2026-08-11 16:52:17.175981] [INFO] [task::fsm] idle
[2026-08-11 16:52:24.145575] [INFO] [task::fsm] charging
[2026-08-11 16:53:09.440281] [INFO] [task::fsm] discharging
[2026-08-11 16:53:09.460288] [INFO] [task::fsm] idle
[2026-08-11 16:53:09.480251] [INFO] [task::fsm] idle
[2026-08-11 16:54:04.512277] [INFO] [task::fsm] charging
[2026-08-11 16:54:36.412188] [INFO] [task::fsm] push_done
[2026-08-11 16:54:36.472115] [INFO] [task::fsm] idle
[2026-08-11 16:55:03.420456] [INFO] [task::fsm] push_done
[2026-08-11 16:55:03.480351] [INFO] [task::fsm] idle
[2026-08-11 16:56:32.326503] [INFO] [task::fsm] push_done
[2026-08-11 16:56:32.386355] [INFO] [task::fsm] charging
[2026-08-11 16:57:17.676260] [INFO] [task::fsm] discharging
[2026-08-11 16:57:17.696264] [INFO] [task::fsm] idle
[2026-08-11 16:57:17.716225] [INFO] [task::fsm] idle
[2026-08-11 16:58:12.746033] [INFO] [task::fsm] charging
[2026-08-11 16:58:31.528061] [INFO] [task::fsm] discharging
[2026-08-11 16:58:31.547964] [INFO] [task::fsm] idle
[2026-08-11 16:58:31.587922] [INFO] [task::fsm] idle
[2026-08-11 16:59:12.932643] [INFO] [task::fsm] push_done
[2026-08-11 16:59:12.992521] [INFO] [task::fsm] idle
[2026-08-11 17:00:35.011688] [INFO] [task::fsm] push_done
[2026-08-11 17:00:35.071549] [INFO] [task::fsm] charging
[2026-08-11 17:01:48.789319] [INFO] [task::fsm] push_done
[2026-08-11 17:01:48.849155] [INFO] [task::fsm] idle
[2026-08-11 17:03:34.401932] [INFO] [task::fsm] 생성
[2026-08-11 17:03:34.401933] [INFO] [task::fsm] idle
[2026-08-11 17:04:32.809448] [INFO] [task::fsm] push_done
[2026-08-11 17:04:32.869356] [INFO] [task::fsm] charging
[2026-08-11 17:05:18.164100] [INFO] [task::fsm] discharging
[2026-08-11 17:05:18.184011] [INFO] [task::fsm] idle
[2026-08-11 17:05:18.223978] [INFO] [task::fsm] idle
[2026-08-11 17:06:13.215393] [INFO] [task::fsm] charging
[2026-08-11 17:06:31.977719] [INFO] [task::fsm] discharging
[2026-08-11 17:06:31.997693] [INFO] [task::fsm] idle
[2026-08-11 17:06:32.037610] [INFO] [task::fsm] idle
[2026-08-11 17:07:20.401001] [INFO] [task::fsm] push_done
[2026-08-11 17:07:20.460874] [INFO] [task::fsm] idle
[2026-08-11 17:08:29.324404] [INFO] [task::fsm] push_done
[2026-08-11 17:08:29.384291] [INFO] [task::fsm] charging
[2026-08-11 17:09:40.036554] [INFO] [task::fsm] push_done
[2026-08-11 17:09:40.096454] [INFO] [task::fsm] idle
[2026-08-11 17:12:42.721228] [INFO] [task::fsm] push_done
[2026-08-11 17:12:42.781099] [INFO] [task::fsm] idle
[2026-08-11 17:24:37.842135] [INFO] [task::fsm] 생성
[2026-08-11 17:24:37.842136] [INFO] [task::fsm] idle
[2026-08-11 17:27:18.531232] [INFO] [task::fsm] 생성
[2026-08-11 17:27:18.531233] [INFO] [task::fsm] idle
[2026-08-11 17:27:18.552929] [INFO] [task::fsm] charging
[2026-08-11 17:27:55.440987] [INFO] [task::fsm] 생성
[2026-08-11 17:27:55.440991] [INFO] [task::fsm] idle
[2026-08-11 17:27:55.562481] [INFO] [task::fsm] charging
[2026-08-11 17:29:18.644288] [INFO] [task::fsm] go_from_done
[2026-08-11 17:29:18.704188] [INFO] [task::fsm] loading
[2026-08-11 17:29:20.740204] [INFO] [task::fsm] loading_done
[2026-08-11 17:30:37.323632] [INFO] [task::fsm] go_to_done
[2026-08-11 17:30:37.363635] [INFO] [task::fsm] unloading
[2026-08-11 17:30:39.399727] [INFO] [task::fsm] unloading_done
[2026-08-11 17:30:39.439709] [INFO] [task::fsm] idle
[2026-08-11 17:31:54.773325] [INFO] [task::fsm] push_done
[2026-08-11 17:31:54.833221] [INFO] [task::fsm] charging
[2026-08-11 17:32:40.127300] [INFO] [task::fsm] discharging
[2026-08-11 17:32:40.147317] [INFO] [task::fsm] idle
[2026-08-11 17:32:40.167281] [INFO] [task::fsm] idle
[2026-08-11 17:33:35.198387] [INFO] [task::fsm] charging
[2026-08-11 17:33:53.983094] [INFO] [task::fsm] discharging
[2026-08-11 17:33:54.003052] [INFO] [task::fsm] idle
[2026-08-11 17:33:54.042969] [INFO] [task::fsm] idle
[2026-08-11 17:34:46.318451] [INFO] [task::fsm] 생성
[2026-08-11 17:34:46.318453] [INFO] [task::fsm] idle
[2026-08-11 17:34:49.873867] [INFO] [task::fsm] charging
[2026-08-11 17:35:35.102626] [INFO] [task::fsm] discharging
[2026-08-11 17:35:35.122635] [INFO] [task::fsm] idle
[2026-08-11 17:35:35.142609] [INFO] [task::fsm] idle
[2026-08-11 17:36:30.176694] [INFO] [task::fsm] charging
[2026-08-11 17:36:48.961967] [INFO] [task::fsm] discharging
[2026-08-11 17:36:48.981868] [INFO] [task::fsm] idle
[2026-08-11 17:36:49.021802] [INFO] [task::fsm] idle
[2026-08-11 17:37:44.053072] [INFO] [task::fsm] charging
[2026-08-11 17:38:02.838505] [INFO] [task::fsm] discharging
[2026-08-11 17:38:02.858465] [INFO] [task::fsm] idle
[2026-08-11 17:38:02.898401] [INFO] [task::fsm] idle
[2026-08-11 17:38:57.914123] [INFO] [task::fsm] charging
[2026-08-11 17:39:16.698990] [INFO] [task::fsm] discharging
[2026-08-11 17:39:16.718889] [INFO] [task::fsm] idle
[2026-08-11 17:39:16.758870] [INFO] [task::fsm] idle
[2026-08-11 17:40:32.833467] [INFO] [task::fsm] 생성
[2026-08-11 17:40:32.833469] [INFO] [task::fsm] idle
[2026-08-11 17:40:32.935161] [INFO] [task::fsm] charging
[2026-08-11 17:41:17.711250] [INFO] [task::fsm] discharging
[2026-08-11 17:41:17.731277] [INFO] [task::fsm] idle
[2026-08-11 17:41:17.771203] [INFO] [task::fsm] idle
[2026-08-11 17:42:12.787333] [INFO] [task::fsm] charging
[2026-08-11 17:42:31.569680] [INFO] [task::fsm] discharging
[2026-08-11 17:42:31.589640] [INFO] [task::fsm] idle
[2026-08-11 17:44:21.703670] [INFO] [task::fsm] 생성
[2026-08-11 17:44:21.703671] [INFO] [task::fsm] idle
[2026-08-11 17:44:21.805679] [INFO] [task::fsm] charging
[2026-08-11 17:45:06.584899] [INFO] [task::fsm] discharging
[2026-08-11 17:45:06.604828] [INFO] [task::fsm] idle
[2026-08-11 17:45:06.644811] [INFO] [task::fsm] idle
[2026-08-11 17:45:51.328556] [INFO] [task::fsm] 생성
[2026-08-11 17:45:51.328557] [INFO] [task::fsm] idle
[2026-08-11 17:45:51.429936] [INFO] [task::fsm] charging
[2026-08-11 17:46:36.203864] [INFO] [task::fsm] discharging
[2026-08-11 17:46:36.223944] [INFO] [task::fsm] idle
[2026-08-11 17:46:36.263807] [INFO] [task::fsm] idle
[2026-08-11 17:50:10.562389] [INFO] [task::fsm] 생성
[2026-08-11 17:50:10.562391] [INFO] [task::fsm] idle
[2026-08-11 17:50:10.684438] [INFO] [task::fsm] charging
[2026-08-11 17:50:55.458652] [INFO] [task::fsm] discharging
[2026-08-11 17:50:55.478638] [INFO] [task::fsm] idle
[2026-08-11 17:50:55.518599] [INFO] [task::fsm] idle
[2026-08-11 17:51:50.511300] [INFO] [task::fsm] charging
[2026-08-11 17:52:09.275967] [INFO] [task::fsm] discharging
[2026-08-11 17:52:09.295999] [INFO] [task::fsm] idle
[2026-08-11 17:52:09.315949] [INFO] [task::fsm] idle
[2026-08-11 17:53:04.336192] [INFO] [task::fsm] charging
[2026-08-11 17:53:23.099370] [INFO] [task::fsm] discharging
[2026-08-11 17:53:23.119280] [INFO] [task::fsm] idle
[2026-08-11 17:53:23.159252] [INFO] [task::fsm] idle
[2026-08-11 17:54:18.153464] [INFO] [task::fsm] charging
[2026-08-11 17:54:36.916995] [INFO] [task::fsm] discharging
[2026-08-11 17:54:36.936951] [INFO] [task::fsm] idle
[2026-08-11 17:54:36.976859] [INFO] [task::fsm] idle
[2026-08-11 17:55:31.989977] [INFO] [task::fsm] charging
[2026-08-11 17:55:50.774096] [INFO] [task::fsm] discharging
[2026-08-11 17:55:50.794058] [INFO] [task::fsm] idle
[2026-08-11 17:55:50.833990] [INFO] [task::fsm] idle
[2026-08-11 17:56:45.828505] [INFO] [task::fsm] charging
[2026-08-11 17:57:04.592889] [INFO] [task::fsm] discharging
[2026-08-11 17:57:04.612891] [INFO] [task::fsm] idle
[2026-08-11 17:57:04.633016] [INFO] [task::fsm] idle
