[2026-08-11 16:38:02.014662] [INFO] [power_system] 생성
[2026-08-11 16:38:02.014760] [INFO] [power_system] 설정 정보 : remaining[40%, 10%, 5%]
[2026-08-11 16:38:02.015119] [INFO] [power_system] 알람 목록 : 
 • [100015, 100001] [INFO] 자동 충전 시작.
 • [100015, 100002] [INFO] 배터리 가득.
 • [100015, 400001] [CRIT] 배터리 남은 양 - 위험
 • [100015, 300001] [ERROR] 배터리 남은 양 - 에러
 • [100015, 200001] [WARN] 배터리 남은 양 - 주의
 • [100015, 100004] [INFO] 자동 충전 해제 완료.
 • [100015, 100003] [INFO] 자동 충전 해제 시작.
[2026-08-11 16:45:50.018663] [INFO] [power_system] 생성
[2026-08-11 16:45:50.018773] [INFO] [power_system] 설정 정보 : remaining[40%, 10%, 5%]
[2026-08-11 16:45:50.019155] [INFO] [power_system] 알람 목록 : 
 • [100015, 100001] [INFO] 자동 충전 시작.
 • [100015, 100002] [INFO] 배터리 가득.
 • [100015, 400001] [CRIT] 배터리 남은 양 - 위험
 • [100015, 300001] [ERROR] 배터리 남은 양 - 에러
 • [100015, 200001] [WARN] 배터리 남은 양 - 주의
 • [100015, 100004] [INFO] 자동 충전 해제 완료.
 • [100015, 100003] [INFO] 자동 충전 해제 시작.
[2026-08-11 16:46:48.830714] [INFO] [power_system] 충전 프로세스 시작
[2026-08-11 16:47:06.500302] [INFO] [power_system] 충전 완료
[2026-08-11 16:47:11.530761] [INFO] [power_system] 충전 해제 완료
[2026-08-11 16:47:11.550799] [INFO] [power_system] 충전 해제 프로세스 시작
[2026-08-11 16:49:24.432603] [INFO] [power_system] 생성
[2026-08-11 16:49:24.432698] [INFO] [power_system] 설정 정보 : remaining[40%, 10%, 5%]
[2026-08-11 16:49:24.433101] [INFO] [power_system] 알람 목록 : 
 • [100015, 100001] [INFO] 자동 충전 시작.
 • [100015, 100002] [INFO] 배터리 가득.
 • [100015, 400001] [CRIT] 배터리 남은 양 - 위험
 • [100015, 300001] [ERROR] 배터리 남은 양 - 에러
 • [100015, 200001] [WARN] 배터리 남은 양 - 주의
 • [100015, 100004] [INFO] 자동 충전 해제 완료.
 • [100015, 100003] [INFO] 자동 충전 해제 시작.
[2026-08-11 16:49:24.533457] [INFO] [power_system] 충전 프로세스 시작
[2026-08-11 16:49:58.441394] [INFO] [power_system] 생성
[2026-08-11 16:49:58.441503] [INFO] [power_system] 설정 정보 : remaining[40%, 10%, 5%]
[2026-08-11 16:49:58.441940] [INFO] [power_system] 알람 목록 : 
 • [100015, 100001] [INFO] 자동 충전 시작.
 • [100015, 100002] [INFO] 배터리 가득.
 • [100015, 400001] [CRIT] 배터리 남은 양 - 위험
 • [100015, 300001] [ERROR] 배터리 남은 양 - 에러
 • [100015, 200001] [WARN] 배터리 남은 양 - 주의
 • [100015, 100004] [INFO] 자동 충전 해제 완료.
 • [100015, 100003] [INFO] 자동 충전 해제 시작.
[2026-08-11 16:50:00.400918] [INFO] [power_system] 충전 프로세스 시작
[2026-08-11 16:51:39.383607] [INFO] [power_system] 충전 프로세스 시작
[2026-08-11 16:51:54.994473] [INFO] [power_system] 충전 완료
[2026-08-11 16:52:17.170644] [INFO] [power_system] 생성
[2026-08-11 16:52:17.170810] [INFO] [power_system] 설정 정보 : remaining[40%, 10%, 5%]
[2026-08-11 16:52:17.171452] [INFO] [power_system] 알람 목록 : 
 • [100015, 100001] [INFO] 자동 충전 시작.
 • [100015, 100002] [INFO] 배터리 가득.
 • [100015, 400001] [CRIT] 배터리 남은 양 - 위험
 • [100015, 300001] [ERROR] 배터리 남은 양 - 에러
 • [100015, 200001] [WARN] 배터리 남은 양 - 주의
 • [100015, 100004] [INFO] 자동 충전 해제 완료.
 • [100015, 100003] [INFO] 자동 충전 해제 시작.
[2026-08-11 16:52:24.157921] [INFO] [power_system] 충전 프로세스 시작
[2026-08-11 16:52:35.993737] [INFO] [power_system] 충전 완료
[2026-08-11 16:52:41.023395] [INFO] [power_system] 충전 해제 완료
[2026-08-11 16:52:41.043353] [INFO] [power_system] 충전 해제 프로세스 시작
[2026-08-11 16:53:36.096163] [INFO] [power_system] 충전 프로세스 시작
[2026-08-11 16:53:45.478140] [INFO] [power_system] 충전 완료
[2026-08-11 16:53:50.508419] [INFO] [power_system] 충전 해제 완료
[2026-08-11 16:53:50.528341] [INFO] [power_system] 충전 해제 프로세스 시작
[2026-08-11 16:54:45.581917] [INFO] [power_system] 충전 프로세스 시작
[2026-08-11 16:54:54.963145] [INFO] [power_system] 충전 완료
[2026-08-11 16:54:59.992706] [INFO] [power_system] 충전 해제 완료
[2026-08-11 16:55:00.012618] [INFO] [power_system] 충전 해제 프로세스 시작
[2026-08-11 16:55:55.085322] [INFO] [power_system] 충전 프로세스 시작
[2026-08-11 16:56:04.466484] [INFO] [power_system] 충전 완료
[2026-08-11 16:56:09.496688] [INFO] [power_system] 충전 해제 완료
[2026-08-11 16:56:09.516647] [INFO] [power_system] 충전 해제 프로세스 시작
[2026-08-11 17:02:33.170219] [INFO] [power_system] 충전 프로세스 시작
[2026-08-11 17:02:56.204439] [INFO] [power_system] 충전 완료
[2026-08-11 17:03:34.396497] [INFO] [power_system] 생성
[2026-08-11 17:03:34.396600] [INFO] [power_system] 설정 정보 : remaining[40%, 10%, 5%]
[2026-08-11 17:03:34.397002] [INFO] [power_system] 알람 목록 : 
 • [100015, 100001] [INFO] 자동 충전 시작.
 • [100015, 100002] [INFO] 배터리 가득.
 • [100015, 400001] [CRIT] 배터리 남은 양 - 위험
 • [100015, 300001] [ERROR] 배터리 남은 양 - 에러
 • [100015, 200001] [WARN] 배터리 남은 양 - 주의
 • [100015, 100004] [INFO] 자동 충전 해제 완료.
 • [100015, 100003] [INFO] 자동 충전 해제 시작.
[2026-08-11 17:03:35.655014] [INFO] [power_system] 충전 프로세스 시작
[2026-08-11 17:03:47.113701] [INFO] [power_system] 충전 완료
[2026-08-11 17:03:52.143666] [INFO] [power_system] 충전 해제 완료
[2026-08-11 17:03:52.163610] [INFO] [power_system] 충전 해제 프로세스 시작
[2026-08-11 17:04:47.217351] [INFO] [power_system] 충전 프로세스 시작
[2026-08-11 17:04:56.598464] [INFO] [power_system] 충전 완료
[2026-08-11 17:05:01.628522] [INFO] [power_system] 충전 해제 완료
[2026-08-11 17:05:01.648445] [INFO] [power_system] 충전 해제 프로세스 시작
[2026-08-11 17:05:56.739127] [INFO] [power_system] 충전 프로세스 시작
[2026-08-11 17:06:06.120712] [INFO] [power_system] 충전 완료
[2026-08-11 17:06:11.150698] [INFO] [power_system] 충전 해제 완료
[2026-08-11 17:06:11.170657] [INFO] [power_system] 충전 해제 프로세스 시작
[2026-08-11 17:07:06.259458] [INFO] [power_system] 충전 프로세스 시작
[2026-08-11 17:07:15.640652] [INFO] [power_system] 충전 완료
[2026-08-11 17:07:20.670230] [INFO] [power_system] 충전 해제 완료
[2026-08-11 17:07:20.690192] [INFO] [power_system] 충전 해제 프로세스 시작
[2026-08-11 17:08:15.779444] [INFO] [power_system] 충전 프로세스 시작
[2026-08-11 17:08:25.160951] [INFO] [power_system] 충전 완료
[2026-08-11 17:08:30.191308] [INFO] [power_system] 충전 해제 완료
[2026-08-11 17:08:30.211266] [INFO] [power_system] 충전 해제 프로세스 시작
[2026-08-11 17:09:25.263714] [INFO] [power_system] 충전 프로세스 시작
[2026-08-11 17:09:34.647519] [INFO] [power_system] 충전 완료
[2026-08-11 17:09:39.677480] [INFO] [power_system] 충전 해제 완료
[2026-08-11 17:09:39.697432] [INFO] [power_system] 충전 해제 프로세스 시작
[2026-08-11 17:10:34.768880] [INFO] [power_system] 충전 프로세스 시작
[2026-08-11 17:10:44.149671] [INFO] [power_system] 충전 완료
[2026-08-11 17:24:37.856483] [INFO] [power_system] 생성
[2026-08-11 17:24:37.856583] [INFO] [power_system] 설정 정보 : remaining[40%, 10%, 5%]
[2026-08-11 17:24:37.857013] [INFO] [power_system] 알람 목록 : 
 • [100015, 100001] [INFO] 자동 충전 시작.
 • [100015, 100002] [INFO] 배터리 가득.
 • [100015, 400001] [CRIT] 배터리 남은 양 - 위험
 • [100015, 300001] [ERROR] 배터리 남은 양 - 에러
 • [100015, 200001] [WARN] 배터리 남은 양 - 주의
 • [100015, 100004] [INFO] 자동 충전 해제 완료.
 • [100015, 100003] [INFO] 자동 충전 해제 시작.
[2026-08-11 17:27:18.549179] [INFO] [power_system] 생성
[2026-08-11 17:27:18.549333] [INFO] [power_system] 설정 정보 : remaining[40%, 10%, 5%]
[2026-08-11 17:27:18.549896] [INFO] [power_system] 알람 목록 : 
 • [100015, 100001] [INFO] 자동 충전 시작.
 • [100015, 100002] [INFO] 배터리 가득.
 • [100015, 400001] [CRIT] 배터리 남은 양 - 위험
 • [100015, 300001] [ERROR] 배터리 남은 양 - 에러
 • [100015, 200001] [WARN] 배터리 남은 양 - 주의
 • [100015, 100004] [INFO] 자동 충전 해제 완료.
 • [100015, 100003] [INFO] 자동 충전 해제 시작.
[2026-08-11 17:27:18.570431] [INFO] [power_system] 충전 프로세스 시작
[2026-08-11 17:27:55.465098] [INFO] [power_system] 생성
[2026-08-11 17:27:55.465205] [INFO] [power_system] 설정 정보 : remaining[40%, 10%, 5%]
[2026-08-11 17:27:55.465631] [INFO] [power_system] 알람 목록 : 
 • [100015, 100001] [INFO] 자동 충전 시작.
 • [100015, 100002] [INFO] 배터리 가득.
 • [100015, 400001] [CRIT] 배터리 남은 양 - 위험
 • [100015, 300001] [ERROR] 배터리 남은 양 - 에러
 • [100015, 200001] [WARN] 배터리 남은 양 - 주의
 • [100015, 100004] [INFO] 자동 충전 해제 완료.
 • [100015, 100003] [INFO] 자동 충전 해제 시작.
[2026-08-11 17:27:55.585914] [INFO] [power_system] 충전 프로세스 시작
[2026-08-11 17:28:06.965569] [INFO] [power_system] 충전 완료
[2026-08-11 17:28:11.995685] [INFO] [power_system] 충전 해제 완료
[2026-08-11 17:28:12.015597] [INFO] [power_system] 충전 해제 프로세스 시작
[2026-08-11 17:30:49.413183] [INFO] [power_system] 충전 프로세스 시작
[2026-08-11 17:31:10.193267] [INFO] [power_system] 충전 완료
[2026-08-11 17:34:46.315096] [INFO] [power_system] 생성
[2026-08-11 17:34:46.315233] [INFO] [power_system] 설정 정보 : remaining[40%, 10%, 5%]
[2026-08-11 17:34:46.315645] [INFO] [power_system] 알람 목록 : 
 • [100015, 100001] [INFO] 자동 충전 시작.
 • [100015, 100002] [INFO] 배터리 가득.
 • [100015, 400001] [CRIT] 배터리 남은 양 - 위험
 • [100015, 300001] [ERROR] 배터리 남은 양 - 에러
 • [100015, 200001] [WARN] 배터리 남은 양 - 주의
 • [100015, 100004] [INFO] 자동 충전 해제 완료.
 • [100015, 100003] [INFO] 자동 충전 해제 시작.
[2026-08-11 17:40:32.836172] [INFO] [power_system] 생성
[2026-08-11 17:40:32.836268] [INFO] [power_system] 설정 정보 : remaining[40%, 10%, 5%]
[2026-08-11 17:40:32.836651] [INFO] [power_system] 알람 목록 : 
 • [100015, 100001] [INFO] 자동 충전 시작.
 • [100015, 100002] [INFO] 배터리 가득.
 • [100015, 400001] [CRIT] 배터리 남은 양 - 위험
 • [100015, 300001] [ERROR] 배터리 남은 양 - 에러
 • [100015, 200001] [WARN] 배터리 남은 양 - 주의
 • [100015, 100004] [INFO] 자동 충전 해제 완료.
 • [100015, 100003] [INFO] 자동 충전 해제 시작.
[2026-08-11 17:40:32.937179] [INFO] [power_system] 충전 프로세스 시작
[2026-08-11 17:42:21.656584] [INFO] [power_system] 충전 프로세스 시작
[2026-08-11 17:42:43.913821] [INFO] [power_system] 충전 완료
[2026-08-11 17:42:48.945663] [INFO] [power_system] 충전 해제 완료
[2026-08-11 17:42:48.965641] [INFO] [power_system] 충전 해제 프로세스 시작
[2026-08-11 17:43:43.890916] [INFO] [power_system] 생성
[2026-08-11 17:43:43.891022] [INFO] [power_system] 설정 정보 : remaining[40%, 10%, 5%]
[2026-08-11 17:43:43.891398] [INFO] [power_system] 알람 목록 : 
 • [100015, 100001] [INFO] 자동 충전 시작.
 • [100015, 100002] [INFO] 배터리 가득.
 • [100015, 400001] [CRIT] 배터리 남은 양 - 위험
 • [100015, 300001] [ERROR] 배터리 남은 양 - 에러
 • [100015, 200001] [WARN] 배터리 남은 양 - 주의
 • [100015, 100004] [INFO] 자동 충전 해제 완료.
 • [100015, 100003] [INFO] 자동 충전 해제 시작.
[2026-08-11 17:43:46.268592] [INFO] [power_system] 충전 프로세스 시작
[2026-08-11 17:43:57.812434] [INFO] [power_system] 충전 완료
[2026-08-11 17:44:02.844585] [INFO] [power_system] 충전 해제 완료
[2026-08-11 17:44:02.864564] [INFO] [power_system] 충전 해제 프로세스 시작
[2026-08-11 17:44:21.690677] [INFO] [power_system] 생성
[2026-08-11 17:44:21.690783] [INFO] [power_system] 설정 정보 : remaining[40%, 10%, 5%]
[2026-08-11 17:44:21.691170] [INFO] [power_system] 알람 목록 : 
 • [100015, 100001] [INFO] 자동 충전 시작.
 • [100015, 100002] [INFO] 배터리 가득.
 • [100015, 400001] [CRIT] 배터리 남은 양 - 위험
 • [100015, 300001] [ERROR] 배터리 남은 양 - 에러
 • [100015, 200001] [WARN] 배터리 남은 양 - 주의
 • [100015, 100004] [INFO] 자동 충전 해제 완료.
 • [100015, 100003] [INFO] 자동 충전 해제 시작.
[2026-08-11 17:44:21.791510] [INFO] [power_system] 충전 프로세스 시작
[2026-08-11 17:44:33.168849] [INFO] [power_system] 충전 완료
[2026-08-11 17:44:38.199440] [INFO] [power_system] 충전 해제 완료
[2026-08-11 17:44:38.219353] [INFO] [power_system] 충전 해제 프로세스 시작
[2026-08-11 17:45:51.335298] [INFO] [power_system] 생성
[2026-08-11 17:45:51.335397] [INFO] [power_system] 설정 정보 : remaining[40%, 10%, 5%]
[2026-08-11 17:45:51.335791] [INFO] [power_system] 알람 목록 : 
 • [100015, 100001] [INFO] 자동 충전 시작.
 • [100015, 100002] [INFO] 배터리 가득.
 • [100015, 400001] [CRIT] 배터리 남은 양 - 위험
 • [100015, 300001] [ERROR] 배터리 남은 양 - 에러
 • [100015, 200001] [WARN] 배터리 남은 양 - 주의
 • [100015, 100004] [INFO] 자동 충전 해제 완료.
 • [100015, 100003] [INFO] 자동 충전 해제 시작.
[2026-08-11 17:45:51.436185] [INFO] [power_system] 충전 프로세스 시작
[2026-08-11 17:46:02.814134] [INFO] [power_system] 충전 완료
[2026-08-11 17:46:07.844593] [INFO] [power_system] 충전 해제 완료
[2026-08-11 17:46:07.864534] [INFO] [power_system] 충전 해제 프로세스 시작
[2026-08-11 17:50:10.562301] [INFO] [power_system] 생성
[2026-08-11 17:50:10.562393] [INFO] [power_system] 설정 정보 : remaining[40%, 10%, 5%]
[2026-08-11 17:50:10.562800] [INFO] [power_system] 알람 목록 : 
 • [100015, 100001] [INFO] 자동 충전 시작.
 • [100015, 100002] [INFO] 배터리 가득.
 • [100015, 400001] [CRIT] 배터리 남은 양 - 위험
 • [100015, 300001] [ERROR] 배터리 남은 양 - 에러
 • [100015, 200001] [WARN] 배터리 남은 양 - 주의
 • [100015, 100004] [INFO] 자동 충전 해제 완료.
 • [100015, 100003] [INFO] 자동 충전 해제 시작.
[2026-08-11 17:50:10.663317] [INFO] [power_system] 충전 프로세스 시작
[2026-08-11 17:50:22.042373] [INFO] [power_system] 충전 완료
[2026-08-11 17:50:27.072441] [INFO] [power_system] 충전 해제 완료
[2026-08-11 17:50:27.092361] [INFO] [power_system] 충전 해제 프로세스 시작
[2026-08-11 17:51:22.146491] [INFO] [power_system] 충전 프로세스 시작
[2026-08-11 17:51:31.527623] [INFO] [power_system] 충전 완료
[2026-08-11 17:51:36.557349] [INFO] [power_system] 충전 해제 완료
[2026-08-11 17:51:36.577339] [INFO] [power_system] 충전 해제 프로세스 시작
