[2026-08-11 16:38:01.963036] [INFO] [framework] 프로그램 시작
[2026-08-11 16:38:01.963043] [CRITICAL] [framework] 프로그램 시작
[2026-08-11 16:38:01.963042] [WARNING] [framework] 프로그램 시작
[2026-08-11 16:38:01.963044] [INFO] [framework] 설정 파일 위치 : ../configs/robot_4
[2026-08-11 16:38:01.963199] [INFO] [framework] ID[0, 4], 이름[강포], 제어주기[20ms], 버젼[], 장소[우리집], 환경모드[simulation]
[2026-08-11 16:38:02.008380] [INFO] [framework] after init 실행
[2026-08-11 16:38:02.008863] [INFO] [framework] 제어 쓰레드 시작
[2026-08-11 16:40:31.633990] [INFO] [framework] 프로그램 시작
[2026-08-11 16:40:31.633999] [CRITICAL] [framework] 프로그램 시작
[2026-08-11 16:40:31.633996] [WARNING] [framework] 프로그램 시작
[2026-08-11 16:45:49.982244] [INFO] [framework] 프로그램 시작
[2026-08-11 16:45:49.982250] [WARNING] [framework] 프로그램 시작
[2026-08-11 16:45:49.982254] [INFO] [framework] 설정 파일 위치 : ../configs/robot_4
[2026-08-11 16:45:49.982253] [CRITICAL] [framework] 프로그램 시작
[2026-08-11 16:45:49.982406] [INFO] [framework] ID[0, 4], 이름[강포], 제어주기[20ms], 버젼[], 장소[우리집], 환경모드[simulation]
[2026-08-11 16:45:50.027224] [INFO] [framework] after init 실행
[2026-08-11 16:45:50.027646] [INFO] [framework] 제어 쓰레드 시작
[2026-08-11 16:47:42.764198] [INFO] [framework] 프로그램 시작
[2026-08-11 16:47:42.764207] [CRITICAL] [framework] 프로그램 시작
[2026-08-11 16:49:24.395429] [INFO] [framework] 프로그램 시작
[2026-08-11 16:49:24.395437] [WARNING] [framework] 프로그램 시작
[2026-08-11 16:49:24.395440] [CRITICAL] [framework] 프로그램 시작
[2026-08-11 16:49:24.395441] [INFO] [framework] 설정 파일 위치 : ../configs/robot_4
[2026-08-11 16:49:24.395594] [INFO] [framework] ID[0, 4], 이름[강포], 제어주기[20ms], 버젼[], 장소[우리집], 환경모드[simulation]
[2026-08-11 16:49:24.441479] [INFO] [framework] after init 실행
[2026-08-11 16:49:24.441878] [INFO] [framework] 제어 쓰레드 시작
[2026-08-11 16:49:46.488403] [INFO] [framework] 프로그램 시작
[2026-08-11 16:49:46.488407] [WARNING] [framework] 프로그램 시작
[2026-08-11 16:49:46.488410] [CRITICAL] [framework] 프로그램 시작
[2026-08-11 16:49:58.389031] [INFO] [framework] 프로그램 시작
[2026-08-11 16:49:58.389035] [WARNING] [framework] 프로그램 시작
[2026-08-11 16:49:58.389037] [INFO] [framework] 설정 파일 위치 : ../configs/robot_4
[2026-08-11 16:49:58.389037] [CRITICAL] [framework] 프로그램 시작
[2026-08-11 16:49:58.389164] [INFO] [framework] ID[0, 4], 이름[강포], 제어주기[20ms], 버젼[], 장소[우리집], 환경모드[simulation]
[2026-08-11 16:49:58.415696] [INFO] [framework] after init 실행
[2026-08-11 16:49:58.416082] [INFO] [framework] 제어 쓰레드 시작
[2026-08-11 16:52:17.131606] [INFO] [framework] 프로그램 시작
[2026-08-11 16:52:17.131613] [WARNING] [framework] 프로그램 시작
[2026-08-11 16:52:17.131616] [INFO] [framework] 설정 파일 위치 : ../configs/robot_4
[2026-08-11 16:52:17.131615] [CRITICAL] [framework] 프로그램 시작
[2026-08-11 16:52:17.131783] [INFO] [framework] ID[0, 4], 이름[강포], 제어주기[20ms], 버젼[], 장소[우리집], 환경모드[simulation]
[2026-08-11 16:52:17.177497] [INFO] [framework] after init 실행
[2026-08-11 16:52:17.177884] [INFO] [framework] 제어 쓰레드 시작
[2026-08-11 17:03:34.358227] [INFO] [framework] 프로그램 시작
[2026-08-11 17:03:34.358234] [WARNING] [framework] 프로그램 시작
[2026-08-11 17:03:34.358237] [INFO] [framework] 설정 파일 위치 : ../configs/robot_4
[2026-08-11 17:03:34.358236] [CRITICAL] [framework] 프로그램 시작
[2026-08-11 17:03:34.358393] [INFO] [framework] ID[0, 4], 이름[강포], 제어주기[20ms], 버젼[], 장소[우리집], 환경모드[simulation]
[2026-08-11 17:03:34.403682] [INFO] [framework] after init 실행
[2026-08-11 17:03:34.404149] [INFO] [framework] 제어 쓰레드 시작
