[2026-08-11 16:38:01.991378] [INFO] [power_system] 생성
[2026-08-11 16:38:01.991474] [INFO] [power_system] 설정 정보 : remaining[40%, 10%, 5%]
[2026-08-11 16:38:01.991896] [INFO] [power_system] 알람 목록 : 
 • [100015, 100001] [INFO] 자동 충전 시작.
 • [100015, 100002] [INFO] 배터리 가득.
 • [100015, 400001] [CRIT] 배터리 남은 양 - 위험
 • [100015, 300001] [ERROR] 배터리 남은 양 - 에러
 • [100015, 200001] [WARN] 배터리 남은 양 - 주의
 • [100015, 100004] [INFO] 자동 충전 해제 완료.
 • [100015, 100003] [INFO] 자동 충전 해제 시작.
[2026-08-11 16:45:50.030069] [INFO] [power_system] 생성
[2026-08-11 16:45:50.030218] [INFO] [power_system] 설정 정보 : remaining[40%, 10%, 5%]
[2026-08-11 16:45:50.030827] [INFO] [power_system] 알람 목록 : 
 • [100015, 100001] [INFO] 자동 충전 시작.
 • [100015, 100002] [INFO] 배터리 가득.
 • [100015, 400001] [CRIT] 배터리 남은 양 - 위험
 • [100015, 300001] [ERROR] 배터리 남은 양 - 에러
 • [100015, 200001] [WARN] 배터리 남은 양 - 주의
 • [100015, 100004] [INFO] 자동 충전 해제 완료.
 • [100015, 100003] [INFO] 자동 충전 해제 시작.
[2026-08-11 16:47:34.554547] [INFO] [power_system] 충전 프로세스 시작
[2026-08-11 16:49:24.423379] [INFO] [power_system] 생성
[2026-08-11 16:49:24.423485] [INFO] [power_system] 설정 정보 : remaining[40%, 10%, 5%]
[2026-08-11 16:49:24.423926] [INFO] [power_system] 알람 목록 : 
 • [100015, 100001] [INFO] 자동 충전 시작.
 • [100015, 100002] [INFO] 배터리 가득.
 • [100015, 400001] [CRIT] 배터리 남은 양 - 위험
 • [100015, 300001] [ERROR] 배터리 남은 양 - 에러
 • [100015, 200001] [WARN] 배터리 남은 양 - 주의
 • [100015, 100004] [INFO] 자동 충전 해제 완료.
 • [100015, 100003] [INFO] 자동 충전 해제 시작.
[2026-08-11 16:49:58.419542] [INFO] [power_system] 생성
[2026-08-11 16:49:58.419651] [INFO] [power_system] 설정 정보 : remaining[40%, 10%, 5%]
[2026-08-11 16:49:58.420082] [INFO] [power_system] 알람 목록 : 
 • [100015, 100001] [INFO] 자동 충전 시작.
 • [100015, 100002] [INFO] 배터리 가득.
 • [100015, 400001] [CRIT] 배터리 남은 양 - 위험
 • [100015, 300001] [ERROR] 배터리 남은 양 - 에러
 • [100015, 200001] [WARN] 배터리 남은 양 - 주의
 • [100015, 100004] [INFO] 자동 충전 해제 완료.
 • [100015, 100003] [INFO] 자동 충전 해제 시작.
[2026-08-11 16:51:33.733753] [INFO] [power_system] 충전 프로세스 시작
[2026-08-11 16:51:55.930155] [INFO] [power_system] 충전 완료
[2026-08-11 16:52:17.169988] [INFO] [power_system] 생성
[2026-08-11 16:52:17.170095] [INFO] [power_system] 설정 정보 : remaining[40%, 10%, 5%]
[2026-08-11 16:52:17.170546] [INFO] [power_system] 알람 목록 : 
 • [100015, 100001] [INFO] 자동 충전 시작.
 • [100015, 100002] [INFO] 배터리 가득.
 • [100015, 400001] [CRIT] 배터리 남은 양 - 위험
 • [100015, 300001] [ERROR] 배터리 남은 양 - 에러
 • [100015, 200001] [WARN] 배터리 남은 양 - 주의
 • [100015, 100004] [INFO] 자동 충전 해제 완료.
 • [100015, 100003] [INFO] 자동 충전 해제 시작.
[2026-08-11 16:53:59.628275] [INFO] [power_system] 충전 프로세스 시작
[2026-08-11 16:57:18.479803] [INFO] [power_system] 충전 프로세스 시작
[2026-08-11 16:57:58.320528] [INFO] [power_system] 충전 완료
[2026-08-11 16:58:03.350186] [INFO] [power_system] 충전 해제 완료
[2026-08-11 16:58:03.370092] [INFO] [power_system] 충전 해제 프로세스 시작
[2026-08-11 16:59:58.426371] [INFO] [power_system] 충전 프로세스 시작
[2026-08-11 17:00:11.800371] [INFO] [power_system] 충전 완료
[2026-08-11 17:00:16.831663] [INFO] [power_system] 충전 해제 완료
[2026-08-11 17:00:16.851624] [INFO] [power_system] 충전 해제 프로세스 시작
[2026-08-11 17:02:11.927775] [INFO] [power_system] 충전 프로세스 시작
[2026-08-11 17:02:25.302945] [INFO] [power_system] 충전 완료
[2026-08-11 17:02:30.333242] [INFO] [power_system] 충전 해제 완료
[2026-08-11 17:02:30.353288] [INFO] [power_system] 충전 해제 프로세스 시작
[2026-08-11 17:03:34.390338] [INFO] [power_system] 생성
[2026-08-11 17:03:34.390441] [INFO] [power_system] 설정 정보 : remaining[40%, 10%, 5%]
[2026-08-11 17:03:34.390878] [INFO] [power_system] 알람 목록 : 
 • [100015, 100001] [INFO] 자동 충전 시작.
 • [100015, 100002] [INFO] 배터리 가득.
 • [100015, 400001] [CRIT] 배터리 남은 양 - 위험
 • [100015, 300001] [ERROR] 배터리 남은 양 - 에러
 • [100015, 200001] [WARN] 배터리 남은 양 - 주의
 • [100015, 100004] [INFO] 자동 충전 해제 완료.
 • [100015, 100003] [INFO] 자동 충전 해제 시작.
[2026-08-11 17:08:07.955588] [INFO] [power_system] 충전 프로세스 시작
[2026-08-11 17:09:52.369395] [INFO] [power_system] 충전 프로세스 시작
[2026-08-11 17:10:24.545449] [INFO] [power_system] 충전 완료
[2026-08-11 17:10:29.575342] [INFO] [power_system] 충전 해제 완료
[2026-08-11 17:10:29.595376] [INFO] [power_system] 충전 해제 프로세스 시작
[2026-08-11 17:24:37.848748] [INFO] [power_system] 생성
[2026-08-11 17:24:37.848867] [INFO] [power_system] 설정 정보 : remaining[40%, 10%, 5%]
[2026-08-11 17:24:37.849298] [INFO] [power_system] 알람 목록 : 
 • [100015, 100001] [INFO] 자동 충전 시작.
 • [100015, 100002] [INFO] 배터리 가득.
 • [100015, 400001] [CRIT] 배터리 남은 양 - 위험
 • [100015, 300001] [ERROR] 배터리 남은 양 - 에러
 • [100015, 200001] [WARN] 배터리 남은 양 - 주의
 • [100015, 100004] [INFO] 자동 충전 해제 완료.
 • [100015, 100003] [INFO] 자동 충전 해제 시작.
[2026-08-11 17:25:59.535006] [INFO] [power_system] 충전 프로세스 시작
[2026-08-11 17:26:21.453635] [INFO] [power_system] 충전 완료
[2026-08-11 17:26:26.484157] [INFO] [power_system] 충전 해제 완료
[2026-08-11 17:26:26.504067] [INFO] [power_system] 충전 해제 프로세스 시작
[2026-08-11 17:27:18.528692] [INFO] [power_system] 생성
[2026-08-11 17:27:18.528825] [INFO] [power_system] 설정 정보 : remaining[40%, 10%, 5%]
[2026-08-11 17:27:18.529280] [INFO] [power_system] 알람 목록 : 
 • [100015, 100001] [INFO] 자동 충전 시작.
 • [100015, 100002] [INFO] 배터리 가득.
 • [100015, 400001] [CRIT] 배터리 남은 양 - 위험
 • [100015, 300001] [ERROR] 배터리 남은 양 - 에러
 • [100015, 200001] [WARN] 배터리 남은 양 - 주의
 • [100015, 100004] [INFO] 자동 충전 해제 완료.
 • [100015, 100003] [INFO] 자동 충전 해제 시작.
[2026-08-11 17:27:55.446980] [INFO] [power_system] 생성
[2026-08-11 17:27:55.447105] [INFO] [power_system] 설정 정보 : remaining[40%, 10%, 5%]
[2026-08-11 17:27:55.447630] [INFO] [power_system] 알람 목록 : 
 • [100015, 100001] [INFO] 자동 충전 시작.
 • [100015, 100002] [INFO] 배터리 가득.
 • [100015, 400001] [CRIT] 배터리 남은 양 - 위험
 • [100015, 300001] [ERROR] 배터리 남은 양 - 에러
 • [100015, 200001] [WARN] 배터리 남은 양 - 주의
 • [100015, 100004] [INFO] 자동 충전 해제 완료.
 • [100015, 100003] [INFO] 자동 충전 해제 시작.
[2026-08-11 17:30:16.763909] [INFO] [power_system] 충전 프로세스 시작
[2026-08-11 17:30:45.607618] [INFO] [power_system] 충전 완료
[2026-08-11 17:30:50.638193] [INFO] [power_system] 충전 해제 완료
[2026-08-11 17:30:50.658120] [INFO] [power_system] 충전 해제 프로세스 시작
[2026-08-11 17:33:14.484290] [INFO] [power_system] 충전 프로세스 시작
[2026-08-11 17:33:35.283083] [INFO] [power_system] 충전 완료
[2026-08-11 17:33:40.314155] [INFO] [power_system] 충전 해제 완료
[2026-08-11 17:33:40.334074] [INFO] [power_system] 충전 해제 프로세스 시작
[2026-08-11 17:34:46.305071] [INFO] [power_system] 생성
[2026-08-11 17:34:46.305180] [INFO] [power_system] 설정 정보 : remaining[40%, 10%, 5%]
[2026-08-11 17:34:46.306366] [INFO] [power_system] 알람 목록 : 
 • [100015, 100001] [INFO] 자동 충전 시작.
 • [100015, 100002] [INFO] 배터리 가득.
 • [100015, 400001] [CRIT] 배터리 남은 양 - 위험
 • [100015, 300001] [ERROR] 배터리 남은 양 - 에러
 • [100015, 200001] [WARN] 배터리 남은 양 - 주의
 • [100015, 100004] [INFO] 자동 충전 해제 완료.
 • [100015, 100003] [INFO] 자동 충전 해제 시작.
[2026-08-11 17:35:16.430795] [INFO] [power_system] 충전 프로세스 시작
[2026-08-11 17:35:29.804484] [INFO] [power_system] 충전 완료
[2026-08-11 17:35:34.834636] [INFO] [power_system] 충전 해제 완료
[2026-08-11 17:35:34.854656] [INFO] [power_system] 충전 해제 프로세스 시작
[2026-08-11 17:37:29.924958] [INFO] [power_system] 충전 프로세스 시작
[2026-08-11 17:37:43.300814] [INFO] [power_system] 충전 완료
[2026-08-11 17:37:48.330810] [INFO] [power_system] 충전 해제 완료
[2026-08-11 17:37:48.350848] [INFO] [power_system] 충전 해제 프로세스 시작
[2026-08-11 17:39:43.435432] [INFO] [power_system] 충전 프로세스 시작
[2026-08-11 17:39:56.809217] [INFO] [power_system] 충전 완료
[2026-08-11 17:40:01.839434] [INFO] [power_system] 충전 해제 완료
[2026-08-11 17:40:01.859400] [INFO] [power_system] 충전 해제 프로세스 시작
[2026-08-11 17:40:32.822453] [INFO] [power_system] 생성
[2026-08-11 17:40:32.822566] [INFO] [power_system] 설정 정보 : remaining[40%, 10%, 5%]
[2026-08-11 17:40:32.823000] [INFO] [power_system] 알람 목록 : 
 • [100015, 100001] [INFO] 자동 충전 시작.
 • [100015, 100002] [INFO] 배터리 가득.
 • [100015, 400001] [CRIT] 배터리 남은 양 - 위험
 • [100015, 300001] [ERROR] 배터리 남은 양 - 에러
 • [100015, 200001] [WARN] 배터리 남은 양 - 주의
 • [100015, 100004] [INFO] 자동 충전 해제 완료.
 • [100015, 100003] [INFO] 자동 충전 해제 시작.
[2026-08-11 17:41:02.926059] [INFO] [power_system] 충전 프로세스 시작
[2026-08-11 17:41:16.313454] [INFO] [power_system] 충전 완료
[2026-08-11 17:41:21.344320] [INFO] [power_system] 충전 해제 완료
[2026-08-11 17:41:21.364329] [INFO] [power_system] 충전 해제 프로세스 시작
[2026-08-11 17:44:21.688250] [INFO] [power_system] 생성
[2026-08-11 17:44:21.688369] [INFO] [power_system] 설정 정보 : remaining[40%, 10%, 5%]
[2026-08-11 17:44:21.688820] [INFO] [power_system] 알람 목록 : 
 • [100015, 100001] [INFO] 자동 충전 시작.
 • [100015, 100002] [INFO] 배터리 가득.
 • [100015, 400001] [CRIT] 배터리 남은 양 - 위험
 • [100015, 300001] [ERROR] 배터리 남은 양 - 에러
 • [100015, 200001] [WARN] 배터리 남은 양 - 주의
 • [100015, 100004] [INFO] 자동 충전 해제 완료.
 • [100015, 100003] [INFO] 자동 충전 해제 시작.
[2026-08-11 17:44:51.813375] [INFO] [power_system] 충전 프로세스 시작
[2026-08-11 17:45:05.190506] [INFO] [power_system] 충전 완료
[2026-08-11 17:45:10.221006] [INFO] [power_system] 충전 해제 완료
[2026-08-11 17:45:10.240956] [INFO] [power_system] 충전 해제 프로세스 시작
[2026-08-11 17:45:27.817854] [INFO] [power_system] 생성
[2026-08-11 17:45:27.818023] [INFO] [power_system] 설정 정보 : remaining[40%, 10%, 5%]
[2026-08-11 17:45:27.818657] [INFO] [power_system] 알람 목록 : 
 • [100015, 100001] [INFO] 자동 충전 시작.
 • [100015, 100002] [INFO] 배터리 가득.
 • [100015, 400001] [CRIT] 배터리 남은 양 - 위험
 • [100015, 300001] [ERROR] 배터리 남은 양 - 에러
 • [100015, 200001] [WARN] 배터리 남은 양 - 주의
 • [100015, 100004] [INFO] 자동 충전 해제 완료.
 • [100015, 100003] [INFO] 자동 충전 해제 시작.
[2026-08-11 17:45:51.349710] [INFO] [power_system] 생성
[2026-08-11 17:45:51.349806] [INFO] [power_system] 설정 정보 : remaining[40%, 10%, 5%]
[2026-08-11 17:45:51.350181] [INFO] [power_system] 알람 목록 : 
 • [100015, 100001] [INFO] 자동 충전 시작.
 • [100015, 100002] [INFO] 배터리 가득.
 • [100015, 400001] [CRIT] 배터리 남은 양 - 위험
 • [100015, 300001] [ERROR] 배터리 남은 양 - 에러
 • [100015, 200001] [WARN] 배터리 남은 양 - 주의
 • [100015, 100004] [INFO] 자동 충전 해제 완료.
 • [100015, 100003] [INFO] 자동 충전 해제 시작.
[2026-08-11 17:50:10.545560] [INFO] [power_system] 생성
[2026-08-11 17:50:10.545813] [INFO] [power_system] 설정 정보 : remaining[40%, 10%, 5%]
[2026-08-11 17:50:10.546279] [INFO] [power_system] 알람 목록 : 
 • [100015, 100001] [INFO] 자동 충전 시작.
 • [100015, 100002] [INFO] 배터리 가득.
 • [100015, 400001] [CRIT] 배터리 남은 양 - 위험
 • [100015, 300001] [ERROR] 배터리 남은 양 - 에러
 • [100015, 200001] [WARN] 배터리 남은 양 - 주의
 • [100015, 100004] [INFO] 자동 충전 해제 완료.
 • [100015, 100003] [INFO] 자동 충전 해제 시작.
[2026-08-11 17:53:33.375772] [INFO] [power_system] 충전 프로세스 시작
[2026-08-11 17:54:01.500988] [INFO] [power_system] 충전 완료
[2026-08-11 17:54:06.531393] [INFO] [power_system] 충전 해제 완료
[2026-08-11 17:54:06.551368] [INFO] [power_system] 충전 해제 프로세스 시작
[2026-08-11 17:56:01.625490] [INFO] [power_system] 충전 프로세스 시작
[2026-08-11 17:56:14.999173] [INFO] [power_system] 충전 완료
[2026-08-11 17:56:20.029276] [INFO] [power_system] 충전 해제 완료
[2026-08-11 17:56:20.049230] [INFO] [power_system] 충전 해제 프로세스 시작
